/scratch/share/fpk150030/MARP/MARP_corpus_wav/M_A_AAA_02_01.wav
/scratch/share/fpk150030/MARP/MARP_corpus_wav/M_A_AAA_03_01.wav
/scratch/share/fpk150030/MARP/MARP_corpus_wav/M_A_AAA_04_01.wav
/scratch/share/fpk150030/MARP/MARP_corpus_wav/M_A_AAA_05_01.wav
/scratch/share/fpk150030/MARP/MARP_corpus_wav/M_A_AAA_07_01.wav
/scratch/share/fpk150030/MARP/MARP_corpus_wav/M_A_AAA_08_01.wav
/scratch/share/fpk150030/MARP/MARP_corpus_wav/M_A_AAA_09_01.wav
/scratch/share/fpk150030/MARP/MARP_corpus_wav/M_A_AAA_10_01.wav
/scratch/share/fpk150030/MARP/MARP_corpus_wav/M_A_AAA_11_01.wav
/scratch/share/fpk150030/MARP/MARP_corpus_wav/M_A_AAA_12_01.wav
/scratch/share/fpk150030/MARP/MARP_corpus_wav/M_A_AAA_13_01.wav
/scratch/share/fpk150030/MARP/MARP_corpus_wav/M_A_AAA_14_01.wav
/scratch/share/fpk150030/MARP/MARP_corpus_wav/M_A_AAA_15_01.wav
/scratch/share/fpk150030/MARP/MARP_corpus_wav/M_A_AAA_16_01.wav
/scratch/share/fpk150030/MARP/MARP_corpus_wav/M_A_AAA_18_01.wav
/scratch/share/fpk150030/MARP/MARP_corpus_wav/M_A_AAI_02_01.wav
/scratch/share/fpk150030/MARP/MARP_corpus_wav/M_A_AAI_03_01.wav
/scratch/share/fpk150030/MARP/MARP_corpus_wav/M_A_AAI_04_01.wav
/scratch/share/fpk150030/MARP/MARP_corpus_wav/M_A_AAI_05_01.wav
/scratch/share/fpk150030/MARP/MARP_corpus_wav/M_A_AAI_07_01.wav
/scratch/share/fpk150030/MARP/MARP_corpus_wav/M_A_AAI_10_01.wav
/scratch/share/fpk150030/MARP/MARP_corpus_wav/M_A_AAI_11_01.wav
/scratch/share/fpk150030/MARP/MARP_corpus_wav/M_A_AAI_12_01.wav
/scratch/share/fpk150030/MARP/MARP_corpus_wav/M_A_AAI_13_01.wav
/scratch/share/fpk150030/MARP/MARP_corpus_wav/M_A_AAI_14_01.wav
/scratch/share/fpk150030/MARP/MARP_corpus_wav/M_A_AAI_15_01.wav
/scratch/share/fpk150030/MARP/MARP_corpus_wav/M_A_AAI_16_01.wav
/scratch/share/fpk150030/MARP/MARP_corpus_wav/M_A_AAL_02_01.wav
/scratch/share/fpk150030/MARP/MARP_corpus_wav/M_A_AAL_03_01.wav
/scratch/share/fpk150030/MARP/MARP_corpus_wav/M_A_AAL_04_01.wav
/scratch/share/fpk150030/MARP/MARP_corpus_wav/M_A_AAL_05_01.wav
/scratch/share/fpk150030/MARP/MARP_corpus_wav/M_A_AAL_07_01.wav
/scratch/share/fpk150030/MARP/MARP_corpus_wav/M_A_AAL_08_01.wav
/scratch/share/fpk150030/MARP/MARP_corpus_wav/M_A_AAL_10_01.wav
/scratch/share/fpk150030/MARP/MARP_corpus_wav/M_A_AAL_11_01.wav
/scratch/share/fpk150030/MARP/MARP_corpus_wav/M_A_AAL_12_01.wav
/scratch/share/fpk150030/MARP/MARP_corpus_wav/M_A_AAL_13_01.wav
/scratch/share/fpk150030/MARP/MARP_corpus_wav/M_A_AAL_14_01.wav
/scratch/share/fpk150030/MARP/MARP_corpus_wav/M_A_AAL_15_01.wav
/scratch/share/fpk150030/MARP/MARP_corpus_wav/M_A_AAL_16_01.wav
/scratch/share/fpk150030/MARP/MARP_corpus_wav/M_A_AAL_18_01.wav
/scratch/share/fpk150030/MARP/MARP_corpus_wav/M_A_AAL_19_01.wav
/scratch/share/fpk150030/MARP/MARP_corpus_wav/M_A_AAL_20_01.wav
/scratch/share/fpk150030/MARP/MARP_corpus_wav/M_A_AAL_21_01.wav
/scratch/share/fpk150030/MARP/MARP_corpus_wav/M_A_AAN_02_01.wav
/scratch/share/fpk150030/MARP/MARP_corpus_wav/M_A_AAN_03_01.wav
/scratch/share/fpk150030/MARP/MARP_corpus_wav/M_A_AAN_04_01.wav
/scratch/share/fpk150030/MARP/MARP_corpus_wav/M_A_AAN_05_01.wav
/scratch/share/fpk150030/MARP/MARP_corpus_wav/M_A_AAN_07_01.wav
/scratch/share/fpk150030/MARP/MARP_corpus_wav/M_A_AAN_08_01.wav
/scratch/share/fpk150030/MARP/MARP_corpus_wav/M_A_AAN_09_01.wav
/scratch/share/fpk150030/MARP/MARP_corpus_wav/M_A_AAN_10_01.wav
/scratch/share/fpk150030/MARP/MARP_corpus_wav/M_A_AAN_11_01.wav
/scratch/share/fpk150030/MARP/MARP_corpus_wav/M_A_AAN_13_01.wav
/scratch/share/fpk150030/MARP/MARP_corpus_wav/M_A_AAN_14_01.wav
/scratch/share/fpk150030/MARP/MARP_corpus_wav/M_A_AAN_15_01.wav
/scratch/share/fpk150030/MARP/MARP_corpus_wav/M_A_AAN_16_01.wav
/scratch/share/fpk150030/MARP/MARP_corpus_wav/M_A_AAN_17_01.wav
/scratch/share/fpk150030/MARP/MARP_corpus_wav/M_A_AAN_19_01.wav
/scratch/share/fpk150030/MARP/MARP_corpus_wav/M_A_AAN_20_01.wav
/scratch/share/fpk150030/MARP/MARP_corpus_wav/M_A_AAN_21_01.wav
/scratch/share/fpk150030/MARP/MARP_corpus_wav/M_A_AAO_02_01.wav
/scratch/share/fpk150030/MARP/MARP_corpus_wav/M_A_AAO_03_01.wav
/scratch/share/fpk150030/MARP/MARP_corpus_wav/M_A_AAO_04_01.wav
/scratch/share/fpk150030/MARP/MARP_corpus_wav/M_A_AAO_05_01.wav
/scratch/share/fpk150030/MARP/MARP_corpus_wav/M_A_AAO_07_01.wav
/scratch/share/fpk150030/MARP/MARP_corpus_wav/M_A_AAO_08_01.wav
/scratch/share/fpk150030/MARP/MARP_corpus_wav/M_A_AAO_10_01.wav
/scratch/share/fpk150030/MARP/MARP_corpus_wav/M_A_AAO_11_01.wav
/scratch/share/fpk150030/MARP/MARP_corpus_wav/M_A_AAO_12_01.wav
/scratch/share/fpk150030/MARP/MARP_corpus_wav/M_A_AAO_13_01.wav
/scratch/share/fpk150030/MARP/MARP_corpus_wav/M_A_AAO_14_01.wav
/scratch/share/fpk150030/MARP/MARP_corpus_wav/M_A_AAO_15_01.wav
/scratch/share/fpk150030/MARP/MARP_corpus_wav/M_A_AAO_16_01.wav
/scratch/share/fpk150030/MARP/MARP_corpus_wav/M_A_AAO_19_01.wav
/scratch/share/fpk150030/MARP/MARP_corpus_wav/M_A_AAO_21_01.wav
/scratch/share/fpk150030/MARP/MARP_corpus_wav/M_A_ABC_02_01.wav
/scratch/share/fpk150030/MARP/MARP_corpus_wav/M_A_ABC_03_01.wav
/scratch/share/fpk150030/MARP/MARP_corpus_wav/M_A_ABC_04_01.wav
/scratch/share/fpk150030/MARP/MARP_corpus_wav/M_A_ABC_05_01.wav
/scratch/share/fpk150030/MARP/MARP_corpus_wav/M_A_ABC_07_01.wav
/scratch/share/fpk150030/MARP/MARP_corpus_wav/M_A_ABC_10_01.wav
/scratch/share/fpk150030/MARP/MARP_corpus_wav/M_A_ABC_11_01.wav
/scratch/share/fpk150030/MARP/MARP_corpus_wav/M_A_ABC_12_01.wav
/scratch/share/fpk150030/MARP/MARP_corpus_wav/M_A_ABC_13_01.wav
/scratch/share/fpk150030/MARP/MARP_corpus_wav/M_A_ABC_14_01.wav
/scratch/share/fpk150030/MARP/MARP_corpus_wav/M_A_ABC_15_01.wav
/scratch/share/fpk150030/MARP/MARP_corpus_wav/M_A_ABC_16_01.wav
/scratch/share/fpk150030/MARP/MARP_corpus_wav/M_A_ABC_18_01.wav
/scratch/share/fpk150030/MARP/MARP_corpus_wav/M_A_ABC_19_01.wav
/scratch/share/fpk150030/MARP/MARP_corpus_wav/M_A_ABC_20_01.wav
/scratch/share/fpk150030/MARP/MARP_corpus_wav/M_A_ABC_21_01.wav
/scratch/share/fpk150030/MARP/MARP_corpus_wav/M_A_ABP_02_01.wav
/scratch/share/fpk150030/MARP/MARP_corpus_wav/M_A_ABP_03_01.wav
/scratch/share/fpk150030/MARP/MARP_corpus_wav/M_A_ABP_04_01.wav
/scratch/share/fpk150030/MARP/MARP_corpus_wav/M_A_ABP_05_01.wav
/scratch/share/fpk150030/MARP/MARP_corpus_wav/M_A_ABP_07_01.wav
/scratch/share/fpk150030/MARP/MARP_corpus_wav/M_A_ABP_08_01.wav
/scratch/share/fpk150030/MARP/MARP_corpus_wav/M_A_ABP_10_01.wav
/scratch/share/fpk150030/MARP/MARP_corpus_wav/M_A_ABP_11_01.wav
/scratch/share/fpk150030/MARP/MARP_corpus_wav/M_A_ABP_13_01.wav
/scratch/share/fpk150030/MARP/MARP_corpus_wav/M_A_ABP_14_01.wav
/scratch/share/fpk150030/MARP/MARP_corpus_wav/M_A_ABP_15_01.wav
/scratch/share/fpk150030/MARP/MARP_corpus_wav/M_A_ABP_16_01.wav
/scratch/share/fpk150030/MARP/MARP_corpus_wav/M_A_ABP_18_01.wav
/scratch/share/fpk150030/MARP/MARP_corpus_wav/M_A_ABP_19_01.wav
/scratch/share/fpk150030/MARP/MARP_corpus_wav/M_A_ABP_20_01.wav
/scratch/share/fpk150030/MARP/MARP_corpus_wav/M_A_ABP_21_01.wav
/scratch/share/fpk150030/MARP/MARP_corpus_wav/M_A_ABX_02_01.wav
/scratch/share/fpk150030/MARP/MARP_corpus_wav/M_A_ABX_03_01.wav
/scratch/share/fpk150030/MARP/MARP_corpus_wav/M_A_ABX_04_01.wav
/scratch/share/fpk150030/MARP/MARP_corpus_wav/M_A_ABX_05_01.wav
/scratch/share/fpk150030/MARP/MARP_corpus_wav/M_A_ABX_07_01.wav
/scratch/share/fpk150030/MARP/MARP_corpus_wav/M_A_ABX_09_01.wav
/scratch/share/fpk150030/MARP/MARP_corpus_wav/M_A_ABX_10_01.wav
/scratch/share/fpk150030/MARP/MARP_corpus_wav/M_A_ABX_11_01.wav
/scratch/share/fpk150030/MARP/MARP_corpus_wav/M_A_ABX_12_01.wav
/scratch/share/fpk150030/MARP/MARP_corpus_wav/M_A_ABX_13_01.wav
/scratch/share/fpk150030/MARP/MARP_corpus_wav/M_A_ABX_14_01.wav
/scratch/share/fpk150030/MARP/MARP_corpus_wav/M_A_ABX_15_01.wav
/scratch/share/fpk150030/MARP/MARP_corpus_wav/M_A_ABX_16_01.wav
/scratch/share/fpk150030/MARP/MARP_corpus_wav/M_A_ABX_19_01.wav
/scratch/share/fpk150030/MARP/MARP_corpus_wav/M_A_ABY_02_01.wav
/scratch/share/fpk150030/MARP/MARP_corpus_wav/M_A_ABY_03_01.wav
/scratch/share/fpk150030/MARP/MARP_corpus_wav/M_A_ABY_04_01.wav
/scratch/share/fpk150030/MARP/MARP_corpus_wav/M_A_ABY_05_01.wav
/scratch/share/fpk150030/MARP/MARP_corpus_wav/M_A_ABY_07_01.wav
/scratch/share/fpk150030/MARP/MARP_corpus_wav/M_A_ABY_08_01.wav
/scratch/share/fpk150030/MARP/MARP_corpus_wav/M_A_ABY_09_01.wav
/scratch/share/fpk150030/MARP/MARP_corpus_wav/M_A_ABY_10_01.wav
/scratch/share/fpk150030/MARP/MARP_corpus_wav/M_A_ABY_11_01.wav
/scratch/share/fpk150030/MARP/MARP_corpus_wav/M_A_ABY_12_01.wav
/scratch/share/fpk150030/MARP/MARP_corpus_wav/M_A_ABY_13_01.wav
/scratch/share/fpk150030/MARP/MARP_corpus_wav/M_A_ABY_14_01.wav
/scratch/share/fpk150030/MARP/MARP_corpus_wav/M_A_ABY_15_01.wav
/scratch/share/fpk150030/MARP/MARP_corpus_wav/M_A_ABY_16_01.wav
/scratch/share/fpk150030/MARP/MARP_corpus_wav/M_A_ABY_18_01.wav
/scratch/share/fpk150030/MARP/MARP_corpus_wav/M_A_ABY_19_01.wav
/scratch/share/fpk150030/MARP/MARP_corpus_wav/M_A_ABY_20_01.wav
/scratch/share/fpk150030/MARP/MARP_corpus_wav/M_A_ABY_21_01.wav
/scratch/share/fpk150030/MARP/MARP_corpus_wav/M_A_ACA_03_01.wav
/scratch/share/fpk150030/MARP/MARP_corpus_wav/M_A_ACA_04_01.wav
/scratch/share/fpk150030/MARP/MARP_corpus_wav/M_A_ACA_05_01.wav
/scratch/share/fpk150030/MARP/MARP_corpus_wav/M_A_ACA_07_01.wav
/scratch/share/fpk150030/MARP/MARP_corpus_wav/M_A_ACA_08_01.wav
/scratch/share/fpk150030/MARP/MARP_corpus_wav/M_A_ACA_09_01.wav
/scratch/share/fpk150030/MARP/MARP_corpus_wav/M_A_ACA_10_01.wav
/scratch/share/fpk150030/MARP/MARP_corpus_wav/M_A_ACA_11_01.wav
/scratch/share/fpk150030/MARP/MARP_corpus_wav/M_A_ACA_12_01.wav
/scratch/share/fpk150030/MARP/MARP_corpus_wav/M_A_ACA_13_01.wav
/scratch/share/fpk150030/MARP/MARP_corpus_wav/M_A_ACA_14_01.wav
/scratch/share/fpk150030/MARP/MARP_corpus_wav/M_A_ACA_15_01.wav
/scratch/share/fpk150030/MARP/MARP_corpus_wav/M_A_ACD_02_01.wav
/scratch/share/fpk150030/MARP/MARP_corpus_wav/M_A_ACD_03_01.wav
/scratch/share/fpk150030/MARP/MARP_corpus_wav/M_A_ACD_04_01.wav
/scratch/share/fpk150030/MARP/MARP_corpus_wav/M_A_ACD_05_01.wav
/scratch/share/fpk150030/MARP/MARP_corpus_wav/M_A_ACD_07_01.wav
/scratch/share/fpk150030/MARP/MARP_corpus_wav/M_A_ACD_08_01.wav
/scratch/share/fpk150030/MARP/MARP_corpus_wav/M_A_ACD_10_01.wav
/scratch/share/fpk150030/MARP/MARP_corpus_wav/M_A_ACD_11_01.wav
/scratch/share/fpk150030/MARP/MARP_corpus_wav/M_A_ACD_13_01.wav
/scratch/share/fpk150030/MARP/MARP_corpus_wav/M_A_ACD_14_01.wav
/scratch/share/fpk150030/MARP/MARP_corpus_wav/M_A_ACD_15_01.wav
/scratch/share/fpk150030/MARP/MARP_corpus_wav/M_A_ACD_16_01.wav
/scratch/share/fpk150030/MARP/MARP_corpus_wav/M_A_ACD_18_01.wav
/scratch/share/fpk150030/MARP/MARP_corpus_wav/M_A_ACD_19_01.wav
/scratch/share/fpk150030/MARP/MARP_corpus_wav/M_A_ACD_20_01.wav
/scratch/share/fpk150030/MARP/MARP_corpus_wav/M_A_ACD_21_01.wav
/scratch/share/fpk150030/MARP/MARP_corpus_wav/M_A_ACR_19_01.wav
/scratch/share/fpk150030/MARP/MARP_corpus_wav/M_A_ACR_20_01.wav
/scratch/share/fpk150030/MARP/MARP_corpus_wav/M_A_ACS_20_01.wav
/scratch/share/fpk150030/MARP/MARP_corpus_wav/M_A_ACS_21_01.wav
/scratch/share/fpk150030/MARP/MARP_corpus_wav/M_A_ACT_20_01.wav
/scratch/share/fpk150030/MARP/MARP_corpus_wav/M_A_ACT_21_01.wav
/scratch/share/fpk150030/MARP/MARP_corpus_wav/M_A_ACU_20_01.wav
/scratch/share/fpk150030/MARP/MARP_corpus_wav/M_A_ACU_21_01.wav
/scratch/share/fpk150030/MARP/MARP_corpus_wav/M_B_AAF_03_01.wav
/scratch/share/fpk150030/MARP/MARP_corpus_wav/M_B_AAF_04_01.wav
/scratch/share/fpk150030/MARP/MARP_corpus_wav/M_B_AAF_05_01.wav
/scratch/share/fpk150030/MARP/MARP_corpus_wav/M_B_AAF_07_01.wav
/scratch/share/fpk150030/MARP/MARP_corpus_wav/M_B_AAF_08_01.wav
/scratch/share/fpk150030/MARP/MARP_corpus_wav/M_B_AAF_09_01.wav
/scratch/share/fpk150030/MARP/MARP_corpus_wav/M_B_AAF_10_01.wav
/scratch/share/fpk150030/MARP/MARP_corpus_wav/M_B_AAF_11_01.wav
/scratch/share/fpk150030/MARP/MARP_corpus_wav/M_B_AAF_12_01.wav
/scratch/share/fpk150030/MARP/MARP_corpus_wav/M_B_AAF_13_01.wav
/scratch/share/fpk150030/MARP/MARP_corpus_wav/M_B_AAF_14_01.wav
/scratch/share/fpk150030/MARP/MARP_corpus_wav/M_B_AAF_15_01.wav
/scratch/share/fpk150030/MARP/MARP_corpus_wav/M_B_AAF_16_01.wav
/scratch/share/fpk150030/MARP/MARP_corpus_wav/M_B_AAF_17_01.wav
/scratch/share/fpk150030/MARP/MARP_corpus_wav/M_B_AAF_18_01.wav
/scratch/share/fpk150030/MARP/MARP_corpus_wav/M_B_AAF_19_01.wav
/scratch/share/fpk150030/MARP/MARP_corpus_wav/M_B_AAF_20_01.wav
/scratch/share/fpk150030/MARP/MARP_corpus_wav/M_B_AAF_21_01.wav
/scratch/share/fpk150030/MARP/MARP_corpus_wav/M_B_AAJ_02_01.wav
/scratch/share/fpk150030/MARP/MARP_corpus_wav/M_B_AAJ_03_01.wav
/scratch/share/fpk150030/MARP/MARP_corpus_wav/M_B_AAJ_04_01.wav
/scratch/share/fpk150030/MARP/MARP_corpus_wav/M_B_AAJ_05_01.wav
/scratch/share/fpk150030/MARP/MARP_corpus_wav/M_B_AAJ_07_01.wav
/scratch/share/fpk150030/MARP/MARP_corpus_wav/M_B_AAJ_10_01.wav
/scratch/share/fpk150030/MARP/MARP_corpus_wav/M_B_AAJ_11_01.wav
/scratch/share/fpk150030/MARP/MARP_corpus_wav/M_B_AAJ_12_01.wav
/scratch/share/fpk150030/MARP/MARP_corpus_wav/M_B_AAJ_13_01.wav
/scratch/share/fpk150030/MARP/MARP_corpus_wav/M_B_AAJ_14_01.wav
/scratch/share/fpk150030/MARP/MARP_corpus_wav/M_B_AAJ_15_01.wav
/scratch/share/fpk150030/MARP/MARP_corpus_wav/M_B_AAJ_16_01.wav
/scratch/share/fpk150030/MARP/MARP_corpus_wav/M_B_AAJ_18_01.wav
/scratch/share/fpk150030/MARP/MARP_corpus_wav/M_B_AAJ_19_01.wav
/scratch/share/fpk150030/MARP/MARP_corpus_wav/M_B_AAJ_21_01.wav
/scratch/share/fpk150030/MARP/MARP_corpus_wav/M_B_AAV_02_01.wav
/scratch/share/fpk150030/MARP/MARP_corpus_wav/M_B_AAV_03_01.wav
/scratch/share/fpk150030/MARP/MARP_corpus_wav/M_B_AAV_04_01.wav
/scratch/share/fpk150030/MARP/MARP_corpus_wav/M_B_AAV_05_01.wav
/scratch/share/fpk150030/MARP/MARP_corpus_wav/M_B_AAV_07_01.wav
/scratch/share/fpk150030/MARP/MARP_corpus_wav/M_B_AAV_08_01.wav
/scratch/share/fpk150030/MARP/MARP_corpus_wav/M_B_AAV_10_01.wav
/scratch/share/fpk150030/MARP/MARP_corpus_wav/M_B_AAV_11_01.wav
/scratch/share/fpk150030/MARP/MARP_corpus_wav/M_B_AAV_12_01.wav
/scratch/share/fpk150030/MARP/MARP_corpus_wav/M_B_AAV_13_01.wav
/scratch/share/fpk150030/MARP/MARP_corpus_wav/M_B_AAV_14_01.wav
/scratch/share/fpk150030/MARP/MARP_corpus_wav/M_B_AAV_15_01.wav
/scratch/share/fpk150030/MARP/MARP_corpus_wav/M_B_AAV_16_01.wav
/scratch/share/fpk150030/MARP/MARP_corpus_wav/M_B_AAV_18_01.wav
/scratch/share/fpk150030/MARP/MARP_corpus_wav/M_B_AAV_19_01.wav
/scratch/share/fpk150030/MARP/MARP_corpus_wav/M_B_AAV_20_01.wav
/scratch/share/fpk150030/MARP/MARP_corpus_wav/M_B_AAZ_02_01.wav
/scratch/share/fpk150030/MARP/MARP_corpus_wav/M_B_AAZ_03_01.wav
/scratch/share/fpk150030/MARP/MARP_corpus_wav/M_B_AAZ_04_01.wav
/scratch/share/fpk150030/MARP/MARP_corpus_wav/M_B_AAZ_05_01.wav
/scratch/share/fpk150030/MARP/MARP_corpus_wav/M_B_AAZ_07_01.wav
/scratch/share/fpk150030/MARP/MARP_corpus_wav/M_B_AAZ_08_01.wav
/scratch/share/fpk150030/MARP/MARP_corpus_wav/M_B_AAZ_10_01.wav
/scratch/share/fpk150030/MARP/MARP_corpus_wav/M_B_AAZ_11_01.wav
/scratch/share/fpk150030/MARP/MARP_corpus_wav/M_B_AAZ_12_01.wav
/scratch/share/fpk150030/MARP/MARP_corpus_wav/M_B_AAZ_13_01.wav
/scratch/share/fpk150030/MARP/MARP_corpus_wav/M_B_AAZ_14_01.wav
/scratch/share/fpk150030/MARP/MARP_corpus_wav/M_B_AAZ_15_01.wav
/scratch/share/fpk150030/MARP/MARP_corpus_wav/M_B_AAZ_16_01.wav
/scratch/share/fpk150030/MARP/MARP_corpus_wav/M_B_AAZ_18_01.wav
/scratch/share/fpk150030/MARP/MARP_corpus_wav/M_B_AAZ_19_01.wav
/scratch/share/fpk150030/MARP/MARP_corpus_wav/M_B_AAZ_20_01.wav
/scratch/share/fpk150030/MARP/MARP_corpus_wav/M_B_ABD_02_01.wav
/scratch/share/fpk150030/MARP/MARP_corpus_wav/M_B_ABD_03_01.wav
/scratch/share/fpk150030/MARP/MARP_corpus_wav/M_B_ABD_04_01.wav
/scratch/share/fpk150030/MARP/MARP_corpus_wav/M_B_ABD_05_01.wav
/scratch/share/fpk150030/MARP/MARP_corpus_wav/M_B_ABD_07_01.wav
/scratch/share/fpk150030/MARP/MARP_corpus_wav/M_B_ABD_10_01.wav
/scratch/share/fpk150030/MARP/MARP_corpus_wav/M_B_ABD_11_01.wav
/scratch/share/fpk150030/MARP/MARP_corpus_wav/M_B_ABD_12_01.wav
/scratch/share/fpk150030/MARP/MARP_corpus_wav/M_B_ABD_13_01.wav
/scratch/share/fpk150030/MARP/MARP_corpus_wav/M_B_ABD_14_01.wav
/scratch/share/fpk150030/MARP/MARP_corpus_wav/M_B_ABD_18_01.wav
/scratch/share/fpk150030/MARP/MARP_corpus_wav/M_B_ABD_19_01.wav
/scratch/share/fpk150030/MARP/MARP_corpus_wav/M_B_ABD_20_01.wav
/scratch/share/fpk150030/MARP/MARP_corpus_wav/M_B_ABD_21_01.wav
/scratch/share/fpk150030/MARP/MARP_corpus_wav/M_B_ABH_02_01.wav
/scratch/share/fpk150030/MARP/MARP_corpus_wav/M_B_ABH_03_01.wav
/scratch/share/fpk150030/MARP/MARP_corpus_wav/M_B_ABH_04_01.wav
/scratch/share/fpk150030/MARP/MARP_corpus_wav/M_B_ABH_05_01.wav
/scratch/share/fpk150030/MARP/MARP_corpus_wav/M_B_ABH_07_01.wav
/scratch/share/fpk150030/MARP/MARP_corpus_wav/M_B_ABH_09_01.wav
/scratch/share/fpk150030/MARP/MARP_corpus_wav/M_B_ABH_10_01.wav
/scratch/share/fpk150030/MARP/MARP_corpus_wav/M_B_ABH_11_01.wav
/scratch/share/fpk150030/MARP/MARP_corpus_wav/M_B_ABH_14_01.wav
/scratch/share/fpk150030/MARP/MARP_corpus_wav/M_B_ABK_02_01.wav
/scratch/share/fpk150030/MARP/MARP_corpus_wav/M_B_ABK_03_01.wav
/scratch/share/fpk150030/MARP/MARP_corpus_wav/M_B_ABK_04_01.wav
/scratch/share/fpk150030/MARP/MARP_corpus_wav/M_B_ABK_05_01.wav
/scratch/share/fpk150030/MARP/MARP_corpus_wav/M_B_ABK_07_01.wav
/scratch/share/fpk150030/MARP/MARP_corpus_wav/M_B_ABK_09_01.wav
/scratch/share/fpk150030/MARP/MARP_corpus_wav/M_B_ABK_10_01.wav
/scratch/share/fpk150030/MARP/MARP_corpus_wav/M_B_ABK_11_01.wav
/scratch/share/fpk150030/MARP/MARP_corpus_wav/M_B_ABK_12_01.wav
/scratch/share/fpk150030/MARP/MARP_corpus_wav/M_B_ABK_13_01.wav
/scratch/share/fpk150030/MARP/MARP_corpus_wav/M_B_ABK_14_01.wav
/scratch/share/fpk150030/MARP/MARP_corpus_wav/M_B_ABK_15_01.wav
/scratch/share/fpk150030/MARP/MARP_corpus_wav/M_B_ABK_16_01.wav
/scratch/share/fpk150030/MARP/MARP_corpus_wav/M_B_ABK_18_01.wav
/scratch/share/fpk150030/MARP/MARP_corpus_wav/M_B_ABZ_02_01.wav
/scratch/share/fpk150030/MARP/MARP_corpus_wav/M_B_ABZ_03_01.wav
/scratch/share/fpk150030/MARP/MARP_corpus_wav/M_B_ABZ_04_01.wav
/scratch/share/fpk150030/MARP/MARP_corpus_wav/M_B_ABZ_05_01.wav
/scratch/share/fpk150030/MARP/MARP_corpus_wav/M_B_ABZ_07_01.wav
/scratch/share/fpk150030/MARP/MARP_corpus_wav/M_B_ABZ_08_01.wav
/scratch/share/fpk150030/MARP/MARP_corpus_wav/M_B_ABZ_09_01.wav
/scratch/share/fpk150030/MARP/MARP_corpus_wav/M_B_ABZ_10_01.wav
/scratch/share/fpk150030/MARP/MARP_corpus_wav/M_B_ABZ_11_01.wav
/scratch/share/fpk150030/MARP/MARP_corpus_wav/M_B_ABZ_12_01.wav
/scratch/share/fpk150030/MARP/MARP_corpus_wav/M_B_ABZ_13_01.wav
/scratch/share/fpk150030/MARP/MARP_corpus_wav/M_B_ABZ_14_01.wav
/scratch/share/fpk150030/MARP/MARP_corpus_wav/M_B_ABZ_15_01.wav
/scratch/share/fpk150030/MARP/MARP_corpus_wav/M_B_ABZ_16_01.wav
/scratch/share/fpk150030/MARP/MARP_corpus_wav/M_B_ACH_02_01.wav
/scratch/share/fpk150030/MARP/MARP_corpus_wav/M_B_ACH_03_01.wav
/scratch/share/fpk150030/MARP/MARP_corpus_wav/M_B_ACH_04_01.wav
/scratch/share/fpk150030/MARP/MARP_corpus_wav/M_B_ACH_05_01.wav
/scratch/share/fpk150030/MARP/MARP_corpus_wav/M_B_ACH_07_01.wav
/scratch/share/fpk150030/MARP/MARP_corpus_wav/M_B_ACH_08_01.wav
/scratch/share/fpk150030/MARP/MARP_corpus_wav/M_B_ACH_09_01.wav
/scratch/share/fpk150030/MARP/MARP_corpus_wav/M_B_ACH_10_01.wav
/scratch/share/fpk150030/MARP/MARP_corpus_wav/M_B_ACH_11_01.wav
/scratch/share/fpk150030/MARP/MARP_corpus_wav/M_B_ACI_02_01.wav
/scratch/share/fpk150030/MARP/MARP_corpus_wav/M_B_ACI_03_01.wav
/scratch/share/fpk150030/MARP/MARP_corpus_wav/M_B_ACI_04_01.wav
/scratch/share/fpk150030/MARP/MARP_corpus_wav/M_B_ACI_05_01.wav
/scratch/share/fpk150030/MARP/MARP_corpus_wav/M_B_ACI_07_01.wav
/scratch/share/fpk150030/MARP/MARP_corpus_wav/M_B_ACI_08_01.wav
/scratch/share/fpk150030/MARP/MARP_corpus_wav/M_B_ACI_09_01.wav
/scratch/share/fpk150030/MARP/MARP_corpus_wav/M_B_ACI_10_01.wav
/scratch/share/fpk150030/MARP/MARP_corpus_wav/M_B_ACI_11_01.wav
/scratch/share/fpk150030/MARP/MARP_corpus_wav/M_B_ACI_12_01.wav
/scratch/share/fpk150030/MARP/MARP_corpus_wav/M_B_ACI_13_01.wav
/scratch/share/fpk150030/MARP/MARP_corpus_wav/M_B_ACI_14_01.wav
/scratch/share/fpk150030/MARP/MARP_corpus_wav/M_B_ACI_15_01.wav
/scratch/share/fpk150030/MARP/MARP_corpus_wav/M_B_ACI_19_01.wav
/scratch/share/fpk150030/MARP/MARP_corpus_wav/M_B_ACI_20_01.wav
/scratch/share/fpk150030/MARP/MARP_corpus_wav/M_B_ACM_07_01.wav
/scratch/share/fpk150030/MARP/MARP_corpus_wav/M_B_ACM_09_01.wav
/scratch/share/fpk150030/MARP/MARP_corpus_wav/M_B_ACM_10_01.wav
/scratch/share/fpk150030/MARP/MARP_corpus_wav/M_B_ACM_11_01.wav
/scratch/share/fpk150030/MARP/MARP_corpus_wav/M_B_ACM_14_01.wav
/scratch/share/fpk150030/MARP/MARP_corpus_wav/M_B_ACM_15_01.wav
/scratch/share/fpk150030/MARP/MARP_corpus_wav/M_B_ACM_16_01.wav
/scratch/share/fpk150030/MARP/MARP_corpus_wav/M_B_ACM_18_01.wav
/scratch/share/fpk150030/MARP/MARP_corpus_wav/M_B_ACM_19_01.wav
/scratch/share/fpk150030/MARP/MARP_corpus_wav/M_B_ACM_20_01.wav
/scratch/share/fpk150030/MARP/MARP_corpus_wav/M_B_ACM_21_01.wav
/scratch/share/fpk150030/MARP/MARP_corpus_wav/M_B_ACQ_18_01.wav
/scratch/share/fpk150030/MARP/MARP_corpus_wav/M_B_ACQ_19_01.wav
/scratch/share/fpk150030/MARP/MARP_corpus_wav/M_B_ACQ_21_01.wav
/scratch/share/fpk150030/MARP/MARP_corpus_wav/M_C_AAE_03_01.wav
/scratch/share/fpk150030/MARP/MARP_corpus_wav/M_C_AAE_04_01.wav
/scratch/share/fpk150030/MARP/MARP_corpus_wav/M_C_AAE_05_01.wav
/scratch/share/fpk150030/MARP/MARP_corpus_wav/M_C_AAE_07_01.wav
/scratch/share/fpk150030/MARP/MARP_corpus_wav/M_C_AAE_08_01.wav
/scratch/share/fpk150030/MARP/MARP_corpus_wav/M_C_AAE_09_01.wav
/scratch/share/fpk150030/MARP/MARP_corpus_wav/M_C_AAE_10_01.wav
/scratch/share/fpk150030/MARP/MARP_corpus_wav/M_C_AAE_11_01.wav
/scratch/share/fpk150030/MARP/MARP_corpus_wav/M_C_AAE_12_01.wav
/scratch/share/fpk150030/MARP/MARP_corpus_wav/M_C_AAE_13_01.wav
/scratch/share/fpk150030/MARP/MARP_corpus_wav/M_C_AAE_14_01.wav
/scratch/share/fpk150030/MARP/MARP_corpus_wav/M_C_AAE_15_01.wav
/scratch/share/fpk150030/MARP/MARP_corpus_wav/M_C_AAE_16_01.wav
/scratch/share/fpk150030/MARP/MARP_corpus_wav/M_C_AAE_17_01.wav
/scratch/share/fpk150030/MARP/MARP_corpus_wav/M_C_AAE_18_01.wav
/scratch/share/fpk150030/MARP/MARP_corpus_wav/M_C_AAE_19_01.wav
/scratch/share/fpk150030/MARP/MARP_corpus_wav/M_C_AAE_20_01.wav
/scratch/share/fpk150030/MARP/MARP_corpus_wav/M_C_AAE_21_01.wav
/scratch/share/fpk150030/MARP/MARP_corpus_wav/M_C_AAP_02_01.wav
/scratch/share/fpk150030/MARP/MARP_corpus_wav/M_C_AAP_03_01.wav
/scratch/share/fpk150030/MARP/MARP_corpus_wav/M_C_AAP_04_01.wav
/scratch/share/fpk150030/MARP/MARP_corpus_wav/M_C_AAP_05_01.wav
/scratch/share/fpk150030/MARP/MARP_corpus_wav/M_C_AAP_07_01.wav
/scratch/share/fpk150030/MARP/MARP_corpus_wav/M_C_AAP_08_01.wav
/scratch/share/fpk150030/MARP/MARP_corpus_wav/M_C_AAP_10_01.wav
/scratch/share/fpk150030/MARP/MARP_corpus_wav/M_C_AAP_11_01.wav
/scratch/share/fpk150030/MARP/MARP_corpus_wav/M_C_AAP_12_01.wav
/scratch/share/fpk150030/MARP/MARP_corpus_wav/M_C_AAP_13_01.wav
/scratch/share/fpk150030/MARP/MARP_corpus_wav/M_C_AAP_14_01.wav
/scratch/share/fpk150030/MARP/MARP_corpus_wav/M_C_AAP_15_01.wav
/scratch/share/fpk150030/MARP/MARP_corpus_wav/M_C_AAP_16_01.wav
/scratch/share/fpk150030/MARP/MARP_corpus_wav/M_C_AAP_19_01.wav
/scratch/share/fpk150030/MARP/MARP_corpus_wav/M_C_AAP_21_01.wav
/scratch/share/fpk150030/MARP/MARP_corpus_wav/M_C_AAQ_02_01.wav
/scratch/share/fpk150030/MARP/MARP_corpus_wav/M_C_AAQ_03_01.wav
/scratch/share/fpk150030/MARP/MARP_corpus_wav/M_C_AAQ_04_01.wav
/scratch/share/fpk150030/MARP/MARP_corpus_wav/M_C_AAQ_05_01.wav
/scratch/share/fpk150030/MARP/MARP_corpus_wav/M_C_AAQ_07_01.wav
/scratch/share/fpk150030/MARP/MARP_corpus_wav/M_C_AAQ_09_01.wav
/scratch/share/fpk150030/MARP/MARP_corpus_wav/M_C_AAQ_10_01.wav
/scratch/share/fpk150030/MARP/MARP_corpus_wav/M_C_AAQ_11_01.wav
/scratch/share/fpk150030/MARP/MARP_corpus_wav/M_C_AAQ_12_01.wav
/scratch/share/fpk150030/MARP/MARP_corpus_wav/M_C_AAQ_13_01.wav
/scratch/share/fpk150030/MARP/MARP_corpus_wav/M_C_AAQ_14_01.wav
/scratch/share/fpk150030/MARP/MARP_corpus_wav/M_C_AAQ_15_01.wav
/scratch/share/fpk150030/MARP/MARP_corpus_wav/M_C_AAQ_17_01.wav
/scratch/share/fpk150030/MARP/MARP_corpus_wav/M_C_AAQ_18_01.wav
/scratch/share/fpk150030/MARP/MARP_corpus_wav/M_C_AAQ_19_01.wav
/scratch/share/fpk150030/MARP/MARP_corpus_wav/M_C_AAQ_20_01.wav
/scratch/share/fpk150030/MARP/MARP_corpus_wav/M_C_AAQ_21_01.wav
/scratch/share/fpk150030/MARP/MARP_corpus_wav/M_C_AAR_02_01.wav
/scratch/share/fpk150030/MARP/MARP_corpus_wav/M_C_AAR_03_01.wav
/scratch/share/fpk150030/MARP/MARP_corpus_wav/M_C_AAR_04_01.wav
/scratch/share/fpk150030/MARP/MARP_corpus_wav/M_C_AAR_05_01.wav
/scratch/share/fpk150030/MARP/MARP_corpus_wav/M_C_AAR_07_01.wav
/scratch/share/fpk150030/MARP/MARP_corpus_wav/M_C_AAR_09_01.wav
/scratch/share/fpk150030/MARP/MARP_corpus_wav/M_C_AAR_10_01.wav
/scratch/share/fpk150030/MARP/MARP_corpus_wav/M_C_AAR_11_01.wav
/scratch/share/fpk150030/MARP/MARP_corpus_wav/M_C_AAR_12_01.wav
/scratch/share/fpk150030/MARP/MARP_corpus_wav/M_C_AAR_13_01.wav
/scratch/share/fpk150030/MARP/MARP_corpus_wav/M_C_AAR_14_01.wav
/scratch/share/fpk150030/MARP/MARP_corpus_wav/M_C_AAR_15_01.wav
/scratch/share/fpk150030/MARP/MARP_corpus_wav/M_C_AAR_17_01.wav
/scratch/share/fpk150030/MARP/MARP_corpus_wav/M_C_AAR_18_01.wav
/scratch/share/fpk150030/MARP/MARP_corpus_wav/M_C_AAR_19_01.wav
/scratch/share/fpk150030/MARP/MARP_corpus_wav/M_C_AAR_20_01.wav
/scratch/share/fpk150030/MARP/MARP_corpus_wav/M_C_AAR_21_01.wav
/scratch/share/fpk150030/MARP/MARP_corpus_wav/M_C_AAW_03_01.wav
/scratch/share/fpk150030/MARP/MARP_corpus_wav/M_C_AAW_04_01.wav
/scratch/share/fpk150030/MARP/MARP_corpus_wav/M_C_AAW_05_01.wav
/scratch/share/fpk150030/MARP/MARP_corpus_wav/M_C_AAW_07_01.wav
/scratch/share/fpk150030/MARP/MARP_corpus_wav/M_C_AAW_08_01.wav
/scratch/share/fpk150030/MARP/MARP_corpus_wav/M_C_AAW_10_01.wav
/scratch/share/fpk150030/MARP/MARP_corpus_wav/M_C_AAW_11_01.wav
/scratch/share/fpk150030/MARP/MARP_corpus_wav/M_C_AAW_12_01.wav
/scratch/share/fpk150030/MARP/MARP_corpus_wav/M_C_AAW_13_01.wav
/scratch/share/fpk150030/MARP/MARP_corpus_wav/M_C_AAW_14_01.wav
/scratch/share/fpk150030/MARP/MARP_corpus_wav/M_C_AAW_15_01.wav
/scratch/share/fpk150030/MARP/MARP_corpus_wav/M_C_AAW_16_01.wav
/scratch/share/fpk150030/MARP/MARP_corpus_wav/M_C_AAW_18_01.wav
/scratch/share/fpk150030/MARP/MARP_corpus_wav/M_C_AAW_19_01.wav
/scratch/share/fpk150030/MARP/MARP_corpus_wav/M_C_ABE_02_01.wav
/scratch/share/fpk150030/MARP/MARP_corpus_wav/M_C_ABE_03_01.wav
/scratch/share/fpk150030/MARP/MARP_corpus_wav/M_C_ABE_04_01.wav
/scratch/share/fpk150030/MARP/MARP_corpus_wav/M_C_ABE_05_01.wav
/scratch/share/fpk150030/MARP/MARP_corpus_wav/M_C_ABE_07_01.wav
/scratch/share/fpk150030/MARP/MARP_corpus_wav/M_C_ABE_08_01.wav
/scratch/share/fpk150030/MARP/MARP_corpus_wav/M_C_ABE_10_01.wav
/scratch/share/fpk150030/MARP/MARP_corpus_wav/M_C_ABE_11_01.wav
/scratch/share/fpk150030/MARP/MARP_corpus_wav/M_C_ABE_13_01.wav
/scratch/share/fpk150030/MARP/MARP_corpus_wav/M_C_ABE_14_01.wav
/scratch/share/fpk150030/MARP/MARP_corpus_wav/M_C_ABE_15_01.wav
/scratch/share/fpk150030/MARP/MARP_corpus_wav/M_C_ABE_16_01.wav
/scratch/share/fpk150030/MARP/MARP_corpus_wav/M_C_ABE_18_01.wav
/scratch/share/fpk150030/MARP/MARP_corpus_wav/M_C_ABE_19_01.wav
/scratch/share/fpk150030/MARP/MARP_corpus_wav/M_C_ABE_20_01.wav
/scratch/share/fpk150030/MARP/MARP_corpus_wav/M_C_ABE_21_01.wav
/scratch/share/fpk150030/MARP/MARP_corpus_wav/M_C_ACO_10_01.wav
/scratch/share/fpk150030/MARP/MARP_corpus_wav/M_C_ACO_11_01.wav
/scratch/share/fpk150030/MARP/MARP_corpus_wav/M_C_ACO_12_01.wav
/scratch/share/fpk150030/MARP/MARP_corpus_wav/M_C_ACO_13_01.wav
/scratch/share/fpk150030/MARP/MARP_corpus_wav/M_C_ACO_14_01.wav
/scratch/share/fpk150030/MARP/MARP_corpus_wav/M_C_ACO_15_01.wav
/scratch/share/fpk150030/MARP/MARP_corpus_wav/M_C_ACO_16_01.wav
/scratch/share/fpk150030/MARP/MARP_corpus_wav/M_C_ACO_17_01.wav
/scratch/share/fpk150030/MARP/MARP_corpus_wav/M_C_ACP_10_01.wav
/scratch/share/fpk150030/MARP/MARP_corpus_wav/M_C_ACP_11_01.wav
/scratch/share/fpk150030/MARP/MARP_corpus_wav/M_C_ACP_12_01.wav
/scratch/share/fpk150030/MARP/MARP_corpus_wav/M_C_ACP_13_01.wav
/scratch/share/fpk150030/MARP/MARP_corpus_wav/M_C_ACP_15_01.wav
/scratch/share/fpk150030/MARP/MARP_corpus_wav/M_C_ACP_16_01.wav
/scratch/share/fpk150030/MARP/MARP_corpus_wav/M_D_AAB_02_01.wav
/scratch/share/fpk150030/MARP/MARP_corpus_wav/M_D_AAB_03_01.wav
/scratch/share/fpk150030/MARP/MARP_corpus_wav/M_D_AAB_04_01.wav
/scratch/share/fpk150030/MARP/MARP_corpus_wav/M_D_AAB_05_01.wav
/scratch/share/fpk150030/MARP/MARP_corpus_wav/M_D_AAB_07_01.wav
/scratch/share/fpk150030/MARP/MARP_corpus_wav/M_D_AAB_08_01.wav
/scratch/share/fpk150030/MARP/MARP_corpus_wav/M_D_AAB_09_01.wav
/scratch/share/fpk150030/MARP/MARP_corpus_wav/M_D_AAB_10_01.wav
/scratch/share/fpk150030/MARP/MARP_corpus_wav/M_D_AAB_11_01.wav
/scratch/share/fpk150030/MARP/MARP_corpus_wav/M_D_AAB_12_01.wav
/scratch/share/fpk150030/MARP/MARP_corpus_wav/M_D_AAC_02_01.wav
/scratch/share/fpk150030/MARP/MARP_corpus_wav/M_D_AAC_03_01.wav
/scratch/share/fpk150030/MARP/MARP_corpus_wav/M_D_AAC_04_01.wav
/scratch/share/fpk150030/MARP/MARP_corpus_wav/M_D_AAC_05_01.wav
/scratch/share/fpk150030/MARP/MARP_corpus_wav/M_D_AAC_07_01.wav
/scratch/share/fpk150030/MARP/MARP_corpus_wav/M_D_AAC_08_01.wav
/scratch/share/fpk150030/MARP/MARP_corpus_wav/M_D_AAC_09_01.wav
/scratch/share/fpk150030/MARP/MARP_corpus_wav/M_D_AAC_17_01.wav
/scratch/share/fpk150030/MARP/MARP_corpus_wav/M_D_AAC_19_01.wav
/scratch/share/fpk150030/MARP/MARP_corpus_wav/M_D_AAC_20_01.wav
/scratch/share/fpk150030/MARP/MARP_corpus_wav/M_D_AAC_21_01.wav
/scratch/share/fpk150030/MARP/MARP_corpus_wav/M_D_AAD_02_01.wav
/scratch/share/fpk150030/MARP/MARP_corpus_wav/M_D_AAD_03_01.wav
/scratch/share/fpk150030/MARP/MARP_corpus_wav/M_D_AAD_04_01.wav
/scratch/share/fpk150030/MARP/MARP_corpus_wav/M_D_AAD_05_01.wav
/scratch/share/fpk150030/MARP/MARP_corpus_wav/M_D_AAD_07_01.wav
/scratch/share/fpk150030/MARP/MARP_corpus_wav/M_D_AAD_08_01.wav
/scratch/share/fpk150030/MARP/MARP_corpus_wav/M_D_AAD_09_01.wav
/scratch/share/fpk150030/MARP/MARP_corpus_wav/M_D_AAD_10_01.wav
/scratch/share/fpk150030/MARP/MARP_corpus_wav/M_D_AAD_11_01.wav
/scratch/share/fpk150030/MARP/MARP_corpus_wav/M_D_AAD_12_01.wav
/scratch/share/fpk150030/MARP/MARP_corpus_wav/M_D_AAD_13_01.wav
/scratch/share/fpk150030/MARP/MARP_corpus_wav/M_D_AAD_14_01.wav
/scratch/share/fpk150030/MARP/MARP_corpus_wav/M_D_AAD_15_01.wav
/scratch/share/fpk150030/MARP/MARP_corpus_wav/M_D_AAD_16_01.wav
/scratch/share/fpk150030/MARP/MARP_corpus_wav/M_D_AAX_03_01.wav
/scratch/share/fpk150030/MARP/MARP_corpus_wav/M_D_AAX_04_01.wav
/scratch/share/fpk150030/MARP/MARP_corpus_wav/M_D_AAX_05_01.wav
/scratch/share/fpk150030/MARP/MARP_corpus_wav/M_D_AAX_07_01.wav
/scratch/share/fpk150030/MARP/MARP_corpus_wav/M_D_AAX_08_01.wav
/scratch/share/fpk150030/MARP/MARP_corpus_wav/M_D_AAX_10_01.wav
/scratch/share/fpk150030/MARP/MARP_corpus_wav/M_D_AAX_11_01.wav
/scratch/share/fpk150030/MARP/MARP_corpus_wav/M_D_AAX_12_01.wav
/scratch/share/fpk150030/MARP/MARP_corpus_wav/M_D_AAX_13_01.wav
/scratch/share/fpk150030/MARP/MARP_corpus_wav/M_D_AAX_14_01.wav
/scratch/share/fpk150030/MARP/MARP_corpus_wav/M_D_AAX_15_01.wav
/scratch/share/fpk150030/MARP/MARP_corpus_wav/M_D_AAX_16_01.wav
/scratch/share/fpk150030/MARP/MARP_corpus_wav/M_D_AAX_18_01.wav
/scratch/share/fpk150030/MARP/MARP_corpus_wav/M_D_AAX_19_01.wav
/scratch/share/fpk150030/MARP/MARP_corpus_wav/M_D_ABB_02_01.wav
/scratch/share/fpk150030/MARP/MARP_corpus_wav/M_D_ABB_03_01.wav
/scratch/share/fpk150030/MARP/MARP_corpus_wav/M_D_ABB_04_01.wav
/scratch/share/fpk150030/MARP/MARP_corpus_wav/M_D_ABB_05_01.wav
/scratch/share/fpk150030/MARP/MARP_corpus_wav/M_D_ABB_07_01.wav
/scratch/share/fpk150030/MARP/MARP_corpus_wav/M_D_ABB_08_01.wav
/scratch/share/fpk150030/MARP/MARP_corpus_wav/M_D_ABB_10_01.wav
/scratch/share/fpk150030/MARP/MARP_corpus_wav/M_D_ABB_11_01.wav
/scratch/share/fpk150030/MARP/MARP_corpus_wav/M_D_ABB_12_01.wav
/scratch/share/fpk150030/MARP/MARP_corpus_wav/M_D_ABB_15_01.wav
/scratch/share/fpk150030/MARP/MARP_corpus_wav/M_D_ABB_16_01.wav
/scratch/share/fpk150030/MARP/MARP_corpus_wav/M_D_ABB_18_01.wav
/scratch/share/fpk150030/MARP/MARP_corpus_wav/M_D_ABF_02_01.wav
/scratch/share/fpk150030/MARP/MARP_corpus_wav/M_D_ABF_03_01.wav
/scratch/share/fpk150030/MARP/MARP_corpus_wav/M_D_ABF_04_01.wav
/scratch/share/fpk150030/MARP/MARP_corpus_wav/M_D_ABF_05_01.wav
/scratch/share/fpk150030/MARP/MARP_corpus_wav/M_D_ABF_07_01.wav
/scratch/share/fpk150030/MARP/MARP_corpus_wav/M_D_ABF_08_01.wav
/scratch/share/fpk150030/MARP/MARP_corpus_wav/M_D_ABF_10_01.wav
/scratch/share/fpk150030/MARP/MARP_corpus_wav/M_D_ABF_11_01.wav
/scratch/share/fpk150030/MARP/MARP_corpus_wav/M_D_ABF_12_01.wav
/scratch/share/fpk150030/MARP/MARP_corpus_wav/M_D_ABF_13_01.wav
/scratch/share/fpk150030/MARP/MARP_corpus_wav/M_D_ABF_14_01.wav
/scratch/share/fpk150030/MARP/MARP_corpus_wav/M_D_ABF_15_01.wav
/scratch/share/fpk150030/MARP/MARP_corpus_wav/M_D_ABG_02_01.wav
/scratch/share/fpk150030/MARP/MARP_corpus_wav/M_D_ABG_03_01.wav
/scratch/share/fpk150030/MARP/MARP_corpus_wav/M_D_ABG_04_01.wav
/scratch/share/fpk150030/MARP/MARP_corpus_wav/M_D_ABG_05_01.wav
/scratch/share/fpk150030/MARP/MARP_corpus_wav/M_D_ABI_02_01.wav
/scratch/share/fpk150030/MARP/MARP_corpus_wav/M_D_ABI_03_01.wav
/scratch/share/fpk150030/MARP/MARP_corpus_wav/M_D_ABI_04_01.wav
/scratch/share/fpk150030/MARP/MARP_corpus_wav/M_D_ABI_05_01.wav
/scratch/share/fpk150030/MARP/MARP_corpus_wav/M_D_ABI_07_01.wav
/scratch/share/fpk150030/MARP/MARP_corpus_wav/M_D_ABI_08_01.wav
/scratch/share/fpk150030/MARP/MARP_corpus_wav/M_D_ABI_09_01.wav
/scratch/share/fpk150030/MARP/MARP_corpus_wav/M_D_ABI_10_01.wav
/scratch/share/fpk150030/MARP/MARP_corpus_wav/M_D_ABI_11_01.wav
/scratch/share/fpk150030/MARP/MARP_corpus_wav/M_D_ABI_12_01.wav
/scratch/share/fpk150030/MARP/MARP_corpus_wav/M_D_ABI_13_01.wav
/scratch/share/fpk150030/MARP/MARP_corpus_wav/M_D_ABI_14_01.wav
/scratch/share/fpk150030/MARP/MARP_corpus_wav/M_D_ABJ_02_01.wav
/scratch/share/fpk150030/MARP/MARP_corpus_wav/M_D_ABJ_03_01.wav
/scratch/share/fpk150030/MARP/MARP_corpus_wav/M_D_ABJ_04_01.wav
/scratch/share/fpk150030/MARP/MARP_corpus_wav/M_D_ABJ_05_01.wav
/scratch/share/fpk150030/MARP/MARP_corpus_wav/M_D_ABJ_07_01.wav
/scratch/share/fpk150030/MARP/MARP_corpus_wav/M_D_ABJ_08_01.wav
/scratch/share/fpk150030/MARP/MARP_corpus_wav/M_D_ABJ_09_01.wav
/scratch/share/fpk150030/MARP/MARP_corpus_wav/M_D_ABJ_10_01.wav
/scratch/share/fpk150030/MARP/MARP_corpus_wav/M_D_ABJ_11_01.wav
/scratch/share/fpk150030/MARP/MARP_corpus_wav/M_D_ABJ_12_01.wav
/scratch/share/fpk150030/MARP/MARP_corpus_wav/M_D_ABJ_13_01.wav
/scratch/share/fpk150030/MARP/MARP_corpus_wav/M_D_ABJ_14_01.wav
/scratch/share/fpk150030/MARP/MARP_corpus_wav/M_D_ABJ_15_01.wav
/scratch/share/fpk150030/MARP/MARP_corpus_wav/M_D_ABJ_16_01.wav
/scratch/share/fpk150030/MARP/MARP_corpus_wav/M_D_ABJ_18_01.wav
/scratch/share/fpk150030/MARP/MARP_corpus_wav/M_D_ABJ_19_01.wav
/scratch/share/fpk150030/MARP/MARP_corpus_wav/M_D_ABJ_20_01.wav
/scratch/share/fpk150030/MARP/MARP_corpus_wav/M_D_ABL_02_01.wav
/scratch/share/fpk150030/MARP/MARP_corpus_wav/M_D_ABL_03_01.wav
/scratch/share/fpk150030/MARP/MARP_corpus_wav/M_D_ABL_04_01.wav
/scratch/share/fpk150030/MARP/MARP_corpus_wav/M_D_ABL_05_01.wav
/scratch/share/fpk150030/MARP/MARP_corpus_wav/M_D_ABL_07_01.wav
/scratch/share/fpk150030/MARP/MARP_corpus_wav/M_D_ABL_09_01.wav
/scratch/share/fpk150030/MARP/MARP_corpus_wav/M_D_ABL_10_01.wav
/scratch/share/fpk150030/MARP/MARP_corpus_wav/M_D_ABL_11_01.wav
/scratch/share/fpk150030/MARP/MARP_corpus_wav/M_D_ABL_12_01.wav
/scratch/share/fpk150030/MARP/MARP_corpus_wav/M_D_ABL_13_01.wav
/scratch/share/fpk150030/MARP/MARP_corpus_wav/M_D_ABL_14_01.wav
/scratch/share/fpk150030/MARP/MARP_corpus_wav/M_D_ABL_15_01.wav
/scratch/share/fpk150030/MARP/MARP_corpus_wav/M_D_ABL_16_01.wav
/scratch/share/fpk150030/MARP/MARP_corpus_wav/M_D_ABL_18_01.wav
/scratch/share/fpk150030/MARP/MARP_corpus_wav/M_D_ABU_02_01.wav
/scratch/share/fpk150030/MARP/MARP_corpus_wav/M_D_ABU_03_01.wav
/scratch/share/fpk150030/MARP/MARP_corpus_wav/M_D_ABU_04_01.wav
/scratch/share/fpk150030/MARP/MARP_corpus_wav/M_D_ABU_05_01.wav
/scratch/share/fpk150030/MARP/MARP_corpus_wav/M_D_ABU_07_01.wav
/scratch/share/fpk150030/MARP/MARP_corpus_wav/M_D_ABU_08_01.wav
/scratch/share/fpk150030/MARP/MARP_corpus_wav/M_D_ABU_10_01.wav
/scratch/share/fpk150030/MARP/MARP_corpus_wav/M_D_ABU_11_01.wav
/scratch/share/fpk150030/MARP/MARP_corpus_wav/M_D_ABU_12_01.wav
/scratch/share/fpk150030/MARP/MARP_corpus_wav/M_D_ABU_13_01.wav
/scratch/share/fpk150030/MARP/MARP_corpus_wav/M_D_ABU_14_01.wav
/scratch/share/fpk150030/MARP/MARP_corpus_wav/M_D_ABU_15_01.wav
/scratch/share/fpk150030/MARP/MARP_corpus_wav/M_D_ABU_16_01.wav
/scratch/share/fpk150030/MARP/MARP_corpus_wav/M_D_ABU_17_01.wav
/scratch/share/fpk150030/MARP/MARP_corpus_wav/M_D_ABU_18_01.wav
/scratch/share/fpk150030/MARP/MARP_corpus_wav/M_D_ABU_19_01.wav
/scratch/share/fpk150030/MARP/MARP_corpus_wav/M_D_ABU_20_01.wav
/scratch/share/fpk150030/MARP/MARP_corpus_wav/M_D_ABU_21_01.wav
