/corpora/sre/SwitchBoard2/Phase2/DVD1/swb2_1/sw_20333A.sph 1169
/corpora/sre/SwitchBoard2/Phase2/DVD1/swb2_1/sw_20547B.sph 1169
/corpora/sre/SwitchBoard2/Phase2/DVD1/swb2_1/sw_20568A.sph 1169
/corpora/sre/SwitchBoard2/Phase2/DVD2/swb2_2/sw_20636B.sph 1169
/corpora/sre/SwitchBoard2/Phase2/DVD2/swb2_2/sw_20718B.sph 1169
/corpora/sre/SwitchBoard2/Phase2/DVD1/swb2_1/sw_21407B.sph 1169
/corpora/sre/SwitchBoard2/Phase2/DVD3/swb2_3/sw_21436A.sph 1169
/corpora/sre/SwitchBoard2/Phase2/DVD4/swb2_4/sw_21666B.sph 1169
/corpora/sre/SwitchBoard2/Phase2/DVD3/swb2_3/sw_21692A.sph 1169
/corpora/sre/SwitchBoard2/Phase2/DVD5/swb2_5/sw_21747B.sph 1169
/corpora/sre/SwitchBoard2/Phase2/DVD3/swb2_3/sw_21807B.sph 1169
/corpora/sre/SwitchBoard2/Phase2/DVD5/swb2_5/sw_22113B.sph 1169
/corpora/sre/SwitchBoard2/Phase2/DVD5/swb2_5/sw_22517B.sph 1169
/corpora/sre/SwitchBoard2/Phase2/DVD5/swb2_5/sw_22554A.sph 1169
/corpora/sre/SwitchBoard2/Phase2/DVD5/swb2_5/sw_22599B.sph 1169
/corpora/sre/SwitchBoard2/Phase2/DVD5/swb2_5/sw_22635A.sph 1169
/corpora/sre/SwitchBoard2/Phase2/DVD3/swb2_3/sw_22728A.sph 1169
/corpora/sre/SwitchBoard2/Phase2/DVD6/swb2_6/sw_22867A.sph 1169
/corpora/sre/SwitchBoard2/Phase2/DVD4/swb2_4/sw_23244A.sph 1169
/corpora/sre/SwitchBoard2/Phase2/DVD5/swb2_5/sw_23355A.sph 1169
/corpora/sre/SwitchBoard2/Phase2/DVD4/swb2_4/sw_23431A.sph 1169
/corpora/sre/SwitchBoard2/Phase2/DVD5/swb2_5/sw_23524A.sph 1169
/corpora/sre/SwitchBoard2/Phase2/DVD1/swb2_1/sw_20167B.sph 1231
/corpora/sre/SwitchBoard2/Phase2/DVD2/swb2_2/sw_20288B.sph 1231
/corpora/sre/SwitchBoard2/Phase2/DVD1/swb2_1/sw_20452B.sph 1231
/corpora/sre/SwitchBoard2/Phase2/DVD4/swb2_4/sw_23189B.sph 1231
/corpora/sre/SwitchBoard2/Phase2/DVD4/swb2_4/sw_23257B.sph 1231
/corpora/sre/SwitchBoard2/Phase2/DVD4/swb2_4/sw_23627B.sph 1231
/corpora/sre/SwitchBoard2/Phase2/DVD3/swb2_3/sw_23773A.sph 1231
/corpora/sre/SwitchBoard2/Phase2/DVD3/swb2_3/sw_23785B.sph 1231
/corpora/sre/SwitchBoard2/Phase2/DVD4/swb2_4/sw_23920A.sph 1231
/corpora/sre/SwitchBoard2/Phase2/DVD5/swb2_5/sw_23964B.sph 1231
/corpora/sre/SwitchBoard2/Phase2/DVD4/swb2_4/sw_24100A.sph 1231
/corpora/sre/SwitchBoard2/Phase2/DVD4/swb2_4/sw_24164A.sph 1231
/corpora/sre/SwitchBoard2/Phase2/DVD4/swb2_4/sw_24246A.sph 1231
/corpora/sre/SwitchBoard2/Phase2/DVD4/swb2_4/sw_24309A.sph 1231
/corpora/sre/SwitchBoard2/Phase2/DVD5/swb2_5/sw_24358A.sph 1231
/corpora/sre/SwitchBoard2/Phase2/DVD6/swb2_6/sw_24430A.sph 1231
/corpora/sre/SwitchBoard2/Phase2/DVD2/swb2_2/sw_24539A.sph 1231
/corpora/sre/SwitchBoard2/Phase2/DVD1/swb2_1/sw_20001A.sph 1969
/corpora/sre/SwitchBoard2/Phase2/DVD1/swb2_1/sw_20048A.sph 1969
/corpora/sre/SwitchBoard2/Phase2/DVD1/swb2_1/sw_20103A.sph 1969
/corpora/sre/SwitchBoard2/Phase2/DVD1/swb2_1/sw_20155A.sph 1969
/corpora/sre/SwitchBoard2/Phase2/DVD2/swb2_2/sw_20387B.sph 1969
/corpora/sre/SwitchBoard2/Phase2/DVD5/swb2_5/sw_21004B.sph 1969
/corpora/sre/SwitchBoard2/Phase2/DVD2/swb2_2/sw_21437A.sph 1969
/corpora/sre/SwitchBoard2/Phase2/DVD3/swb2_3/sw_21938B.sph 1969
/corpora/sre/SwitchBoard2/Phase2/DVD2/swb2_2/sw_22107B.sph 1969
/corpora/sre/SwitchBoard2/Phase2/DVD5/swb2_5/sw_23116A.sph 1969
/corpora/sre/SwitchBoard2/Phase2/DVD5/swb2_5/sw_23222B.sph 1969
/corpora/sre/SwitchBoard2/Phase2/DVD4/swb2_4/sw_23732B.sph 1969
/corpora/sre/SwitchBoard2/Phase2/DVD5/swb2_5/sw_24483B.sph 1969
/corpora/sre/SwitchBoard2/Phase2/DVD3/swb2_3/sw_24524B.sph 1969
/corpora/sre/SwitchBoard2/Phase2/DVD3/swb2_3/sw_21002A.sph 3000
/corpora/sre/SwitchBoard2/Phase2/DVD5/swb2_5/sw_21513B.sph 3000
/corpora/sre/SwitchBoard2/Phase2/DVD3/swb2_3/sw_21604B.sph 3000
/corpora/sre/SwitchBoard2/Phase2/DVD2/swb2_2/sw_22533B.sph 3000
/corpora/sre/SwitchBoard2/Phase2/DVD4/swb2_4/sw_23055B.sph 3000
/corpora/sre/SwitchBoard2/Phase2/DVD3/swb2_3/sw_23308B.sph 3000
/corpora/sre/SwitchBoard2/Phase2/DVD5/swb2_5/sw_23588B.sph 3000
/corpora/sre/SwitchBoard2/Phase2/DVD3/swb2_3/sw_24291B.sph 3000
/corpora/sre/SwitchBoard2/Phase2/DVD1/swb2_1/sw_20003A.sph 3010
/corpora/sre/SwitchBoard2/Phase2/DVD1/swb2_1/sw_20106A.sph 3010
/corpora/sre/SwitchBoard2/Phase2/DVD1/swb2_1/sw_20225B.sph 3010
/corpora/sre/SwitchBoard2/Phase2/DVD1/swb2_1/sw_20428A.sph 3010
/corpora/sre/SwitchBoard2/Phase2/DVD1/swb2_1/sw_20503B.sph 3010
/corpora/sre/SwitchBoard2/Phase2/DVD2/swb2_2/sw_21003A.sph 3010
/corpora/sre/SwitchBoard2/Phase2/DVD2/swb2_2/sw_21270A.sph 3010
/corpora/sre/SwitchBoard2/Phase2/DVD4/swb2_4/sw_21579A.sph 3010
/corpora/sre/SwitchBoard2/Phase2/DVD3/swb2_3/sw_21930B.sph 3010
/corpora/sre/SwitchBoard2/Phase2/DVD5/swb2_5/sw_22465B.sph 3010
/corpora/sre/SwitchBoard2/Phase2/DVD4/swb2_4/sw_22862B.sph 3010
/corpora/sre/SwitchBoard2/Phase2/DVD4/swb2_4/sw_22976A.sph 3010
/corpora/sre/SwitchBoard2/Phase2/DVD4/swb2_4/sw_23118A.sph 3010
/corpora/sre/SwitchBoard2/Phase2/DVD3/swb2_3/sw_23314B.sph 3010
/corpora/sre/SwitchBoard2/Phase2/DVD5/swb2_5/sw_23525A.sph 3010
/corpora/sre/SwitchBoard2/Phase2/DVD2/swb2_2/sw_23774A.sph 3010
/corpora/sre/SwitchBoard2/Phase2/DVD3/swb2_3/sw_23885B.sph 3010
/corpora/sre/SwitchBoard2/Phase2/DVD4/swb2_4/sw_24064B.sph 3010
/corpora/sre/SwitchBoard2/Phase2/DVD4/swb2_4/sw_24540A.sph 3010
/corpora/sre/SwitchBoard2/Phase2/DVD1/swb2_1/sw_20014A.sph 3072
/corpora/sre/SwitchBoard2/Phase2/DVD1/swb2_1/sw_20006B.sph 3072
/corpora/sre/SwitchBoard2/Phase2/DVD1/swb2_1/sw_20114A.sph 3072
/corpora/sre/SwitchBoard2/Phase2/DVD1/swb2_1/sw_20161A.sph 3072
/corpora/sre/SwitchBoard2/Phase2/DVD1/swb2_1/sw_20229B.sph 3072
/corpora/sre/SwitchBoard2/Phase2/DVD2/swb2_2/sw_20247A.sph 3072
/corpora/sre/SwitchBoard2/Phase2/DVD1/swb2_1/sw_20295B.sph 3072
/corpora/sre/SwitchBoard2/Phase2/DVD1/swb2_1/sw_20342A.sph 3072
/corpora/sre/SwitchBoard2/Phase2/DVD1/swb2_1/sw_20445A.sph 3072
/corpora/sre/SwitchBoard2/Phase2/DVD1/swb2_1/sw_20551B.sph 3072
/corpora/sre/SwitchBoard2/Phase2/DVD1/swb2_1/sw_20581A.sph 3072
/corpora/sre/SwitchBoard2/Phase2/DVD2/swb2_2/sw_20603B.sph 3072
/corpora/sre/SwitchBoard2/Phase2/DVD2/swb2_2/sw_20724A.sph 3072
/corpora/sre/SwitchBoard2/Phase2/DVD2/swb2_2/sw_20768B.sph 3072
/corpora/sre/SwitchBoard2/Phase2/DVD2/swb2_2/sw_20831A.sph 3072
/corpora/sre/SwitchBoard2/Phase2/DVD1/swb2_1/sw_20913A.sph 3072
/corpora/sre/SwitchBoard2/Phase2/DVD1/swb2_1/sw_21011A.sph 3072
/corpora/sre/SwitchBoard2/Phase2/DVD1/swb2_1/sw_21035B.sph 3072
/corpora/sre/SwitchBoard2/Phase2/DVD1/swb2_1/sw_21155A.sph 3072
/corpora/sre/SwitchBoard2/Phase2/DVD2/swb2_2/sw_21281A.sph 3072
/corpora/sre/SwitchBoard2/Phase2/DVD2/swb2_2/sw_21405B.sph 3072
/corpora/sre/SwitchBoard2/Phase2/DVD5/swb2_5/sw_21445A.sph 3072
/corpora/sre/SwitchBoard2/Phase2/DVD2/swb2_2/sw_21657B.sph 3072
/corpora/sre/SwitchBoard2/Phase2/DVD5/swb2_5/sw_21696A.sph 3072
/corpora/sre/SwitchBoard2/Phase2/DVD4/swb2_4/sw_21790A.sph 3072
/corpora/sre/SwitchBoard2/Phase2/DVD4/swb2_4/sw_21821B.sph 3072
/corpora/sre/SwitchBoard2/Phase2/DVD5/swb2_5/sw_21897A.sph 3072
/corpora/sre/SwitchBoard2/Phase2/DVD4/swb2_4/sw_22047A.sph 3072
/corpora/sre/SwitchBoard2/Phase2/DVD5/swb2_5/sw_22163A.sph 3072
/corpora/sre/SwitchBoard2/Phase2/DVD4/swb2_4/sw_22186B.sph 3072
/corpora/sre/SwitchBoard2/Phase2/DVD4/swb2_4/sw_22304A.sph 3072
/corpora/sre/SwitchBoard2/Phase2/DVD5/swb2_5/sw_22447A.sph 3072
/corpora/sre/SwitchBoard2/Phase2/DVD3/swb2_3/sw_22557A.sph 3072
/corpora/sre/SwitchBoard2/Phase2/DVD4/swb2_4/sw_22739A.sph 3072
/corpora/sre/SwitchBoard2/Phase2/DVD4/swb2_4/sw_22982A.sph 3072
/corpora/sre/SwitchBoard2/Phase2/DVD4/swb2_4/sw_23157B.sph 3072
/corpora/sre/SwitchBoard2/Phase2/DVD5/swb2_5/sw_23249A.sph 3072
/corpora/sre/SwitchBoard2/Phase2/DVD3/swb2_3/sw_23359A.sph 3072
/corpora/sre/SwitchBoard2/Phase2/DVD4/swb2_4/sw_23531A.sph 3072
/corpora/sre/SwitchBoard2/Phase2/DVD4/swb2_4/sw_23609B.sph 3072
/corpora/sre/SwitchBoard2/Phase2/DVD5/swb2_5/sw_23676A.sph 3072
/corpora/sre/SwitchBoard2/Phase2/DVD4/swb2_4/sw_23778A.sph 3072
/corpora/sre/SwitchBoard2/Phase2/DVD4/swb2_4/sw_23833A.sph 3072
/corpora/sre/SwitchBoard2/Phase2/DVD3/swb2_3/sw_24102A.sph 3072
/corpora/sre/SwitchBoard2/Phase2/DVD3/swb2_3/sw_24391A.sph 3072
/corpora/sre/SwitchBoard2/Phase2/DVD1/swb2_1/sw_20242B.sph 3073
/corpora/sre/SwitchBoard2/Phase2/DVD1/swb2_1/sw_20377B.sph 3073
/corpora/sre/SwitchBoard2/Phase2/DVD2/swb2_2/sw_20656B.sph 3073
/corpora/sre/SwitchBoard2/Phase2/DVD2/swb2_2/sw_20773B.sph 3073
/corpora/sre/SwitchBoard2/Phase2/DVD2/swb2_2/sw_21012A.sph 3073
/corpora/sre/SwitchBoard2/Phase2/DVD5/swb2_5/sw_22164B.sph 3073
/corpora/sre/SwitchBoard2/Phase2/DVD3/swb2_3/sw_22305A.sph 3073
/corpora/sre/SwitchBoard2/Phase2/DVD4/swb2_4/sw_22542B.sph 3073
/corpora/sre/SwitchBoard2/Phase2/DVD4/swb2_4/sw_22858B.sph 3073
/corpora/sre/SwitchBoard2/Phase2/DVD2/swb2_2/sw_22985B.sph 3073
/corpora/sre/SwitchBoard2/Phase2/DVD5/swb2_5/sw_23122A.sph 3073
/corpora/sre/SwitchBoard2/Phase2/DVD1/swb2_1/sw_20014B.sph 3086
/corpora/sre/SwitchBoard2/Phase2/DVD1/swb2_1/sw_20136B.sph 3086
/corpora/sre/SwitchBoard2/Phase2/DVD1/swb2_1/sw_20253B.sph 3086
/corpora/sre/SwitchBoard2/Phase2/DVD2/swb2_2/sw_20446A.sph 3086
/corpora/sre/SwitchBoard2/Phase2/DVD1/swb2_1/sw_20472B.sph 3086
/corpora/sre/SwitchBoard2/Phase2/DVD1/swb2_1/sw_20584A.sph 3086
/corpora/sre/SwitchBoard2/Phase2/DVD1/swb2_1/sw_20635B.sph 3086
/corpora/sre/SwitchBoard2/Phase2/DVD2/swb2_2/sw_20727A.sph 3086
/corpora/sre/SwitchBoard2/Phase2/DVD1/swb2_1/sw_21081B.sph 3086
/corpora/sre/SwitchBoard2/Phase2/DVD5/swb2_5/sw_21563B.sph 3086
/corpora/sre/SwitchBoard2/Phase2/DVD5/swb2_5/sw_21967B.sph 3086
/corpora/sre/SwitchBoard2/Phase2/DVD5/swb2_5/sw_22170B.sph 3086
/corpora/sre/SwitchBoard2/Phase2/DVD2/swb2_2/sw_22345B.sph 3086
/corpora/sre/SwitchBoard2/Phase2/DVD5/swb2_5/sw_22497B.sph 3086
/corpora/sre/SwitchBoard2/Phase2/DVD2/swb2_2/sw_22985A.sph 3086
/corpora/sre/SwitchBoard2/Phase2/DVD3/swb2_3/sw_23196B.sph 3086
/corpora/sre/SwitchBoard2/Phase2/DVD4/swb2_4/sw_23608B.sph 3086
/corpora/sre/SwitchBoard2/Phase2/DVD1/swb2_1/sw_20047B.sph 3097
/corpora/sre/SwitchBoard2/Phase2/DVD1/swb2_1/sw_20069A.sph 3097
/corpora/sre/SwitchBoard2/Phase2/DVD1/swb2_1/sw_20111B.sph 3097
/corpora/sre/SwitchBoard2/Phase2/DVD1/swb2_1/sw_20564B.sph 3097
/corpora/sre/SwitchBoard2/Phase2/DVD1/swb2_1/sw_21090B.sph 3097
/corpora/sre/SwitchBoard2/Phase2/DVD1/swb2_1/sw_21394B.sph 3097
/corpora/sre/SwitchBoard2/Phase2/DVD3/swb2_3/sw_21591B.sph 3097
/corpora/sre/SwitchBoard2/Phase2/DVD3/swb2_3/sw_22169A.sph 3097
/corpora/sre/SwitchBoard2/Phase2/DVD5/swb2_5/sw_23625B.sph 3097
/corpora/sre/SwitchBoard2/Phase2/DVD4/swb2_4/sw_24078B.sph 3097
/corpora/sre/SwitchBoard2/Phase2/DVD1/swb2_1/sw_20098B.sph 3100
/corpora/sre/SwitchBoard2/Phase2/DVD1/swb2_1/sw_20445B.sph 3100
/corpora/sre/SwitchBoard2/Phase2/DVD1/swb2_1/sw_21017A.sph 3100
/corpora/sre/SwitchBoard2/Phase2/DVD1/swb2_1/sw_21370B.sph 3100
/corpora/sre/SwitchBoard2/Phase2/DVD3/swb2_3/sw_24221B.sph 3100
/corpora/sre/SwitchBoard2/Phase2/DVD4/swb2_4/sw_24265B.sph 3100
/corpora/sre/SwitchBoard2/Phase2/DVD1/swb2_1/sw_20254A.sph 3112
/corpora/sre/SwitchBoard2/Phase2/DVD1/swb2_1/sw_20348A.sph 3112
/corpora/sre/SwitchBoard2/Phase2/DVD2/swb2_2/sw_20508B.sph 3112
/corpora/sre/SwitchBoard2/Phase2/DVD1/swb2_1/sw_20734A.sph 3112
/corpora/sre/SwitchBoard2/Phase2/DVD1/swb2_1/sw_21020A.sph 3112
/corpora/sre/SwitchBoard2/Phase2/DVD1/swb2_1/sw_21287A.sph 3112
/corpora/sre/SwitchBoard2/Phase2/DVD3/swb2_3/sw_21504B.sph 3112
/corpora/sre/SwitchBoard2/Phase2/DVD3/swb2_3/sw_22205B.sph 3112
/corpora/sre/SwitchBoard2/Phase2/DVD2/swb2_2/sw_22408B.sph 3112
/corpora/sre/SwitchBoard2/Phase2/DVD4/swb2_4/sw_22561A.sph 3112
/corpora/sre/SwitchBoard2/Phase2/DVD2/swb2_2/sw_23070B.sph 3112
/corpora/sre/SwitchBoard2/Phase2/DVD2/swb2_2/sw_23120B.sph 3112
/corpora/sre/SwitchBoard2/Phase2/DVD3/swb2_3/sw_23258A.sph 3112
/corpora/sre/SwitchBoard2/Phase2/DVD4/swb2_4/sw_23665B.sph 3112
/corpora/sre/SwitchBoard2/Phase2/DVD6/swb2_6/sw_23925A.sph 3112
/corpora/sre/SwitchBoard2/Phase2/DVD3/swb2_3/sw_24229B.sph 3112
/corpora/sre/SwitchBoard2/Phase2/DVD4/swb2_4/sw_24251A.sph 3112
/corpora/sre/SwitchBoard2/Phase2/DVD2/swb2_2/sw_24393A.sph 3112
/corpora/sre/SwitchBoard2/Phase2/DVD1/swb2_1/sw_20040B.sph 3113
/corpora/sre/SwitchBoard2/Phase2/DVD1/swb2_1/sw_20306B.sph 3113
/corpora/sre/SwitchBoard2/Phase2/DVD1/swb2_1/sw_20349A.sph 3113
/corpora/sre/SwitchBoard2/Phase2/DVD1/swb2_1/sw_20531B.sph 3113
/corpora/sre/SwitchBoard2/Phase2/DVD2/swb2_2/sw_20607B.sph 3113
/corpora/sre/SwitchBoard2/Phase2/DVD2/swb2_2/sw_21021A.sph 3113
/corpora/sre/SwitchBoard2/Phase2/DVD1/swb2_1/sw_21160A.sph 3113
/corpora/sre/SwitchBoard2/Phase2/DVD2/swb2_2/sw_21315B.sph 3113
/corpora/sre/SwitchBoard2/Phase2/DVD3/swb2_3/sw_21449B.sph 3113
/corpora/sre/SwitchBoard2/Phase2/DVD4/swb2_4/sw_21690B.sph 3113
/corpora/sre/SwitchBoard2/Phase2/DVD4/swb2_4/sw_21899B.sph 3113
/corpora/sre/SwitchBoard2/Phase2/DVD5/swb2_5/sw_22050A.sph 3113
/corpora/sre/SwitchBoard2/Phase2/DVD2/swb2_2/sw_22194B.sph 3113
/corpora/sre/SwitchBoard2/Phase2/DVD3/swb2_3/sw_22312A.sph 3113
/corpora/sre/SwitchBoard2/Phase2/DVD4/swb2_4/sw_22454A.sph 3113
/corpora/sre/SwitchBoard2/Phase2/DVD5/swb2_5/sw_23537A.sph 3113
/corpora/sre/SwitchBoard2/Phase2/DVD1/swb2_1/sw_20021A.sph 3114
/corpora/sre/SwitchBoard2/Phase2/DVD1/swb2_1/sw_20035B.sph 3114
/corpora/sre/SwitchBoard2/Phase2/DVD1/swb2_1/sw_20097B.sph 3114
/corpora/sre/SwitchBoard2/Phase2/DVD1/swb2_1/sw_20123A.sph 3114
/corpora/sre/SwitchBoard2/Phase2/DVD1/swb2_1/sw_20166A.sph 3114
/corpora/sre/SwitchBoard2/Phase2/DVD1/swb2_1/sw_20262B.sph 3114
/corpora/sre/SwitchBoard2/Phase2/DVD1/swb2_1/sw_20344B.sph 3114
/corpora/sre/SwitchBoard2/Phase2/DVD2/swb2_2/sw_20475B.sph 3114
/corpora/sre/SwitchBoard2/Phase2/DVD2/swb2_2/sw_20591A.sph 3114
/corpora/sre/SwitchBoard2/Phase2/DVD1/swb2_1/sw_21022A.sph 3114
/corpora/sre/SwitchBoard2/Phase2/DVD1/swb2_1/sw_21079B.sph 3114
/corpora/sre/SwitchBoard2/Phase2/DVD2/swb2_2/sw_21161A.sph 3114
/corpora/sre/SwitchBoard2/Phase2/DVD2/swb2_2/sw_21288A.sph 3114
/corpora/sre/SwitchBoard2/Phase2/DVD3/swb2_3/sw_21453A.sph 3114
/corpora/sre/SwitchBoard2/Phase2/DVD4/swb2_4/sw_21501B.sph 3114
/corpora/sre/SwitchBoard2/Phase2/DVD2/swb2_2/sw_21589A.sph 3114
/corpora/sre/SwitchBoard2/Phase2/DVD5/swb2_5/sw_21678B.sph 3114
/corpora/sre/SwitchBoard2/Phase2/DVD4/swb2_4/sw_21704A.sph 3114
/corpora/sre/SwitchBoard2/Phase2/DVD3/swb2_3/sw_21794A.sph 3114
/corpora/sre/SwitchBoard2/Phase2/DVD4/swb2_4/sw_21905A.sph 3114
/corpora/sre/SwitchBoard2/Phase2/DVD5/swb2_5/sw_21985B.sph 3114
/corpora/sre/SwitchBoard2/Phase2/DVD4/swb2_4/sw_22085B.sph 3114
/corpora/sre/SwitchBoard2/Phase2/DVD3/swb2_3/sw_22173A.sph 3114
/corpora/sre/SwitchBoard2/Phase2/DVD2/swb2_2/sw_22313A.sph 3114
/corpora/sre/SwitchBoard2/Phase2/DVD4/swb2_4/sw_22455A.sph 3114
/corpora/sre/SwitchBoard2/Phase2/DVD5/swb2_5/sw_22467B.sph 3114
/corpora/sre/SwitchBoard2/Phase2/DVD3/swb2_3/sw_22562A.sph 3114
/corpora/sre/SwitchBoard2/Phase2/DVD3/swb2_3/sw_22645A.sph 3114
/corpora/sre/SwitchBoard2/Phase2/DVD2/swb2_2/sw_22848B.sph 3114
/corpora/sre/SwitchBoard2/Phase2/DVD3/swb2_3/sw_22879A.sph 3114
/corpora/sre/SwitchBoard2/Phase2/DVD2/swb2_2/sw_22991A.sph 3114
/corpora/sre/SwitchBoard2/Phase2/DVD3/swb2_3/sw_23131A.sph 3114
/corpora/sre/SwitchBoard2/Phase2/DVD3/swb2_3/sw_23259A.sph 3114
/corpora/sre/SwitchBoard2/Phase2/DVD3/swb2_3/sw_23364A.sph 3114
/corpora/sre/SwitchBoard2/Phase2/DVD4/swb2_4/sw_23443A.sph 3114
/corpora/sre/SwitchBoard2/Phase2/DVD5/swb2_5/sw_23538A.sph 3114
/corpora/sre/SwitchBoard2/Phase2/DVD4/swb2_4/sw_23682A.sph 3114
/corpora/sre/SwitchBoard2/Phase2/DVD5/swb2_5/sw_23781A.sph 3114
/corpora/sre/SwitchBoard2/Phase2/DVD2/swb2_2/sw_24035A.sph 3114
/corpora/sre/SwitchBoard2/Phase2/DVD4/swb2_4/sw_24252A.sph 3114
/corpora/sre/SwitchBoard2/Phase2/DVD5/swb2_5/sw_24394A.sph 3114
/corpora/sre/SwitchBoard2/Phase2/DVD4/swb2_4/sw_23814B.sph 3125
/corpora/sre/SwitchBoard2/Phase2/DVD2/swb2_2/sw_23874B.sph 3125
/corpora/sre/SwitchBoard2/Phase2/DVD1/swb2_1/sw_20534B.sph 3128
/corpora/sre/SwitchBoard2/Phase2/DVD1/swb2_1/sw_20950B.sph 3128
/corpora/sre/SwitchBoard2/Phase2/DVD1/swb2_1/sw_21052B.sph 3128
/corpora/sre/SwitchBoard2/Phase2/DVD1/swb2_1/sw_21375B.sph 3128
/corpora/sre/SwitchBoard2/Phase2/DVD2/swb2_2/sw_21707A.sph 3128
/corpora/sre/SwitchBoard2/Phase2/DVD4/swb2_4/sw_22254B.sph 3128
/corpora/sre/SwitchBoard2/Phase2/DVD4/swb2_4/sw_22707B.sph 3128
/corpora/sre/SwitchBoard2/Phase2/DVD1/swb2_1/sw_20002B.sph 3141
/corpora/sre/SwitchBoard2/Phase2/DVD1/swb2_1/sw_20192B.sph 3141
/corpora/sre/SwitchBoard2/Phase2/DVD1/swb2_1/sw_20457A.sph 3141
/corpora/sre/SwitchBoard2/Phase2/DVD2/swb2_2/sw_20974B.sph 3141
/corpora/sre/SwitchBoard2/Phase2/DVD4/swb2_4/sw_21534B.sph 3141
/corpora/sre/SwitchBoard2/Phase2/DVD2/swb2_2/sw_21776B.sph 3141
/corpora/sre/SwitchBoard2/Phase2/DVD2/swb2_2/sw_21813B.sph 3141
/corpora/sre/SwitchBoard2/Phase2/DVD4/swb2_4/sw_22587B.sph 3141
/corpora/sre/SwitchBoard2/Phase2/DVD4/swb2_4/sw_22661B.sph 3141
/corpora/sre/SwitchBoard2/Phase2/DVD1/swb2_1/sw_20028A.sph 3171
/corpora/sre/SwitchBoard2/Phase2/DVD1/swb2_1/sw_20153B.sph 3171
/corpora/sre/SwitchBoard2/Phase2/DVD2/swb2_2/sw_20181B.sph 3171
/corpora/sre/SwitchBoard2/Phase2/DVD1/swb2_1/sw_20365B.sph 3171
/corpora/sre/SwitchBoard2/Phase2/DVD1/swb2_1/sw_20461A.sph 3171
/corpora/sre/SwitchBoard2/Phase2/DVD2/swb2_2/sw_20600A.sph 3171
/corpora/sre/SwitchBoard2/Phase2/DVD4/swb2_4/sw_20984B.sph 3171
/corpora/sre/SwitchBoard2/Phase2/DVD3/swb2_3/sw_21876B.sph 3171
/corpora/sre/SwitchBoard2/Phase2/DVD5/swb2_5/sw_22183A.sph 3171
/corpora/sre/SwitchBoard2/Phase2/DVD4/swb2_4/sw_24370B.sph 3171
/corpora/sre/SwitchBoard2/Phase2/DVD3/swb2_3/sw_24418B.sph 3171
/corpora/sre/SwitchBoard2/Phase2/DVD2/swb2_2/sw_24438A.sph 3171
/corpora/sre/SwitchBoard2/Phase2/DVD2/swb2_2/sw_24494A.sph 3171
/corpora/sre/SwitchBoard2/Phase2/DVD1/swb2_1/sw_20020B.sph 3174
/corpora/sre/SwitchBoard2/Phase2/DVD1/swb2_1/sw_20059B.sph 3174
/corpora/sre/SwitchBoard2/Phase2/DVD1/swb2_1/sw_20249B.sph 3174
/corpora/sre/SwitchBoard2/Phase2/DVD1/swb2_1/sw_20514B.sph 3174
/corpora/sre/SwitchBoard2/Phase2/DVD2/swb2_2/sw_20782B.sph 3174
/corpora/sre/SwitchBoard2/Phase2/DVD2/swb2_2/sw_21033A.sph 3174
/corpora/sre/SwitchBoard2/Phase2/DVD1/swb2_1/sw_21011B.sph 3174
/corpora/sre/SwitchBoard2/Phase2/DVD2/swb2_2/sw_21376B.sph 3174
/corpora/sre/SwitchBoard2/Phase2/DVD3/swb2_3/sw_21472B.sph 3174
/corpora/sre/SwitchBoard2/Phase2/DVD5/swb2_5/sw_21628B.sph 3174
/corpora/sre/SwitchBoard2/Phase2/DVD3/swb2_3/sw_21925B.sph 3174
/corpora/sre/SwitchBoard2/Phase2/DVD3/swb2_3/sw_22257B.sph 3174
/corpora/sre/SwitchBoard2/Phase2/DVD4/swb2_4/sw_22355B.sph 3174
/corpora/sre/SwitchBoard2/Phase2/DVD3/swb2_3/sw_22462A.sph 3174
/corpora/sre/SwitchBoard2/Phase2/DVD4/swb2_4/sw_22888A.sph 3174
/corpora/sre/SwitchBoard2/Phase2/DVD2/swb2_2/sw_23586B.sph 3174
/corpora/sre/SwitchBoard2/Phase2/DVD1/swb2_1/sw_20075B.sph 3176
/corpora/sre/SwitchBoard2/Phase2/DVD1/swb2_1/sw_20146B.sph 3176
/corpora/sre/SwitchBoard2/Phase2/DVD1/swb2_1/sw_20228B.sph 3176
/corpora/sre/SwitchBoard2/Phase2/DVD1/swb2_1/sw_20846B.sph 3176
/corpora/sre/SwitchBoard2/Phase2/DVD5/swb2_5/sw_21695B.sph 3176
/corpora/sre/SwitchBoard2/Phase2/DVD3/swb2_3/sw_21861B.sph 3176
/corpora/sre/SwitchBoard2/Phase2/DVD5/swb2_5/sw_23071B.sph 3176
/corpora/sre/SwitchBoard2/Phase2/DVD5/swb2_5/sw_23268A.sph 3176
/corpora/sre/SwitchBoard2/Phase2/DVD4/swb2_4/sw_23376B.sph 3176
/corpora/sre/SwitchBoard2/Phase2/DVD4/swb2_4/sw_23450A.sph 3176
/corpora/sre/SwitchBoard2/Phase2/DVD3/swb2_3/sw_23497B.sph 3176
/corpora/sre/SwitchBoard2/Phase2/DVD4/swb2_4/sw_23550A.sph 3176
/corpora/sre/SwitchBoard2/Phase2/DVD3/swb2_3/sw_23785A.sph 3176
/corpora/sre/SwitchBoard2/Phase2/DVD5/swb2_5/sw_24112A.sph 3176
/corpora/sre/SwitchBoard2/Phase2/DVD2/swb2_2/sw_24361A.sph 3176
/corpora/sre/SwitchBoard2/Phase2/DVD5/swb2_5/sw_24439A.sph 3176
/corpora/sre/SwitchBoard2/Phase2/DVD1/swb2_1/sw_20130A.sph 3179
/corpora/sre/SwitchBoard2/Phase2/DVD1/swb2_1/sw_20233B.sph 3179
/corpora/sre/SwitchBoard2/Phase2/DVD2/swb2_2/sw_21062B.sph 3179
/corpora/sre/SwitchBoard2/Phase2/DVD2/swb2_2/sw_21303A.sph 3179
/corpora/sre/SwitchBoard2/Phase2/DVD3/swb2_3/sw_21460A.sph 3179
/corpora/sre/SwitchBoard2/Phase2/DVD4/swb2_4/sw_21716A.sph 3179
/corpora/sre/SwitchBoard2/Phase2/DVD4/swb2_4/sw_22455B.sph 3179
/corpora/sre/SwitchBoard2/Phase2/DVD4/swb2_4/sw_22569A.sph 3179
/corpora/sre/SwitchBoard2/Phase2/DVD3/swb2_3/sw_23786A.sph 3179
/corpora/sre/SwitchBoard2/Phase2/DVD3/swb2_3/sw_23848B.sph 3179
/corpora/sre/SwitchBoard2/Phase2/DVD1/swb2_1/sw_20268A.sph 3231
/corpora/sre/SwitchBoard2/Phase2/DVD1/swb2_1/sw_20467A.sph 3231
/corpora/sre/SwitchBoard2/Phase2/DVD1/swb2_1/sw_20608A.sph 3231
/corpora/sre/SwitchBoard2/Phase2/DVD1/swb2_1/sw_20576B.sph 3231
/corpora/sre/SwitchBoard2/Phase2/DVD1/swb2_1/sw_21039A.sph 3231
/corpora/sre/SwitchBoard2/Phase2/DVD2/swb2_2/sw_21311A.sph 3231
/corpora/sre/SwitchBoard2/Phase2/DVD5/swb2_5/sw_21720A.sph 3231
/corpora/sre/SwitchBoard2/Phase2/DVD3/swb2_3/sw_21805A.sph 3231
/corpora/sre/SwitchBoard2/Phase2/DVD3/swb2_3/sw_21924A.sph 3231
/corpora/sre/SwitchBoard2/Phase2/DVD3/swb2_3/sw_22758A.sph 3231
/corpora/sre/SwitchBoard2/Phase2/DVD4/swb2_4/sw_22895B.sph 3231
/corpora/sre/SwitchBoard2/Phase2/DVD4/swb2_4/sw_23142A.sph 3231
/corpora/sre/SwitchBoard2/Phase2/DVD5/swb2_5/sw_23273A.sph 3231
/corpora/sre/SwitchBoard2/Phase2/DVD5/swb2_5/sw_23557A.sph 3231
/corpora/sre/SwitchBoard2/Phase2/DVD3/swb2_3/sw_23735B.sph 3231
/corpora/sre/SwitchBoard2/Phase2/DVD5/swb2_5/sw_24496A.sph 3231
/corpora/sre/SwitchBoard2/Phase2/DVD1/swb2_1/sw_20037A.sph 3241
/corpora/sre/SwitchBoard2/Phase2/DVD1/swb2_1/sw_20212A.sph 3241
/corpora/sre/SwitchBoard2/Phase2/DVD1/swb2_1/sw_20469A.sph 3241
/corpora/sre/SwitchBoard2/Phase2/DVD1/swb2_1/sw_20822B.sph 3241
/corpora/sre/SwitchBoard2/Phase2/DVD1/swb2_1/sw_21110B.sph 3241
/corpora/sre/SwitchBoard2/Phase2/DVD2/swb2_2/sw_21360B.sph 3241
/corpora/sre/SwitchBoard2/Phase2/DVD3/swb2_3/sw_21473A.sph 3241
/corpora/sre/SwitchBoard2/Phase2/DVD3/swb2_3/sw_21806A.sph 3241
/corpora/sre/SwitchBoard2/Phase2/DVD2/swb2_2/sw_21900B.sph 3241
/corpora/sre/SwitchBoard2/Phase2/DVD4/swb2_4/sw_22048B.sph 3241
/corpora/sre/SwitchBoard2/Phase2/DVD4/swb2_4/sw_22184B.sph 3241
/corpora/sre/SwitchBoard2/Phase2/DVD3/swb2_3/sw_22324A.sph 3241
/corpora/sre/SwitchBoard2/Phase2/DVD4/swb2_4/sw_22769B.sph 3241
/corpora/sre/SwitchBoard2/Phase2/DVD4/swb2_4/sw_23933A.sph 3241
/corpora/sre/SwitchBoard2/Phase2/DVD4/swb2_4/sw_24050B.sph 3241
/corpora/sre/SwitchBoard2/Phase2/DVD1/swb2_1/sw_20139A.sph 3256
/corpora/sre/SwitchBoard2/Phase2/DVD1/swb2_1/sw_20271A.sph 3256
/corpora/sre/SwitchBoard2/Phase2/DVD1/swb2_1/sw_20472A.sph 3256
/corpora/sre/SwitchBoard2/Phase2/DVD5/swb2_5/sw_22905B.sph 3256
/corpora/sre/SwitchBoard2/Phase2/DVD5/swb2_5/sw_23049B.sph 3256
/corpora/sre/SwitchBoard2/Phase2/DVD5/swb2_5/sw_23662B.sph 3256
/corpora/sre/SwitchBoard2/Phase2/DVD4/swb2_4/sw_23695A.sph 3256
/corpora/sre/SwitchBoard2/Phase2/DVD5/swb2_5/sw_23757B.sph 3256
/corpora/sre/SwitchBoard2/Phase2/DVD5/swb2_5/sw_23789A.sph 3256
/corpora/sre/SwitchBoard2/Phase2/DVD3/swb2_3/sw_23904B.sph 3256
/corpora/sre/SwitchBoard2/Phase2/DVD5/swb2_5/sw_23982A.sph 3256
/corpora/sre/SwitchBoard2/Phase2/DVD3/swb2_3/sw_24098B.sph 3256
/corpora/sre/SwitchBoard2/Phase2/DVD5/swb2_5/sw_24243B.sph 3256
/corpora/sre/SwitchBoard2/Phase2/DVD1/swb2_1/sw_20473A.sph 3263
/corpora/sre/SwitchBoard2/Phase2/DVD2/swb2_2/sw_22967B.sph 3263
/corpora/sre/SwitchBoard2/Phase2/DVD5/swb2_5/sw_23218B.sph 3263
/corpora/sre/SwitchBoard2/Phase2/DVD4/swb2_4/sw_24534B.sph 3263
/corpora/sre/SwitchBoard2/Phase2/DVD1/swb2_1/sw_20285B.sph 3277
/corpora/sre/SwitchBoard2/Phase2/DVD1/swb2_1/sw_20368B.sph 3277
/corpora/sre/SwitchBoard2/Phase2/DVD2/swb2_2/sw_21332B.sph 3277
/corpora/sre/SwitchBoard2/Phase2/DVD5/swb2_5/sw_22151B.sph 3277
/corpora/sre/SwitchBoard2/Phase2/DVD4/swb2_4/sw_22889B.sph 3277
/corpora/sre/SwitchBoard2/Phase2/DVD1/swb2_1/sw_20476A.sph 3286
/corpora/sre/SwitchBoard2/Phase2/DVD1/swb2_1/sw_20684B.sph 3286
/corpora/sre/SwitchBoard2/Phase2/DVD1/swb2_1/sw_20728B.sph 3286
/corpora/sre/SwitchBoard2/Phase2/DVD1/swb2_1/sw_20848A.sph 3286
/corpora/sre/SwitchBoard2/Phase2/DVD2/swb2_2/sw_21089B.sph 3286
/corpora/sre/SwitchBoard2/Phase2/DVD4/swb2_4/sw_21955B.sph 3286
/corpora/sre/SwitchBoard2/Phase2/DVD5/swb2_5/sw_22232B.sph 3286
/corpora/sre/SwitchBoard2/Phase2/DVD5/swb2_5/sw_22421B.sph 3286
/corpora/sre/SwitchBoard2/Phase2/DVD3/swb2_3/sw_22526B.sph 3286
/corpora/sre/SwitchBoard2/Phase2/DVD2/swb2_2/sw_22866B.sph 3286
/corpora/sre/SwitchBoard2/Phase2/DVD2/swb2_2/sw_23064B.sph 3286
/corpora/sre/SwitchBoard2/Phase2/DVD2/swb2_2/sw_23636B.sph 3286
/corpora/sre/SwitchBoard2/Phase2/DVD1/swb2_1/sw_20290B.sph 3297
/corpora/sre/SwitchBoard2/Phase2/DVD1/swb2_1/sw_20749A.sph 3297
/corpora/sre/SwitchBoard2/Phase2/DVD2/swb2_2/sw_20911B.sph 3297
/corpora/sre/SwitchBoard2/Phase2/DVD5/swb2_5/sw_23048B.sph 3297
/corpora/sre/SwitchBoard2/Phase2/DVD4/swb2_4/sw_23747B.sph 3297
/corpora/sre/SwitchBoard2/Phase2/DVD4/swb2_4/sw_24150B.sph 3297
/corpora/sre/SwitchBoard2/Phase2/DVD3/swb2_3/sw_24417B.sph 3297
/corpora/sre/SwitchBoard2/Phase2/DVD3/swb2_3/sw_24522B.sph 3297
/corpora/sre/SwitchBoard2/Phase2/DVD1/swb2_1/sw_20563B.sph 3303
/corpora/sre/SwitchBoard2/Phase2/DVD2/swb2_2/sw_20752A.sph 3303
/corpora/sre/SwitchBoard2/Phase2/DVD1/swb2_1/sw_20854A.sph 3303
/corpora/sre/SwitchBoard2/Phase2/DVD2/swb2_2/sw_21185A.sph 3303
/corpora/sre/SwitchBoard2/Phase2/DVD1/swb2_1/sw_21321A.sph 3303
/corpora/sre/SwitchBoard2/Phase2/DVD1/swb2_1/sw_21334B.sph 3303
/corpora/sre/SwitchBoard2/Phase2/DVD3/swb2_3/sw_21931A.sph 3303
/corpora/sre/SwitchBoard2/Phase2/DVD4/swb2_4/sw_22066A.sph 3303
/corpora/sre/SwitchBoard2/Phase2/DVD3/swb2_3/sw_22193A.sph 3303
/corpora/sre/SwitchBoard2/Phase2/DVD4/swb2_4/sw_22474A.sph 3303
/corpora/sre/SwitchBoard2/Phase2/DVD4/swb2_4/sw_22657A.sph 3303
/corpora/sre/SwitchBoard2/Phase2/DVD2/swb2_2/sw_22766A.sph 3303
/corpora/sre/SwitchBoard2/Phase2/DVD3/swb2_3/sw_23013A.sph 3303
/corpora/sre/SwitchBoard2/Phase2/DVD5/swb2_5/sw_23148A.sph 3303
/corpora/sre/SwitchBoard2/Phase2/DVD3/swb2_3/sw_23459A.sph 3303
/corpora/sre/SwitchBoard2/Phase2/DVD3/swb2_3/sw_23567A.sph 3303
/corpora/sre/SwitchBoard2/Phase2/DVD4/swb2_4/sw_23697A.sph 3303
/corpora/sre/SwitchBoard2/Phase2/DVD5/swb2_5/sw_23795B.sph 3303
/corpora/sre/SwitchBoard2/Phase2/DVD3/swb2_3/sw_24117A.sph 3303
/corpora/sre/SwitchBoard2/Phase2/DVD2/swb2_2/sw_24324B.sph 3303
/corpora/sre/SwitchBoard2/Phase2/DVD3/swb2_3/sw_24441A.sph 3303
/corpora/sre/SwitchBoard2/Phase2/DVD1/swb2_1/sw_20412B.sph 3312
/corpora/sre/SwitchBoard2/Phase2/DVD1/swb2_1/sw_20481A.sph 3312
/corpora/sre/SwitchBoard2/Phase2/DVD1/swb2_1/sw_20435B.sph 3312
/corpora/sre/SwitchBoard2/Phase2/DVD1/swb2_1/sw_20622A.sph 3312
/corpora/sre/SwitchBoard2/Phase2/DVD1/swb2_1/sw_20658B.sph 3312
/corpora/sre/SwitchBoard2/Phase2/DVD1/swb2_1/sw_21026B.sph 3312
/corpora/sre/SwitchBoard2/Phase2/DVD1/swb2_1/sw_21234B.sph 3312
/corpora/sre/SwitchBoard2/Phase2/DVD1/swb2_1/sw_21274B.sph 3312
/corpora/sre/SwitchBoard2/Phase2/DVD4/swb2_4/sw_21479A.sph 3312
/corpora/sre/SwitchBoard2/Phase2/DVD3/swb2_3/sw_21510B.sph 3312
/corpora/sre/SwitchBoard2/Phase2/DVD4/swb2_4/sw_22001B.sph 3312
/corpora/sre/SwitchBoard2/Phase2/DVD2/swb2_2/sw_22194A.sph 3312
/corpora/sre/SwitchBoard2/Phase2/DVD3/swb2_3/sw_22288B.sph 3312
/corpora/sre/SwitchBoard2/Phase2/DVD5/swb2_5/sw_23003B.sph 3312
/corpora/sre/SwitchBoard2/Phase2/DVD2/swb2_2/sw_23568A.sph 3312
/corpora/sre/SwitchBoard2/Phase2/DVD2/swb2_2/sw_20375A.sph 3318
/corpora/sre/SwitchBoard2/Phase2/DVD1/swb2_1/sw_20484A.sph 3318
/corpora/sre/SwitchBoard2/Phase2/DVD1/swb2_1/sw_20640B.sph 3318
/corpora/sre/SwitchBoard2/Phase2/DVD1/swb2_1/sw_21123B.sph 3318
/corpora/sre/SwitchBoard2/Phase2/DVD5/swb2_5/sw_21558B.sph 3318
/corpora/sre/SwitchBoard2/Phase2/DVD3/swb2_3/sw_21593B.sph 3318
/corpora/sre/SwitchBoard2/Phase2/DVD5/swb2_5/sw_21732B.sph 3318
/corpora/sre/SwitchBoard2/Phase2/DVD5/swb2_5/sw_22768A.sph 3318
/corpora/sre/SwitchBoard2/Phase2/DVD4/swb2_4/sw_23458B.sph 3318
/corpora/sre/SwitchBoard2/Phase2/DVD4/swb2_4/sw_23714B.sph 3318
/corpora/sre/SwitchBoard2/Phase2/DVD3/swb2_3/sw_23936A.sph 3318
/corpora/sre/SwitchBoard2/Phase2/DVD2/swb2_2/sw_24443A.sph 3318
/corpora/sre/SwitchBoard2/Phase2/DVD5/swb2_5/sw_24565B.sph 3318
/corpora/sre/SwitchBoard2/Phase2/DVD2/swb2_2/sw_20223B.sph 3339
/corpora/sre/SwitchBoard2/Phase2/DVD2/swb2_2/sw_20392B.sph 3339
/corpora/sre/SwitchBoard2/Phase2/DVD1/swb2_1/sw_20486A.sph 3339
/corpora/sre/SwitchBoard2/Phase2/DVD2/swb2_2/sw_20785B.sph 3339
/corpora/sre/SwitchBoard2/Phase2/DVD2/swb2_2/sw_20855B.sph 3339
/corpora/sre/SwitchBoard2/Phase2/DVD5/swb2_5/sw_20981B.sph 3339
/corpora/sre/SwitchBoard2/Phase2/DVD2/swb2_2/sw_21054A.sph 3339
/corpora/sre/SwitchBoard2/Phase2/DVD1/swb2_1/sw_21325A.sph 3339
/corpora/sre/SwitchBoard2/Phase2/DVD3/swb2_3/sw_21486A.sph 3339
/corpora/sre/SwitchBoard2/Phase2/DVD5/swb2_5/sw_21614A.sph 3339
/corpora/sre/SwitchBoard2/Phase2/DVD2/swb2_2/sw_21676B.sph 3339
/corpora/sre/SwitchBoard2/Phase2/DVD4/swb2_4/sw_21816B.sph 3339
/corpora/sre/SwitchBoard2/Phase2/DVD4/swb2_4/sw_23018A.sph 3339
/corpora/sre/SwitchBoard2/Phase2/DVD3/swb2_3/sw_23277A.sph 3339
/corpora/sre/SwitchBoard2/Phase2/DVD5/swb2_5/sw_24230B.sph 3339
/corpora/sre/SwitchBoard2/Phase2/DVD2/swb2_2/sw_20293A.sph 3374
/corpora/sre/SwitchBoard2/Phase2/DVD1/swb2_1/sw_20381A.sph 3374
/corpora/sre/SwitchBoard2/Phase2/DVD2/swb2_2/sw_21054B.sph 3374
/corpora/sre/SwitchBoard2/Phase2/DVD2/swb2_2/sw_21557B.sph 3374
/corpora/sre/SwitchBoard2/Phase2/DVD4/swb2_4/sw_21816A.sph 3374
/corpora/sre/SwitchBoard2/Phase2/DVD2/swb2_2/sw_22011B.sph 3374
/corpora/sre/SwitchBoard2/Phase2/DVD4/swb2_4/sw_22071A.sph 3374
/corpora/sre/SwitchBoard2/Phase2/DVD5/swb2_5/sw_22278B.sph 3374
/corpora/sre/SwitchBoard2/Phase2/DVD3/swb2_3/sw_22342A.sph 3374
/corpora/sre/SwitchBoard2/Phase2/DVD3/swb2_3/sw_22424B.sph 3374
/corpora/sre/SwitchBoard2/Phase2/DVD4/swb2_4/sw_23601B.sph 3374
/corpora/sre/SwitchBoard2/Phase2/DVD3/swb2_3/sw_23703A.sph 3374
/corpora/sre/SwitchBoard2/Phase2/DVD3/swb2_3/sw_24568B.sph 3374
/corpora/sre/SwitchBoard2/Phase2/DVD3/swb2_3/sw_23704A.sph 3380
/corpora/sre/SwitchBoard2/Phase2/DVD5/swb2_5/sw_24496B.sph 3380
/corpora/sre/SwitchBoard2/Phase2/DVD2/swb2_2/sw_20499A.sph 3385
/corpora/sre/SwitchBoard2/Phase2/DVD2/swb2_2/sw_20636A.sph 3385
/corpora/sre/SwitchBoard2/Phase2/DVD2/swb2_2/sw_20952A.sph 3385
/corpora/sre/SwitchBoard2/Phase2/DVD1/swb2_1/sw_21258B.sph 3385
/corpora/sre/SwitchBoard2/Phase2/DVD2/swb2_2/sw_21945A.sph 3385
/corpora/sre/SwitchBoard2/Phase2/DVD4/swb2_4/sw_22129B.sph 3385
/corpora/sre/SwitchBoard2/Phase2/DVD4/swb2_4/sw_22318B.sph 3385
/corpora/sre/SwitchBoard2/Phase2/DVD5/swb2_5/sw_22452B.sph 3385
/corpora/sre/SwitchBoard2/Phase2/DVD2/swb2_2/sw_22853B.sph 3385
/corpora/sre/SwitchBoard2/Phase2/DVD4/swb2_4/sw_23389B.sph 3385
/corpora/sre/SwitchBoard2/Phase2/DVD5/swb2_5/sw_23926B.sph 3385
/corpora/sre/SwitchBoard2/Phase2/DVD4/swb2_4/sw_23999B.sph 3385
/corpora/sre/SwitchBoard2/Phase2/DVD4/swb2_4/sw_24402A.sph 3385
/corpora/sre/SwitchBoard2/Phase2/DVD3/swb2_3/sw_23942A.sph 3388
/corpora/sre/SwitchBoard2/Phase2/DVD4/swb2_4/sw_24584B.sph 3388
/corpora/sre/SwitchBoard2/Phase2/DVD1/swb2_1/sw_20077B.sph 3392
/corpora/sre/SwitchBoard2/Phase2/DVD1/swb2_1/sw_20502A.sph 3392
/corpora/sre/SwitchBoard2/Phase2/DVD1/swb2_1/sw_20640A.sph 3392
/corpora/sre/SwitchBoard2/Phase2/DVD1/swb2_1/sw_20948B.sph 3392
/corpora/sre/SwitchBoard2/Phase2/DVD2/swb2_2/sw_21062A.sph 3392
/corpora/sre/SwitchBoard2/Phase2/DVD2/swb2_2/sw_21053B.sph 3392
/corpora/sre/SwitchBoard2/Phase2/DVD1/swb2_1/sw_21196A.sph 3392
/corpora/sre/SwitchBoard2/Phase2/DVD1/swb2_1/sw_21341B.sph 3392
/corpora/sre/SwitchBoard2/Phase2/DVD2/swb2_2/sw_21538B.sph 3392
/corpora/sre/SwitchBoard2/Phase2/DVD4/swb2_4/sw_21622A.sph 3392
/corpora/sre/SwitchBoard2/Phase2/DVD5/swb2_5/sw_21733A.sph 3392
/corpora/sre/SwitchBoard2/Phase2/DVD3/swb2_3/sw_21819A.sph 3392
/corpora/sre/SwitchBoard2/Phase2/DVD3/swb2_3/sw_21889B.sph 3392
/corpora/sre/SwitchBoard2/Phase2/DVD2/swb2_2/sw_22075A.sph 3392
/corpora/sre/SwitchBoard2/Phase2/DVD4/swb2_4/sw_22487A.sph 3392
/corpora/sre/SwitchBoard2/Phase2/DVD3/swb2_3/sw_22663A.sph 3392
/corpora/sre/SwitchBoard2/Phase2/DVD3/swb2_3/sw_22778A.sph 3392
/corpora/sre/SwitchBoard2/Phase2/DVD5/swb2_5/sw_22905A.sph 3392
/corpora/sre/SwitchBoard2/Phase2/DVD4/swb2_4/sw_23155A.sph 3392
/corpora/sre/SwitchBoard2/Phase2/DVD4/swb2_4/sw_23482B.sph 3392
/corpora/sre/SwitchBoard2/Phase2/DVD4/swb2_4/sw_23576A.sph 3392
/corpora/sre/SwitchBoard2/Phase2/DVD2/swb2_2/sw_23943A.sph 3392
/corpora/sre/SwitchBoard2/Phase2/DVD3/swb2_3/sw_24467B.sph 3392
/corpora/sre/SwitchBoard2/Phase2/DVD1/swb2_1/sw_20488B.sph 3400
/corpora/sre/SwitchBoard2/Phase2/DVD2/swb2_2/sw_20549B.sph 3419
/corpora/sre/SwitchBoard2/Phase2/DVD2/swb2_2/sw_20569B.sph 3419
/corpora/sre/SwitchBoard2/Phase2/DVD3/swb2_3/sw_21624B.sph 3419
/corpora/sre/SwitchBoard2/Phase2/DVD5/swb2_5/sw_22233B.sph 3419
/corpora/sre/SwitchBoard2/Phase2/DVD4/swb2_4/sw_22348A.sph 3419
/corpora/sre/SwitchBoard2/Phase2/DVD2/swb2_2/sw_22313B.sph 3419
/corpora/sre/SwitchBoard2/Phase2/DVD4/swb2_4/sw_23293B.sph 3419
/corpora/sre/SwitchBoard2/Phase2/DVD2/swb2_2/sw_23467A.sph 3419
/corpora/sre/SwitchBoard2/Phase2/DVD4/swb2_4/sw_23708A.sph 3419
/corpora/sre/SwitchBoard2/Phase2/DVD2/swb2_2/sw_23988A.sph 3419
/corpora/sre/SwitchBoard2/Phase2/DVD2/swb2_2/sw_24506A.sph 3419
/corpora/sre/SwitchBoard2/Phase2/DVD1/swb2_1/sw_20301A.sph 3420
/corpora/sre/SwitchBoard2/Phase2/DVD1/swb2_1/sw_20507A.sph 3420
/corpora/sre/SwitchBoard2/Phase2/DVD2/swb2_2/sw_20542B.sph 3420
/corpora/sre/SwitchBoard2/Phase2/DVD1/swb2_1/sw_20850B.sph 3420
/corpora/sre/SwitchBoard2/Phase2/DVD2/swb2_2/sw_21012B.sph 3420
/corpora/sre/SwitchBoard2/Phase2/DVD4/swb2_4/sw_21597B.sph 3420
/corpora/sre/SwitchBoard2/Phase2/DVD5/swb2_5/sw_22208A.sph 3420
/corpora/sre/SwitchBoard2/Phase2/DVD4/swb2_4/sw_22349A.sph 3420
/corpora/sre/SwitchBoard2/Phase2/DVD3/swb2_3/sw_22901B.sph 3420
/corpora/sre/SwitchBoard2/Phase2/DVD3/swb2_3/sw_23400B.sph 3420
/corpora/sre/SwitchBoard2/Phase2/DVD2/swb2_2/sw_24242B.sph 3420
/corpora/sre/SwitchBoard2/Phase2/DVD4/swb2_4/sw_24383B.sph 3420
/corpora/sre/SwitchBoard2/Phase2/DVD1/swb2_1/sw_20646A.sph 3421
/corpora/sre/SwitchBoard2/Phase2/DVD2/swb2_2/sw_20768A.sph 3421
/corpora/sre/SwitchBoard2/Phase2/DVD1/swb2_1/sw_21064A.sph 3421
/corpora/sre/SwitchBoard2/Phase2/DVD2/swb2_2/sw_21153B.sph 3421
/corpora/sre/SwitchBoard2/Phase2/DVD5/swb2_5/sw_22012B.sph 3421
/corpora/sre/SwitchBoard2/Phase2/DVD4/swb2_4/sw_22079B.sph 3421
/corpora/sre/SwitchBoard2/Phase2/DVD3/swb2_3/sw_22287B.sph 3421
/corpora/sre/SwitchBoard2/Phase2/DVD3/swb2_3/sw_23620B.sph 3421
/corpora/sre/SwitchBoard2/Phase2/DVD4/swb2_4/sw_23745B.sph 3421
/corpora/sre/SwitchBoard2/Phase2/DVD3/swb2_3/sw_24184B.sph 3421
/corpora/sre/SwitchBoard2/Phase2/DVD5/swb2_5/sw_24526B.sph 3421
/corpora/sre/SwitchBoard2/Phase2/DVD2/swb2_2/sw_20392A.sph 3422
/corpora/sre/SwitchBoard2/Phase2/DVD1/swb2_1/sw_20769A.sph 3422
/corpora/sre/SwitchBoard2/Phase2/DVD1/swb2_1/sw_20787B.sph 3422
/corpora/sre/SwitchBoard2/Phase2/DVD2/swb2_2/sw_20832B.sph 3422
/corpora/sre/SwitchBoard2/Phase2/DVD5/swb2_5/sw_21627A.sph 3422
/corpora/sre/SwitchBoard2/Phase2/DVD4/swb2_4/sw_21671B.sph 3422
/corpora/sre/SwitchBoard2/Phase2/DVD2/swb2_2/sw_21731B.sph 3422
/corpora/sre/SwitchBoard2/Phase2/DVD5/swb2_5/sw_22209A.sph 3422
/corpora/sre/SwitchBoard2/Phase2/DVD2/swb2_2/sw_22350A.sph 3422
/corpora/sre/SwitchBoard2/Phase2/DVD3/swb2_3/sw_23026A.sph 3422
/corpora/sre/SwitchBoard2/Phase2/DVD5/swb2_5/sw_23405B.sph 3422
/corpora/sre/SwitchBoard2/Phase2/DVD5/swb2_5/sw_23944B.sph 3422
/corpora/sre/SwitchBoard2/Phase2/DVD1/swb2_1/sw_20135B.sph 3423
/corpora/sre/SwitchBoard2/Phase2/DVD1/swb2_1/sw_20156B.sph 3423
/corpora/sre/SwitchBoard2/Phase2/DVD1/swb2_1/sw_20219B.sph 3423
/corpora/sre/SwitchBoard2/Phase2/DVD1/swb2_1/sw_20912B.sph 3423
/corpora/sre/SwitchBoard2/Phase2/DVD5/swb2_5/sw_21578B.sph 3423
/corpora/sre/SwitchBoard2/Phase2/DVD4/swb2_4/sw_21821A.sph 3423
/corpora/sre/SwitchBoard2/Phase2/DVD5/swb2_5/sw_21878B.sph 3423
/corpora/sre/SwitchBoard2/Phase2/DVD2/swb2_2/sw_23027A.sph 3423
/corpora/sre/SwitchBoard2/Phase2/DVD4/swb2_4/sw_23425B.sph 3423
/corpora/sre/SwitchBoard2/Phase2/DVD4/swb2_4/sw_23997B.sph 3423
/corpora/sre/SwitchBoard2/Phase2/DVD1/swb2_1/sw_20647A.sph 3425
/corpora/sre/SwitchBoard2/Phase2/DVD1/swb2_1/sw_20865A.sph 3425
/corpora/sre/SwitchBoard2/Phase2/DVD4/swb2_4/sw_21822A.sph 3425
/corpora/sre/SwitchBoard2/Phase2/DVD3/swb2_3/sw_23159A.sph 3425
/corpora/sre/SwitchBoard2/Phase2/DVD3/swb2_3/sw_23799A.sph 3425
/corpora/sre/SwitchBoard2/Phase2/DVD5/swb2_5/sw_23945A.sph 3425
/corpora/sre/SwitchBoard2/Phase2/DVD5/swb2_5/sw_24263A.sph 3425
/corpora/sre/SwitchBoard2/Phase2/DVD2/swb2_2/sw_24406A.sph 3425
/corpora/sre/SwitchBoard2/Phase2/DVD5/swb2_5/sw_24450A.sph 3425
/corpora/sre/SwitchBoard2/Phase2/DVD2/swb2_2/sw_24507A.sph 3425
/corpora/sre/SwitchBoard2/Phase2/DVD4/swb2_4/sw_24552A.sph 3425
/corpora/sre/SwitchBoard2/Phase2/DVD5/swb2_5/sw_24583B.sph 3425
/corpora/sre/SwitchBoard2/Phase2/DVD4/swb2_4/sw_24585B.sph 3425
/corpora/sre/SwitchBoard2/Phase2/DVD2/swb2_2/sw_20223A.sph 3440
/corpora/sre/SwitchBoard2/Phase2/DVD2/swb2_2/sw_20305A.sph 3440
/corpora/sre/SwitchBoard2/Phase2/DVD2/swb2_2/sw_20358B.sph 3440
/corpora/sre/SwitchBoard2/Phase2/DVD1/swb2_1/sw_20511A.sph 3440
/corpora/sre/SwitchBoard2/Phase2/DVD1/swb2_1/sw_20540B.sph 3440
/corpora/sre/SwitchBoard2/Phase2/DVD1/swb2_1/sw_20651A.sph 3440
/corpora/sre/SwitchBoard2/Phase2/DVD1/swb2_1/sw_20772A.sph 3440
/corpora/sre/SwitchBoard2/Phase2/DVD2/swb2_2/sw_20956A.sph 3440
/corpora/sre/SwitchBoard2/Phase2/DVD2/swb2_2/sw_21069A.sph 3440
/corpora/sre/SwitchBoard2/Phase2/DVD1/swb2_1/sw_21202A.sph 3440
/corpora/sre/SwitchBoard2/Phase2/DVD4/swb2_4/sw_21502A.sph 3440
/corpora/sre/SwitchBoard2/Phase2/DVD3/swb2_3/sw_21490B.sph 3440
/corpora/sre/SwitchBoard2/Phase2/DVD4/swb2_4/sw_21629A.sph 3440
/corpora/sre/SwitchBoard2/Phase2/DVD3/swb2_3/sw_21738A.sph 3440
/corpora/sre/SwitchBoard2/Phase2/DVD5/swb2_5/sw_21883B.sph 3440
/corpora/sre/SwitchBoard2/Phase2/DVD5/swb2_5/sw_21952A.sph 3440
/corpora/sre/SwitchBoard2/Phase2/DVD4/swb2_4/sw_22079A.sph 3440
/corpora/sre/SwitchBoard2/Phase2/DVD4/swb2_4/sw_22353A.sph 3440
/corpora/sre/SwitchBoard2/Phase2/DVD4/swb2_4/sw_22491A.sph 3440
/corpora/sre/SwitchBoard2/Phase2/DVD3/swb2_3/sw_22594A.sph 3440
/corpora/sre/SwitchBoard2/Phase2/DVD4/swb2_4/sw_23162A.sph 3440
/corpora/sre/SwitchBoard2/Phase2/DVD5/swb2_5/sw_23287A.sph 3440
/corpora/sre/SwitchBoard2/Phase2/DVD3/swb2_3/sw_23365B.sph 3440
/corpora/sre/SwitchBoard2/Phase2/DVD4/swb2_4/sw_23582A.sph 3440
/corpora/sre/SwitchBoard2/Phase2/DVD2/swb2_2/sw_24511B.sph 3440
/corpora/sre/SwitchBoard2/Phase2/DVD1/swb2_1/sw_20734B.sph 3441
/corpora/sre/SwitchBoard2/Phase2/DVD5/swb2_5/sw_21646B.sph 3441
/corpora/sre/SwitchBoard2/Phase2/DVD1/swb2_1/sw_20428B.sph 3447
/corpora/sre/SwitchBoard2/Phase2/DVD2/swb2_2/sw_20764B.sph 3447
/corpora/sre/SwitchBoard2/Phase2/DVD2/swb2_2/sw_21071A.sph 3447
/corpora/sre/SwitchBoard2/Phase2/DVD1/swb2_1/sw_21342A.sph 3447
/corpora/sre/SwitchBoard2/Phase2/DVD4/swb2_4/sw_21954A.sph 3447
/corpora/sre/SwitchBoard2/Phase2/DVD3/swb2_3/sw_22088B.sph 3447
/corpora/sre/SwitchBoard2/Phase2/DVD4/swb2_4/sw_22354A.sph 3447
/corpora/sre/SwitchBoard2/Phase2/DVD1/swb2_1/sw_20512A.sph 3448
/corpora/sre/SwitchBoard2/Phase2/DVD1/swb2_1/sw_20469B.sph 3448
/corpora/sre/SwitchBoard2/Phase2/DVD1/swb2_1/sw_20652A.sph 3448
/corpora/sre/SwitchBoard2/Phase2/DVD1/swb2_1/sw_20605B.sph 3448
/corpora/sre/SwitchBoard2/Phase2/DVD2/swb2_2/sw_20773A.sph 3448
/corpora/sre/SwitchBoard2/Phase2/DVD2/swb2_2/sw_20826B.sph 3448
/corpora/sre/SwitchBoard2/Phase2/DVD1/swb2_1/sw_21072A.sph 3448
/corpora/sre/SwitchBoard2/Phase2/DVD2/swb2_2/sw_21343A.sph 3448
/corpora/sre/SwitchBoard2/Phase2/DVD2/swb2_2/sw_21630A.sph 3448
/corpora/sre/SwitchBoard2/Phase2/DVD5/swb2_5/sw_21697B.sph 3448
/corpora/sre/SwitchBoard2/Phase2/DVD4/swb2_4/sw_21798B.sph 3448
/corpora/sre/SwitchBoard2/Phase2/DVD4/swb2_4/sw_23294B.sph 3448
/corpora/sre/SwitchBoard2/Phase2/DVD3/swb2_3/sw_23854A.sph 3448
/corpora/sre/SwitchBoard2/Phase2/DVD4/swb2_4/sw_24000B.sph 3448
/corpora/sre/SwitchBoard2/Phase2/DVD4/swb2_4/sw_24332B.sph 3448
/corpora/sre/SwitchBoard2/Phase2/DVD1/swb2_1/sw_20102A.sph 3459
/corpora/sre/SwitchBoard2/Phase2/DVD1/swb2_1/sw_20261B.sph 3466
/corpora/sre/SwitchBoard2/Phase2/DVD1/swb2_1/sw_20402A.sph 3466
/corpora/sre/SwitchBoard2/Phase2/DVD2/swb2_2/sw_20516A.sph 3466
/corpora/sre/SwitchBoard2/Phase2/DVD1/swb2_1/sw_20543B.sph 3466
/corpora/sre/SwitchBoard2/Phase2/DVD2/swb2_2/sw_20657A.sph 3466
/corpora/sre/SwitchBoard2/Phase2/DVD2/swb2_2/sw_20831B.sph 3466
/corpora/sre/SwitchBoard2/Phase2/DVD2/swb2_2/sw_21223B.sph 3466
/corpora/sre/SwitchBoard2/Phase2/DVD1/swb2_1/sw_21349A.sph 3466
/corpora/sre/SwitchBoard2/Phase2/DVD2/swb2_2/sw_21340B.sph 3466
/corpora/sre/SwitchBoard2/Phase2/DVD3/swb2_3/sw_21504A.sph 3466
/corpora/sre/SwitchBoard2/Phase2/DVD4/swb2_4/sw_21634A.sph 3466
/corpora/sre/SwitchBoard2/Phase2/DVD3/swb2_3/sw_21643B.sph 3466
/corpora/sre/SwitchBoard2/Phase2/DVD4/swb2_4/sw_21741A.sph 3466
/corpora/sre/SwitchBoard2/Phase2/DVD5/swb2_5/sw_21829A.sph 3466
/corpora/sre/SwitchBoard2/Phase2/DVD5/swb2_5/sw_21870B.sph 3466
/corpora/sre/SwitchBoard2/Phase2/DVD3/swb2_3/sw_21961A.sph 3466
/corpora/sre/SwitchBoard2/Phase2/DVD5/swb2_5/sw_22220A.sph 3466
/corpora/sre/SwitchBoard2/Phase2/DVD6/swb2_6/sw_22359A.sph 3466
/corpora/sre/SwitchBoard2/Phase2/DVD2/swb2_2/sw_22496A.sph 3466
/corpora/sre/SwitchBoard2/Phase2/DVD5/swb2_5/sw_22598A.sph 3466
/corpora/sre/SwitchBoard2/Phase2/DVD5/swb2_5/sw_23034A.sph 3466
/corpora/sre/SwitchBoard2/Phase2/DVD5/swb2_5/sw_23168A.sph 3466
/corpora/sre/SwitchBoard2/Phase2/DVD4/swb2_4/sw_23293A.sph 3466
/corpora/sre/SwitchBoard2/Phase2/DVD5/swb2_5/sw_23387A.sph 3466
/corpora/sre/SwitchBoard2/Phase2/DVD5/swb2_5/sw_23373B.sph 3466
/corpora/sre/SwitchBoard2/Phase2/DVD2/swb2_2/sw_23586A.sph 3466
/corpora/sre/SwitchBoard2/Phase2/DVD4/swb2_4/sw_23713A.sph 3466
/corpora/sre/SwitchBoard2/Phase2/DVD2/swb2_2/sw_23805A.sph 3466
/corpora/sre/SwitchBoard2/Phase2/DVD5/swb2_5/sw_23858A.sph 3466
/corpora/sre/SwitchBoard2/Phase2/DVD3/swb2_3/sw_23891A.sph 3466
/corpora/sre/SwitchBoard2/Phase2/DVD5/swb2_5/sw_23950A.sph 3466
/corpora/sre/SwitchBoard2/Phase2/DVD2/swb2_2/sw_23993A.sph 3466
/corpora/sre/SwitchBoard2/Phase2/DVD4/swb2_4/sw_24051A.sph 3466
/corpora/sre/SwitchBoard2/Phase2/DVD5/swb2_5/sw_24193A.sph 3466
/corpora/sre/SwitchBoard2/Phase2/DVD3/swb2_3/sw_24268A.sph 3466
/corpora/sre/SwitchBoard2/Phase2/DVD4/swb2_4/sw_24327A.sph 3466
/corpora/sre/SwitchBoard2/Phase2/DVD5/swb2_5/sw_24408A.sph 3466
/corpora/sre/SwitchBoard2/Phase2/DVD5/swb2_5/sw_24451A.sph 3466
/corpora/sre/SwitchBoard2/Phase2/DVD2/swb2_2/sw_24557A.sph 3466
/corpora/sre/SwitchBoard2/Phase2/DVD2/swb2_2/sw_20309A.sph 3476
/corpora/sre/SwitchBoard2/Phase2/DVD2/swb2_2/sw_20405A.sph 3476
/corpora/sre/SwitchBoard2/Phase2/DVD1/swb2_1/sw_20519A.sph 3476
/corpora/sre/SwitchBoard2/Phase2/DVD2/swb2_2/sw_20661B.sph 3476
/corpora/sre/SwitchBoard2/Phase2/DVD1/swb2_1/sw_20778A.sph 3476
/corpora/sre/SwitchBoard2/Phase2/DVD2/swb2_2/sw_20838B.sph 3476
/corpora/sre/SwitchBoard2/Phase2/DVD5/swb2_5/sw_21508B.sph 3476
/corpora/sre/SwitchBoard2/Phase2/DVD5/swb2_5/sw_21664B.sph 3476
/corpora/sre/SwitchBoard2/Phase2/DVD5/swb2_5/sw_21809B.sph 3476
/corpora/sre/SwitchBoard2/Phase2/DVD3/swb2_3/sw_22087A.sph 3476
/corpora/sre/SwitchBoard2/Phase2/DVD2/swb2_2/sw_22363B.sph 3476
/corpora/sre/SwitchBoard2/Phase2/DVD5/swb2_5/sw_22498A.sph 3476
/corpora/sre/SwitchBoard2/Phase2/DVD4/swb2_4/sw_22912A.sph 3476
/corpora/sre/SwitchBoard2/Phase2/DVD5/swb2_5/sw_23035A.sph 3476
/corpora/sre/SwitchBoard2/Phase2/DVD2/swb2_2/sw_23170A.sph 3476
/corpora/sre/SwitchBoard2/Phase2/DVD4/swb2_4/sw_23859A.sph 3476
/corpora/sre/SwitchBoard2/Phase2/DVD4/swb2_4/sw_24309B.sph 3476
/corpora/sre/SwitchBoard2/Phase2/DVD1/swb2_1/sw_20241B.sph 3494
/corpora/sre/SwitchBoard2/Phase2/DVD1/swb2_1/sw_20412A.sph 3494
/corpora/sre/SwitchBoard2/Phase2/DVD2/swb2_2/sw_20487B.sph 3494
/corpora/sre/SwitchBoard2/Phase2/DVD2/swb2_2/sw_20413A.sph 3503
/corpora/sre/SwitchBoard2/Phase2/DVD1/swb2_1/sw_20526A.sph 3503
/corpora/sre/SwitchBoard2/Phase2/DVD2/swb2_2/sw_20554B.sph 3503
/corpora/sre/SwitchBoard2/Phase2/DVD2/swb2_2/sw_20661A.sph 3503
/corpora/sre/SwitchBoard2/Phase2/DVD2/swb2_2/sw_20781A.sph 3503
/corpora/sre/SwitchBoard2/Phase2/DVD1/swb2_1/sw_20899B.sph 3503
/corpora/sre/SwitchBoard2/Phase2/DVD1/swb2_1/sw_21087A.sph 3503
/corpora/sre/SwitchBoard2/Phase2/DVD2/swb2_2/sw_21215A.sph 3503
/corpora/sre/SwitchBoard2/Phase2/DVD1/swb2_1/sw_21354A.sph 3503
/corpora/sre/SwitchBoard2/Phase2/DVD5/swb2_5/sw_21507A.sph 3503
/corpora/sre/SwitchBoard2/Phase2/DVD2/swb2_2/sw_21437B.sph 3503
/corpora/sre/SwitchBoard2/Phase2/DVD3/swb2_3/sw_21641A.sph 3503
/corpora/sre/SwitchBoard2/Phase2/DVD2/swb2_2/sw_21744A.sph 3503
/corpora/sre/SwitchBoard2/Phase2/DVD3/swb2_3/sw_21706B.sph 3503
/corpora/sre/SwitchBoard2/Phase2/DVD4/swb2_4/sw_21835A.sph 3503
/corpora/sre/SwitchBoard2/Phase2/DVD2/swb2_2/sw_21863B.sph 3503
/corpora/sre/SwitchBoard2/Phase2/DVD4/swb2_4/sw_21968A.sph 3503
/corpora/sre/SwitchBoard2/Phase2/DVD4/swb2_4/sw_22090A.sph 3503
/corpora/sre/SwitchBoard2/Phase2/DVD5/swb2_5/sw_22228A.sph 3503
/corpora/sre/SwitchBoard2/Phase2/DVD3/swb2_3/sw_22362A.sph 3503
/corpora/sre/SwitchBoard2/Phase2/DVD2/swb2_2/sw_22583B.sph 3503
/corpora/sre/SwitchBoard2/Phase2/DVD3/swb2_3/sw_22676A.sph 3503
/corpora/sre/SwitchBoard2/Phase2/DVD5/swb2_5/sw_22790A.sph 3503
/corpora/sre/SwitchBoard2/Phase2/DVD3/swb2_3/sw_22915A.sph 3503
/corpora/sre/SwitchBoard2/Phase2/DVD3/swb2_3/sw_23039A.sph 3503
/corpora/sre/SwitchBoard2/Phase2/DVD3/swb2_3/sw_23296A.sph 3503
/corpora/sre/SwitchBoard2/Phase2/DVD4/swb2_4/sw_23361B.sph 3503
/corpora/sre/SwitchBoard2/Phase2/DVD4/swb2_4/sw_23476A.sph 3503
/corpora/sre/SwitchBoard2/Phase2/DVD5/swb2_5/sw_23592A.sph 3503
/corpora/sre/SwitchBoard2/Phase2/DVD4/swb2_4/sw_23952A.sph 3503
/corpora/sre/SwitchBoard2/Phase2/DVD4/swb2_4/sw_24027B.sph 3503
/corpora/sre/SwitchBoard2/Phase2/DVD2/swb2_2/sw_24054A.sph 3503
/corpora/sre/SwitchBoard2/Phase2/DVD3/swb2_3/sw_24271A.sph 3503
/corpora/sre/SwitchBoard2/Phase2/DVD4/swb2_4/sw_24329A.sph 3503
/corpora/sre/SwitchBoard2/Phase2/DVD4/swb2_4/sw_24371A.sph 3503
/corpora/sre/SwitchBoard2/Phase2/DVD2/swb2_2/sw_24512A.sph 3503
/corpora/sre/SwitchBoard2/Phase2/DVD5/swb2_5/sw_24558A.sph 3503
/corpora/sre/SwitchBoard2/Phase2/DVD2/swb2_2/sw_20586B.sph 3508
/corpora/sre/SwitchBoard2/Phase2/DVD2/swb2_2/sw_20720B.sph 3508
/corpora/sre/SwitchBoard2/Phase2/DVD1/swb2_1/sw_21102B.sph 3508
/corpora/sre/SwitchBoard2/Phase2/DVD1/swb2_1/sw_21217A.sph 3508
/corpora/sre/SwitchBoard2/Phase2/DVD5/swb2_5/sw_21444B.sph 3508
/corpora/sre/SwitchBoard2/Phase2/DVD4/swb2_4/sw_21969A.sph 3508
/corpora/sre/SwitchBoard2/Phase2/DVD4/swb2_4/sw_22229A.sph 3508
/corpora/sre/SwitchBoard2/Phase2/DVD5/swb2_5/sw_22420B.sph 3508
/corpora/sre/SwitchBoard2/Phase2/DVD5/swb2_5/sw_22502A.sph 3508
/corpora/sre/SwitchBoard2/Phase2/DVD5/swb2_5/sw_22792A.sph 3508
/corpora/sre/SwitchBoard2/Phase2/DVD3/swb2_3/sw_23176A.sph 3508
/corpora/sre/SwitchBoard2/Phase2/DVD5/swb2_5/sw_23391A.sph 3508
/corpora/sre/SwitchBoard2/Phase2/DVD4/swb2_4/sw_23477A.sph 3508
/corpora/sre/SwitchBoard2/Phase2/DVD5/swb2_5/sw_23593A.sph 3508
/corpora/sre/SwitchBoard2/Phase2/DVD5/swb2_5/sw_24143B.sph 3508
/corpora/sre/SwitchBoard2/Phase2/DVD1/swb2_1/sw_20189A.sph 3511
/corpora/sre/SwitchBoard2/Phase2/DVD2/swb2_2/sw_20401B.sph 3511
/corpora/sre/SwitchBoard2/Phase2/DVD1/swb2_1/sw_20529A.sph 3511
/corpora/sre/SwitchBoard2/Phase2/DVD2/swb2_2/sw_20645B.sph 3511
/corpora/sre/SwitchBoard2/Phase2/DVD1/swb2_1/sw_20875A.sph 3511
/corpora/sre/SwitchBoard2/Phase2/DVD1/swb2_1/sw_21090A.sph 3511
/corpora/sre/SwitchBoard2/Phase2/DVD5/swb2_5/sw_21500B.sph 3511
/corpora/sre/SwitchBoard2/Phase2/DVD4/swb2_4/sw_21753B.sph 3511
/corpora/sre/SwitchBoard2/Phase2/DVD5/swb2_5/sw_21953B.sph 3511
/corpora/sre/SwitchBoard2/Phase2/DVD4/swb2_4/sw_22390B.sph 3511
/corpora/sre/SwitchBoard2/Phase2/DVD4/swb2_4/sw_22793A.sph 3511
/corpora/sre/SwitchBoard2/Phase2/DVD3/swb2_3/sw_23163B.sph 3511
/corpora/sre/SwitchBoard2/Phase2/DVD4/swb2_4/sw_23613B.sph 3511
/corpora/sre/SwitchBoard2/Phase2/DVD4/swb2_4/sw_24197A.sph 3511
/corpora/sre/SwitchBoard2/Phase2/DVD2/swb2_2/sw_20641B.sph 3524
/corpora/sre/SwitchBoard2/Phase2/DVD2/swb2_2/sw_21543B.sph 3524
/corpora/sre/SwitchBoard2/Phase2/DVD6/swb2_6/sw_22359B.sph 3524
/corpora/sre/SwitchBoard2/Phase2/DVD4/swb2_4/sw_23864B.sph 3524
/corpora/sre/SwitchBoard2/Phase2/DVD4/swb2_4/sw_24284B.sph 3524
/corpora/sre/SwitchBoard2/Phase2/DVD5/swb2_5/sw_24330A.sph 3524
/corpora/sre/SwitchBoard2/Phase2/DVD1/swb2_1/sw_20169B.sph 3548
/corpora/sre/SwitchBoard2/Phase2/DVD1/swb2_1/sw_20215B.sph 3548
/corpora/sre/SwitchBoard2/Phase2/DVD1/swb2_1/sw_20321A.sph 3548
/corpora/sre/SwitchBoard2/Phase2/DVD2/swb2_2/sw_20843B.sph 3548
/corpora/sre/SwitchBoard2/Phase2/DVD2/swb2_2/sw_21858B.sph 3548
/corpora/sre/SwitchBoard2/Phase2/DVD2/swb2_2/sw_22620B.sph 3548
/corpora/sre/SwitchBoard2/Phase2/DVD4/swb2_4/sw_23796B.sph 3548
/corpora/sre/SwitchBoard2/Phase2/DVD3/swb2_3/sw_23955A.sph 3548
/corpora/sre/SwitchBoard2/Phase2/DVD6/swb2_6/sw_23930B.sph 3548
/corpora/sre/SwitchBoard2/Phase2/DVD4/swb2_4/sw_23998A.sph 3548
/corpora/sre/SwitchBoard2/Phase2/DVD4/swb2_4/sw_24012B.sph 3548
/corpora/sre/SwitchBoard2/Phase2/DVD4/swb2_4/sw_24059A.sph 3548
/corpora/sre/SwitchBoard2/Phase2/DVD3/swb2_3/sw_24202A.sph 3548
/corpora/sre/SwitchBoard2/Phase2/DVD2/swb2_2/sw_24274A.sph 3548
/corpora/sre/SwitchBoard2/Phase2/DVD1/swb2_1/sw_20283B.sph 3555
/corpora/sre/SwitchBoard2/Phase2/DVD2/swb2_2/sw_20536A.sph 3555
/corpora/sre/SwitchBoard2/Phase2/DVD2/swb2_2/sw_20700B.sph 3555
/corpora/sre/SwitchBoard2/Phase2/DVD5/swb2_5/sw_20977B.sph 3555
/corpora/sre/SwitchBoard2/Phase2/DVD4/swb2_4/sw_22367A.sph 3555
/corpora/sre/SwitchBoard2/Phase2/DVD4/swb2_4/sw_23646B.sph 3555
/corpora/sre/SwitchBoard2/Phase2/DVD3/swb2_3/sw_23872B.sph 3555
/corpora/sre/SwitchBoard2/Phase2/DVD2/swb2_2/sw_20310B.sph 3580
/corpora/sre/SwitchBoard2/Phase2/DVD2/swb2_2/sw_20516B.sph 3580
/corpora/sre/SwitchBoard2/Phase2/DVD4/swb2_4/sw_22167B.sph 3580
/corpora/sre/SwitchBoard2/Phase2/DVD3/swb2_3/sw_23791B.sph 3580
/corpora/sre/SwitchBoard2/Phase2/DVD3/swb2_3/sw_24472B.sph 3580
/corpora/sre/SwitchBoard2/Phase2/DVD1/swb2_1/sw_20182B.sph 3587
/corpora/sre/SwitchBoard2/Phase2/DVD2/swb2_2/sw_21041B.sph 3587
/corpora/sre/SwitchBoard2/Phase2/DVD3/swb2_3/sw_21619B.sph 3587
/corpora/sre/SwitchBoard2/Phase2/DVD5/swb2_5/sw_22956B.sph 3587
/corpora/sre/SwitchBoard2/Phase2/DVD4/swb2_4/sw_23023B.sph 3587
/corpora/sre/SwitchBoard2/Phase2/DVD3/swb2_3/sw_23159B.sph 3587
/corpora/sre/SwitchBoard2/Phase2/DVD3/swb2_3/sw_23635B.sph 3587
/corpora/sre/SwitchBoard2/Phase2/DVD5/swb2_5/sw_23725A.sph 3587
/corpora/sre/SwitchBoard2/Phase2/DVD4/swb2_4/sw_23909B.sph 3587
/corpora/sre/SwitchBoard2/Phase2/DVD2/swb2_2/sw_24374A.sph 3587
/corpora/sre/SwitchBoard2/Phase2/DVD1/swb2_1/sw_20154A.sph 3591
/corpora/sre/SwitchBoard2/Phase2/DVD1/swb2_1/sw_20157B.sph 3591
/corpora/sre/SwitchBoard2/Phase2/DVD2/swb2_2/sw_20231A.sph 3591
/corpora/sre/SwitchBoard2/Phase2/DVD1/swb2_1/sw_20386B.sph 3591
/corpora/sre/SwitchBoard2/Phase2/DVD1/swb2_1/sw_20544A.sph 3591
/corpora/sre/SwitchBoard2/Phase2/DVD1/swb2_1/sw_20680A.sph 3591
/corpora/sre/SwitchBoard2/Phase2/DVD1/swb2_1/sw_20791A.sph 3591
/corpora/sre/SwitchBoard2/Phase2/DVD1/swb2_1/sw_20854B.sph 3591
/corpora/sre/SwitchBoard2/Phase2/DVD2/swb2_2/sw_21104A.sph 3591
/corpora/sre/SwitchBoard2/Phase2/DVD4/swb2_4/sw_21520A.sph 3591
/corpora/sre/SwitchBoard2/Phase2/DVD2/swb2_2/sw_21758B.sph 3591
/corpora/sre/SwitchBoard2/Phase2/DVD3/swb2_3/sw_21843A.sph 3591
/corpora/sre/SwitchBoard2/Phase2/DVD5/swb2_5/sw_21814B.sph 3591
/corpora/sre/SwitchBoard2/Phase2/DVD5/swb2_5/sw_21979A.sph 3591
/corpora/sre/SwitchBoard2/Phase2/DVD4/swb2_4/sw_22098A.sph 3591
/corpora/sre/SwitchBoard2/Phase2/DVD3/swb2_3/sw_22237A.sph 3591
/corpora/sre/SwitchBoard2/Phase2/DVD5/swb2_5/sw_22370A.sph 3591
/corpora/sre/SwitchBoard2/Phase2/DVD4/swb2_4/sw_22510A.sph 3591
/corpora/sre/SwitchBoard2/Phase2/DVD3/swb2_3/sw_22607A.sph 3591
/corpora/sre/SwitchBoard2/Phase2/DVD4/swb2_4/sw_22656B.sph 3591
/corpora/sre/SwitchBoard2/Phase2/DVD5/swb2_5/sw_22803A.sph 3591
/corpora/sre/SwitchBoard2/Phase2/DVD6/swb2_6/sw_22922A.sph 3591
/corpora/sre/SwitchBoard2/Phase2/DVD3/swb2_3/sw_23050A.sph 3591
/corpora/sre/SwitchBoard2/Phase2/DVD3/swb2_3/sw_23182A.sph 3591
/corpora/sre/SwitchBoard2/Phase2/DVD3/swb2_3/sw_23301A.sph 3591
/corpora/sre/SwitchBoard2/Phase2/DVD4/swb2_4/sw_23407B.sph 3591
/corpora/sre/SwitchBoard2/Phase2/DVD3/swb2_3/sw_23484A.sph 3591
/corpora/sre/SwitchBoard2/Phase2/DVD2/swb2_2/sw_23604A.sph 3591
/corpora/sre/SwitchBoard2/Phase2/DVD5/swb2_5/sw_23726A.sph 3591
/corpora/sre/SwitchBoard2/Phase2/DVD2/swb2_2/sw_23957A.sph 3591
/corpora/sre/SwitchBoard2/Phase2/DVD4/swb2_4/sw_24279A.sph 3591
/corpora/sre/SwitchBoard2/Phase2/DVD5/swb2_5/sw_24376A.sph 3591
/corpora/sre/SwitchBoard2/Phase2/DVD2/swb2_2/sw_20226B.sph 3596
/corpora/sre/SwitchBoard2/Phase2/DVD2/swb2_2/sw_20595B.sph 3596
/corpora/sre/SwitchBoard2/Phase2/DVD2/swb2_2/sw_21148B.sph 3596
/corpora/sre/SwitchBoard2/Phase2/DVD1/swb2_1/sw_21278B.sph 3596
/corpora/sre/SwitchBoard2/Phase2/DVD4/swb2_4/sw_21935B.sph 3596
/corpora/sre/SwitchBoard2/Phase2/DVD4/swb2_4/sw_22097B.sph 3596
/corpora/sre/SwitchBoard2/Phase2/DVD5/swb2_5/sw_22723B.sph 3596
/corpora/sre/SwitchBoard2/Phase2/DVD5/swb2_5/sw_22804A.sph 3596
/corpora/sre/SwitchBoard2/Phase2/DVD2/swb2_2/sw_23485A.sph 3596
/corpora/sre/SwitchBoard2/Phase2/DVD1/swb2_1/sw_20517B.sph 3604
/corpora/sre/SwitchBoard2/Phase2/DVD1/swb2_1/sw_20629B.sph 3604
/corpora/sre/SwitchBoard2/Phase2/DVD1/swb2_1/sw_20751B.sph 3604
/corpora/sre/SwitchBoard2/Phase2/DVD2/swb2_2/sw_20906B.sph 3604
/corpora/sre/SwitchBoard2/Phase2/DVD1/swb2_1/sw_20937B.sph 3604
/corpora/sre/SwitchBoard2/Phase2/DVD1/swb2_1/sw_21055B.sph 3604
/corpora/sre/SwitchBoard2/Phase2/DVD3/swb2_3/sw_21523A.sph 3604
/corpora/sre/SwitchBoard2/Phase2/DVD5/swb2_5/sw_21576B.sph 3604
/corpora/sre/SwitchBoard2/Phase2/DVD3/swb2_3/sw_21762B.sph 3604
/corpora/sre/SwitchBoard2/Phase2/DVD3/swb2_3/sw_21869B.sph 3604
/corpora/sre/SwitchBoard2/Phase2/DVD2/swb2_2/sw_23486A.sph 3604
/corpora/sre/SwitchBoard2/Phase2/DVD1/swb2_1/sw_20348B.sph 3607
/corpora/sre/SwitchBoard2/Phase2/DVD2/swb2_2/sw_20548A.sph 3607
/corpora/sre/SwitchBoard2/Phase2/DVD2/swb2_2/sw_20639B.sph 3607
/corpora/sre/SwitchBoard2/Phase2/DVD1/swb2_1/sw_21106A.sph 3607
/corpora/sre/SwitchBoard2/Phase2/DVD2/swb2_2/sw_21261B.sph 3607
/corpora/sre/SwitchBoard2/Phase2/DVD4/swb2_4/sw_21428B.sph 3607
/corpora/sre/SwitchBoard2/Phase2/DVD5/swb2_5/sw_21651B.sph 3607
/corpora/sre/SwitchBoard2/Phase2/DVD5/swb2_5/sw_21713B.sph 3607
/corpora/sre/SwitchBoard2/Phase2/DVD4/swb2_4/sw_21840B.sph 3607
/corpora/sre/SwitchBoard2/Phase2/DVD5/swb2_5/sw_22101A.sph 3607
/corpora/sre/SwitchBoard2/Phase2/DVD4/swb2_4/sw_22240A.sph 3607
/corpora/sre/SwitchBoard2/Phase2/DVD4/swb2_4/sw_22372A.sph 3607
/corpora/sre/SwitchBoard2/Phase2/DVD3/swb2_3/sw_22512A.sph 3607
/corpora/sre/SwitchBoard2/Phase2/DVD5/swb2_5/sw_22685A.sph 3607
/corpora/sre/SwitchBoard2/Phase2/DVD4/swb2_4/sw_22806A.sph 3607
/corpora/sre/SwitchBoard2/Phase2/DVD4/swb2_4/sw_23069B.sph 3607
/corpora/sre/SwitchBoard2/Phase2/DVD5/swb2_5/sw_23304A.sph 3607
/corpora/sre/SwitchBoard2/Phase2/DVD5/swb2_5/sw_23607A.sph 3607
/corpora/sre/SwitchBoard2/Phase2/DVD4/swb2_4/sw_23897A.sph 3607
/corpora/sre/SwitchBoard2/Phase2/DVD2/swb2_2/sw_24003A.sph 3607
/corpora/sre/SwitchBoard2/Phase2/DVD4/swb2_4/sw_24064A.sph 3607
/corpora/sre/SwitchBoard2/Phase2/DVD4/swb2_4/sw_24208A.sph 3607
/corpora/sre/SwitchBoard2/Phase2/DVD1/swb2_1/sw_21262B.sph 3632
/corpora/sre/SwitchBoard2/Phase2/DVD2/swb2_2/sw_21273B.sph 3632
/corpora/sre/SwitchBoard2/Phase2/DVD4/swb2_4/sw_21528A.sph 3632
/corpora/sre/SwitchBoard2/Phase2/DVD4/swb2_4/sw_21621B.sph 3632
/corpora/sre/SwitchBoard2/Phase2/DVD4/swb2_4/sw_21753A.sph 3632
/corpora/sre/SwitchBoard2/Phase2/DVD6/swb2_6/sw_21859B.sph 3632
/corpora/sre/SwitchBoard2/Phase2/DVD4/swb2_4/sw_21987A.sph 3632
/corpora/sre/SwitchBoard2/Phase2/DVD5/swb2_5/sw_21929B.sph 3632
/corpora/sre/SwitchBoard2/Phase2/DVD5/swb2_5/sw_22109A.sph 3632
/corpora/sre/SwitchBoard2/Phase2/DVD2/swb2_2/sw_22244A.sph 3632
/corpora/sre/SwitchBoard2/Phase2/DVD5/swb2_5/sw_22379A.sph 3632
/corpora/sre/SwitchBoard2/Phase2/DVD4/swb2_4/sw_22518A.sph 3632
/corpora/sre/SwitchBoard2/Phase2/DVD4/swb2_4/sw_22610A.sph 3632
/corpora/sre/SwitchBoard2/Phase2/DVD4/swb2_4/sw_22568B.sph 3632
/corpora/sre/SwitchBoard2/Phase2/DVD4/swb2_4/sw_22688A.sph 3632
/corpora/sre/SwitchBoard2/Phase2/DVD4/swb2_4/sw_22812A.sph 3632
/corpora/sre/SwitchBoard2/Phase2/DVD3/swb2_3/sw_22758B.sph 3632
/corpora/sre/SwitchBoard2/Phase2/DVD3/swb2_3/sw_22927A.sph 3632
/corpora/sre/SwitchBoard2/Phase2/DVD4/swb2_4/sw_23056A.sph 3632
/corpora/sre/SwitchBoard2/Phase2/DVD4/swb2_4/sw_23189A.sph 3632
/corpora/sre/SwitchBoard2/Phase2/DVD3/swb2_3/sw_23226B.sph 3632
/corpora/sre/SwitchBoard2/Phase2/DVD3/swb2_3/sw_23308A.sph 3632
/corpora/sre/SwitchBoard2/Phase2/DVD2/swb2_2/sw_23490A.sph 3632
/corpora/sre/SwitchBoard2/Phase2/DVD5/swb2_5/sw_23610A.sph 3632
/corpora/sre/SwitchBoard2/Phase2/DVD4/swb2_4/sw_23732A.sph 3632
/corpora/sre/SwitchBoard2/Phase2/DVD1/swb2_1/sw_21111A.sph 3705
/corpora/sre/SwitchBoard2/Phase2/DVD2/swb2_2/sw_21381A.sph 3705
/corpora/sre/SwitchBoard2/Phase2/DVD4/swb2_4/sw_21534A.sph 3705
/corpora/sre/SwitchBoard2/Phase2/DVD5/swb2_5/sw_22868B.sph 3705
/corpora/sre/SwitchBoard2/Phase2/DVD4/swb2_4/sw_23187B.sph 3705
/corpora/sre/SwitchBoard2/Phase2/DVD3/swb2_3/sw_23396B.sph 3705
/corpora/sre/SwitchBoard2/Phase2/DVD3/swb2_3/sw_23447B.sph 3705
/corpora/sre/SwitchBoard2/Phase2/DVD3/swb2_3/sw_23617B.sph 3705
/corpora/sre/SwitchBoard2/Phase2/DVD2/swb2_2/sw_24036B.sph 3705
/corpora/sre/SwitchBoard2/Phase2/DVD3/swb2_3/sw_24117B.sph 3705
/corpora/sre/SwitchBoard2/Phase2/DVD3/swb2_3/sw_24249B.sph 3705
/corpora/sre/SwitchBoard2/Phase2/DVD1/swb2_1/sw_21114A.sph 3713
/corpora/sre/SwitchBoard2/Phase2/DVD2/swb2_2/sw_21235A.sph 3713
/corpora/sre/SwitchBoard2/Phase2/DVD5/swb2_5/sw_21990A.sph 3713
/corpora/sre/SwitchBoard2/Phase2/DVD3/swb2_3/sw_22929A.sph 3713
/corpora/sre/SwitchBoard2/Phase2/DVD4/swb2_4/sw_22876B.sph 3713
/corpora/sre/SwitchBoard2/Phase2/DVD4/swb2_4/sw_23061A.sph 3713
/corpora/sre/SwitchBoard2/Phase2/DVD3/swb2_3/sw_22978B.sph 3713
/corpora/sre/SwitchBoard2/Phase2/DVD4/swb2_4/sw_23193A.sph 3713
/corpora/sre/SwitchBoard2/Phase2/DVD4/swb2_4/sw_23312A.sph 3713
/corpora/sre/SwitchBoard2/Phase2/DVD3/swb2_3/sw_23464B.sph 3713
/corpora/sre/SwitchBoard2/Phase2/DVD4/swb2_4/sw_23613A.sph 3713
/corpora/sre/SwitchBoard2/Phase2/DVD5/swb2_5/sw_23580B.sph 3713
/corpora/sre/SwitchBoard2/Phase2/DVD3/swb2_3/sw_23736A.sph 3713
/corpora/sre/SwitchBoard2/Phase2/DVD2/swb2_2/sw_23755B.sph 3713
/corpora/sre/SwitchBoard2/Phase2/DVD5/swb2_5/sw_23811A.sph 3713
/corpora/sre/SwitchBoard2/Phase2/DVD4/swb2_4/sw_24008A.sph 3713
/corpora/sre/SwitchBoard2/Phase2/DVD2/swb2_2/sw_24004B.sph 3713
/corpora/sre/SwitchBoard2/Phase2/DVD3/swb2_3/sw_24071A.sph 3713
/corpora/sre/SwitchBoard2/Phase2/DVD3/swb2_3/sw_24067B.sph 3713
/corpora/sre/SwitchBoard2/Phase2/DVD5/swb2_5/sw_24407B.sph 3713
/corpora/sre/SwitchBoard2/Phase2/DVD1/swb2_1/sw_20479B.sph 3718
/corpora/sre/SwitchBoard2/Phase2/DVD2/swb2_2/sw_20694A.sph 3718
/corpora/sre/SwitchBoard2/Phase2/DVD2/swb2_2/sw_20802A.sph 3718
/corpora/sre/SwitchBoard2/Phase2/DVD1/swb2_1/sw_20892A.sph 3718
/corpora/sre/SwitchBoard2/Phase2/DVD2/swb2_2/sw_21115A.sph 3718
/corpora/sre/SwitchBoard2/Phase2/DVD2/swb2_2/sw_21244B.sph 3718
/corpora/sre/SwitchBoard2/Phase2/DVD2/swb2_2/sw_21384A.sph 3718
/corpora/sre/SwitchBoard2/Phase2/DVD2/swb2_2/sw_21368B.sph 3718
/corpora/sre/SwitchBoard2/Phase2/DVD5/swb2_5/sw_21659A.sph 3718
/corpora/sre/SwitchBoard2/Phase2/DVD3/swb2_3/sw_21856A.sph 3718
/corpora/sre/SwitchBoard2/Phase2/DVD3/swb2_3/sw_22023B.sph 3718
/corpora/sre/SwitchBoard2/Phase2/DVD5/swb2_5/sw_22045B.sph 3718
/corpora/sre/SwitchBoard2/Phase2/DVD2/swb2_2/sw_22482B.sph 3718
/corpora/sre/SwitchBoard2/Phase2/DVD4/swb2_4/sw_22593B.sph 3718
/corpora/sre/SwitchBoard2/Phase2/DVD2/swb2_2/sw_22816A.sph 3718
/corpora/sre/SwitchBoard2/Phase2/DVD5/swb2_5/sw_23368B.sph 3718
/corpora/sre/SwitchBoard2/Phase2/DVD1/swb2_1/sw_20560A.sph 3725
/corpora/sre/SwitchBoard2/Phase2/DVD1/swb2_1/sw_20696A.sph 3725
/corpora/sre/SwitchBoard2/Phase2/DVD3/swb2_3/sw_20987A.sph 3725
/corpora/sre/SwitchBoard2/Phase2/DVD1/swb2_1/sw_21237A.sph 3725
/corpora/sre/SwitchBoard2/Phase2/DVD1/swb2_1/sw_21387A.sph 3725
/corpora/sre/SwitchBoard2/Phase2/DVD3/swb2_3/sw_21660A.sph 3725
/corpora/sre/SwitchBoard2/Phase2/DVD2/swb2_2/sw_21858A.sph 3725
/corpora/sre/SwitchBoard2/Phase2/DVD4/swb2_4/sw_22931A.sph 3725
/corpora/sre/SwitchBoard2/Phase2/DVD3/swb2_3/sw_23095B.sph 3725
/corpora/sre/SwitchBoard2/Phase2/DVD3/swb2_3/sw_23183B.sph 3725
/corpora/sre/SwitchBoard2/Phase2/DVD2/swb2_2/sw_23302B.sph 3725
/corpora/sre/SwitchBoard2/Phase2/DVD3/swb2_3/sw_23653B.sph 3725
/corpora/sre/SwitchBoard2/Phase2/DVD3/swb2_3/sw_23840B.sph 3725
/corpora/sre/SwitchBoard2/Phase2/DVD5/swb2_5/sw_24055B.sph 3725
/corpora/sre/SwitchBoard2/Phase2/DVD3/swb2_3/sw_24135A.sph 3725
/corpora/sre/SwitchBoard2/Phase2/DVD4/swb2_4/sw_24282B.sph 3725
/corpora/sre/SwitchBoard2/Phase2/DVD3/swb2_3/sw_24440B.sph 3725
/corpora/sre/SwitchBoard2/Phase2/DVD2/swb2_2/sw_20697A.sph 3737
/corpora/sre/SwitchBoard2/Phase2/DVD2/swb2_2/sw_20806A.sph 3737
/corpora/sre/SwitchBoard2/Phase2/DVD5/swb2_5/sw_20989A.sph 3737
/corpora/sre/SwitchBoard2/Phase2/DVD2/swb2_2/sw_21120A.sph 3737
/corpora/sre/SwitchBoard2/Phase2/DVD2/swb2_2/sw_21069B.sph 3737
/corpora/sre/SwitchBoard2/Phase2/DVD1/swb2_1/sw_21217B.sph 3737
/corpora/sre/SwitchBoard2/Phase2/DVD1/swb2_1/sw_21392A.sph 3737
/corpora/sre/SwitchBoard2/Phase2/DVD2/swb2_2/sw_21538A.sph 3737
/corpora/sre/SwitchBoard2/Phase2/DVD4/swb2_4/sw_21565B.sph 3737
/corpora/sre/SwitchBoard2/Phase2/DVD3/swb2_3/sw_21760A.sph 3737
/corpora/sre/SwitchBoard2/Phase2/DVD2/swb2_2/sw_21831B.sph 3737
/corpora/sre/SwitchBoard2/Phase2/DVD3/swb2_3/sw_21995A.sph 3737
/corpora/sre/SwitchBoard2/Phase2/DVD2/swb2_2/sw_22130B.sph 3737
/corpora/sre/SwitchBoard2/Phase2/DVD5/swb2_5/sw_22252A.sph 3737
/corpora/sre/SwitchBoard2/Phase2/DVD5/swb2_5/sw_22383A.sph 3737
/corpora/sre/SwitchBoard2/Phase2/DVD4/swb2_4/sw_22523A.sph 3737
/corpora/sre/SwitchBoard2/Phase2/DVD3/swb2_3/sw_22613A.sph 3737
/corpora/sre/SwitchBoard2/Phase2/DVD4/swb2_4/sw_22660B.sph 3737
/corpora/sre/SwitchBoard2/Phase2/DVD3/swb2_3/sw_22933A.sph 3737
/corpora/sre/SwitchBoard2/Phase2/DVD3/swb2_3/sw_23063A.sph 3737
/corpora/sre/SwitchBoard2/Phase2/DVD3/swb2_3/sw_23401A.sph 3737
/corpora/sre/SwitchBoard2/Phase2/DVD3/swb2_3/sw_23617A.sph 3737
/corpora/sre/SwitchBoard2/Phase2/DVD5/swb2_5/sw_23739A.sph 3737
/corpora/sre/SwitchBoard2/Phase2/DVD5/swb2_5/sw_23900A.sph 3737
/corpora/sre/SwitchBoard2/Phase2/DVD5/swb2_5/sw_24023B.sph 3737
/corpora/sre/SwitchBoard2/Phase2/DVD4/swb2_4/sw_24133B.sph 3737
/corpora/sre/SwitchBoard2/Phase2/DVD2/swb2_2/sw_24287A.sph 3737
/corpora/sre/SwitchBoard2/Phase2/DVD1/swb2_1/sw_20895A.sph 3738
/corpora/sre/SwitchBoard2/Phase2/DVD2/swb2_2/sw_21393A.sph 3738
/corpora/sre/SwitchBoard2/Phase2/DVD4/swb2_4/sw_23068B.sph 3738
/corpora/sre/SwitchBoard2/Phase2/DVD5/swb2_5/sw_23341B.sph 3738
/corpora/sre/SwitchBoard2/Phase2/DVD4/swb2_4/sw_23578B.sph 3738
/corpora/sre/SwitchBoard2/Phase2/DVD5/swb2_5/sw_23776B.sph 3738
/corpora/sre/SwitchBoard2/Phase2/DVD4/swb2_4/sw_24051B.sph 3738
/corpora/sre/SwitchBoard2/Phase2/DVD4/swb2_4/sw_24164B.sph 3738
/corpora/sre/SwitchBoard2/Phase2/DVD5/swb2_5/sw_24288A.sph 3738
/corpora/sre/SwitchBoard2/Phase2/DVD5/swb2_5/sw_24330B.sph 3738
/corpora/sre/SwitchBoard2/Phase2/DVD3/swb2_3/sw_24569A.sph 3738
/corpora/sre/SwitchBoard2/Phase2/DVD5/swb2_5/sw_24582A.sph 3738
/corpora/sre/SwitchBoard2/Phase2/DVD1/swb2_1/sw_20699A.sph 3742
/corpora/sre/SwitchBoard2/Phase2/DVD2/swb2_2/sw_20600B.sph 3742
/corpora/sre/SwitchBoard2/Phase2/DVD1/swb2_1/sw_20807A.sph 3742
/corpora/sre/SwitchBoard2/Phase2/DVD2/swb2_2/sw_21264B.sph 3742
/corpora/sre/SwitchBoard2/Phase2/DVD2/swb2_2/sw_21396A.sph 3742
/corpora/sre/SwitchBoard2/Phase2/DVD2/swb2_2/sw_21314B.sph 3742
/corpora/sre/SwitchBoard2/Phase2/DVD3/swb2_3/sw_21638B.sph 3742
/corpora/sre/SwitchBoard2/Phase2/DVD2/swb2_2/sw_21808B.sph 3742
/corpora/sre/SwitchBoard2/Phase2/DVD4/swb2_4/sw_22610B.sph 3742
/corpora/sre/SwitchBoard2/Phase2/DVD2/swb2_2/sw_20492B.sph 3754
/corpora/sre/SwitchBoard2/Phase2/DVD2/swb2_2/sw_20670B.sph 3754
/corpora/sre/SwitchBoard2/Phase2/DVD1/swb2_1/sw_20798B.sph 3754
/corpora/sre/SwitchBoard2/Phase2/DVD1/swb2_1/sw_21400A.sph 3754
/corpora/sre/SwitchBoard2/Phase2/DVD1/swb2_1/sw_21295B.sph 3754
/corpora/sre/SwitchBoard2/Phase2/DVD5/swb2_5/sw_21545A.sph 3754
/corpora/sre/SwitchBoard2/Phase2/DVD4/swb2_4/sw_21640B.sph 3754
/corpora/sre/SwitchBoard2/Phase2/DVD4/swb2_4/sw_21703B.sph 3754
/corpora/sre/SwitchBoard2/Phase2/DVD4/swb2_4/sw_21860B.sph 3754
/corpora/sre/SwitchBoard2/Phase2/DVD4/swb2_4/sw_22556B.sph 3754
/corpora/sre/SwitchBoard2/Phase2/DVD5/swb2_5/sw_23066A.sph 3754
/corpora/sre/SwitchBoard2/Phase2/DVD4/swb2_4/sw_23388B.sph 3754
/corpora/sre/SwitchBoard2/Phase2/DVD5/swb2_5/sw_24527A.sph 3754
/corpora/sre/SwitchBoard2/Phase2/DVD1/swb2_1/sw_21060B.sph 3761
/corpora/sre/SwitchBoard2/Phase2/DVD2/swb2_2/sw_21170B.sph 3761
/corpora/sre/SwitchBoard2/Phase2/DVD2/swb2_2/sw_21402A.sph 3761
/corpora/sre/SwitchBoard2/Phase2/DVD1/swb2_1/sw_21337B.sph 3761
/corpora/sre/SwitchBoard2/Phase2/DVD5/swb2_5/sw_21439B.sph 3761
/corpora/sre/SwitchBoard2/Phase2/DVD5/swb2_5/sw_21665A.sph 3761
/corpora/sre/SwitchBoard2/Phase2/DVD5/swb2_5/sw_22083B.sph 3761
/corpora/sre/SwitchBoard2/Phase2/DVD5/swb2_5/sw_22259B.sph 3761
/corpora/sre/SwitchBoard2/Phase2/DVD3/swb2_3/sw_22389A.sph 3761
/corpora/sre/SwitchBoard2/Phase2/DVD3/swb2_3/sw_22362B.sph 3761
/corpora/sre/SwitchBoard2/Phase2/DVD3/swb2_3/sw_22525A.sph 3761
/corpora/sre/SwitchBoard2/Phase2/DVD3/swb2_3/sw_23315A.sph 3761
/corpora/sre/SwitchBoard2/Phase2/DVD5/swb2_5/sw_23260B.sph 3761
/corpora/sre/SwitchBoard2/Phase2/DVD5/swb2_5/sw_23625A.sph 3761
/corpora/sre/SwitchBoard2/Phase2/DVD5/swb2_5/sw_24344A.sph 3761
/corpora/sre/SwitchBoard2/Phase2/DVD2/swb2_2/sw_22400B.sph 3765
/corpora/sre/SwitchBoard2/Phase2/DVD3/swb2_3/sw_23200A.sph 3765
/corpora/sre/SwitchBoard2/Phase2/DVD3/swb2_3/sw_23300B.sph 3765
/corpora/sre/SwitchBoard2/Phase2/DVD4/swb2_4/sw_23627A.sph 3765
/corpora/sre/SwitchBoard2/Phase2/DVD4/swb2_4/sw_23953B.sph 3765
/corpora/sre/SwitchBoard2/Phase2/DVD3/swb2_3/sw_24290A.sph 3765
/corpora/sre/SwitchBoard2/Phase2/DVD5/swb2_5/sw_24350B.sph 3765
/corpora/sre/SwitchBoard2/Phase2/DVD4/swb2_4/sw_24366B.sph 3765
/corpora/sre/SwitchBoard2/Phase2/DVD1/swb2_1/sw_20708A.sph 3774
/corpora/sre/SwitchBoard2/Phase2/DVD2/swb2_2/sw_20956B.sph 3774
/corpora/sre/SwitchBoard2/Phase2/DVD2/swb2_2/sw_21133A.sph 3774
/corpora/sre/SwitchBoard2/Phase2/DVD2/swb2_2/sw_21007B.sph 3774
/corpora/sre/SwitchBoard2/Phase2/DVD1/swb2_1/sw_21154B.sph 3774
/corpora/sre/SwitchBoard2/Phase2/DVD2/swb2_2/sw_21405A.sph 3774
/corpora/sre/SwitchBoard2/Phase2/DVD4/swb2_4/sw_21548A.sph 3774
/corpora/sre/SwitchBoard2/Phase2/DVD5/swb2_5/sw_21832B.sph 3774
/corpora/sre/SwitchBoard2/Phase2/DVD3/swb2_3/sw_22155B.sph 3774
/corpora/sre/SwitchBoard2/Phase2/DVD2/swb2_2/sw_22551B.sph 3774
/corpora/sre/SwitchBoard2/Phase2/DVD4/swb2_4/sw_22655B.sph 3774
/corpora/sre/SwitchBoard2/Phase2/DVD3/swb2_3/sw_23320A.sph 3774
/corpora/sre/SwitchBoard2/Phase2/DVD4/swb2_4/sw_23407A.sph 3774
/corpora/sre/SwitchBoard2/Phase2/DVD4/swb2_4/sw_23500A.sph 3774
/corpora/sre/SwitchBoard2/Phase2/DVD5/swb2_5/sw_23492B.sph 3774
/corpora/sre/SwitchBoard2/Phase2/DVD4/swb2_4/sw_23632A.sph 3774
/corpora/sre/SwitchBoard2/Phase2/DVD3/swb2_3/sw_23817A.sph 3774
/corpora/sre/SwitchBoard2/Phase2/DVD1/swb2_1/sw_21391B.sph 3819
/corpora/sre/SwitchBoard2/Phase2/DVD3/swb2_3/sw_21673A.sph 3819
/corpora/sre/SwitchBoard2/Phase2/DVD4/swb2_4/sw_21615B.sph 3819
/corpora/sre/SwitchBoard2/Phase2/DVD4/swb2_4/sw_21885B.sph 3819
/corpora/sre/SwitchBoard2/Phase2/DVD3/swb2_3/sw_22068B.sph 3819
/corpora/sre/SwitchBoard2/Phase2/DVD4/swb2_4/sw_22267A.sph 3819
/corpora/sre/SwitchBoard2/Phase2/DVD4/swb2_4/sw_22340B.sph 3819
/corpora/sre/SwitchBoard2/Phase2/DVD2/swb2_2/sw_22477B.sph 3819
/corpora/sre/SwitchBoard2/Phase2/DVD4/swb2_4/sw_22707A.sph 3819
/corpora/sre/SwitchBoard2/Phase2/DVD2/swb2_2/sw_22834A.sph 3819
/corpora/sre/SwitchBoard2/Phase2/DVD1/swb2_1/sw_21420A.sph 3822
/corpora/sre/SwitchBoard2/Phase2/DVD4/swb2_4/sw_21617B.sph 3822
/corpora/sre/SwitchBoard2/Phase2/DVD2/swb2_2/sw_21776A.sph 3822
/corpora/sre/SwitchBoard2/Phase2/DVD4/swb2_4/sw_21766B.sph 3822
/corpora/sre/SwitchBoard2/Phase2/DVD4/swb2_4/sw_21872A.sph 3822
/corpora/sre/SwitchBoard2/Phase2/DVD4/swb2_4/sw_22020A.sph 3822
/corpora/sre/SwitchBoard2/Phase2/DVD4/swb2_4/sw_22134A.sph 3822
/corpora/sre/SwitchBoard2/Phase2/DVD2/swb2_2/sw_22276B.sph 3822
/corpora/sre/SwitchBoard2/Phase2/DVD4/swb2_4/sw_22449B.sph 3822
/corpora/sre/SwitchBoard2/Phase2/DVD2/swb2_2/sw_22615B.sph 3822
/corpora/sre/SwitchBoard2/Phase2/DVD5/swb2_5/sw_22721B.sph 3822
/corpora/sre/SwitchBoard2/Phase2/DVD5/swb2_5/sw_22835A.sph 3822
/corpora/sre/SwitchBoard2/Phase2/DVD2/swb2_2/sw_22949A.sph 3822
/corpora/sre/SwitchBoard2/Phase2/DVD5/swb2_5/sw_23079A.sph 3822
/corpora/sre/SwitchBoard2/Phase2/DVD3/swb2_3/sw_23209A.sph 3822
/corpora/sre/SwitchBoard2/Phase2/DVD3/swb2_3/sw_23301B.sph 3822
/corpora/sre/SwitchBoard2/Phase2/DVD4/swb2_4/sw_23426B.sph 3822
/corpora/sre/SwitchBoard2/Phase2/DVD5/swb2_5/sw_23637A.sph 3822
/corpora/sre/SwitchBoard2/Phase2/DVD3/swb2_3/sw_23749A.sph 3822
/corpora/sre/SwitchBoard2/Phase2/DVD3/swb2_3/sw_23822A.sph 3822
/corpora/sre/SwitchBoard2/Phase2/DVD5/swb2_5/sw_24142A.sph 3822
/corpora/sre/SwitchBoard2/Phase2/DVD4/swb2_4/sw_24227A.sph 3822
/corpora/sre/SwitchBoard2/Phase2/DVD5/swb2_5/sw_24295A.sph 3822
/corpora/sre/SwitchBoard2/Phase2/DVD4/swb2_4/sw_24347A.sph 3822
/corpora/sre/SwitchBoard2/Phase2/DVD3/swb2_3/sw_24474A.sph 3822
/corpora/sre/SwitchBoard2/Phase2/DVD5/swb2_5/sw_24531A.sph 3822
/corpora/sre/SwitchBoard2/Phase2/DVD3/swb2_3/sw_24574A.sph 3822
/corpora/sre/SwitchBoard2/Phase2/DVD1/swb2_1/sw_21258A.sph 3825
/corpora/sre/SwitchBoard2/Phase2/DVD2/swb2_2/sw_21429B.sph 3825
/corpora/sre/SwitchBoard2/Phase2/DVD2/swb2_2/sw_21562A.sph 3825
/corpora/sre/SwitchBoard2/Phase2/DVD5/swb2_5/sw_21544B.sph 3825
/corpora/sre/SwitchBoard2/Phase2/DVD3/swb2_3/sw_21675A.sph 3825
/corpora/sre/SwitchBoard2/Phase2/DVD2/swb2_2/sw_21996B.sph 3825
/corpora/sre/SwitchBoard2/Phase2/DVD3/swb2_3/sw_22269A.sph 3825
/corpora/sre/SwitchBoard2/Phase2/DVD4/swb2_4/sw_22166B.sph 3825
/corpora/sre/SwitchBoard2/Phase2/DVD3/swb2_3/sw_22507B.sph 3825
/corpora/sre/SwitchBoard2/Phase2/DVD5/swb2_5/sw_22836A.sph 3825
/corpora/sre/SwitchBoard2/Phase2/DVD4/swb2_4/sw_22950A.sph 3825
/corpora/sre/SwitchBoard2/Phase2/DVD4/swb2_4/sw_23142B.sph 3825
/corpora/sre/SwitchBoard2/Phase2/DVD4/swb2_4/sw_23325A.sph 3825
/corpora/sre/SwitchBoard2/Phase2/DVD5/swb2_5/sw_23638A.sph 3825
/corpora/sre/SwitchBoard2/Phase2/DVD5/swb2_5/sw_23964A.sph 3825
/corpora/sre/SwitchBoard2/Phase2/DVD4/swb2_4/sw_24259B.sph 3825
/corpora/sre/SwitchBoard2/Phase2/DVD6/swb2_6/sw_24380A.sph 3825
/corpora/sre/SwitchBoard2/Phase2/DVD4/swb2_4/sw_21910B.sph 3835
/corpora/sre/SwitchBoard2/Phase2/DVD3/swb2_3/sw_22118B.sph 3835
/corpora/sre/SwitchBoard2/Phase2/DVD4/swb2_4/sw_22436B.sph 3835
/corpora/sre/SwitchBoard2/Phase2/DVD4/swb2_4/sw_22710A.sph 3835
/corpora/sre/SwitchBoard2/Phase2/DVD5/swb2_5/sw_23047B.sph 3835
/corpora/sre/SwitchBoard2/Phase2/DVD3/swb2_3/sw_23717B.sph 3835
/corpora/sre/SwitchBoard2/Phase2/DVD5/swb2_5/sw_21431A.sph 3848
/corpora/sre/SwitchBoard2/Phase2/DVD5/swb2_5/sw_21532B.sph 3848
/corpora/sre/SwitchBoard2/Phase2/DVD3/swb2_3/sw_21907B.sph 3848
/corpora/sre/SwitchBoard2/Phase2/DVD3/swb2_3/sw_22119B.sph 3848
/corpora/sre/SwitchBoard2/Phase2/DVD4/swb2_4/sw_22291B.sph 3848
/corpora/sre/SwitchBoard2/Phase2/DVD4/swb2_4/sw_22789B.sph 3848
/corpora/sre/SwitchBoard2/Phase2/DVD4/swb2_4/sw_23663B.sph 3848
/corpora/sre/SwitchBoard2/Phase2/DVD3/swb2_3/sw_23690B.sph 3848
/corpora/sre/SwitchBoard2/Phase2/DVD3/swb2_3/sw_24084A.sph 3848
/corpora/sre/SwitchBoard2/Phase2/DVD5/swb2_5/sw_24144A.sph 3848
/corpora/sre/SwitchBoard2/Phase2/DVD4/swb2_4/sw_24315B.sph 3848
/corpora/sre/SwitchBoard2/Phase2/DVD1/swb2_1/sw_21305B.sph 3849
/corpora/sre/SwitchBoard2/Phase2/DVD3/swb2_3/sw_21555B.sph 3849
/corpora/sre/SwitchBoard2/Phase2/DVD4/swb2_4/sw_21684A.sph 3849
/corpora/sre/SwitchBoard2/Phase2/DVD2/swb2_2/sw_21781A.sph 3849
/corpora/sre/SwitchBoard2/Phase2/DVD4/swb2_4/sw_22029A.sph 3849
/corpora/sre/SwitchBoard2/Phase2/DVD5/swb2_5/sw_22145A.sph 3849
/corpora/sre/SwitchBoard2/Phase2/DVD3/swb2_3/sw_22124B.sph 3849
/corpora/sre/SwitchBoard2/Phase2/DVD5/swb2_5/sw_22534B.sph 3849
/corpora/sre/SwitchBoard2/Phase2/DVD3/swb2_3/sw_22927B.sph 3849
/corpora/sre/SwitchBoard2/Phase2/DVD5/swb2_5/sw_23171B.sph 3849
/corpora/sre/SwitchBoard2/Phase2/DVD5/swb2_5/sw_23461B.sph 3849
/corpora/sre/SwitchBoard2/Phase2/DVD4/swb2_4/sw_23646A.sph 3849
/corpora/sre/SwitchBoard2/Phase2/DVD2/swb2_2/sw_24406B.sph 3849
/corpora/sre/SwitchBoard2/Phase2/DVD4/swb2_4/sw_21497B.sph 3857
/corpora/sre/SwitchBoard2/Phase2/DVD3/swb2_3/sw_21668B.sph 3857
/corpora/sre/SwitchBoard2/Phase2/DVD5/swb2_5/sw_21784A.sph 3857
/corpora/sre/SwitchBoard2/Phase2/DVD4/swb2_4/sw_21937B.sph 3857
/corpora/sre/SwitchBoard2/Phase2/DVD5/swb2_5/sw_22082B.sph 3857
/corpora/sre/SwitchBoard2/Phase2/DVD5/swb2_5/sw_22228B.sph 3857
/corpora/sre/SwitchBoard2/Phase2/DVD4/swb2_4/sw_22341B.sph 3857
/corpora/sre/SwitchBoard2/Phase2/DVD5/swb2_5/sw_23029B.sph 3857
/corpora/sre/SwitchBoard2/Phase2/DVD5/swb2_5/sw_23029B.sph 3857
/corpora/sre/SwitchBoard2/Phase2/DVD4/swb2_4/sw_23244B.sph 3857
/corpora/sre/SwitchBoard2/Phase2/DVD3/swb2_3/sw_23622B.sph 3857
/corpora/sre/SwitchBoard2/Phase2/DVD5/swb2_5/sw_24180B.sph 3857
/corpora/sre/SwitchBoard2/Phase2/DVD5/swb2_5/sw_24293B.sph 3857
/corpora/sre/SwitchBoard2/Phase2/DVD5/swb2_5/sw_24326B.sph 3857
/corpora/sre/SwitchBoard2/Phase2/DVD2/swb2_2/sw_24475B.sph 3857
/corpora/sre/SwitchBoard2/Phase2/DVD3/swb2_3/sw_24537B.sph 3857
/corpora/sre/SwitchBoard2/Phase2/DVD5/swb2_5/sw_21576A.sph 3867
/corpora/sre/SwitchBoard2/Phase2/DVD5/swb2_5/sw_22009B.sph 3885
/corpora/sre/SwitchBoard2/Phase2/DVD4/swb2_4/sw_22099B.sph 3885
/corpora/sre/SwitchBoard2/Phase2/DVD5/swb2_5/sw_22284A.sph 3885
/corpora/sre/SwitchBoard2/Phase2/DVD5/swb2_5/sw_22329B.sph 3885
/corpora/sre/SwitchBoard2/Phase2/DVD3/swb2_3/sw_22513B.sph 3885
/corpora/sre/SwitchBoard2/Phase2/DVD3/swb2_3/sw_22664B.sph 3885
/corpora/sre/SwitchBoard2/Phase2/DVD5/swb2_5/sw_23374B.sph 3885
/corpora/sre/SwitchBoard2/Phase2/DVD5/swb2_5/sw_23441B.sph 3885
/corpora/sre/SwitchBoard2/Phase2/DVD5/swb2_5/sw_23756B.sph 3885
/corpora/sre/SwitchBoard2/Phase2/DVD5/swb2_5/sw_21971B.sph 3886
/corpora/sre/SwitchBoard2/Phase2/DVD5/swb2_5/sw_22131B.sph 3886
/corpora/sre/SwitchBoard2/Phase2/DVD5/swb2_5/sw_22302B.sph 3886
/corpora/sre/SwitchBoard2/Phase2/DVD2/swb2_2/sw_22509B.sph 3886
/corpora/sre/SwitchBoard2/Phase2/DVD5/swb2_5/sw_22840B.sph 3886
/corpora/sre/SwitchBoard2/Phase2/DVD3/swb2_3/sw_22900B.sph 3886
/corpora/sre/SwitchBoard2/Phase2/DVD3/swb2_3/sw_23030B.sph 3886
/corpora/sre/SwitchBoard2/Phase2/DVD4/swb2_4/sw_23306B.sph 3886
/corpora/sre/SwitchBoard2/Phase2/DVD3/swb2_3/sw_23420A.sph 3886
/corpora/sre/SwitchBoard2/Phase2/DVD4/swb2_4/sw_23508A.sph 3886
/corpora/sre/SwitchBoard2/Phase2/DVD3/swb2_3/sw_23654B.sph 3886
/corpora/sre/SwitchBoard2/Phase2/DVD2/swb2_2/sw_23755A.sph 3886
/corpora/sre/SwitchBoard2/Phase2/DVD3/swb2_3/sw_23868A.sph 3886
/corpora/sre/SwitchBoard2/Phase2/DVD4/swb2_4/sw_23966A.sph 3886
/corpora/sre/SwitchBoard2/Phase2/DVD5/swb2_5/sw_24088A.sph 3886
/corpora/sre/SwitchBoard2/Phase2/DVD3/swb2_3/sw_24149A.sph 3886
/corpora/sre/SwitchBoard2/Phase2/DVD4/swb2_4/sw_24300A.sph 3886
/corpora/sre/SwitchBoard2/Phase2/DVD3/swb2_3/sw_24423A.sph 3886
/corpora/sre/SwitchBoard2/Phase2/DVD2/swb2_2/sw_24480A.sph 3886
/corpora/sre/SwitchBoard2/Phase2/DVD2/swb2_2/sw_22258B.sph 3891
/corpora/sre/SwitchBoard2/Phase2/DVD5/swb2_5/sw_22420A.sph 3891
/corpora/sre/SwitchBoard2/Phase2/DVD5/swb2_5/sw_22398B.sph 3891
/corpora/sre/SwitchBoard2/Phase2/DVD3/swb2_3/sw_22539A.sph 3891
/corpora/sre/SwitchBoard2/Phase2/DVD2/swb2_2/sw_22464B.sph 3891
/corpora/sre/SwitchBoard2/Phase2/DVD5/swb2_5/sw_22849A.sph 3891
/corpora/sre/SwitchBoard2/Phase2/DVD3/swb2_3/sw_22728B.sph 3891
/corpora/sre/SwitchBoard2/Phase2/DVD4/swb2_4/sw_23092A.sph 3891
/corpora/sre/SwitchBoard2/Phase2/DVD4/swb2_4/sw_23224A.sph 3891
/corpora/sre/SwitchBoard2/Phase2/DVD2/swb2_2/sw_23170B.sph 3891
/corpora/sre/SwitchBoard2/Phase2/DVD3/swb2_3/sw_23533B.sph 3891
/corpora/sre/SwitchBoard2/Phase2/DVD5/swb2_5/sw_23882B.sph 3891
/corpora/sre/SwitchBoard2/Phase2/DVD5/swb2_5/sw_24244B.sph 3891
/corpora/sre/SwitchBoard2/Phase2/DVD3/swb2_3/sw_22289A.sph 3898
/corpora/sre/SwitchBoard2/Phase2/DVD4/swb2_4/sw_22423A.sph 3898
/corpora/sre/SwitchBoard2/Phase2/DVD2/swb2_2/sw_22308B.sph 3898
/corpora/sre/SwitchBoard2/Phase2/DVD3/swb2_3/sw_23501B.sph 3898
/corpora/sre/SwitchBoard2/Phase2/DVD3/swb2_3/sw_22293A.sph 3904
/corpora/sre/SwitchBoard2/Phase2/DVD3/swb2_3/sw_22218B.sph 3904
/corpora/sre/SwitchBoard2/Phase2/DVD5/swb2_5/sw_22428A.sph 3904
/corpora/sre/SwitchBoard2/Phase2/DVD4/swb2_4/sw_22373B.sph 3904
/corpora/sre/SwitchBoard2/Phase2/DVD4/swb2_4/sw_22543A.sph 3904
/corpora/sre/SwitchBoard2/Phase2/DVD4/swb2_4/sw_22440B.sph 3904
/corpora/sre/SwitchBoard2/Phase2/DVD3/swb2_3/sw_22852A.sph 3904
/corpora/sre/SwitchBoard2/Phase2/DVD4/swb2_4/sw_22893B.sph 3904
/corpora/sre/SwitchBoard2/Phase2/DVD4/swb2_4/sw_23307B.sph 3904
/corpora/sre/SwitchBoard2/Phase2/DVD3/swb2_3/sw_23905B.sph 3916
/corpora/sre/SwitchBoard2/Phase2/DVD2/swb2_2/sw_24041B.sph 3916
/corpora/sre/SwitchBoard2/Phase2/DVD4/swb2_4/sw_22437A.sph 3918
/corpora/sre/SwitchBoard2/Phase2/DVD4/swb2_4/sw_22386B.sph 3918
/corpora/sre/SwitchBoard2/Phase2/DVD3/swb2_3/sw_22828B.sph 3918
/corpora/sre/SwitchBoard2/Phase2/DVD3/swb2_3/sw_22946B.sph 3918
/corpora/sre/SwitchBoard2/Phase2/DVD5/swb2_5/sw_23098A.sph 3918
/corpora/sre/SwitchBoard2/Phase2/DVD2/swb2_2/sw_22999B.sph 3918
/corpora/sre/SwitchBoard2/Phase2/DVD2/swb2_2/sw_23220B.sph 3918
/corpora/sre/SwitchBoard2/Phase2/DVD4/swb2_4/sw_23344B.sph 3918
/corpora/sre/SwitchBoard2/Phase2/DVD2/swb2_2/sw_23454B.sph 3918
/corpora/sre/SwitchBoard2/Phase2/DVD5/swb2_5/sw_23657A.sph 3918
/corpora/sre/SwitchBoard2/Phase2/DVD3/swb2_3/sw_24340B.sph 3918
/corpora/sre/SwitchBoard2/Phase2/DVD6/swb2_6/sw_24425A.sph 3918
/corpora/sre/SwitchBoard2/Phase2/DVD3/swb2_3/sw_22550A.sph 3922
/corpora/sre/SwitchBoard2/Phase2/DVD3/swb2_3/sw_24353B.sph 3922
/corpora/sre/SwitchBoard2/Phase2/DVD2/swb2_2/sw_23014B.sph 3959
/corpora/sre/SwitchBoard2/Phase2/DVD2/swb2_2/sw_23179B.sph 3959
/corpora/sre/SwitchBoard2/Phase2/DVD3/swb2_3/sw_23297B.sph 3959
/corpora/sre/SwitchBoard2/Phase2/DVD2/swb2_2/sw_23421B.sph 3959
/corpora/sre/SwitchBoard2/Phase2/DVD3/swb2_3/sw_23667A.sph 3959
/corpora/sre/SwitchBoard2/Phase2/DVD3/swb2_3/sw_23648B.sph 3959
/corpora/sre/SwitchBoard2/Phase2/DVD2/swb2_2/sw_23705B.sph 3959
/corpora/sre/SwitchBoard2/Phase2/DVD3/swb2_3/sw_23949B.sph 3959
/corpora/sre/SwitchBoard2/Phase2/DVD4/swb2_4/sw_24371B.sph 3959
