/corpora/sre/SwitchBoard2/Phase2/DVD1/swb2_1/sw_20065A.sph 3081
/corpora/sre/SwitchBoard2/Phase2/DVD1/swb2_1/sw_20115A.sph 3081
/corpora/sre/SwitchBoard2/Phase2/DVD1/swb2_1/sw_20200A.sph 3081
/corpora/sre/SwitchBoard2/Phase2/DVD2/swb2_2/sw_21282A.sph 3081
/corpora/sre/SwitchBoard2/Phase2/DVD5/swb2_5/sw_22245B.sph 3081
/corpora/sre/SwitchBoard2/Phase2/DVD2/swb2_2/sw_24480B.sph 3081
/corpora/sre/SwitchBoard2/Phase2/DVD5/swb2_5/sw_24509B.sph 3081
/corpora/sre/SwitchBoard2/Phase2/DVD1/swb2_1/sw_20025A.sph 3147
/corpora/sre/SwitchBoard2/Phase2/DVD1/swb2_1/sw_20208A.sph 3147
/corpora/sre/SwitchBoard2/Phase2/DVD1/swb2_1/sw_20459A.sph 3147
/corpora/sre/SwitchBoard2/Phase2/DVD1/swb2_1/sw_20800B.sph 3147
/corpora/sre/SwitchBoard2/Phase2/DVD1/swb2_1/sw_20870B.sph 3147
/corpora/sre/SwitchBoard2/Phase2/DVD1/swb2_1/sw_21029A.sph 3147
/corpora/sre/SwitchBoard2/Phase2/DVD3/swb2_3/sw_21455A.sph 3147
/corpora/sre/SwitchBoard2/Phase2/DVD2/swb2_2/sw_21611B.sph 3147
/corpora/sre/SwitchBoard2/Phase2/DVD3/swb2_3/sw_22173B.sph 3147
/corpora/sre/SwitchBoard2/Phase2/DVD5/swb2_5/sw_22346B.sph 3147
/corpora/sre/SwitchBoard2/Phase2/DVD5/swb2_5/sw_22567A.sph 3147
/corpora/sre/SwitchBoard2/Phase2/DVD2/swb2_2/sw_22885A.sph 3147
/corpora/sre/SwitchBoard2/Phase2/DVD3/swb2_3/sw_22997A.sph 3147
/corpora/sre/SwitchBoard2/Phase2/DVD4/swb2_4/sw_23137A.sph 3147
/corpora/sre/SwitchBoard2/Phase2/DVD3/swb2_3/sw_23346B.sph 3147
/corpora/sre/SwitchBoard2/Phase2/DVD3/swb2_3/sw_23370A.sph 3147
/corpora/sre/SwitchBoard2/Phase2/DVD2/swb2_2/sw_23398B.sph 3147
/corpora/sre/SwitchBoard2/Phase2/DVD2/swb2_2/sw_23448A.sph 3147
/corpora/sre/SwitchBoard2/Phase2/DVD3/swb2_3/sw_23547A.sph 3147
/corpora/sre/SwitchBoard2/Phase2/DVD5/swb2_5/sw_23688A.sph 3147
/corpora/sre/SwitchBoard2/Phase2/DVD4/swb2_4/sw_23929A.sph 3147
/corpora/sre/SwitchBoard2/Phase2/DVD5/swb2_5/sw_23976A.sph 3147
/corpora/sre/SwitchBoard2/Phase2/DVD2/swb2_2/sw_23975B.sph 3147
/corpora/sre/SwitchBoard2/Phase2/DVD5/swb2_5/sw_24038A.sph 3147
/corpora/sre/SwitchBoard2/Phase2/DVD4/swb2_4/sw_24109A.sph 3147
/corpora/sre/SwitchBoard2/Phase2/DVD5/swb2_5/sw_24174A.sph 3147
/corpora/sre/SwitchBoard2/Phase2/DVD5/swb2_5/sw_24257A.sph 3147
/corpora/sre/SwitchBoard2/Phase2/DVD4/swb2_4/sw_24397A.sph 3147
/corpora/sre/SwitchBoard2/Phase2/DVD3/swb2_3/sw_24436A.sph 3147
/corpora/sre/SwitchBoard2/Phase2/DVD2/swb2_2/sw_24493A.sph 3147
/corpora/sre/SwitchBoard2/Phase2/DVD2/swb2_2/sw_24543A.sph 3147
/corpora/sre/SwitchBoard2/Phase2/DVD1/swb2_1/sw_20016B.sph 3159
/corpora/sre/SwitchBoard2/Phase2/DVD1/swb2_1/sw_20129B.sph 3159
/corpora/sre/SwitchBoard2/Phase2/DVD2/swb2_2/sw_20305B.sph 3159
/corpora/sre/SwitchBoard2/Phase2/DVD1/swb2_1/sw_20623B.sph 3159
/corpora/sre/SwitchBoard2/Phase2/DVD1/swb2_1/sw_20821B.sph 3159
/corpora/sre/SwitchBoard2/Phase2/DVD1/swb2_1/sw_21312B.sph 3159
/corpora/sre/SwitchBoard2/Phase2/DVD5/swb2_5/sw_21489B.sph 3159
/corpora/sre/SwitchBoard2/Phase2/DVD3/swb2_3/sw_21636B.sph 3159
/corpora/sre/SwitchBoard2/Phase2/DVD2/swb2_2/sw_21712A.sph 3159
/corpora/sre/SwitchBoard2/Phase2/DVD4/swb2_4/sw_21949B.sph 3159
/corpora/sre/SwitchBoard2/Phase2/DVD5/swb2_5/sw_22132B.sph 3159
/corpora/sre/SwitchBoard2/Phase2/DVD6/swb2_6/sw_23372A.sph 3159
/corpora/sre/SwitchBoard2/Phase2/DVD3/swb2_3/sw_23840A.sph 3159
/corpora/sre/SwitchBoard2/Phase2/DVD1/swb2_1/sw_20070B.sph 3275
/corpora/sre/SwitchBoard2/Phase2/DVD1/swb2_1/sw_20341B.sph 3275
/corpora/sre/SwitchBoard2/Phase2/DVD1/swb2_1/sw_20845B.sph 3275
/corpora/sre/SwitchBoard2/Phase2/DVD3/swb2_3/sw_20991B.sph 3275
/corpora/sre/SwitchBoard2/Phase2/DVD2/swb2_2/sw_21694B.sph 3275
/corpora/sre/SwitchBoard2/Phase2/DVD5/swb2_5/sw_21834B.sph 3275
/corpora/sre/SwitchBoard2/Phase2/DVD5/swb2_5/sw_22654A.sph 3275
/corpora/sre/SwitchBoard2/Phase2/DVD5/swb2_5/sw_23437B.sph 3275
/corpora/sre/SwitchBoard2/Phase2/DVD5/swb2_5/sw_24376B.sph 3275
/corpora/sre/SwitchBoard2/Phase2/DVD4/swb2_4/sw_24497A.sph 3275
/corpora/sre/SwitchBoard2/Phase2/DVD1/swb2_1/sw_20383A.sph 3377
/corpora/sre/SwitchBoard2/Phase2/DVD2/swb2_2/sw_20495A.sph 3377
/corpora/sre/SwitchBoard2/Phase2/DVD1/swb2_1/sw_20587B.sph 3377
/corpora/sre/SwitchBoard2/Phase2/DVD1/swb2_1/sw_20763A.sph 3377
/corpora/sre/SwitchBoard2/Phase2/DVD1/swb2_1/sw_21068B.sph 3377
/corpora/sre/SwitchBoard2/Phase2/DVD5/swb2_5/sw_22334B.sph 3377
/corpora/sre/SwitchBoard2/Phase2/DVD3/swb2_3/sw_22731B.sph 3377
/corpora/sre/SwitchBoard2/Phase2/DVD5/swb2_5/sw_23863B.sph 3377
/corpora/sre/SwitchBoard2/Phase2/DVD1/swb2_1/sw_20299A.sph 3415
/corpora/sre/SwitchBoard2/Phase2/DVD1/swb2_1/sw_20287B.sph 3415
/corpora/sre/SwitchBoard2/Phase2/DVD1/swb2_1/sw_20505A.sph 3415
/corpora/sre/SwitchBoard2/Phase2/DVD2/swb2_2/sw_20530B.sph 3415
/corpora/sre/SwitchBoard2/Phase2/DVD2/swb2_2/sw_21013B.sph 3415
/corpora/sre/SwitchBoard2/Phase2/DVD1/swb2_1/sw_21415B.sph 3415
/corpora/sre/SwitchBoard2/Phase2/DVD4/swb2_4/sw_21603B.sph 3415
/corpora/sre/SwitchBoard2/Phase2/DVD5/swb2_5/sw_21948A.sph 3415
/corpora/sre/SwitchBoard2/Phase2/DVD4/swb2_4/sw_22781A.sph 3415
/corpora/sre/SwitchBoard2/Phase2/DVD2/swb2_2/sw_23083B.sph 3415
/corpora/sre/SwitchBoard2/Phase2/DVD4/swb2_4/sw_23581A.sph 3415
/corpora/sre/SwitchBoard2/Phase2/DVD4/swb2_4/sw_24044B.sph 3415
/corpora/sre/SwitchBoard2/Phase2/DVD5/swb2_5/sw_24476B.sph 3415
/corpora/sre/SwitchBoard2/Phase2/DVD2/swb2_2/sw_20302A.sph 3426
/corpora/sre/SwitchBoard2/Phase2/DVD1/swb2_1/sw_20393A.sph 3426
/corpora/sre/SwitchBoard2/Phase2/DVD2/swb2_2/sw_20508A.sph 3426
/corpora/sre/SwitchBoard2/Phase2/DVD1/swb2_1/sw_20485B.sph 3426
/corpora/sre/SwitchBoard2/Phase2/DVD2/swb2_2/sw_20698B.sph 3426
/corpora/sre/SwitchBoard2/Phase2/DVD2/swb2_2/sw_20770A.sph 3426
/corpora/sre/SwitchBoard2/Phase2/DVD3/swb2_3/sw_20954A.sph 3426
/corpora/sre/SwitchBoard2/Phase2/DVD2/swb2_2/sw_21083B.sph 3426
/corpora/sre/SwitchBoard2/Phase2/DVD1/swb2_1/sw_21201A.sph 3426
/corpora/sre/SwitchBoard2/Phase2/DVD2/swb2_2/sw_21281B.sph 3426
/corpora/sre/SwitchBoard2/Phase2/DVD5/swb2_5/sw_21500A.sph 3426
/corpora/sre/SwitchBoard2/Phase2/DVD5/swb2_5/sw_21628A.sph 3426
/corpora/sre/SwitchBoard2/Phase2/DVD4/swb2_4/sw_21736A.sph 3426
/corpora/sre/SwitchBoard2/Phase2/DVD4/swb2_4/sw_21823A.sph 3426
/corpora/sre/SwitchBoard2/Phase2/DVD2/swb2_2/sw_21950A.sph 3426
/corpora/sre/SwitchBoard2/Phase2/DVD3/swb2_3/sw_22210A.sph 3426
/corpora/sre/SwitchBoard2/Phase2/DVD5/swb2_5/sw_22351A.sph 3426
/corpora/sre/SwitchBoard2/Phase2/DVD3/swb2_3/sw_22456B.sph 3426
/corpora/sre/SwitchBoard2/Phase2/DVD4/swb2_4/sw_22593A.sph 3426
/corpora/sre/SwitchBoard2/Phase2/DVD5/swb2_5/sw_22667A.sph 3426
/corpora/sre/SwitchBoard2/Phase2/DVD5/swb2_5/sw_22860B.sph 3426
/corpora/sre/SwitchBoard2/Phase2/DVD4/swb2_4/sw_22906A.sph 3426
/corpora/sre/SwitchBoard2/Phase2/DVD2/swb2_2/sw_23028A.sph 3426
/corpora/sre/SwitchBoard2/Phase2/DVD3/swb2_3/sw_23025B.sph 3426
/corpora/sre/SwitchBoard2/Phase2/DVD4/swb2_4/sw_23160A.sph 3426
/corpora/sre/SwitchBoard2/Phase2/DVD5/swb2_5/sw_23285A.sph 3426
/corpora/sre/SwitchBoard2/Phase2/DVD3/swb2_3/sw_23382A.sph 3426
/corpora/sre/SwitchBoard2/Phase2/DVD5/swb2_5/sw_23468A.sph 3426
/corpora/sre/SwitchBoard2/Phase2/DVD5/swb2_5/sw_23607B.sph 3426
/corpora/sre/SwitchBoard2/Phase2/DVD4/swb2_4/sw_23800A.sph 3426
/corpora/sre/SwitchBoard2/Phase2/DVD5/swb2_5/sw_23889A.sph 3426
/corpora/sre/SwitchBoard2/Phase2/DVD5/swb2_5/sw_23946A.sph 3426
/corpora/sre/SwitchBoard2/Phase2/DVD2/swb2_2/sw_23989A.sph 3426
/corpora/sre/SwitchBoard2/Phase2/DVD3/swb2_3/sw_24121A.sph 3426
/corpora/sre/SwitchBoard2/Phase2/DVD5/swb2_5/sw_24188A.sph 3426
/corpora/sre/SwitchBoard2/Phase2/DVD4/swb2_4/sw_24264A.sph 3426
/corpora/sre/SwitchBoard2/Phase2/DVD5/swb2_5/sw_24325A.sph 3426
/corpora/sre/SwitchBoard2/Phase2/DVD5/swb2_5/sw_24407A.sph 3426
/corpora/sre/SwitchBoard2/Phase2/DVD4/swb2_4/sw_24553A.sph 3426
/corpora/sre/SwitchBoard2/Phase2/DVD1/swb2_1/sw_20406A.sph 3481
/corpora/sre/SwitchBoard2/Phase2/DVD1/swb2_1/sw_20520A.sph 3481
/corpora/sre/SwitchBoard2/Phase2/DVD1/swb2_1/sw_20613B.sph 3481
/corpora/sre/SwitchBoard2/Phase2/DVD1/swb2_1/sw_20871A.sph 3481
/corpora/sre/SwitchBoard2/Phase2/DVD3/swb2_3/sw_20960A.sph 3481
/corpora/sre/SwitchBoard2/Phase2/DVD2/swb2_2/sw_21082A.sph 3481
/corpora/sre/SwitchBoard2/Phase2/DVD2/swb2_2/sw_21150B.sph 3481
/corpora/sre/SwitchBoard2/Phase2/DVD1/swb2_1/sw_21358B.sph 3481
/corpora/sre/SwitchBoard2/Phase2/DVD3/swb2_3/sw_21505A.sph 3481
/corpora/sre/SwitchBoard2/Phase2/DVD3/swb2_3/sw_21638A.sph 3481
/corpora/sre/SwitchBoard2/Phase2/DVD3/swb2_3/sw_21742A.sph 3481
/corpora/sre/SwitchBoard2/Phase2/DVD5/swb2_5/sw_21833A.sph 3481
/corpora/sre/SwitchBoard2/Phase2/DVD3/swb2_3/sw_21963A.sph 3481
/corpora/sre/SwitchBoard2/Phase2/DVD3/swb2_3/sw_22088A.sph 3481
/corpora/sre/SwitchBoard2/Phase2/DVD3/swb2_3/sw_22223A.sph 3481
/corpora/sre/SwitchBoard2/Phase2/DVD5/swb2_5/sw_22599A.sph 3481
/corpora/sre/SwitchBoard2/Phase2/DVD5/swb2_5/sw_22673A.sph 3481
/corpora/sre/SwitchBoard2/Phase2/DVD4/swb2_4/sw_22788A.sph 3481
/corpora/sre/SwitchBoard2/Phase2/DVD4/swb2_4/sw_22913A.sph 3481
/corpora/sre/SwitchBoard2/Phase2/DVD4/swb2_4/sw_23037A.sph 3481
/corpora/sre/SwitchBoard2/Phase2/DVD5/swb2_5/sw_23098B.sph 3481
/corpora/sre/SwitchBoard2/Phase2/DVD5/swb2_5/sw_23172A.sph 3481
/corpora/sre/SwitchBoard2/Phase2/DVD4/swb2_4/sw_23274B.sph 3481
/corpora/sre/SwitchBoard2/Phase2/DVD4/swb2_4/sw_23389A.sph 3481
/corpora/sre/SwitchBoard2/Phase2/DVD5/swb2_5/sw_23475A.sph 3481
/corpora/sre/SwitchBoard2/Phase2/DVD5/swb2_5/sw_23589A.sph 3481
/corpora/sre/SwitchBoard2/Phase2/DVD4/swb2_4/sw_23714A.sph 3481
/corpora/sre/SwitchBoard2/Phase2/DVD5/swb2_5/sw_23806A.sph 3481
/corpora/sre/SwitchBoard2/Phase2/DVD5/swb2_5/sw_23780B.sph 3481
/corpora/sre/SwitchBoard2/Phase2/DVD2/swb2_2/sw_23893A.sph 3481
/corpora/sre/SwitchBoard2/Phase2/DVD5/swb2_5/sw_23951A.sph 3481
/corpora/sre/SwitchBoard2/Phase2/DVD5/swb2_5/sw_23995A.sph 3481
/corpora/sre/SwitchBoard2/Phase2/DVD3/swb2_3/sw_24053A.sph 3481
/corpora/sre/SwitchBoard2/Phase2/DVD5/swb2_5/sw_24206B.sph 3481
/corpora/sre/SwitchBoard2/Phase2/DVD3/swb2_3/sw_24341B.sph 3481
/corpora/sre/SwitchBoard2/Phase2/DVD1/swb2_1/sw_20332B.sph 3553
/corpora/sre/SwitchBoard2/Phase2/DVD1/swb2_1/sw_20362B.sph 3553
/corpora/sre/SwitchBoard2/Phase2/DVD4/swb2_4/sw_21736B.sph 3553
/corpora/sre/SwitchBoard2/Phase2/DVD5/swb2_5/sw_22158B.sph 3553
/corpora/sre/SwitchBoard2/Phase2/DVD4/swb2_4/sw_22605A.sph 3553
/corpora/sre/SwitchBoard2/Phase2/DVD4/swb2_4/sw_22680A.sph 3553
/corpora/sre/SwitchBoard2/Phase2/DVD4/swb2_4/sw_23138B.sph 3553
/corpora/sre/SwitchBoard2/Phase2/DVD2/swb2_2/sw_24073B.sph 3553
/corpora/sre/SwitchBoard2/Phase2/DVD1/swb2_1/sw_20133B.sph 3559
/corpora/sre/SwitchBoard2/Phase2/DVD1/swb2_1/sw_21099B.sph 3559
/corpora/sre/SwitchBoard2/Phase2/DVD1/swb2_1/sw_21202B.sph 3559
/corpora/sre/SwitchBoard2/Phase2/DVD1/swb2_1/sw_21319B.sph 3559
/corpora/sre/SwitchBoard2/Phase2/DVD2/swb2_2/sw_22821B.sph 3559
/corpora/sre/SwitchBoard2/Phase2/DVD2/swb2_2/sw_23723A.sph 3559
/corpora/sre/SwitchBoard2/Phase2/DVD3/swb2_3/sw_24349B.sph 3559
/corpora/sre/SwitchBoard2/Phase2/DVD4/swb2_4/sw_24516A.sph 3559
/corpora/sre/SwitchBoard2/Phase2/DVD1/swb2_1/sw_20547A.sph 3605
/corpora/sre/SwitchBoard2/Phase2/DVD2/swb2_2/sw_20682A.sph 3605
/corpora/sre/SwitchBoard2/Phase2/DVD2/swb2_2/sw_20616B.sph 3605
/corpora/sre/SwitchBoard2/Phase2/DVD2/swb2_2/sw_20793A.sph 3605
/corpora/sre/SwitchBoard2/Phase2/DVD1/swb2_1/sw_20880A.sph 3605
/corpora/sre/SwitchBoard2/Phase2/DVD3/swb2_3/sw_20973A.sph 3605
/corpora/sre/SwitchBoard2/Phase2/DVD2/swb2_2/sw_21223A.sph 3605
/corpora/sre/SwitchBoard2/Phase2/DVD1/swb2_1/sw_21370A.sph 3605
/corpora/sre/SwitchBoard2/Phase2/DVD5/swb2_5/sw_22371A.sph 3605
/corpora/sre/SwitchBoard2/Phase2/DVD3/swb2_3/sw_22389B.sph 3605
/corpora/sre/SwitchBoard2/Phase2/DVD3/swb2_3/sw_22511A.sph 3605
/corpora/sre/SwitchBoard2/Phase2/DVD4/swb2_4/sw_22468B.sph 3605
/corpora/sre/SwitchBoard2/Phase2/DVD4/swb2_4/sw_22638B.sph 3605
/corpora/sre/SwitchBoard2/Phase2/DVD5/swb2_5/sw_22923A.sph 3605
/corpora/sre/SwitchBoard2/Phase2/DVD5/swb2_5/sw_23303A.sph 3605
/corpora/sre/SwitchBoard2/Phase2/DVD3/swb2_3/sw_23585B.sph 3605
/corpora/sre/SwitchBoard2/Phase2/DVD4/swb2_4/sw_23728A.sph 3605
/corpora/sre/SwitchBoard2/Phase2/DVD5/swb2_5/sw_23808B.sph 3605
/corpora/sre/SwitchBoard2/Phase2/DVD5/swb2_5/sw_24062B.sph 3605
/corpora/sre/SwitchBoard2/Phase2/DVD5/swb2_5/sw_24193B.sph 3605
/corpora/sre/SwitchBoard2/Phase2/DVD2/swb2_2/sw_21116A.sph 3719
/corpora/sre/SwitchBoard2/Phase2/DVD2/swb2_2/sw_21236A.sph 3719
/corpora/sre/SwitchBoard2/Phase2/DVD1/swb2_1/sw_21192B.sph 3719
/corpora/sre/SwitchBoard2/Phase2/DVD2/swb2_2/sw_21385A.sph 3719
/corpora/sre/SwitchBoard2/Phase2/DVD1/swb2_1/sw_21292B.sph 3719
/corpora/sre/SwitchBoard2/Phase2/DVD5/swb2_5/sw_21759A.sph 3719
/corpora/sre/SwitchBoard2/Phase2/DVD3/swb2_3/sw_21857A.sph 3719
/corpora/sre/SwitchBoard2/Phase2/DVD4/swb2_4/sw_21992A.sph 3719
/corpora/sre/SwitchBoard2/Phase2/DVD3/swb2_3/sw_22142B.sph 3719
/corpora/sre/SwitchBoard2/Phase2/DVD5/swb2_5/sw_22251A.sph 3719
/corpora/sre/SwitchBoard2/Phase2/DVD2/swb2_2/sw_22382A.sph 3719
/corpora/sre/SwitchBoard2/Phase2/DVD5/swb2_5/sw_22297B.sph 3719
/corpora/sre/SwitchBoard2/Phase2/DVD4/swb2_4/sw_22493A.sph 3719
/corpora/sre/SwitchBoard2/Phase2/DVD5/swb2_5/sw_22691A.sph 3719
/corpora/sre/SwitchBoard2/Phase2/DVD5/swb2_5/sw_22961B.sph 3719
/corpora/sre/SwitchBoard2/Phase2/DVD3/swb2_3/sw_23062A.sph 3719
/corpora/sre/SwitchBoard2/Phase2/DVD4/swb2_4/sw_23194A.sph 3719
/corpora/sre/SwitchBoard2/Phase2/DVD5/swb2_5/sw_23304B.sph 3719
/corpora/sre/SwitchBoard2/Phase2/DVD4/swb2_4/sw_23614A.sph 3719
/corpora/sre/SwitchBoard2/Phase2/DVD4/swb2_4/sw_23720B.sph 3719
/corpora/sre/SwitchBoard2/Phase2/DVD3/swb2_3/sw_24099B.sph 3719
/corpora/sre/SwitchBoard2/Phase2/DVD2/swb2_2/sw_20483B.sph 3746
/corpora/sre/SwitchBoard2/Phase2/DVD1/swb2_1/sw_20611B.sph 3746
/corpora/sre/SwitchBoard2/Phase2/DVD1/swb2_1/sw_20808A.sph 3746
/corpora/sre/SwitchBoard2/Phase2/DVD2/swb2_2/sw_20897A.sph 3746
/corpora/sre/SwitchBoard2/Phase2/DVD2/swb2_2/sw_21124A.sph 3746
/corpora/sre/SwitchBoard2/Phase2/DVD2/swb2_2/sw_21240A.sph 3746
/corpora/sre/SwitchBoard2/Phase2/DVD3/swb2_3/sw_21542A.sph 3746
/corpora/sre/SwitchBoard2/Phase2/DVD3/swb2_3/sw_21730B.sph 3746
/corpora/sre/SwitchBoard2/Phase2/DVD5/swb2_5/sw_21764A.sph 3746
/corpora/sre/SwitchBoard2/Phase2/DVD4/swb2_4/sw_21860A.sph 3746
/corpora/sre/SwitchBoard2/Phase2/DVD5/swb2_5/sw_21999A.sph 3746
/corpora/sre/SwitchBoard2/Phase2/DVD3/swb2_3/sw_22118A.sph 3746
/corpora/sre/SwitchBoard2/Phase2/DVD4/swb2_4/sw_22387A.sph 3746
/corpora/sre/SwitchBoard2/Phase2/DVD5/swb2_5/sw_22549B.sph 3746
/corpora/sre/SwitchBoard2/Phase2/DVD4/swb2_4/sw_22689B.sph 3746
/corpora/sre/SwitchBoard2/Phase2/DVD3/swb2_3/sw_22764B.sph 3746
/corpora/sre/SwitchBoard2/Phase2/DVD5/swb2_5/sw_23102B.sph 3746
/corpora/sre/SwitchBoard2/Phase2/DVD3/swb2_3/sw_23621A.sph 3746
/corpora/sre/SwitchBoard2/Phase2/DVD5/swb2_5/sw_23813A.sph 3746
/corpora/sre/SwitchBoard2/Phase2/DVD4/swb2_4/sw_23866B.sph 3746
/corpora/sre/SwitchBoard2/Phase2/DVD5/swb2_5/sw_24011A.sph 3746
/corpora/sre/SwitchBoard2/Phase2/DVD5/swb2_5/sw_24138A.sph 3746
/corpora/sre/SwitchBoard2/Phase2/DVD5/swb2_5/sw_24219A.sph 3746
/corpora/sre/SwitchBoard2/Phase2/DVD5/swb2_5/sw_24343A.sph 3746
/corpora/sre/SwitchBoard2/Phase2/DVD2/swb2_2/sw_24419A.sph 3746
/corpora/sre/SwitchBoard2/Phase2/DVD4/swb2_4/sw_24465A.sph 3746
/corpora/sre/SwitchBoard2/Phase2/DVD2/swb2_2/sw_24525A.sph 3746
/corpora/sre/SwitchBoard2/Phase2/DVD5/swb2_5/sw_24570A.sph 3746
/corpora/sre/SwitchBoard2/Phase2/DVD2/swb2_2/sw_20499B.sph 3747
/corpora/sre/SwitchBoard2/Phase2/DVD2/swb2_2/sw_20499B.sph 3747
/corpora/sre/SwitchBoard2/Phase2/DVD1/swb2_1/sw_20701A.sph 3747
/corpora/sre/SwitchBoard2/Phase2/DVD3/swb2_3/sw_20992A.sph 3747
/corpora/sre/SwitchBoard2/Phase2/DVD1/swb2_1/sw_21125A.sph 3747
/corpora/sre/SwitchBoard2/Phase2/DVD2/swb2_2/sw_21241A.sph 3747
/corpora/sre/SwitchBoard2/Phase2/DVD2/swb2_2/sw_21294B.sph 3747
/corpora/sre/SwitchBoard2/Phase2/DVD5/swb2_5/sw_21462B.sph 3747
/corpora/sre/SwitchBoard2/Phase2/DVD3/swb2_3/sw_21861A.sph 3747
/corpora/sre/SwitchBoard2/Phase2/DVD4/swb2_4/sw_22819A.sph 3747
/corpora/sre/SwitchBoard2/Phase2/DVD5/swb2_5/sw_22937A.sph 3747
/corpora/sre/SwitchBoard2/Phase2/DVD2/swb2_2/sw_23051B.sph 3747
/corpora/sre/SwitchBoard2/Phase2/DVD5/swb2_5/sw_23198A.sph 3747
/corpora/sre/SwitchBoard2/Phase2/DVD5/swb2_5/sw_23285B.sph 3747
/corpora/sre/SwitchBoard2/Phase2/DVD3/swb2_3/sw_23740A.sph 3747
/corpora/sre/SwitchBoard2/Phase2/DVD4/swb2_4/sw_23814A.sph 3747
/corpora/sre/SwitchBoard2/Phase2/DVD4/swb2_4/sw_24012A.sph 3747
/corpora/sre/SwitchBoard2/Phase2/DVD5/swb2_5/sw_24176B.sph 3747
/corpora/sre/SwitchBoard2/Phase2/DVD5/swb2_5/sw_24263B.sph 3747
/corpora/sre/SwitchBoard2/Phase2/DVD4/swb2_4/sw_24466A.sph 3747
/corpora/sre/SwitchBoard2/Phase2/DVD4/swb2_4/sw_24571A.sph 3747
/corpora/sre/SwitchBoard2/Phase2/DVD1/swb2_1/sw_20493B.sph 3751
/corpora/sre/SwitchBoard2/Phase2/DVD2/swb2_2/sw_22038B.sph 3751
/corpora/sre/SwitchBoard2/Phase2/DVD2/swb2_2/sw_22885B.sph 3751
/corpora/sre/SwitchBoard2/Phase2/DVD1/swb2_1/sw_20704A.sph 3760
/corpora/sre/SwitchBoard2/Phase2/DVD5/swb2_5/sw_23850B.sph 3760
/corpora/sre/SwitchBoard2/Phase2/DVD3/swb2_3/sw_23904A.sph 3760
/corpora/sre/SwitchBoard2/Phase2/DVD5/swb2_5/sw_24061B.sph 3760
/corpora/sre/SwitchBoard2/Phase2/DVD5/swb2_5/sw_24181B.sph 3760
/corpora/sre/SwitchBoard2/Phase2/DVD1/swb2_1/sw_20572B.sph 3788
/corpora/sre/SwitchBoard2/Phase2/DVD2/swb2_2/sw_20761B.sph 3788
/corpora/sre/SwitchBoard2/Phase2/DVD4/swb2_4/sw_20978B.sph 3788
/corpora/sre/SwitchBoard2/Phase2/DVD1/swb2_1/sw_21044B.sph 3788
/corpora/sre/SwitchBoard2/Phase2/DVD1/swb2_1/sw_21286B.sph 3788
/corpora/sre/SwitchBoard2/Phase2/DVD3/swb2_3/sw_22475B.sph 3788
/corpora/sre/SwitchBoard2/Phase2/DVD3/swb2_3/sw_22864B.sph 3788
/corpora/sre/SwitchBoard2/Phase2/DVD5/swb2_5/sw_23223B.sph 3788
/corpora/sre/SwitchBoard2/Phase2/DVD2/swb2_2/sw_23247B.sph 3788
/corpora/sre/SwitchBoard2/Phase2/DVD3/swb2_3/sw_23635A.sph 3788
/corpora/sre/SwitchBoard2/Phase2/DVD3/swb2_3/sw_23572B.sph 3788
/corpora/sre/SwitchBoard2/Phase2/DVD5/swb2_5/sw_22401A.sph 3815
/corpora/sre/SwitchBoard2/Phase2/DVD5/swb2_5/sw_22378B.sph 3815
/corpora/sre/SwitchBoard2/Phase2/DVD3/swb2_3/sw_22783B.sph 3815
/corpora/sre/SwitchBoard2/Phase2/DVD3/swb2_3/sw_23039B.sph 3815
/corpora/sre/SwitchBoard2/Phase2/DVD2/swb2_2/sw_23660B.sph 3815
/corpora/sre/SwitchBoard2/Phase2/DVD4/swb2_4/sw_23832B.sph 3815
/corpora/sre/SwitchBoard2/Phase2/DVD3/swb2_3/sw_24048B.sph 3815
/corpora/sre/SwitchBoard2/Phase2/DVD4/swb2_4/sw_24247B.sph 3815
/corpora/sre/SwitchBoard2/Phase2/DVD2/swb2_2/sw_21253B.sph 3832
/corpora/sre/SwitchBoard2/Phase2/DVD2/swb2_2/sw_21410B.sph 3832
/corpora/sre/SwitchBoard2/Phase2/DVD2/swb2_2/sw_21443B.sph 3832
/corpora/sre/SwitchBoard2/Phase2/DVD2/swb2_2/sw_21983B.sph 3832
/corpora/sre/SwitchBoard2/Phase2/DVD3/swb2_3/sw_22138A.sph 3832
/corpora/sre/SwitchBoard2/Phase2/DVD3/swb2_3/sw_22645B.sph 3832
/corpora/sre/SwitchBoard2/Phase2/DVD4/swb2_4/sw_22839A.sph 3832
/corpora/sre/SwitchBoard2/Phase2/DVD3/swb2_3/sw_23081B.sph 3832
/corpora/sre/SwitchBoard2/Phase2/DVD2/swb2_2/sw_23641A.sph 3832
/corpora/sre/SwitchBoard2/Phase2/DVD5/swb2_5/sw_23907A.sph 3832
/corpora/sre/SwitchBoard2/Phase2/DVD5/swb2_5/sw_21683A.sph 3844
/corpora/sre/SwitchBoard2/Phase2/DVD3/swb2_3/sw_21780A.sph 3844
/corpora/sre/SwitchBoard2/Phase2/DVD5/swb2_5/sw_21952B.sph 3844
/corpora/sre/SwitchBoard2/Phase2/DVD4/swb2_4/sw_22120B.sph 3844
/corpora/sre/SwitchBoard2/Phase2/DVD3/swb2_3/sw_22193B.sph 3844
/corpora/sre/SwitchBoard2/Phase2/DVD4/swb2_4/sw_22441B.sph 3844
/corpora/sre/SwitchBoard2/Phase2/DVD5/swb2_5/sw_22621A.sph 3844
/corpora/sre/SwitchBoard2/Phase2/DVD5/swb2_5/sw_22786B.sph 3844
/corpora/sre/SwitchBoard2/Phase2/DVD2/swb2_2/sw_23083A.sph 3844
/corpora/sre/SwitchBoard2/Phase2/DVD3/swb2_3/sw_23213A.sph 3844
/corpora/sre/SwitchBoard2/Phase2/DVD2/swb2_2/sw_23329A.sph 3844
/corpora/sre/SwitchBoard2/Phase2/DVD3/swb2_3/sw_23414A.sph 3844
/corpora/sre/SwitchBoard2/Phase2/DVD4/swb2_4/sw_23645A.sph 3844
/corpora/sre/SwitchBoard2/Phase2/DVD4/swb2_4/sw_23909A.sph 3844
/corpora/sre/SwitchBoard2/Phase2/DVD4/swb2_4/sw_24083A.sph 3844
/corpora/sre/SwitchBoard2/Phase2/DVD4/swb2_4/sw_24383A.sph 3844
/corpora/sre/SwitchBoard2/Phase2/DVD3/swb2_3/sw_24423B.sph 3844
/corpora/sre/SwitchBoard2/Phase2/DVD2/swb2_2/sw_24494B.sph 3844
/corpora/sre/SwitchBoard2/Phase2/DVD5/swb2_5/sw_21430A.sph 3845
/corpora/sre/SwitchBoard2/Phase2/DVD2/swb2_2/sw_21488B.sph 3845
/corpora/sre/SwitchBoard2/Phase2/DVD5/swb2_5/sw_21878A.sph 3845
/corpora/sre/SwitchBoard2/Phase2/DVD4/swb2_4/sw_21969B.sph 3845
/corpora/sre/SwitchBoard2/Phase2/DVD3/swb2_3/sw_22174B.sph 3845
/corpora/sre/SwitchBoard2/Phase2/DVD4/swb2_4/sw_22843B.sph 3845
/corpora/sre/SwitchBoard2/Phase2/DVD2/swb2_2/sw_22953A.sph 3845
/corpora/sre/SwitchBoard2/Phase2/DVD4/swb2_4/sw_23105B.sph 3845
/corpora/sre/SwitchBoard2/Phase2/DVD4/swb2_4/sw_23550B.sph 3845
/corpora/sre/SwitchBoard2/Phase2/DVD3/swb2_3/sw_24202B.sph 3845
/corpora/sre/SwitchBoard2/Phase2/DVD3/swb2_3/sw_24354B.sph 3845
/corpora/sre/SwitchBoard2/Phase2/DVD5/swb2_5/sw_24532A.sph 3845
/corpora/sre/SwitchBoard2/Phase2/DVD5/swb2_5/sw_22032A.sph 3861
/corpora/sre/SwitchBoard2/Phase2/DVD4/swb2_4/sw_22148A.sph 3861
/corpora/sre/SwitchBoard2/Phase2/DVD3/swb2_3/sw_22275A.sph 3861
/corpora/sre/SwitchBoard2/Phase2/DVD3/swb2_3/sw_22411A.sph 3861
/corpora/sre/SwitchBoard2/Phase2/DVD2/swb2_2/sw_22533A.sph 3861
/corpora/sre/SwitchBoard2/Phase2/DVD2/swb2_2/sw_22628B.sph 3861
/corpora/sre/SwitchBoard2/Phase2/DVD3/swb2_3/sw_22726B.sph 3861
/corpora/sre/SwitchBoard2/Phase2/DVD4/swb2_4/sw_22843A.sph 3861
/corpora/sre/SwitchBoard2/Phase2/DVD2/swb2_2/sw_22954A.sph 3861
/corpora/sre/SwitchBoard2/Phase2/DVD4/swb2_4/sw_23075B.sph 3861
/corpora/sre/SwitchBoard2/Phase2/DVD5/swb2_5/sw_23216A.sph 3861
/corpora/sre/SwitchBoard2/Phase2/DVD4/swb2_4/sw_23330A.sph 3861
/corpora/sre/SwitchBoard2/Phase2/DVD2/swb2_2/sw_23486B.sph 3861
/corpora/sre/SwitchBoard2/Phase2/DVD3/swb2_3/sw_23647A.sph 3861
/corpora/sre/SwitchBoard2/Phase2/DVD4/swb2_4/sw_23752A.sph 3861
/corpora/sre/SwitchBoard2/Phase2/DVD3/swb2_3/sw_23798B.sph 3861
/corpora/sre/SwitchBoard2/Phase2/DVD4/swb2_4/sw_23965A.sph 3861
/corpora/sre/SwitchBoard2/Phase2/DVD2/swb2_2/sw_24022A.sph 3861
/corpora/sre/SwitchBoard2/Phase2/DVD3/swb2_3/sw_24085A.sph 3861
/corpora/sre/SwitchBoard2/Phase2/DVD4/swb2_4/sw_24145A.sph 3861
/corpora/sre/SwitchBoard2/Phase2/DVD3/swb2_3/sw_24229A.sph 3861
/corpora/sre/SwitchBoard2/Phase2/DVD4/swb2_4/sw_24297A.sph 3861
/corpora/sre/SwitchBoard2/Phase2/DVD5/swb2_5/sw_24350A.sph 3861
/corpora/sre/SwitchBoard2/Phase2/DVD4/swb2_4/sw_24384A.sph 3861
/corpora/sre/SwitchBoard2/Phase2/DVD4/swb2_4/sw_24421A.sph 3861
/corpora/sre/SwitchBoard2/Phase2/DVD5/swb2_5/sw_24477A.sph 3861
/corpora/sre/SwitchBoard2/Phase2/DVD5/swb2_5/sw_24533A.sph 3861
/corpora/sre/SwitchBoard2/Phase2/DVD2/swb2_2/sw_24576A.sph 3861
/corpora/sre/SwitchBoard2/Phase2/DVD3/swb2_3/sw_22280A.sph 3879
/corpora/sre/SwitchBoard2/Phase2/DVD6/swb2_6/sw_22414A.sph 3879
/corpora/sre/SwitchBoard2/Phase2/DVD3/swb2_3/sw_22361B.sph 3879
/corpora/sre/SwitchBoard2/Phase2/DVD5/swb2_5/sw_22535A.sph 3879
/corpora/sre/SwitchBoard2/Phase2/DVD3/swb2_3/sw_22813B.sph 3879
/corpora/sre/SwitchBoard2/Phase2/DVD4/swb2_4/sw_22888B.sph 3879
/corpora/sre/SwitchBoard2/Phase2/DVD3/swb2_3/sw_23089A.sph 3879
/corpora/sre/SwitchBoard2/Phase2/DVD5/swb2_5/sw_23221A.sph 3879
/corpora/sre/SwitchBoard2/Phase2/DVD5/swb2_5/sw_23418A.sph 3879
/corpora/sre/SwitchBoard2/Phase2/DVD4/swb2_4/sw_23650A.sph 3879
/corpora/sre/SwitchBoard2/Phase2/DVD3/swb2_3/sw_23768B.sph 3879
/corpora/sre/SwitchBoard2/Phase2/DVD5/swb2_5/sw_24157B.sph 3879
/corpora/sre/SwitchBoard2/Phase2/DVD2/swb2_2/sw_24173B.sph 3879
/corpora/sre/SwitchBoard2/Phase2/DVD3/swb2_3/sw_24422A.sph 3879
/corpora/sre/SwitchBoard2/Phase2/DVD4/swb2_4/sw_22299B.sph 3900
/corpora/sre/SwitchBoard2/Phase2/DVD4/swb2_4/sw_22541A.sph 3900
/corpora/sre/SwitchBoard2/Phase2/DVD5/swb2_5/sw_22671B.sph 3900
/corpora/sre/SwitchBoard2/Phase2/DVD3/swb2_3/sw_22851A.sph 3900
/corpora/sre/SwitchBoard2/Phase2/DVD3/swb2_3/sw_22733B.sph 3900
/corpora/sre/SwitchBoard2/Phase2/DVD3/swb2_3/sw_23094A.sph 3900
/corpora/sre/SwitchBoard2/Phase2/DVD5/swb2_5/sw_23079B.sph 3900
/corpora/sre/SwitchBoard2/Phase2/DVD3/swb2_3/sw_23653A.sph 3900
/corpora/sre/SwitchBoard2/Phase2/DVD4/swb2_4/sw_23544B.sph 3900
/corpora/sre/SwitchBoard2/Phase2/DVD3/swb2_3/sw_24335B.sph 3900
