/corpora/sre/SwitchBoard2/Phase2/DVD1/swb2_1/sw_20008A.sph 3038
/corpora/sre/SwitchBoard2/Phase2/DVD1/swb2_1/sw_20041B.sph 3038
/corpora/sre/SwitchBoard2/Phase2/DVD1/swb2_1/sw_20054A.sph 3038
/corpora/sre/SwitchBoard2/Phase2/DVD2/swb2_2/sw_20240A.sph 3038
/corpora/sre/SwitchBoard2/Phase2/DVD1/swb2_1/sw_20468B.sph 3038
/corpora/sre/SwitchBoard2/Phase2/DVD2/swb2_2/sw_21136B.sph 3038
/corpora/sre/SwitchBoard2/Phase2/DVD1/swb2_1/sw_21149A.sph 3038
/corpora/sre/SwitchBoard2/Phase2/DVD5/swb2_5/sw_21898B.sph 3038
/corpora/sre/SwitchBoard2/Phase2/DVD5/swb2_5/sw_23831B.sph 3038
/corpora/sre/SwitchBoard2/Phase2/DVD4/swb2_4/sw_24490A.sph 3038
/corpora/sre/SwitchBoard2/Phase2/DVD5/swb2_5/sw_24563B.sph 3038
/corpora/sre/SwitchBoard2/Phase2/DVD1/swb2_1/sw_20123B.sph 3043
/corpora/sre/SwitchBoard2/Phase2/DVD2/swb2_2/sw_20309B.sph 3043
/corpora/sre/SwitchBoard2/Phase2/DVD1/swb2_1/sw_20634B.sph 3043
/corpora/sre/SwitchBoard2/Phase2/DVD2/swb2_2/sw_20803B.sph 3043
/corpora/sre/SwitchBoard2/Phase2/DVD1/swb2_1/sw_21129B.sph 3043
/corpora/sre/SwitchBoard2/Phase2/DVD4/swb2_4/sw_21599B.sph 3043
/corpora/sre/SwitchBoard2/Phase2/DVD4/swb2_4/sw_23971A.sph 3043
/corpora/sre/SwitchBoard2/Phase2/DVD1/swb2_1/sw_20510B.sph 3045
/corpora/sre/SwitchBoard2/Phase2/DVD2/swb2_2/sw_20759B.sph 3045
/corpora/sre/SwitchBoard2/Phase2/DVD2/swb2_2/sw_20902B.sph 3045
/corpora/sre/SwitchBoard2/Phase2/DVD2/swb2_2/sw_21594B.sph 3045
/corpora/sre/SwitchBoard2/Phase2/DVD3/swb2_3/sw_21743B.sph 3045
/corpora/sre/SwitchBoard2/Phase2/DVD3/swb2_3/sw_22589B.sph 3045
/corpora/sre/SwitchBoard2/Phase2/DVD4/swb2_4/sw_22830B.sph 3045
/corpora/sre/SwitchBoard2/Phase2/DVD3/swb2_3/sw_23370B.sph 3045
/corpora/sre/SwitchBoard2/Phase2/DVD1/swb2_1/sw_20131B.sph 3048
/corpora/sre/SwitchBoard2/Phase2/DVD2/swb2_2/sw_20218B.sph 3048
/corpora/sre/SwitchBoard2/Phase2/DVD4/swb2_4/sw_21414B.sph 3048
/corpora/sre/SwitchBoard2/Phase2/DVD4/swb2_4/sw_22185B.sph 3048
/corpora/sre/SwitchBoard2/Phase2/DVD4/swb2_4/sw_22674B.sph 3048
/corpora/sre/SwitchBoard2/Phase2/DVD3/swb2_3/sw_23433A.sph 3048
/corpora/sre/SwitchBoard2/Phase2/DVD2/swb2_2/sw_20176B.sph 3068
/corpora/sre/SwitchBoard2/Phase2/DVD1/swb2_1/sw_20842B.sph 3068
/corpora/sre/SwitchBoard2/Phase2/DVD2/swb2_2/sw_20934B.sph 3068
/corpora/sre/SwitchBoard2/Phase2/DVD1/swb2_1/sw_21009A.sph 3068
/corpora/sre/SwitchBoard2/Phase2/DVD2/swb2_2/sw_21127B.sph 3068
/corpora/sre/SwitchBoard2/Phase2/DVD5/swb2_5/sw_22635B.sph 3068
/corpora/sre/SwitchBoard2/Phase2/DVD1/swb2_1/sw_20075A.sph 3127
/corpora/sre/SwitchBoard2/Phase2/DVD1/swb2_1/sw_20126A.sph 3127
/corpora/sre/SwitchBoard2/Phase2/DVD1/swb2_1/sw_20170A.sph 3127
/corpora/sre/SwitchBoard2/Phase2/DVD1/swb2_1/sw_20256A.sph 3127
/corpora/sre/SwitchBoard2/Phase2/DVD2/swb2_2/sw_20442B.sph 3127
/corpora/sre/SwitchBoard2/Phase2/DVD2/swb2_2/sw_20838A.sph 3127
/corpora/sre/SwitchBoard2/Phase2/DVD2/swb2_2/sw_21025A.sph 3127
/corpora/sre/SwitchBoard2/Phase2/DVD1/swb2_1/sw_21164A.sph 3127
/corpora/sre/SwitchBoard2/Phase2/DVD2/swb2_2/sw_21293A.sph 3127
/corpora/sre/SwitchBoard2/Phase2/DVD3/swb2_3/sw_21591A.sph 3127
/corpora/sre/SwitchBoard2/Phase2/DVD5/swb2_5/sw_21797A.sph 3127
/corpora/sre/SwitchBoard2/Phase2/DVD3/swb2_3/sw_21907A.sph 3127
/corpora/sre/SwitchBoard2/Phase2/DVD4/swb2_4/sw_22052A.sph 3127
/corpora/sre/SwitchBoard2/Phase2/DVD2/swb2_2/sw_22176A.sph 3127
/corpora/sre/SwitchBoard2/Phase2/DVD2/swb2_2/sw_22239B.sph 3127
/corpora/sre/SwitchBoard2/Phase2/DVD5/swb2_5/sw_22315A.sph 3127
/corpora/sre/SwitchBoard2/Phase2/DVD4/swb2_4/sw_23210B.sph 3127
/corpora/sre/SwitchBoard2/Phase2/DVD3/swb2_3/sw_23686A.sph 3127
/corpora/sre/SwitchBoard2/Phase2/DVD4/swb2_4/sw_23751B.sph 3127
/corpora/sre/SwitchBoard2/Phase2/DVD5/swb2_5/sw_23839A.sph 3127
/corpora/sre/SwitchBoard2/Phase2/DVD5/swb2_5/sw_24106A.sph 3127
/corpora/sre/SwitchBoard2/Phase2/DVD5/swb2_5/sw_24188B.sph 3127
/corpora/sre/SwitchBoard2/Phase2/DVD2/swb2_2/sw_24255A.sph 3127
/corpora/sre/SwitchBoard2/Phase2/DVD4/swb2_4/sw_24314A.sph 3127
/corpora/sre/SwitchBoard2/Phase2/DVD4/swb2_4/sw_24396A.sph 3127
/corpora/sre/SwitchBoard2/Phase2/DVD4/swb2_4/sw_24434A.sph 3127
/corpora/sre/SwitchBoard2/Phase2/DVD3/swb2_3/sw_24542A.sph 3127
/corpora/sre/SwitchBoard2/Phase2/DVD2/swb2_2/sw_20202B.sph 3185
/corpora/sre/SwitchBoard2/Phase2/DVD2/swb2_2/sw_20867B.sph 3185
/corpora/sre/SwitchBoard2/Phase2/DVD1/swb2_1/sw_21336B.sph 3185
/corpora/sre/SwitchBoard2/Phase2/DVD2/swb2_2/sw_21475B.sph 3185
/corpora/sre/SwitchBoard2/Phase2/DVD6/swb2_6/sw_21914B.sph 3185
/corpora/sre/SwitchBoard2/Phase2/DVD4/swb2_4/sw_22266B.sph 3185
/corpora/sre/SwitchBoard2/Phase2/DVD5/swb2_5/sw_22415B.sph 3185
/corpora/sre/SwitchBoard2/Phase2/DVD5/swb2_5/sw_22485B.sph 3185
/corpora/sre/SwitchBoard2/Phase2/DVD5/swb2_5/sw_22792B.sph 3185
/corpora/sre/SwitchBoard2/Phase2/DVD3/swb2_3/sw_23597B.sph 3185
/corpora/sre/SwitchBoard2/Phase2/DVD1/swb2_1/sw_20022B.sph 3214
/corpora/sre/SwitchBoard2/Phase2/DVD1/swb2_1/sw_20678B.sph 3214
/corpora/sre/SwitchBoard2/Phase2/DVD1/swb2_1/sw_20714B.sph 3214
/corpora/sre/SwitchBoard2/Phase2/DVD1/swb2_1/sw_20930A.sph 3214
/corpora/sre/SwitchBoard2/Phase2/DVD2/swb2_2/sw_21095B.sph 3214
/corpora/sre/SwitchBoard2/Phase2/DVD1/swb2_1/sw_21280B.sph 3214
/corpora/sre/SwitchBoard2/Phase2/DVD4/swb2_4/sw_21603A.sph 3214
/corpora/sre/SwitchBoard2/Phase2/DVD3/swb2_3/sw_21919B.sph 3214
/corpora/sre/SwitchBoard2/Phase2/DVD5/swb2_5/sw_22058A.sph 3214
/corpora/sre/SwitchBoard2/Phase2/DVD5/swb2_5/sw_22333B.sph 3214
/corpora/sre/SwitchBoard2/Phase2/DVD4/swb2_4/sw_22893A.sph 3214
/corpora/sre/SwitchBoard2/Phase2/DVD3/swb2_3/sw_23131B.sph 3214
/corpora/sre/SwitchBoard2/Phase2/DVD5/swb2_5/sw_23556A.sph 3214
/corpora/sre/SwitchBoard2/Phase2/DVD1/swb2_1/sw_20089A.sph 3221
/corpora/sre/SwitchBoard2/Phase2/DVD1/swb2_1/sw_20183B.sph 3221
/corpora/sre/SwitchBoard2/Phase2/DVD1/swb2_1/sw_20196B.sph 3221
/corpora/sre/SwitchBoard2/Phase2/DVD2/swb2_2/sw_20267A.sph 3221
/corpora/sre/SwitchBoard2/Phase2/DVD2/swb2_2/sw_20363A.sph 3221
/corpora/sre/SwitchBoard2/Phase2/DVD1/swb2_1/sw_20515B.sph 3221
/corpora/sre/SwitchBoard2/Phase2/DVD1/swb2_1/sw_20605A.sph 3221
/corpora/sre/SwitchBoard2/Phase2/DVD1/swb2_1/sw_20730B.sph 3221
/corpora/sre/SwitchBoard2/Phase2/DVD1/swb2_1/sw_20874B.sph 3221
/corpora/sre/SwitchBoard2/Phase2/DVD2/swb2_2/sw_20931A.sph 3221
/corpora/sre/SwitchBoard2/Phase2/DVD2/swb2_2/sw_21037A.sph 3221
/corpora/sre/SwitchBoard2/Phase2/DVD2/swb2_2/sw_21469A.sph 3221
/corpora/sre/SwitchBoard2/Phase2/DVD3/swb2_3/sw_21718A.sph 3221
/corpora/sre/SwitchBoard2/Phase2/DVD3/swb2_3/sw_21844B.sph 3221
/corpora/sre/SwitchBoard2/Phase2/DVD3/swb2_3/sw_22041B.sph 3221
/corpora/sre/SwitchBoard2/Phase2/DVD4/swb2_4/sw_22185A.sph 3221
/corpora/sre/SwitchBoard2/Phase2/DVD5/swb2_5/sw_22598B.sph 3221
/corpora/sre/SwitchBoard2/Phase2/DVD3/swb2_3/sw_23006A.sph 3221
/corpora/sre/SwitchBoard2/Phase2/DVD1/swb2_1/sw_20063B.sph 3240
/corpora/sre/SwitchBoard2/Phase2/DVD1/swb2_1/sw_20174B.sph 3240
/corpora/sre/SwitchBoard2/Phase2/DVD1/swb2_1/sw_20400B.sph 3240
/corpora/sre/SwitchBoard2/Phase2/DVD1/swb2_1/sw_20468A.sph 3240
/corpora/sre/SwitchBoard2/Phase2/DVD2/swb2_2/sw_20820B.sph 3240
/corpora/sre/SwitchBoard2/Phase2/DVD3/swb2_3/sw_20973B.sph 3240
/corpora/sre/SwitchBoard2/Phase2/DVD2/swb2_2/sw_21041A.sph 3240
/corpora/sre/SwitchBoard2/Phase2/DVD2/swb2_2/sw_21606A.sph 3240
/corpora/sre/SwitchBoard2/Phase2/DVD2/swb2_2/sw_21744B.sph 3240
/corpora/sre/SwitchBoard2/Phase2/DVD5/swb2_5/sw_21797B.sph 3240
/corpora/sre/SwitchBoard2/Phase2/DVD2/swb2_2/sw_22570B.sph 3240
/corpora/sre/SwitchBoard2/Phase2/DVD3/swb2_3/sw_23451A.sph 3240
/corpora/sre/SwitchBoard2/Phase2/DVD1/swb2_1/sw_20061B.sph 3264
/corpora/sre/SwitchBoard2/Phase2/DVD1/swb2_1/sw_20474A.sph 3264
/corpora/sre/SwitchBoard2/Phase2/DVD1/swb2_1/sw_20772B.sph 3264
/corpora/sre/SwitchBoard2/Phase2/DVD1/swb2_1/sw_21075B.sph 3264
/corpora/sre/SwitchBoard2/Phase2/DVD2/swb2_2/sw_21315A.sph 3264
/corpora/sre/SwitchBoard2/Phase2/DVD5/swb2_5/sw_21476A.sph 3264
/corpora/sre/SwitchBoard2/Phase2/DVD2/swb2_2/sw_21606B.sph 3264
/corpora/sre/SwitchBoard2/Phase2/DVD4/swb2_4/sw_21721A.sph 3264
/corpora/sre/SwitchBoard2/Phase2/DVD2/swb2_2/sw_21927A.sph 3264
/corpora/sre/SwitchBoard2/Phase2/DVD4/swb2_4/sw_22354B.sph 3264
/corpora/sre/SwitchBoard2/Phase2/DVD5/swb2_5/sw_22604B.sph 3264
/corpora/sre/SwitchBoard2/Phase2/DVD4/swb2_4/sw_22762A.sph 3264
/corpora/sre/SwitchBoard2/Phase2/DVD5/swb2_5/sw_23423B.sph 3264
/corpora/sre/SwitchBoard2/Phase2/DVD5/swb2_5/sw_23455A.sph 3264
/corpora/sre/SwitchBoard2/Phase2/DVD5/swb2_5/sw_23561A.sph 3264
/corpora/sre/SwitchBoard2/Phase2/DVD3/swb2_3/sw_23955B.sph 3264
/corpora/sre/SwitchBoard2/Phase2/DVD4/swb2_4/sw_24320A.sph 3264
/corpora/sre/SwitchBoard2/Phase2/DVD1/swb2_1/sw_20095A.sph 3278
/corpora/sre/SwitchBoard2/Phase2/DVD2/swb2_2/sw_20181A.sph 3278
/corpora/sre/SwitchBoard2/Phase2/DVD1/swb2_1/sw_20215A.sph 3278
/corpora/sre/SwitchBoard2/Phase2/DVD2/swb2_2/sw_20367A.sph 3278
/corpora/sre/SwitchBoard2/Phase2/DVD1/swb2_1/sw_20613A.sph 3278
/corpora/sre/SwitchBoard2/Phase2/DVD1/swb2_1/sw_20846A.sph 3278
/corpora/sre/SwitchBoard2/Phase2/DVD1/swb2_1/sw_20933A.sph 3278
/corpora/sre/SwitchBoard2/Phase2/DVD1/swb2_1/sw_21179A.sph 3278
/corpora/sre/SwitchBoard2/Phase2/DVD1/swb2_1/sw_21389B.sph 3278
/corpora/sre/SwitchBoard2/Phase2/DVD3/swb2_3/sw_21486B.sph 3278
/corpora/sre/SwitchBoard2/Phase2/DVD3/swb2_3/sw_21592B.sph 3278
/corpora/sre/SwitchBoard2/Phase2/DVD4/swb2_4/sw_21722A.sph 3278
/corpora/sre/SwitchBoard2/Phase2/DVD2/swb2_2/sw_21808A.sph 3278
/corpora/sre/SwitchBoard2/Phase2/DVD5/swb2_5/sw_21928A.sph 3278
/corpora/sre/SwitchBoard2/Phase2/DVD2/swb2_2/sw_22062A.sph 3278
/corpora/sre/SwitchBoard2/Phase2/DVD4/swb2_4/sw_22271B.sph 3278
/corpora/sre/SwitchBoard2/Phase2/DVD2/swb2_2/sw_22326A.sph 3278
/corpora/sre/SwitchBoard2/Phase2/DVD5/swb2_5/sw_22472A.sph 3278
/corpora/sre/SwitchBoard2/Phase2/DVD5/swb2_5/sw_22741B.sph 3278
/corpora/sre/SwitchBoard2/Phase2/DVD3/swb2_3/sw_22897A.sph 3278
/corpora/sre/SwitchBoard2/Phase2/DVD4/swb2_4/sw_23060B.sph 3278
/corpora/sre/SwitchBoard2/Phase2/DVD3/swb2_3/sw_23315B.sph 3278
/corpora/sre/SwitchBoard2/Phase2/DVD5/swb2_5/sw_23456A.sph 3278
/corpora/sre/SwitchBoard2/Phase2/DVD4/swb2_4/sw_23563A.sph 3278
/corpora/sre/SwitchBoard2/Phase2/DVD5/swb2_5/sw_23524B.sph 3278
/corpora/sre/SwitchBoard2/Phase2/DVD1/swb2_1/sw_20039A.sph 3279
/corpora/sre/SwitchBoard2/Phase2/DVD1/swb2_1/sw_20141A.sph 3279
/corpora/sre/SwitchBoard2/Phase2/DVD1/swb2_1/sw_20182A.sph 3279
/corpora/sre/SwitchBoard2/Phase2/DVD1/swb2_1/sw_20216A.sph 3279
/corpora/sre/SwitchBoard2/Phase2/DVD1/swb2_1/sw_20274A.sph 3279
/corpora/sre/SwitchBoard2/Phase2/DVD1/swb2_1/sw_20368A.sph 3279
/corpora/sre/SwitchBoard2/Phase2/DVD1/swb2_1/sw_20427B.sph 3279
/corpora/sre/SwitchBoard2/Phase2/DVD1/swb2_1/sw_20652B.sph 3279
/corpora/sre/SwitchBoard2/Phase2/DVD2/swb2_2/sw_20747A.sph 3279
/corpora/sre/SwitchBoard2/Phase2/DVD2/swb2_2/sw_20847A.sph 3279
/corpora/sre/SwitchBoard2/Phase2/DVD2/swb2_2/sw_20934A.sph 3279
/corpora/sre/SwitchBoard2/Phase2/DVD2/swb2_2/sw_20929B.sph 3279
/corpora/sre/SwitchBoard2/Phase2/DVD1/swb2_1/sw_21046A.sph 3279
/corpora/sre/SwitchBoard2/Phase2/DVD1/swb2_1/sw_21180A.sph 3279
/corpora/sre/SwitchBoard2/Phase2/DVD1/swb2_1/sw_21316A.sph 3279
/corpora/sre/SwitchBoard2/Phase2/DVD5/swb2_5/sw_21459B.sph 3279
/corpora/sre/SwitchBoard2/Phase2/DVD5/swb2_5/sw_21809A.sph 3279
/corpora/sre/SwitchBoard2/Phase2/DVD2/swb2_2/sw_21850B.sph 3279
/corpora/sre/SwitchBoard2/Phase2/DVD5/swb2_5/sw_21929A.sph 3279
/corpora/sre/SwitchBoard2/Phase2/DVD4/swb2_4/sw_22190A.sph 3279
/corpora/sre/SwitchBoard2/Phase2/DVD5/swb2_5/sw_22327A.sph 3279
/corpora/sre/SwitchBoard2/Phase2/DVD3/swb2_3/sw_22763A.sph 3279
/corpora/sre/SwitchBoard2/Phase2/DVD2/swb2_2/sw_22898A.sph 3279
/corpora/sre/SwitchBoard2/Phase2/DVD4/swb2_4/sw_23056B.sph 3279
/corpora/sre/SwitchBoard2/Phase2/DVD3/swb2_3/sw_23146A.sph 3279
/corpora/sre/SwitchBoard2/Phase2/DVD3/swb2_3/sw_23145B.sph 3279
/corpora/sre/SwitchBoard2/Phase2/DVD4/swb2_4/sw_23457A.sph 3279
/corpora/sre/SwitchBoard2/Phase2/DVD4/swb2_4/sw_23564A.sph 3279
/corpora/sre/SwitchBoard2/Phase2/DVD4/swb2_4/sw_23696A.sph 3279
/corpora/sre/SwitchBoard2/Phase2/DVD3/swb2_3/sw_23790A.sph 3279
/corpora/sre/SwitchBoard2/Phase2/DVD4/swb2_4/sw_23846A.sph 3279
/corpora/sre/SwitchBoard2/Phase2/DVD5/swb2_5/sw_23982B.sph 3279
/corpora/sre/SwitchBoard2/Phase2/DVD5/swb2_5/sw_24043A.sph 3279
/corpora/sre/SwitchBoard2/Phase2/DVD3/swb2_3/sw_24115A.sph 3279
/corpora/sre/SwitchBoard2/Phase2/DVD1/swb2_1/sw_21304B.sph 3336
/corpora/sre/SwitchBoard2/Phase2/DVD4/swb2_4/sw_21484A.sph 3336
/corpora/sre/SwitchBoard2/Phase2/DVD2/swb2_2/sw_21612A.sph 3336
/corpora/sre/SwitchBoard2/Phase2/DVD4/swb2_4/sw_21935A.sph 3336
/corpora/sre/SwitchBoard2/Phase2/DVD5/swb2_5/sw_22197A.sph 3336
/corpora/sre/SwitchBoard2/Phase2/DVD5/swb2_5/sw_22332A.sph 3336
/corpora/sre/SwitchBoard2/Phase2/DVD4/swb2_4/sw_22442B.sph 3336
/corpora/sre/SwitchBoard2/Phase2/DVD3/swb2_3/sw_23100B.sph 3336
/corpora/sre/SwitchBoard2/Phase2/DVD5/swb2_5/sw_23318B.sph 3336
/corpora/sre/SwitchBoard2/Phase2/DVD3/swb2_3/sw_23647B.sph 3336
/corpora/sre/SwitchBoard2/Phase2/DVD6/swb2_6/sw_23788B.sph 3336
/corpora/sre/SwitchBoard2/Phase2/DVD5/swb2_5/sw_24482B.sph 3336
/corpora/sre/SwitchBoard2/Phase2/DVD1/swb2_1/sw_20544B.sph 3383
/corpora/sre/SwitchBoard2/Phase2/DVD2/swb2_2/sw_20789B.sph 3383
/corpora/sre/SwitchBoard2/Phase2/DVD1/swb2_1/sw_21284B.sph 3383
/corpora/sre/SwitchBoard2/Phase2/DVD5/swb2_5/sw_21496A.sph 3383
/corpora/sre/SwitchBoard2/Phase2/DVD3/swb2_3/sw_21618B.sph 3383
/corpora/sre/SwitchBoard2/Phase2/DVD4/swb2_4/sw_21754B.sph 3383
/corpora/sre/SwitchBoard2/Phase2/DVD4/swb2_4/sw_21923B.sph 3383
/corpora/sre/SwitchBoard2/Phase2/DVD5/swb2_5/sw_22485A.sph 3383
/corpora/sre/SwitchBoard2/Phase2/DVD3/swb2_3/sw_22700B.sph 3383
/corpora/sre/SwitchBoard2/Phase2/DVD3/swb2_3/sw_22777A.sph 3383
/corpora/sre/SwitchBoard2/Phase2/DVD5/swb2_5/sw_23153A.sph 3383
/corpora/sre/SwitchBoard2/Phase2/DVD3/swb2_3/sw_23332B.sph 3383
/corpora/sre/SwitchBoard2/Phase2/DVD4/swb2_4/sw_23380A.sph 3383
/corpora/sre/SwitchBoard2/Phase2/DVD4/swb2_4/sw_23439B.sph 3383
/corpora/sre/SwitchBoard2/Phase2/DVD2/swb2_2/sw_23705A.sph 3383
/corpora/sre/SwitchBoard2/Phase2/DVD5/swb2_5/sw_23795A.sph 3383
/corpora/sre/SwitchBoard2/Phase2/DVD4/swb2_4/sw_23884A.sph 3383
/corpora/sre/SwitchBoard2/Phase2/DVD3/swb2_3/sw_24185A.sph 3383
/corpora/sre/SwitchBoard2/Phase2/DVD3/swb2_3/sw_24367A.sph 3383
/corpora/sre/SwitchBoard2/Phase2/DVD1/swb2_1/sw_20254B.sph 3401
/corpora/sre/SwitchBoard2/Phase2/DVD1/swb2_1/sw_21114B.sph 3401
/corpora/sre/SwitchBoard2/Phase2/DVD5/swb2_5/sw_21546B.sph 3401
/corpora/sre/SwitchBoard2/Phase2/DVD4/swb2_4/sw_22410B.sph 3401
/corpora/sre/SwitchBoard2/Phase2/DVD3/swb2_3/sw_22964B.sph 3401
/corpora/sre/SwitchBoard2/Phase2/DVD3/swb2_3/sw_23464A.sph 3401
/corpora/sre/SwitchBoard2/Phase2/DVD4/swb2_4/sw_23797A.sph 3401
/corpora/sre/SwitchBoard2/Phase2/DVD3/swb2_3/sw_24134B.sph 3401
/corpora/sre/SwitchBoard2/Phase2/DVD1/swb2_1/sw_20643A.sph 3410
/corpora/sre/SwitchBoard2/Phase2/DVD2/swb2_2/sw_20574B.sph 3410
/corpora/sre/SwitchBoard2/Phase2/DVD3/swb2_3/sw_20953A.sph 3410
/corpora/sre/SwitchBoard2/Phase2/DVD1/swb2_1/sw_20921B.sph 3410
/corpora/sre/SwitchBoard2/Phase2/DVD1/swb2_1/sw_21063A.sph 3410
/corpora/sre/SwitchBoard2/Phase2/DVD2/swb2_2/sw_21198A.sph 3410
/corpora/sre/SwitchBoard2/Phase2/DVD1/swb2_1/sw_21321B.sph 3410
/corpora/sre/SwitchBoard2/Phase2/DVD3/swb2_3/sw_21499A.sph 3410
/corpora/sre/SwitchBoard2/Phase2/DVD2/swb2_2/sw_21625A.sph 3410
/corpora/sre/SwitchBoard2/Phase2/DVD5/swb2_5/sw_21820A.sph 3410
/corpora/sre/SwitchBoard2/Phase2/DVD5/swb2_5/sw_22027B.sph 3410
/corpora/sre/SwitchBoard2/Phase2/DVD3/swb2_3/sw_22206A.sph 3410
/corpora/sre/SwitchBoard2/Phase2/DVD5/swb2_5/sw_22522B.sph 3410
/corpora/sre/SwitchBoard2/Phase2/DVD5/swb2_5/sw_22590A.sph 3410
/corpora/sre/SwitchBoard2/Phase2/DVD5/swb2_5/sw_22666A.sph 3410
/corpora/sre/SwitchBoard2/Phase2/DVD3/swb2_3/sw_22746B.sph 3410
/corpora/sre/SwitchBoard2/Phase2/DVD3/swb2_3/sw_23158A.sph 3410
/corpora/sre/SwitchBoard2/Phase2/DVD2/swb2_2/sw_23284A.sph 3410
/corpora/sre/SwitchBoard2/Phase2/DVD3/swb2_3/sw_23465A.sph 3410
/corpora/sre/SwitchBoard2/Phase2/DVD5/swb2_5/sw_23580A.sph 3410
/corpora/sre/SwitchBoard2/Phase2/DVD5/swb2_5/sw_23707A.sph 3410
/corpora/sre/SwitchBoard2/Phase2/DVD3/swb2_3/sw_23798A.sph 3410
/corpora/sre/SwitchBoard2/Phase2/DVD3/swb2_3/sw_23887A.sph 3410
/corpora/sre/SwitchBoard2/Phase2/DVD5/swb2_5/sw_23944A.sph 3410
/corpora/sre/SwitchBoard2/Phase2/DVD3/swb2_3/sw_23987A.sph 3410
/corpora/sre/SwitchBoard2/Phase2/DVD3/swb2_3/sw_24404A.sph 3410
/corpora/sre/SwitchBoard2/Phase2/DVD5/swb2_5/sw_24578B.sph 3410
/corpora/sre/SwitchBoard2/Phase2/DVD1/swb2_1/sw_20222A.sph 3429
/corpora/sre/SwitchBoard2/Phase2/DVD1/swb2_1/sw_20303A.sph 3429
/corpora/sre/SwitchBoard2/Phase2/DVD1/swb2_1/sw_20394A.sph 3429
/corpora/sre/SwitchBoard2/Phase2/DVD1/swb2_1/sw_20500B.sph 3429
/corpora/sre/SwitchBoard2/Phase2/DVD1/swb2_1/sw_20649A.sph 3429
/corpora/sre/SwitchBoard2/Phase2/DVD1/swb2_1/sw_20774B.sph 3429
/corpora/sre/SwitchBoard2/Phase2/DVD2/swb2_2/sw_20864B.sph 3429
/corpora/sre/SwitchBoard2/Phase2/DVD1/swb2_1/sw_21341A.sph 3429
/corpora/sre/SwitchBoard2/Phase2/DVD4/swb2_4/sw_21501A.sph 3429
/corpora/sre/SwitchBoard2/Phase2/DVD4/swb2_4/sw_21741B.sph 3429
/corpora/sre/SwitchBoard2/Phase2/DVD5/swb2_5/sw_22095B.sph 3429
/corpora/sre/SwitchBoard2/Phase2/DVD2/swb2_2/sw_22212A.sph 3429
/corpora/sre/SwitchBoard2/Phase2/DVD5/swb2_5/sw_22352A.sph 3429
/corpora/sre/SwitchBoard2/Phase2/DVD2/swb2_2/sw_22564B.sph 3429
/corpora/sre/SwitchBoard2/Phase2/DVD3/swb2_3/sw_22782A.sph 3429
/corpora/sre/SwitchBoard2/Phase2/DVD3/swb2_3/sw_23383A.sph 3429
/corpora/sre/SwitchBoard2/Phase2/DVD2/swb2_2/sw_24168B.sph 3429
/corpora/sre/SwitchBoard2/Phase2/DVD3/swb2_3/sw_24422B.sph 3429
/corpora/sre/SwitchBoard2/Phase2/DVD2/swb2_2/sw_20259B.sph 3431
/corpora/sre/SwitchBoard2/Phase2/DVD2/swb2_2/sw_20384B.sph 3431
/corpora/sre/SwitchBoard2/Phase2/DVD1/swb2_1/sw_20509A.sph 3431
/corpora/sre/SwitchBoard2/Phase2/DVD2/swb2_2/sw_21240B.sph 3431
/corpora/sre/SwitchBoard2/Phase2/DVD2/swb2_2/sw_21625B.sph 3431
/corpora/sre/SwitchBoard2/Phase2/DVD3/swb2_3/sw_22369B.sph 3431
/corpora/sre/SwitchBoard2/Phase2/DVD5/swb2_5/sw_22470B.sph 3431
/corpora/sre/SwitchBoard2/Phase2/DVD3/swb2_3/sw_23265B.sph 3431
/corpora/sre/SwitchBoard2/Phase2/DVD3/swb2_3/sw_23679B.sph 3431
/corpora/sre/SwitchBoard2/Phase2/DVD3/swb2_3/sw_23853A.sph 3431
/corpora/sre/SwitchBoard2/Phase2/DVD4/swb2_4/sw_23947A.sph 3431
/corpora/sre/SwitchBoard2/Phase2/DVD5/swb2_5/sw_23945B.sph 3433
/corpora/sre/SwitchBoard2/Phase2/DVD4/swb2_4/sw_24246B.sph 3433
/corpora/sre/SwitchBoard2/Phase2/DVD4/swb2_4/sw_24378B.sph 3433
/corpora/sre/SwitchBoard2/Phase2/DVD1/swb2_1/sw_20300B.sph 3435
/corpora/sre/SwitchBoard2/Phase2/DVD1/swb2_1/sw_20357B.sph 3435
/corpora/sre/SwitchBoard2/Phase2/DVD2/swb2_2/sw_21422B.sph 3435
/corpora/sre/SwitchBoard2/Phase2/DVD3/swb2_3/sw_22073B.sph 3435
/corpora/sre/SwitchBoard2/Phase2/DVD2/swb2_2/sw_22734B.sph 3435
/corpora/sre/SwitchBoard2/Phase2/DVD5/swb2_5/sw_23739B.sph 3435
/corpora/sre/SwitchBoard2/Phase2/DVD5/swb2_5/sw_21632A.sph 3451
/corpora/sre/SwitchBoard2/Phase2/DVD5/swb2_5/sw_21947B.sph 3451
/corpora/sre/SwitchBoard2/Phase2/DVD5/swb2_5/sw_22081A.sph 3451
/corpora/sre/SwitchBoard2/Phase2/DVD2/swb2_2/sw_22075B.sph 3451
/corpora/sre/SwitchBoard2/Phase2/DVD4/swb2_4/sw_22216A.sph 3451
/corpora/sre/SwitchBoard2/Phase2/DVD4/swb2_4/sw_22267B.sph 3451
/corpora/sre/SwitchBoard2/Phase2/DVD4/swb2_4/sw_22355A.sph 3451
/corpora/sre/SwitchBoard2/Phase2/DVD4/swb2_4/sw_22605B.sph 3451
/corpora/sre/SwitchBoard2/Phase2/DVD2/swb2_2/sw_22720B.sph 3451
/corpora/sre/SwitchBoard2/Phase2/DVD3/swb2_3/sw_22783A.sph 3451
/corpora/sre/SwitchBoard2/Phase2/DVD4/swb2_4/sw_22912B.sph 3451
/corpora/sre/SwitchBoard2/Phase2/DVD3/swb2_3/sw_23030A.sph 3451
/corpora/sre/SwitchBoard2/Phase2/DVD3/swb2_3/sw_23163A.sph 3451
/corpora/sre/SwitchBoard2/Phase2/DVD3/swb2_3/sw_23195B.sph 3451
/corpora/sre/SwitchBoard2/Phase2/DVD5/swb2_5/sw_23291A.sph 3451
/corpora/sre/SwitchBoard2/Phase2/DVD4/swb2_4/sw_23463B.sph 3451
/corpora/sre/SwitchBoard2/Phase2/DVD3/swb2_3/sw_23584A.sph 3451
/corpora/sre/SwitchBoard2/Phase2/DVD1/swb2_1/sw_20407A.sph 3485
/corpora/sre/SwitchBoard2/Phase2/DVD1/swb2_1/sw_20522A.sph 3485
/corpora/sre/SwitchBoard2/Phase2/DVD2/swb2_2/sw_21083A.sph 3485
/corpora/sre/SwitchBoard2/Phase2/DVD2/swb2_2/sw_21211A.sph 3485
/corpora/sre/SwitchBoard2/Phase2/DVD3/swb2_3/sw_23026B.sph 3485
/corpora/sre/SwitchBoard2/Phase2/DVD5/swb2_5/sw_23173A.sph 3485
/corpora/sre/SwitchBoard2/Phase2/DVD5/swb2_5/sw_23140B.sph 3485
/corpora/sre/SwitchBoard2/Phase2/DVD2/swb2_2/sw_23485B.sph 3485
/corpora/sre/SwitchBoard2/Phase2/DVD4/swb2_4/sw_23682B.sph 3485
/corpora/sre/SwitchBoard2/Phase2/DVD5/swb2_5/sw_24212B.sph 3485
/corpora/sre/SwitchBoard2/Phase2/DVD2/swb2_2/sw_20537B.sph 3487
/corpora/sre/SwitchBoard2/Phase2/DVD2/swb2_2/sw_22089B.sph 3487
/corpora/sre/SwitchBoard2/Phase2/DVD5/swb2_5/sw_23562B.sph 3487
/corpora/sre/SwitchBoard2/Phase2/DVD2/swb2_2/sw_24086B.sph 3487
/corpora/sre/SwitchBoard2/Phase2/DVD2/swb2_2/sw_20785A.sph 3517
/corpora/sre/SwitchBoard2/Phase2/DVD1/swb2_1/sw_21092A.sph 3517
/corpora/sre/SwitchBoard2/Phase2/DVD1/swb2_1/sw_21093B.sph 3517
/corpora/sre/SwitchBoard2/Phase2/DVD2/swb2_2/sw_21185B.sph 3517
/corpora/sre/SwitchBoard2/Phase2/DVD2/swb2_2/sw_21474B.sph 3517
/corpora/sre/SwitchBoard2/Phase2/DVD5/swb2_5/sw_22835B.sph 3517
/corpora/sre/SwitchBoard2/Phase2/DVD2/swb2_2/sw_20317A.sph 3519
/corpora/sre/SwitchBoard2/Phase2/DVD2/swb2_2/sw_20533B.sph 3519
/corpora/sre/SwitchBoard2/Phase2/DVD2/swb2_2/sw_20665A.sph 3519
/corpora/sre/SwitchBoard2/Phase2/DVD1/swb2_1/sw_20667B.sph 3519
/corpora/sre/SwitchBoard2/Phase2/DVD4/swb2_4/sw_20966A.sph 3519
/corpora/sre/SwitchBoard2/Phase2/DVD2/swb2_2/sw_21094A.sph 3519
/corpora/sre/SwitchBoard2/Phase2/DVD5/swb2_5/sw_21512B.sph 3519
/corpora/sre/SwitchBoard2/Phase2/DVD5/swb2_5/sw_22026B.sph 3519
/corpora/sre/SwitchBoard2/Phase2/DVD3/swb2_3/sw_22356B.sph 3519
/corpora/sre/SwitchBoard2/Phase2/DVD5/swb2_5/sw_22691B.sph 3519
/corpora/sre/SwitchBoard2/Phase2/DVD5/swb2_5/sw_23253B.sph 3519
/corpora/sre/SwitchBoard2/Phase2/DVD5/swb2_5/sw_23557B.sph 3519
/corpora/sre/SwitchBoard2/Phase2/DVD1/swb2_1/sw_20318A.sph 3520
/corpora/sre/SwitchBoard2/Phase2/DVD2/swb2_2/sw_20536B.sph 3520
/corpora/sre/SwitchBoard2/Phase2/DVD1/swb2_1/sw_20702B.sph 3520
/corpora/sre/SwitchBoard2/Phase2/DVD1/swb2_1/sw_20729B.sph 3520
/corpora/sre/SwitchBoard2/Phase2/DVD2/swb2_2/sw_20876A.sph 3520
/corpora/sre/SwitchBoard2/Phase2/DVD2/swb2_2/sw_21008B.sph 3520
/corpora/sre/SwitchBoard2/Phase2/DVD1/swb2_1/sw_21187B.sph 3520
/corpora/sre/SwitchBoard2/Phase2/DVD3/swb2_3/sw_22511B.sph 3520
/corpora/sre/SwitchBoard2/Phase2/DVD5/swb2_5/sw_22975B.sph 3520
/corpora/sre/SwitchBoard2/Phase2/DVD4/swb2_4/sw_23393A.sph 3520
/corpora/sre/SwitchBoard2/Phase2/DVD4/swb2_4/sw_23559B.sph 3520
/corpora/sre/SwitchBoard2/Phase2/DVD2/swb2_2/sw_23718A.sph 3520
/corpora/sre/SwitchBoard2/Phase2/DVD1/swb2_1/sw_20184B.sph 3575
/corpora/sre/SwitchBoard2/Phase2/DVD1/swb2_1/sw_20676A.sph 3575
/corpora/sre/SwitchBoard2/Phase2/DVD2/swb2_2/sw_20856B.sph 3575
/corpora/sre/SwitchBoard2/Phase2/DVD1/swb2_1/sw_20369B.sph 3611
/corpora/sre/SwitchBoard2/Phase2/DVD1/swb2_1/sw_20683A.sph 3611
/corpora/sre/SwitchBoard2/Phase2/DVD2/swb2_2/sw_20881A.sph 3611
/corpora/sre/SwitchBoard2/Phase2/DVD1/swb2_1/sw_21254B.sph 3611
/corpora/sre/SwitchBoard2/Phase2/DVD4/swb2_4/sw_21735B.sph 3611
/corpora/sre/SwitchBoard2/Phase2/DVD4/swb2_4/sw_22102A.sph 3611
/corpora/sre/SwitchBoard2/Phase2/DVD4/swb2_4/sw_22373A.sph 3611
/corpora/sre/SwitchBoard2/Phase2/DVD4/swb2_4/sw_22399B.sph 3611
/corpora/sre/SwitchBoard2/Phase2/DVD5/swb2_5/sw_22567B.sph 3611
/corpora/sre/SwitchBoard2/Phase2/DVD5/swb2_5/sw_23053A.sph 3611
/corpora/sre/SwitchBoard2/Phase2/DVD3/swb2_3/sw_23183A.sph 3611
/corpora/sre/SwitchBoard2/Phase2/DVD5/swb2_5/sw_23488A.sph 3611
/corpora/sre/SwitchBoard2/Phase2/DVD6/swb2_6/sw_24375B.sph 3611
/corpora/sre/SwitchBoard2/Phase2/DVD1/swb2_1/sw_20426A.sph 3628
/corpora/sre/SwitchBoard2/Phase2/DVD1/swb2_1/sw_20552A.sph 3628
/corpora/sre/SwitchBoard2/Phase2/DVD2/swb2_2/sw_20797A.sph 3628
/corpora/sre/SwitchBoard2/Phase2/DVD2/swb2_2/sw_20809B.sph 3628
/corpora/sre/SwitchBoard2/Phase2/DVD5/swb2_5/sw_20981A.sph 3628
/corpora/sre/SwitchBoard2/Phase2/DVD1/swb2_1/sw_21155B.sph 3628
/corpora/sre/SwitchBoard2/Phase2/DVD2/swb2_2/sw_21424B.sph 3628
/corpora/sre/SwitchBoard2/Phase2/DVD5/swb2_5/sw_21527A.sph 3628
/corpora/sre/SwitchBoard2/Phase2/DVD4/swb2_4/sw_21652A.sph 3628
/corpora/sre/SwitchBoard2/Phase2/DVD4/swb2_4/sw_21620B.sph 3628
/corpora/sre/SwitchBoard2/Phase2/DVD4/swb2_4/sw_21849A.sph 3628
/corpora/sre/SwitchBoard2/Phase2/DVD3/swb2_3/sw_22463B.sph 3628
/corpora/sre/SwitchBoard2/Phase2/DVD5/swb2_5/sw_22810A.sph 3628
/corpora/sre/SwitchBoard2/Phase2/DVD3/swb2_3/sw_23821B.sph 3628
/corpora/sre/SwitchBoard2/Phase2/DVD2/swb2_2/sw_24292B.sph 3628
/corpora/sre/SwitchBoard2/Phase2/DVD1/swb2_1/sw_20555A.sph 3643
/corpora/sre/SwitchBoard2/Phase2/DVD2/swb2_2/sw_20458B.sph 3643
/corpora/sre/SwitchBoard2/Phase2/DVD2/swb2_2/sw_20689A.sph 3643
/corpora/sre/SwitchBoard2/Phase2/DVD2/swb2_2/sw_20591B.sph 3643
/corpora/sre/SwitchBoard2/Phase2/DVD1/swb2_1/sw_21205B.sph 3643
/corpora/sre/SwitchBoard2/Phase2/DVD5/swb2_5/sw_21745B.sph 3643
/corpora/sre/SwitchBoard2/Phase2/DVD1/swb2_1/sw_20556A.sph 3644
/corpora/sre/SwitchBoard2/Phase2/DVD1/swb2_1/sw_20505B.sph 3644
/corpora/sre/SwitchBoard2/Phase2/DVD2/swb2_2/sw_20628B.sph 3644
/corpora/sre/SwitchBoard2/Phase2/DVD2/swb2_2/sw_21182B.sph 3644
/corpora/sre/SwitchBoard2/Phase2/DVD5/swb2_5/sw_22227B.sph 3644
/corpora/sre/SwitchBoard2/Phase2/DVD3/swb2_3/sw_22777B.sph 3644
/corpora/sre/SwitchBoard2/Phase2/DVD1/swb2_1/sw_21106B.sph 3733
/corpora/sre/SwitchBoard2/Phase2/DVD2/swb2_2/sw_21207B.sph 3733
/corpora/sre/SwitchBoard2/Phase2/DVD3/swb2_3/sw_22850B.sph 3733
/corpora/sre/SwitchBoard2/Phase2/DVD4/swb2_4/sw_22996B.sph 3733
/corpora/sre/SwitchBoard2/Phase2/DVD5/swb2_5/sw_23267B.sph 3733
/corpora/sre/SwitchBoard2/Phase2/DVD5/swb2_5/sw_23738A.sph 3733
/corpora/sre/SwitchBoard2/Phase2/DVD5/swb2_5/sw_23812A.sph 3733
/corpora/sre/SwitchBoard2/Phase2/DVD2/swb2_2/sw_23810B.sph 3733
/corpora/sre/SwitchBoard2/Phase2/DVD2/swb2_2/sw_24073A.sph 3733
/corpora/sre/SwitchBoard2/Phase2/DVD3/swb2_3/sw_24524A.sph 3733
/corpora/sre/SwitchBoard2/Phase2/DVD5/swb2_5/sw_22685B.sph 3734
/corpora/sre/SwitchBoard2/Phase2/DVD3/swb2_3/sw_23383B.sph 3734
/corpora/sre/SwitchBoard2/Phase2/DVD3/swb2_3/sw_23616A.sph 3734
/corpora/sre/SwitchBoard2/Phase2/DVD4/swb2_4/sw_23709B.sph 3734
/corpora/sre/SwitchBoard2/Phase2/DVD2/swb2_2/sw_20698A.sph 3739
/corpora/sre/SwitchBoard2/Phase2/DVD2/swb2_2/sw_20756B.sph 3739
/corpora/sre/SwitchBoard2/Phase2/DVD2/swb2_2/sw_20896A.sph 3739
/corpora/sre/SwitchBoard2/Phase2/DVD3/swb2_3/sw_20990A.sph 3739
/corpora/sre/SwitchBoard2/Phase2/DVD2/swb2_2/sw_21121A.sph 3739
/corpora/sre/SwitchBoard2/Phase2/DVD1/swb2_1/sw_21238A.sph 3739
/corpora/sre/SwitchBoard2/Phase2/DVD2/swb2_2/sw_21203B.sph 3739
/corpora/sre/SwitchBoard2/Phase2/DVD1/swb2_1/sw_21394A.sph 3739
/corpora/sre/SwitchBoard2/Phase2/DVD5/swb2_5/sw_21539A.sph 3739
/corpora/sre/SwitchBoard2/Phase2/DVD2/swb2_2/sw_21662A.sph 3739
/corpora/sre/SwitchBoard2/Phase2/DVD3/swb2_3/sw_21761A.sph 3739
/corpora/sre/SwitchBoard2/Phase2/DVD4/swb2_4/sw_21717B.sph 3739
/corpora/sre/SwitchBoard2/Phase2/DVD6/swb2_6/sw_21859A.sph 3739
/corpora/sre/SwitchBoard2/Phase2/DVD5/swb2_5/sw_21800B.sph 3739
/corpora/sre/SwitchBoard2/Phase2/DVD2/swb2_2/sw_21996A.sph 3739
/corpora/sre/SwitchBoard2/Phase2/DVD5/swb2_5/sw_22150B.sph 3739
/corpora/sre/SwitchBoard2/Phase2/DVD4/swb2_4/sw_22253A.sph 3739
/corpora/sre/SwitchBoard2/Phase2/DVD5/swb2_5/sw_22384A.sph 3739
/corpora/sre/SwitchBoard2/Phase2/DVD4/swb2_4/sw_22518B.sph 3739
/corpora/sre/SwitchBoard2/Phase2/DVD4/swb2_4/sw_22693A.sph 3739
/corpora/sre/SwitchBoard2/Phase2/DVD5/swb2_5/sw_22818A.sph 3739
/corpora/sre/SwitchBoard2/Phase2/DVD3/swb2_3/sw_22934A.sph 3739
/corpora/sre/SwitchBoard2/Phase2/DVD2/swb2_2/sw_23064A.sph 3739
/corpora/sre/SwitchBoard2/Phase2/DVD4/swb2_4/sw_23036B.sph 3739
/corpora/sre/SwitchBoard2/Phase2/DVD3/swb2_3/sw_23196A.sph 3739
/corpora/sre/SwitchBoard2/Phase2/DVD3/swb2_3/sw_23402A.sph 3739
/corpora/sre/SwitchBoard2/Phase2/DVD4/swb2_4/sw_23495A.sph 3739
/corpora/sre/SwitchBoard2/Phase2/DVD2/swb2_2/sw_23618A.sph 3739
/corpora/sre/SwitchBoard2/Phase2/DVD4/swb2_4/sw_23901A.sph 3739
/corpora/sre/SwitchBoard2/Phase2/DVD3/swb2_3/sw_23960A.sph 3739
/corpora/sre/SwitchBoard2/Phase2/DVD5/swb2_5/sw_24010A.sph 3739
/corpora/sre/SwitchBoard2/Phase2/DVD5/swb2_5/sw_24074A.sph 3739
/corpora/sre/SwitchBoard2/Phase2/DVD2/swb2_2/sw_24136A.sph 3739
/corpora/sre/SwitchBoard2/Phase2/DVD3/swb2_3/sw_24148B.sph 3739
/corpora/sre/SwitchBoard2/Phase2/DVD3/swb2_3/sw_24217A.sph 3739
/corpora/sre/SwitchBoard2/Phase2/DVD2/swb2_2/sw_20707A.sph 3773
/corpora/sre/SwitchBoard2/Phase2/DVD1/swb2_1/sw_20813A.sph 3773
/corpora/sre/SwitchBoard2/Phase2/DVD2/swb2_2/sw_21132A.sph 3773
/corpora/sre/SwitchBoard2/Phase2/DVD4/swb2_4/sw_22938A.sph 3773
/corpora/sre/SwitchBoard2/Phase2/DVD4/swb2_4/sw_23069A.sph 3773
/corpora/sre/SwitchBoard2/Phase2/DVD2/swb2_2/sw_23202A.sph 3773
/corpora/sre/SwitchBoard2/Phase2/DVD4/swb2_4/sw_23319A.sph 3773
/corpora/sre/SwitchBoard2/Phase2/DVD4/swb2_4/sw_23631A.sph 3773
/corpora/sre/SwitchBoard2/Phase2/DVD1/swb2_1/sw_20878B.sph 3782
/corpora/sre/SwitchBoard2/Phase2/DVD1/swb2_1/sw_21188B.sph 3782
/corpora/sre/SwitchBoard2/Phase2/DVD3/swb2_3/sw_21710B.sph 3782
/corpora/sre/SwitchBoard2/Phase2/DVD4/swb2_4/sw_21817B.sph 3782
/corpora/sre/SwitchBoard2/Phase2/DVD3/swb2_3/sw_22727B.sph 3782
/corpora/sre/SwitchBoard2/Phase2/DVD5/swb2_5/sw_23391B.sph 3782
/corpora/sre/SwitchBoard2/Phase2/DVD2/swb2_2/sw_23490B.sph 3782
/corpora/sre/SwitchBoard2/Phase2/DVD4/swb2_4/sw_24446B.sph 3782
/corpora/sre/SwitchBoard2/Phase2/DVD1/swb2_1/sw_20849B.sph 3783
/corpora/sre/SwitchBoard2/Phase2/DVD1/swb2_1/sw_21134A.sph 3783
/corpora/sre/SwitchBoard2/Phase2/DVD2/swb2_2/sw_21145B.sph 3783
/corpora/sre/SwitchBoard2/Phase2/DVD2/swb2_2/sw_21248A.sph 3783
/corpora/sre/SwitchBoard2/Phase2/DVD1/swb2_1/sw_21291B.sph 3783
/corpora/sre/SwitchBoard2/Phase2/DVD5/swb2_5/sw_21551A.sph 3783
/corpora/sre/SwitchBoard2/Phase2/DVD4/swb2_4/sw_21768A.sph 3783
/corpora/sre/SwitchBoard2/Phase2/DVD5/swb2_5/sw_21866A.sph 3783
/corpora/sre/SwitchBoard2/Phase2/DVD4/swb2_4/sw_22122A.sph 3783
/corpora/sre/SwitchBoard2/Phase2/DVD3/swb2_3/sw_22344B.sph 3783
/corpora/sre/SwitchBoard2/Phase2/DVD4/swb2_4/sw_22692B.sph 3783
/corpora/sre/SwitchBoard2/Phase2/DVD5/swb2_5/sw_23762B.sph 3783
/corpora/sre/SwitchBoard2/Phase2/DVD5/swb2_5/sw_23951B.sph 3783
/corpora/sre/SwitchBoard2/Phase2/DVD2/swb2_2/sw_24393B.sph 3783
/corpora/sre/SwitchBoard2/Phase2/DVD2/swb2_2/sw_20823A.sph 3800
/corpora/sre/SwitchBoard2/Phase2/DVD1/swb2_1/sw_21254A.sph 3800
/corpora/sre/SwitchBoard2/Phase2/DVD1/swb2_1/sw_21415A.sph 3800
/corpora/sre/SwitchBoard2/Phase2/DVD5/swb2_5/sw_21558A.sph 3800
/corpora/sre/SwitchBoard2/Phase2/DVD3/swb2_3/sw_22970B.sph 3800
/corpora/sre/SwitchBoard2/Phase2/DVD3/swb2_3/sw_24070B.sph 3800
/corpora/sre/SwitchBoard2/Phase2/DVD5/swb2_5/sw_24513B.sph 3800
/corpora/sre/SwitchBoard2/Phase2/DVD2/swb2_2/sw_21256A.sph 3810
/corpora/sre/SwitchBoard2/Phase2/DVD2/swb2_2/sw_21418A.sph 3810
/corpora/sre/SwitchBoard2/Phase2/DVD3/swb2_3/sw_21560A.sph 3810
/corpora/sre/SwitchBoard2/Phase2/DVD3/swb2_3/sw_21775A.sph 3810
/corpora/sre/SwitchBoard2/Phase2/DVD5/swb2_5/sw_21870A.sph 3810
/corpora/sre/SwitchBoard2/Phase2/DVD4/swb2_4/sw_22015A.sph 3810
/corpora/sre/SwitchBoard2/Phase2/DVD2/swb2_2/sw_23692B.sph 3810
/corpora/sre/SwitchBoard2/Phase2/DVD5/swb2_5/sw_23839B.sph 3810
/corpora/sre/SwitchBoard2/Phase2/DVD5/swb2_5/sw_23894B.sph 3810
/corpora/sre/SwitchBoard2/Phase2/DVD2/swb2_2/sw_24022B.sph 3810
/corpora/sre/SwitchBoard2/Phase2/DVD4/swb2_4/sw_24082A.sph 3810
/corpora/sre/SwitchBoard2/Phase2/DVD3/swb2_3/sw_24052B.sph 3810
/corpora/sre/SwitchBoard2/Phase2/DVD4/swb2_4/sw_24334B.sph 3810
/corpora/sre/SwitchBoard2/Phase2/DVD3/swb2_3/sw_24469B.sph 3810
/corpora/sre/SwitchBoard2/Phase2/DVD1/swb2_1/sw_21387B.sph 3824
/corpora/sre/SwitchBoard2/Phase2/DVD2/swb2_2/sw_21429A.sph 3843
/corpora/sre/SwitchBoard2/Phase2/DVD4/swb2_4/sw_21571A.sph 3843
/corpora/sre/SwitchBoard2/Phase2/DVD5/swb2_5/sw_21682A.sph 3843
/corpora/sre/SwitchBoard2/Phase2/DVD5/swb2_5/sw_21779A.sph 3843
/corpora/sre/SwitchBoard2/Phase2/DVD2/swb2_2/sw_21877A.sph 3843
/corpora/sre/SwitchBoard2/Phase2/DVD4/swb2_4/sw_22028A.sph 3843
/corpora/sre/SwitchBoard2/Phase2/DVD2/swb2_2/sw_22144A.sph 3843
/corpora/sre/SwitchBoard2/Phase2/DVD2/swb2_2/sw_22408A.sph 3843
/corpora/sre/SwitchBoard2/Phase2/DVD4/swb2_4/sw_22418B.sph 3843
/corpora/sre/SwitchBoard2/Phase2/DVD2/swb2_2/sw_22620A.sph 3843
/corpora/sre/SwitchBoard2/Phase2/DVD5/swb2_5/sw_22686B.sph 3843
/corpora/sre/SwitchBoard2/Phase2/DVD5/swb2_5/sw_22841A.sph 3843
/corpora/sre/SwitchBoard2/Phase2/DVD5/swb2_5/sw_22785B.sph 3843
/corpora/sre/SwitchBoard2/Phase2/DVD5/swb2_5/sw_22942B.sph 3843
/corpora/sre/SwitchBoard2/Phase2/DVD3/swb2_3/sw_23082A.sph 3843
/corpora/sre/SwitchBoard2/Phase2/DVD4/swb2_4/sw_23219B.sph 3843
/corpora/sre/SwitchBoard2/Phase2/DVD4/swb2_4/sw_23413A.sph 3843
/corpora/sre/SwitchBoard2/Phase2/DVD5/swb2_5/sw_23506A.sph 3843
/corpora/sre/SwitchBoard2/Phase2/DVD5/swb2_5/sw_23644A.sph 3843
/corpora/sre/SwitchBoard2/Phase2/DVD2/swb2_2/sw_23737B.sph 3843
/corpora/sre/SwitchBoard2/Phase2/DVD2/swb2_2/sw_23824A.sph 3843
/corpora/sre/SwitchBoard2/Phase2/DVD4/swb2_4/sw_23866A.sph 3843
/corpora/sre/SwitchBoard2/Phase2/DVD5/swb2_5/sw_23908A.sph 3843
/corpora/sre/SwitchBoard2/Phase2/DVD3/swb2_3/sw_24021A.sph 3843
/corpora/sre/SwitchBoard2/Phase2/DVD5/swb2_5/sw_24105B.sph 3843
/corpora/sre/SwitchBoard2/Phase2/DVD2/swb2_2/sw_24337B.sph 3843
/corpora/sre/SwitchBoard2/Phase2/DVD3/swb2_3/sw_21503B.sph 3855
/corpora/sre/SwitchBoard2/Phase2/DVD3/swb2_3/sw_21687A.sph 3855
/corpora/sre/SwitchBoard2/Phase2/DVD5/swb2_5/sw_21627B.sph 3855
/corpora/sre/SwitchBoard2/Phase2/DVD4/swb2_4/sw_21940B.sph 3855
/corpora/sre/SwitchBoard2/Phase2/DVD2/swb2_2/sw_22263B.sph 3855
/corpora/sre/SwitchBoard2/Phase2/DVD4/swb2_4/sw_22323B.sph 3855
/corpora/sre/SwitchBoard2/Phase2/DVD5/swb2_5/sw_23085A.sph 3855
/corpora/sre/SwitchBoard2/Phase2/DVD3/swb2_3/sw_23397B.sph 3855
/corpora/sre/SwitchBoard2/Phase2/DVD4/swb2_4/sw_23512B.sph 3855
/corpora/sre/SwitchBoard2/Phase2/DVD3/swb2_3/sw_23910A.sph 3855
/corpora/sre/SwitchBoard2/Phase2/DVD4/swb2_4/sw_24283B.sph 3855
/corpora/sre/SwitchBoard2/Phase2/DVD3/swb2_3/sw_22288A.sph 3897
/corpora/sre/SwitchBoard2/Phase2/DVD4/swb2_4/sw_22422A.sph 3897
/corpora/sre/SwitchBoard2/Phase2/DVD2/swb2_2/sw_22295A.sph 3907
/corpora/sre/SwitchBoard2/Phase2/DVD3/swb2_3/sw_22431A.sph 3907
/corpora/sre/SwitchBoard2/Phase2/DVD2/swb2_2/sw_22546A.sph 3907
/corpora/sre/SwitchBoard2/Phase2/DVD4/swb2_4/sw_22454B.sph 3907
/corpora/sre/SwitchBoard2/Phase2/DVD2/swb2_2/sw_22628A.sph 3907
/corpora/sre/SwitchBoard2/Phase2/DVD4/swb2_4/sw_22719A.sph 3907
/corpora/sre/SwitchBoard2/Phase2/DVD5/swb2_5/sw_22854A.sph 3907
/corpora/sre/SwitchBoard2/Phase2/DVD5/swb2_5/sw_22772B.sph 3907
/corpora/sre/SwitchBoard2/Phase2/DVD3/swb2_3/sw_22966B.sph 3907
/corpora/sre/SwitchBoard2/Phase2/DVD3/swb2_3/sw_22966B.sph 3907
/corpora/sre/SwitchBoard2/Phase2/DVD2/swb2_2/sw_23097A.sph 3907
/corpora/sre/SwitchBoard2/Phase2/DVD3/swb2_3/sw_23227A.sph 3907
/corpora/sre/SwitchBoard2/Phase2/DVD5/swb2_5/sw_23335A.sph 3907
/corpora/sre/SwitchBoard2/Phase2/DVD2/swb2_2/sw_23421A.sph 3907
/corpora/sre/SwitchBoard2/Phase2/DVD4/swb2_4/sw_23512A.sph 3907
/corpora/sre/SwitchBoard2/Phase2/DVD5/swb2_5/sw_23758A.sph 3907
/corpora/sre/SwitchBoard2/Phase2/DVD4/swb2_4/sw_23782B.sph 3907
/corpora/sre/SwitchBoard2/Phase2/DVD3/swb2_3/sw_23860B.sph 3907
/corpora/sre/SwitchBoard2/Phase2/DVD4/swb2_4/sw_23870A.sph 3907
/corpora/sre/SwitchBoard2/Phase2/DVD5/swb2_5/sw_23889B.sph 3907
/corpora/sre/SwitchBoard2/Phase2/DVD5/swb2_5/sw_24089A.sph 3907
/corpora/sre/SwitchBoard2/Phase2/DVD4/swb2_4/sw_24151A.sph 3907
/corpora/sre/SwitchBoard2/Phase2/DVD4/swb2_4/sw_24233A.sph 3907
/corpora/sre/SwitchBoard2/Phase2/DVD3/swb2_3/sw_24286B.sph 3907
/corpora/sre/SwitchBoard2/Phase2/DVD4/swb2_4/sw_24352A.sph 3907
/corpora/sre/SwitchBoard2/Phase2/DVD4/swb2_4/sw_24352A.sph 3907
/corpora/sre/SwitchBoard2/Phase2/DVD2/swb2_2/sw_24456B.sph 3907
/corpora/sre/SwitchBoard2/Phase2/DVD5/swb2_5/sw_24577A.sph 3907
/corpora/sre/SwitchBoard2/Phase2/DVD3/swb2_3/sw_23007B.sph 3925
/corpora/sre/SwitchBoard2/Phase2/DVD5/swb2_5/sw_23235B.sph 3925
/corpora/sre/SwitchBoard2/Phase2/DVD3/swb2_3/sw_23309B.sph 3925
/corpora/sre/SwitchBoard2/Phase2/DVD5/swb2_5/sw_23473B.sph 3925
/corpora/sre/SwitchBoard2/Phase2/DVD3/swb2_3/sw_23547B.sph 3925
/corpora/sre/SwitchBoard2/Phase2/DVD5/swb2_5/sw_23876B.sph 3925
/corpora/sre/SwitchBoard2/Phase2/DVD4/swb2_4/sw_23998B.sph 3925
/corpora/sre/SwitchBoard2/Phase2/DVD2/swb2_2/sw_24091A.sph 3925
/corpora/sre/SwitchBoard2/Phase2/DVD3/swb2_3/sw_24348B.sph 3925
/corpora/sre/SwitchBoard2/Phase2/DVD5/swb2_5/sw_22552A.sph 3930
/corpora/sre/SwitchBoard2/Phase2/DVD3/swb2_3/sw_22600B.sph 3930
/corpora/sre/SwitchBoard2/Phase2/DVD3/swb2_3/sw_22726A.sph 3930
/corpora/sre/SwitchBoard2/Phase2/DVD2/swb2_2/sw_22652B.sph 3930
/corpora/sre/SwitchBoard2/Phase2/DVD4/swb2_4/sw_22862A.sph 3930
/corpora/sre/SwitchBoard2/Phase2/DVD3/swb2_3/sw_22859B.sph 3930
/corpora/sre/SwitchBoard2/Phase2/DVD5/swb2_5/sw_23102A.sph 3930
/corpora/sre/SwitchBoard2/Phase2/DVD3/swb2_3/sw_23484B.sph 3930
/corpora/sre/SwitchBoard2/Phase2/DVD3/swb2_3/sw_23666B.sph 3930
/corpora/sre/SwitchBoard2/Phase2/DVD2/swb2_2/sw_23988B.sph 3930
/corpora/sre/SwitchBoard2/Phase2/DVD5/swb2_5/sw_24124B.sph 3930
/corpora/sre/SwitchBoard2/Phase2/DVD3/swb2_3/sw_24403B.sph 3930
/corpora/sre/SwitchBoard2/Phase2/DVD3/swb2_3/sw_22865A.sph 3936
/corpora/sre/SwitchBoard2/Phase2/DVD2/swb2_2/sw_22779B.sph 3936
/corpora/sre/SwitchBoard2/Phase2/DVD4/swb2_4/sw_23018B.sph 3936
/corpora/sre/SwitchBoard2/Phase2/DVD3/swb2_3/sw_22970A.sph 3954
/corpora/sre/SwitchBoard2/Phase2/DVD3/swb2_3/sw_22928B.sph 3954
/corpora/sre/SwitchBoard2/Phase2/DVD4/swb2_4/sw_23288B.sph 3954
/corpora/sre/SwitchBoard2/Phase2/DVD3/swb2_3/sw_23379B.sph 3954
/corpora/sre/SwitchBoard2/Phase2/DVD4/swb2_4/sw_23476B.sph 3954
/corpora/sre/SwitchBoard2/Phase2/DVD4/swb2_4/sw_23664A.sph 3954
/corpora/sre/SwitchBoard2/Phase2/DVD4/swb2_4/sw_23733B.sph 3954
/corpora/sre/SwitchBoard2/Phase2/DVD5/swb2_5/sw_23959B.sph 3954
/corpora/sre/SwitchBoard2/Phase2/DVD4/swb2_4/sw_23111A.sph 3956
/corpora/sre/SwitchBoard2/Phase2/DVD2/swb2_2/sw_23109B.sph 3956
/corpora/sre/SwitchBoard2/Phase2/DVD4/swb2_4/sw_23237A.sph 3956
/corpora/sre/SwitchBoard2/Phase2/DVD2/swb2_2/sw_23348A.sph 3956
/corpora/sre/SwitchBoard2/Phase2/DVD5/swb2_5/sw_23410B.sph 3956
/corpora/sre/SwitchBoard2/Phase2/DVD3/swb2_3/sw_23520A.sph 3956
/corpora/sre/SwitchBoard2/Phase2/DVD3/swb2_3/sw_23570B.sph 3956
/corpora/sre/SwitchBoard2/Phase2/DVD3/swb2_3/sw_23766A.sph 3956
/corpora/sre/SwitchBoard2/Phase2/DVD4/swb2_4/sw_23829A.sph 3956
/corpora/sre/SwitchBoard2/Phase2/DVD4/swb2_4/sw_23915A.sph 3956
/corpora/sre/SwitchBoard2/Phase2/DVD3/swb2_3/sw_24029A.sph 3956
/corpora/sre/SwitchBoard2/Phase2/DVD4/swb2_4/sw_24096A.sph 3956
/corpora/sre/SwitchBoard2/Phase2/DVD5/swb2_5/sw_24157A.sph 3956
/corpora/sre/SwitchBoard2/Phase2/DVD5/swb2_5/sw_24312B.sph 3956
/corpora/sre/SwitchBoard2/Phase2/DVD5/swb2_5/sw_24394B.sph 3956
/corpora/sre/SwitchBoard2/Phase2/DVD3/swb2_3/sw_24487A.sph 3956
/corpora/sre/SwitchBoard2/Phase2/DVD4/swb2_4/sw_24572B.sph 3956
