/corpora/sre/SwitchBoard2/Phase2/DVD2/swb2_2/sw_24538A.sph
/corpora/sre/SwitchBoard2/Phase2/DVD4/swb2_4/sw_23921A.sph
/corpora/sre/SwitchBoard2/Phase2/DVD5/swb2_5/sw_24459B.sph
/corpora/sre/SwitchBoard2/Phase2/DVD2/swb2_2/sw_24530B.sph
/corpora/sre/SwitchBoard2/Phase2/DVD1/swb2_1/sw_20942B.sph
/corpora/sre/SwitchBoard2/Phase2/DVD3/swb2_3/sw_24492A.sph
/corpora/sre/SwitchBoard2/Phase2/DVD2/swb2_2/sw_23540A.sph
/corpora/sre/SwitchBoard2/Phase2/DVD4/swb2_4/sw_24108A.sph
/corpora/sre/SwitchBoard2/Phase2/DVD2/swb2_2/sw_24424B.sph
/corpora/sre/SwitchBoard2/Phase2/DVD3/swb2_3/sw_23873B.sph
/corpora/sre/SwitchBoard2/Phase2/DVD3/swb2_3/sw_24203B.sph
/corpora/sre/SwitchBoard2/Phase2/DVD5/swb2_5/sw_23560A.sph
/corpora/sre/SwitchBoard2/Phase2/DVD3/swb2_3/sw_24321A.sph
/corpora/sre/SwitchBoard2/Phase2/DVD6/swb2_6/sw_23875B.sph
/corpora/sre/SwitchBoard2/Phase2/DVD5/swb2_5/sw_22918B.sph
/corpora/sre/SwitchBoard2/Phase2/DVD1/swb2_1/sw_21184A.sph
/corpora/sre/SwitchBoard2/Phase2/DVD4/swb2_4/sw_23319B.sph
/corpora/sre/SwitchBoard2/Phase2/DVD3/swb2_3/sw_23702B.sph
/corpora/sre/SwitchBoard2/Phase2/DVD4/swb2_4/sw_23971B.sph
/corpora/sre/SwitchBoard2/Phase2/DVD4/swb2_4/sw_24447A.sph
/corpora/sre/SwitchBoard2/Phase2/DVD4/swb2_4/sw_24415B.sph
/corpora/sre/SwitchBoard2/Phase2/DVD5/swb2_5/sw_23021B.sph
/corpora/sre/SwitchBoard2/Phase2/DVD2/swb2_2/sw_21332A.sph
/corpora/sre/SwitchBoard2/Phase2/DVD3/swb2_3/sw_24455B.sph
/corpora/sre/SwitchBoard2/Phase2/DVD4/swb2_4/sw_23143B.sph
/corpora/sre/SwitchBoard2/Phase2/DVD3/swb2_3/sw_22141B.sph
/corpora/sre/SwitchBoard2/Phase2/DVD5/swb2_5/sw_24042B.sph
/corpora/sre/SwitchBoard2/Phase2/DVD3/swb2_3/sw_24115B.sph
/corpora/sre/SwitchBoard2/Phase2/DVD2/swb2_2/sw_24511A.sph
/corpora/sre/SwitchBoard2/Phase2/DVD2/swb2_2/sw_24538B.sph
/corpora/sre/SwitchBoard2/Phase2/DVD4/swb2_4/sw_24409A.sph
/corpora/sre/SwitchBoard2/Phase2/DVD5/swb2_5/sw_24570B.sph
/corpora/sre/SwitchBoard2/Phase2/DVD5/swb2_5/sw_23895A.sph
/corpora/sre/SwitchBoard2/Phase2/DVD3/swb2_3/sw_23629B.sph
/corpora/sre/SwitchBoard2/Phase2/DVD2/swb2_2/sw_24507B.sph
/corpora/sre/SwitchBoard2/Phase2/DVD5/swb2_5/sw_24565A.sph
/corpora/sre/SwitchBoard2/Phase2/DVD5/swb2_5/sw_24413A.sph
/corpora/sre/SwitchBoard2/Phase2/DVD4/swb2_4/sw_23914B.sph
/corpora/sre/SwitchBoard2/Phase2/DVD4/swb2_4/sw_24586B.sph
/corpora/sre/SwitchBoard2/Phase2/DVD4/swb2_4/sw_24414A.sph
/corpora/sre/SwitchBoard2/Phase2/DVD3/swb2_3/sw_24519B.sph
/corpora/sre/SwitchBoard2/Phase2/DVD4/swb2_4/sw_24540B.sph
/corpora/sre/SwitchBoard2/Phase2/DVD3/swb2_3/sw_24336B.sph
/corpora/sre/SwitchBoard2/Phase2/DVD5/swb2_5/sw_24137A.sph
/corpora/sre/SwitchBoard2/Phase2/DVD5/swb2_5/sw_24175B.sph
/corpora/sre/SwitchBoard2/Phase2/DVD4/swb2_4/sw_24453B.sph
/corpora/sre/SwitchBoard2/Phase2/DVD5/swb2_5/sw_23927B.sph
/corpora/sre/SwitchBoard2/Phase2/DVD5/swb2_5/sw_24528A.sph
/corpora/sre/SwitchBoard2/Phase2/DVD4/swb2_4/sw_24471A.sph
/corpora/sre/SwitchBoard2/Phase2/DVD4/swb2_4/sw_24401B.sph
/corpora/sre/SwitchBoard2/Phase2/DVD4/swb2_4/sw_24490B.sph
/corpora/sre/SwitchBoard2/Phase2/DVD3/swb2_3/sw_24154B.sph
/corpora/sre/SwitchBoard2/Phase2/DVD4/swb2_4/sw_23380B.sph
/corpora/sre/SwitchBoard2/Phase2/DVD2/swb2_2/sw_23710B.sph
/corpora/sre/SwitchBoard2/Phase2/DVD5/swb2_5/sw_24478B.sph
/corpora/sre/SwitchBoard2/Phase2/DVD5/swb2_5/sw_24381A.sph
/corpora/sre/SwitchBoard2/Phase2/DVD5/swb2_5/sw_24464B.sph
/corpora/sre/SwitchBoard2/Phase2/DVD3/swb2_3/sw_24241B.sph
/corpora/sre/SwitchBoard2/Phase2/DVD2/swb2_2/sw_24457B.sph
/corpora/sre/SwitchBoard2/Phase2/DVD5/swb2_5/sw_24382A.sph
/corpora/sre/SwitchBoard2/Phase2/DVD3/swb2_3/sw_24299B.sph
/corpora/sre/SwitchBoard2/Phase2/DVD2/swb2_2/sw_24475A.sph
/corpora/sre/SwitchBoard2/Phase2/DVD4/swb2_4/sw_23230B.sph
/corpora/sre/SwitchBoard2/Phase2/DVD5/swb2_5/sw_24476A.sph
/corpora/sre/SwitchBoard2/Phase2/DVD4/swb2_4/sw_24232B.sph
/corpora/sre/SwitchBoard2/Phase2/DVD4/swb2_4/sw_23645B.sph
/corpora/sre/SwitchBoard2/Phase2/DVD4/swb2_4/sw_23751A.sph
/corpora/sre/SwitchBoard2/Phase2/DVD3/swb2_3/sw_24555B.sph
/corpora/sre/SwitchBoard2/Phase2/DVD3/swb2_3/sw_24199B.sph
/corpora/sre/SwitchBoard2/Phase2/DVD4/swb2_4/sw_24146A.sph
/corpora/sre/SwitchBoard2/Phase2/DVD3/swb2_3/sw_23077B.sph
/corpora/sre/SwitchBoard2/Phase2/DVD3/swb2_3/sw_23867A.sph
/corpora/sre/SwitchBoard2/Phase2/DVD2/swb2_2/sw_24086A.sph
/corpora/sre/SwitchBoard2/Phase2/DVD2/swb2_2/sw_23956B.sph
/corpora/sre/SwitchBoard2/Phase2/DVD3/swb2_3/sw_24147A.sph
/corpora/sre/SwitchBoard2/Phase2/DVD3/swb2_3/sw_24298A.sph
/corpora/sre/SwitchBoard2/Phase2/DVD3/swb2_3/sw_24536B.sph
/corpora/sre/SwitchBoard2/Phase2/DVD3/swb2_3/sw_24266B.sph
/corpora/sre/SwitchBoard2/Phase2/DVD5/swb2_5/sw_24107B.sph
/corpora/sre/SwitchBoard2/Phase2/DVD4/swb2_4/sw_24534A.sph
/corpora/sre/SwitchBoard2/Phase2/DVD3/swb2_3/sw_24368B.sph
/corpora/sre/SwitchBoard2/Phase2/DVD2/swb2_2/sw_24419B.sph
/corpora/sre/SwitchBoard2/Phase2/DVD5/swb2_5/sw_24343B.sph
/corpora/sre/SwitchBoard2/Phase2/DVD3/swb2_3/sw_24473B.sph
/corpora/sre/SwitchBoard2/Phase2/DVD4/swb2_4/sw_24059B.sph
/corpora/sre/SwitchBoard2/Phase2/DVD4/swb2_4/sw_24301A.sph
/corpora/sre/SwitchBoard2/Phase2/DVD3/swb2_3/sw_24385A.sph
/corpora/sre/SwitchBoard2/Phase2/DVD3/swb2_3/sw_24323B.sph
/corpora/sre/SwitchBoard2/Phase2/DVD5/swb2_5/sw_24389B.sph
/corpora/sre/SwitchBoard2/Phase2/DVD4/swb2_4/sw_24479B.sph
/corpora/sre/SwitchBoard2/Phase2/DVD4/swb2_4/sw_23513A.sph
/corpora/sre/SwitchBoard2/Phase2/DVD2/swb2_2/sw_24310B.sph
/corpora/sre/SwitchBoard2/Phase2/DVD3/swb2_3/sw_24290B.sph
/corpora/sre/SwitchBoard2/Phase2/DVD4/swb2_4/sw_24553B.sph
/corpora/sre/SwitchBoard2/Phase2/DVD3/swb2_3/sw_24235A.sph
/corpora/sre/SwitchBoard2/Phase2/DVD4/swb2_4/sw_24579A.sph
/corpora/sre/SwitchBoard2/Phase2/DVD5/swb2_5/sw_24239A.sph
/corpora/sre/SwitchBoard2/Phase2/DVD4/swb2_4/sw_24535A.sph
/corpora/sre/SwitchBoard2/Phase2/DVD5/swb2_5/sw_24281B.sph
/corpora/sre/SwitchBoard2/Phase2/DVD4/swb2_4/sw_24346B.sph
/corpora/sre/SwitchBoard2/Phase2/DVD5/swb2_5/sw_23996B.sph
/corpora/sre/SwitchBoard2/Phase2/DVD4/swb2_4/sw_23683B.sph
/corpora/sre/SwitchBoard2/Phase2/DVD3/swb2_3/sw_24536A.sph
/corpora/sre/SwitchBoard2/Phase2/DVD5/swb2_5/sw_24224B.sph
/corpora/sre/SwitchBoard2/Phase2/DVD3/swb2_3/sw_24569B.sph
/corpora/sre/SwitchBoard2/Phase2/DVD5/swb2_5/sw_24426B.sph
/corpora/sre/SwitchBoard2/Phase2/DVD3/swb2_3/sw_24505B.sph
/corpora/sre/SwitchBoard2/Phase2/DVD4/swb2_4/sw_24515B.sph
/corpora/sre/SwitchBoard2/Phase2/DVD5/swb2_5/sw_24018B.sph
/corpora/sre/SwitchBoard2/Phase2/DVD2/swb2_2/sw_24438B.sph
/corpora/sre/SwitchBoard2/Phase2/DVD4/swb2_4/sw_24195B.sph
/corpora/sre/SwitchBoard2/Phase2/DVD3/swb2_3/sw_23151B.sph
/corpora/sre/SwitchBoard2/Phase2/DVD4/swb2_4/sw_24529B.sph
/corpora/sre/SwitchBoard2/Phase2/DVD4/swb2_4/sw_24351B.sph
