/corpora/sre/SwitchBoard2/Phase2/DVD5/swb2_5/sw_23524A.sph
/corpora/sre/SwitchBoard2/Phase2/DVD2/swb2_2/sw_24539A.sph
/corpora/sre/SwitchBoard2/Phase2/DVD3/swb2_3/sw_24524B.sph
/corpora/sre/SwitchBoard2/Phase2/DVD3/swb2_3/sw_24291B.sph
/corpora/sre/SwitchBoard2/Phase2/DVD4/swb2_4/sw_24540A.sph
/corpora/sre/SwitchBoard2/Phase2/DVD3/swb2_3/sw_24391A.sph
/corpora/sre/SwitchBoard2/Phase2/DVD5/swb2_5/sw_23122A.sph
/corpora/sre/SwitchBoard2/Phase2/DVD4/swb2_4/sw_23608B.sph
/corpora/sre/SwitchBoard2/Phase2/DVD4/swb2_4/sw_24078B.sph
/corpora/sre/SwitchBoard2/Phase2/DVD4/swb2_4/sw_24265B.sph
/corpora/sre/SwitchBoard2/Phase2/DVD2/swb2_2/sw_24393A.sph
/corpora/sre/SwitchBoard2/Phase2/DVD5/swb2_5/sw_23537A.sph
/corpora/sre/SwitchBoard2/Phase2/DVD5/swb2_5/sw_24394A.sph
/corpora/sre/SwitchBoard2/Phase2/DVD2/swb2_2/sw_23874B.sph
/corpora/sre/SwitchBoard2/Phase2/DVD4/swb2_4/sw_22707B.sph
/corpora/sre/SwitchBoard2/Phase2/DVD4/swb2_4/sw_24416B.sph
/corpora/sre/SwitchBoard2/Phase2/DVD4/swb2_4/sw_22661B.sph
/corpora/sre/SwitchBoard2/Phase2/DVD2/swb2_2/sw_24494A.sph
/corpora/sre/SwitchBoard2/Phase2/DVD2/swb2_2/sw_23586B.sph
/corpora/sre/SwitchBoard2/Phase2/DVD5/swb2_5/sw_24439A.sph
/corpora/sre/SwitchBoard2/Phase2/DVD3/swb2_3/sw_23848B.sph
/corpora/sre/SwitchBoard2/Phase2/DVD5/swb2_5/sw_24496A.sph
/corpora/sre/SwitchBoard2/Phase2/DVD4/swb2_4/sw_24050B.sph
/corpora/sre/SwitchBoard2/Phase2/DVD5/swb2_5/sw_24243B.sph
/corpora/sre/SwitchBoard2/Phase2/DVD4/swb2_4/sw_24534B.sph
/corpora/sre/SwitchBoard2/Phase2/DVD4/swb2_4/sw_22889B.sph
/corpora/sre/SwitchBoard2/Phase2/DVD2/swb2_2/sw_23636B.sph
/corpora/sre/SwitchBoard2/Phase2/DVD3/swb2_3/sw_24522B.sph
/corpora/sre/SwitchBoard2/Phase2/DVD3/swb2_3/sw_24441A.sph
/corpora/sre/SwitchBoard2/Phase2/DVD2/swb2_2/sw_23568A.sph
/corpora/sre/SwitchBoard2/Phase2/DVD5/swb2_5/sw_24565B.sph
/corpora/sre/SwitchBoard2/Phase2/DVD5/swb2_5/sw_24230B.sph
/corpora/sre/SwitchBoard2/Phase2/DVD3/swb2_3/sw_24568B.sph
/corpora/sre/SwitchBoard2/Phase2/DVD5/swb2_5/sw_24496B.sph
/corpora/sre/SwitchBoard2/Phase2/DVD4/swb2_4/sw_24402A.sph
/corpora/sre/SwitchBoard2/Phase2/DVD4/swb2_4/sw_24584B.sph
/corpora/sre/SwitchBoard2/Phase2/DVD3/swb2_3/sw_24467B.sph
/corpora/sre/SwitchBoard2/Phase2/DVD1/swb2_1/sw_20488B.sph
/corpora/sre/SwitchBoard2/Phase2/DVD2/swb2_2/sw_24506A.sph
/corpora/sre/SwitchBoard2/Phase2/DVD4/swb2_4/sw_24383B.sph
/corpora/sre/SwitchBoard2/Phase2/DVD5/swb2_5/sw_24526B.sph
/corpora/sre/SwitchBoard2/Phase2/DVD5/swb2_5/sw_23944B.sph
/corpora/sre/SwitchBoard2/Phase2/DVD4/swb2_4/sw_23997B.sph
/corpora/sre/SwitchBoard2/Phase2/DVD4/swb2_4/sw_24585B.sph
/corpora/sre/SwitchBoard2/Phase2/DVD2/swb2_2/sw_24511B.sph
/corpora/sre/SwitchBoard2/Phase2/DVD5/swb2_5/sw_21646B.sph
/corpora/sre/SwitchBoard2/Phase2/DVD4/swb2_4/sw_22354A.sph
/corpora/sre/SwitchBoard2/Phase2/DVD4/swb2_4/sw_24332B.sph
/corpora/sre/SwitchBoard2/Phase2/DVD1/swb2_1/sw_20102A.sph
/corpora/sre/SwitchBoard2/Phase2/DVD2/swb2_2/sw_24557A.sph
/corpora/sre/SwitchBoard2/Phase2/DVD4/swb2_4/sw_24309B.sph
/corpora/sre/SwitchBoard2/Phase2/DVD2/swb2_2/sw_20487B.sph
/corpora/sre/SwitchBoard2/Phase2/DVD5/swb2_5/sw_24558A.sph
/corpora/sre/SwitchBoard2/Phase2/DVD5/swb2_5/sw_24143B.sph
/corpora/sre/SwitchBoard2/Phase2/DVD4/swb2_4/sw_24197A.sph
/corpora/sre/SwitchBoard2/Phase2/DVD5/swb2_5/sw_24330A.sph
/corpora/sre/SwitchBoard2/Phase2/DVD2/swb2_2/sw_24274A.sph
/corpora/sre/SwitchBoard2/Phase2/DVD3/swb2_3/sw_23872B.sph
/corpora/sre/SwitchBoard2/Phase2/DVD3/swb2_3/sw_24472B.sph
/corpora/sre/SwitchBoard2/Phase2/DVD2/swb2_2/sw_24374A.sph
/corpora/sre/SwitchBoard2/Phase2/DVD5/swb2_5/sw_24376A.sph
/corpora/sre/SwitchBoard2/Phase2/DVD2/swb2_2/sw_23485A.sph
/corpora/sre/SwitchBoard2/Phase2/DVD2/swb2_2/sw_23486A.sph
/corpora/sre/SwitchBoard2/Phase2/DVD4/swb2_4/sw_24208A.sph
/corpora/sre/SwitchBoard2/Phase2/DVD4/swb2_4/sw_23732A.sph
/corpora/sre/SwitchBoard2/Phase2/DVD3/swb2_3/sw_24249B.sph
/corpora/sre/SwitchBoard2/Phase2/DVD5/swb2_5/sw_24407B.sph
/corpora/sre/SwitchBoard2/Phase2/DVD5/swb2_5/sw_23368B.sph
/corpora/sre/SwitchBoard2/Phase2/DVD3/swb2_3/sw_24440B.sph
/corpora/sre/SwitchBoard2/Phase2/DVD2/swb2_2/sw_24287A.sph
/corpora/sre/SwitchBoard2/Phase2/DVD5/swb2_5/sw_24582A.sph
/corpora/sre/SwitchBoard2/Phase2/DVD4/swb2_4/sw_22610B.sph
/corpora/sre/SwitchBoard2/Phase2/DVD5/swb2_5/sw_24527A.sph
/corpora/sre/SwitchBoard2/Phase2/DVD5/swb2_5/sw_24344A.sph
/corpora/sre/SwitchBoard2/Phase2/DVD4/swb2_4/sw_24366B.sph
/corpora/sre/SwitchBoard2/Phase2/DVD3/swb2_3/sw_23817A.sph
/corpora/sre/SwitchBoard2/Phase2/DVD2/swb2_2/sw_22834A.sph
/corpora/sre/SwitchBoard2/Phase2/DVD3/swb2_3/sw_24574A.sph
/corpora/sre/SwitchBoard2/Phase2/DVD6/swb2_6/sw_24380A.sph
/corpora/sre/SwitchBoard2/Phase2/DVD3/swb2_3/sw_23717B.sph
/corpora/sre/SwitchBoard2/Phase2/DVD4/swb2_4/sw_24315B.sph
/corpora/sre/SwitchBoard2/Phase2/DVD2/swb2_2/sw_24406B.sph
/corpora/sre/SwitchBoard2/Phase2/DVD3/swb2_3/sw_24537B.sph
/corpora/sre/SwitchBoard2/Phase2/DVD5/swb2_5/sw_21576A.sph
/corpora/sre/SwitchBoard2/Phase2/DVD5/swb2_5/sw_23756B.sph
/corpora/sre/SwitchBoard2/Phase2/DVD2/swb2_2/sw_24480A.sph
/corpora/sre/SwitchBoard2/Phase2/DVD5/swb2_5/sw_24244B.sph
/corpora/sre/SwitchBoard2/Phase2/DVD3/swb2_3/sw_23501B.sph
/corpora/sre/SwitchBoard2/Phase2/DVD4/swb2_4/sw_23307B.sph
/corpora/sre/SwitchBoard2/Phase2/DVD4/swb2_4/sw_24270B.sph
/corpora/sre/SwitchBoard2/Phase2/DVD2/swb2_2/sw_24041B.sph
/corpora/sre/SwitchBoard2/Phase2/DVD6/swb2_6/sw_24425A.sph
/corpora/sre/SwitchBoard2/Phase2/DVD3/swb2_3/sw_24353B.sph
/corpora/sre/SwitchBoard2/Phase2/DVD4/swb2_4/sw_24371B.sph
/corpora/sre/SwitchBoard2/Phase2/DVD5/swb2_5/sw_23354A.sph
