/corpora/sre/SwitchBoard2/Phase2/DVD1/swb2_1/sw_20015A.sph 3084
/corpora/sre/SwitchBoard2/Phase2/DVD1/swb2_1/sw_20071B.sph 3084
/corpora/sre/SwitchBoard2/Phase2/DVD1/swb2_1/sw_20116A.sph 3084
/corpora/sre/SwitchBoard2/Phase2/DVD1/swb2_1/sw_20162A.sph 3084
/corpora/sre/SwitchBoard2/Phase2/DVD1/swb2_1/sw_20172B.sph 3084
/corpora/sre/SwitchBoard2/Phase2/DVD1/swb2_1/sw_20201A.sph 3084
/corpora/sre/SwitchBoard2/Phase2/DVD2/swb2_2/sw_20211B.sph 3084
/corpora/sre/SwitchBoard2/Phase2/DVD1/swb2_1/sw_20248A.sph 3084
/corpora/sre/SwitchBoard2/Phase2/DVD1/swb2_1/sw_20448B.sph 3084
/corpora/sre/SwitchBoard2/Phase2/DVD2/swb2_2/sw_20582A.sph 3084
/corpora/sre/SwitchBoard2/Phase2/DVD2/swb2_2/sw_20685B.sph 3084
/corpora/sre/SwitchBoard2/Phase2/DVD1/swb2_1/sw_20726A.sph 3084
/corpora/sre/SwitchBoard2/Phase2/DVD2/swb2_2/sw_20727B.sph 3084
/corpora/sre/SwitchBoard2/Phase2/DVD2/swb2_2/sw_20832A.sph 3084
/corpora/sre/SwitchBoard2/Phase2/DVD1/swb2_1/sw_20915A.sph 3084
/corpora/sre/SwitchBoard2/Phase2/DVD2/swb2_2/sw_21013A.sph 3084
/corpora/sre/SwitchBoard2/Phase2/DVD2/swb2_2/sw_21156A.sph 3084
/corpora/sre/SwitchBoard2/Phase2/DVD2/swb2_2/sw_21356B.sph 3084
/corpora/sre/SwitchBoard2/Phase2/DVD3/swb2_3/sw_21587B.sph 3084
/corpora/sre/SwitchBoard2/Phase2/DVD4/swb2_4/sw_21698A.sph 3084
/corpora/sre/SwitchBoard2/Phase2/DVD4/swb2_4/sw_21773B.sph 3084
/corpora/sre/SwitchBoard2/Phase2/DVD2/swb2_2/sw_21900A.sph 3084
/corpora/sre/SwitchBoard2/Phase2/DVD5/swb2_5/sw_22165A.sph 3084
/corpora/sre/SwitchBoard2/Phase2/DVD3/swb2_3/sw_22330B.sph 3084
/corpora/sre/SwitchBoard2/Phase2/DVD4/swb2_4/sw_22449A.sph 3084
/corpora/sre/SwitchBoard2/Phase2/DVD5/swb2_5/sw_22741A.sph 3084
/corpora/sre/SwitchBoard2/Phase2/DVD3/swb2_3/sw_22983A.sph 3084
/corpora/sre/SwitchBoard2/Phase2/DVD4/swb2_4/sw_23124A.sph 3084
/corpora/sre/SwitchBoard2/Phase2/DVD3/swb2_3/sw_23251A.sph 3084
/corpora/sre/SwitchBoard2/Phase2/DVD4/swb2_4/sw_23361A.sph 3084
/corpora/sre/SwitchBoard2/Phase2/DVD5/swb2_5/sw_23436A.sph 3084
/corpora/sre/SwitchBoard2/Phase2/DVD4/swb2_4/sw_23628B.sph 3084
/corpora/sre/SwitchBoard2/Phase2/DVD4/swb2_4/sw_23678A.sph 3084
/corpora/sre/SwitchBoard2/Phase2/DVD1/swb2_1/sw_20011B.sph 3119
/corpora/sre/SwitchBoard2/Phase2/DVD1/swb2_1/sw_20073A.sph 3119
/corpora/sre/SwitchBoard2/Phase2/DVD1/swb2_1/sw_20291B.sph 3119
/corpora/sre/SwitchBoard2/Phase2/DVD2/swb2_2/sw_20351A.sph 3119
/corpora/sre/SwitchBoard2/Phase2/DVD2/swb2_2/sw_20454A.sph 3119
/corpora/sre/SwitchBoard2/Phase2/DVD2/swb2_2/sw_21162A.sph 3119
/corpora/sre/SwitchBoard2/Phase2/DVD2/swb2_2/sw_21189B.sph 3119
/corpora/sre/SwitchBoard2/Phase2/DVD1/swb2_1/sw_21291A.sph 3119
/corpora/sre/SwitchBoard2/Phase2/DVD3/swb2_3/sw_21688B.sph 3119
/corpora/sre/SwitchBoard2/Phase2/DVD4/swb2_4/sw_22761B.sph 3119
/corpora/sre/SwitchBoard2/Phase2/DVD3/swb2_3/sw_23917B.sph 3119
/corpora/sre/SwitchBoard2/Phase2/DVD3/swb2_3/sw_24321B.sph 3119
/corpora/sre/SwitchBoard2/Phase2/DVD3/swb2_3/sw_24441B.sph 3119
/corpora/sre/SwitchBoard2/Phase2/DVD1/swb2_1/sw_20129A.sph 3165
/corpora/sre/SwitchBoard2/Phase2/DVD2/swb2_2/sw_20211A.sph 3165
/corpora/sre/SwitchBoard2/Phase2/DVD2/swb2_2/sw_20243B.sph 3165
/corpora/sre/SwitchBoard2/Phase2/DVD2/swb2_2/sw_20358A.sph 3165
/corpora/sre/SwitchBoard2/Phase2/DVD2/swb2_2/sw_20550B.sph 3165
/corpora/sre/SwitchBoard2/Phase2/DVD2/swb2_2/sw_20598A.sph 3165
/corpora/sre/SwitchBoard2/Phase2/DVD1/swb2_1/sw_20738B.sph 3165
/corpora/sre/SwitchBoard2/Phase2/DVD2/swb2_2/sw_20844A.sph 3165
/corpora/sre/SwitchBoard2/Phase2/DVD1/swb2_1/sw_20925A.sph 3165
/corpora/sre/SwitchBoard2/Phase2/DVD1/swb2_1/sw_21032A.sph 3165
/corpora/sre/SwitchBoard2/Phase2/DVD2/swb2_2/sw_21227B.sph 3165
/corpora/sre/SwitchBoard2/Phase2/DVD5/swb2_5/sw_21458A.sph 3165
/corpora/sre/SwitchBoard2/Phase2/DVD5/swb2_5/sw_21713A.sph 3165
/corpora/sre/SwitchBoard2/Phase2/DVD2/swb2_2/sw_21913A.sph 3165
/corpora/sre/SwitchBoard2/Phase2/DVD2/swb2_2/sw_22139B.sph 3165
/corpora/sre/SwitchBoard2/Phase2/DVD2/swb2_2/sw_22181A.sph 3165
/corpora/sre/SwitchBoard2/Phase2/DVD4/swb2_4/sw_22460A.sph 3165
/corpora/sre/SwitchBoard2/Phase2/DVD5/swb2_5/sw_22649A.sph 3165
/corpora/sre/SwitchBoard2/Phase2/DVD3/swb2_3/sw_22750A.sph 3165
/corpora/sre/SwitchBoard2/Phase2/DVD5/swb2_5/sw_22887A.sph 3165
/corpora/sre/SwitchBoard2/Phase2/DVD2/swb2_2/sw_23109A.sph 3165
/corpora/sre/SwitchBoard2/Phase2/DVD2/swb2_2/sw_23109A.sph 3165
/corpora/sre/SwitchBoard2/Phase2/DVD4/swb2_4/sw_23138A.sph 3165
/corpora/sre/SwitchBoard2/Phase2/DVD4/swb2_4/sw_23289A.sph 3165
/corpora/sre/SwitchBoard2/Phase2/DVD3/swb2_3/sw_23548A.sph 3165
/corpora/sre/SwitchBoard2/Phase2/DVD3/swb2_3/sw_23691A.sph 3165
/corpora/sre/SwitchBoard2/Phase2/DVD5/swb2_5/sw_24545B.sph 3165
/corpora/sre/SwitchBoard2/Phase2/DVD1/swb2_1/sw_20058B.sph 3195
/corpora/sre/SwitchBoard2/Phase2/DVD2/swb2_2/sw_20264A.sph 3195
/corpora/sre/SwitchBoard2/Phase2/DVD2/swb2_2/sw_20281B.sph 3195
/corpora/sre/SwitchBoard2/Phase2/DVD1/swb2_1/sw_20433B.sph 3195
/corpora/sre/SwitchBoard2/Phase2/DVD2/swb2_2/sw_20694B.sph 3195
/corpora/sre/SwitchBoard2/Phase2/DVD2/swb2_2/sw_20884B.sph 3195
/corpora/sre/SwitchBoard2/Phase2/DVD1/swb2_1/sw_21271B.sph 3195
/corpora/sre/SwitchBoard2/Phase2/DVD5/swb2_5/sw_21464A.sph 3195
/corpora/sre/SwitchBoard2/Phase2/DVD4/swb2_4/sw_21599A.sph 3195
/corpora/sre/SwitchBoard2/Phase2/DVD3/swb2_3/sw_21660B.sph 3195
/corpora/sre/SwitchBoard2/Phase2/DVD4/swb2_4/sw_21717A.sph 3195
/corpora/sre/SwitchBoard2/Phase2/DVD4/swb2_4/sw_21734B.sph 3195
/corpora/sre/SwitchBoard2/Phase2/DVD3/swb2_3/sw_21919A.sph 3195
/corpora/sre/SwitchBoard2/Phase2/DVD4/swb2_4/sw_22321A.sph 3195
/corpora/sre/SwitchBoard2/Phase2/DVD3/swb2_3/sw_22388B.sph 3195
/corpora/sre/SwitchBoard2/Phase2/DVD5/swb2_5/sw_22466A.sph 3195
/corpora/sre/SwitchBoard2/Phase2/DVD3/swb2_3/sw_22632B.sph 3195
/corpora/sre/SwitchBoard2/Phase2/DVD3/swb2_3/sw_22650A.sph 3195
/corpora/sre/SwitchBoard2/Phase2/DVD5/swb2_5/sw_22755A.sph 3195
/corpora/sre/SwitchBoard2/Phase2/DVD4/swb2_4/sw_22774B.sph 3195
/corpora/sre/SwitchBoard2/Phase2/DVD2/swb2_2/sw_22890A.sph 3195
/corpora/sre/SwitchBoard2/Phase2/DVD5/swb2_5/sw_23003A.sph 3195
/corpora/sre/SwitchBoard2/Phase2/DVD3/swb2_3/sw_23139A.sph 3195
/corpora/sre/SwitchBoard2/Phase2/DVD3/swb2_3/sw_23552A.sph 3195
/corpora/sre/SwitchBoard2/Phase2/DVD6/swb2_6/sw_23843A.sph 3195
/corpora/sre/SwitchBoard2/Phase2/DVD1/swb2_1/sw_20084A.sph 3198
/corpora/sre/SwitchBoard2/Phase2/DVD1/swb2_1/sw_20132A.sph 3198
/corpora/sre/SwitchBoard2/Phase2/DVD1/swb2_1/sw_20113B.sph 3198
/corpora/sre/SwitchBoard2/Phase2/DVD2/swb2_2/sw_20176A.sph 3198
/corpora/sre/SwitchBoard2/Phase2/DVD1/swb2_1/sw_21005B.sph 3198
/corpora/sre/SwitchBoard2/Phase2/DVD2/swb2_2/sw_21241B.sph 3198
/corpora/sre/SwitchBoard2/Phase2/DVD5/swb2_5/sw_21921A.sph 3206
/corpora/sre/SwitchBoard2/Phase2/DVD3/swb2_3/sw_22262B.sph 3206
/corpora/sre/SwitchBoard2/Phase2/DVD4/swb2_4/sw_22694B.sph 3206
/corpora/sre/SwitchBoard2/Phase2/DVD2/swb2_2/sw_22802B.sph 3206
/corpora/sre/SwitchBoard2/Phase2/DVD4/swb2_4/sw_22939B.sph 3206
/corpora/sre/SwitchBoard2/Phase2/DVD5/swb2_5/sw_23480B.sph 3206
/corpora/sre/SwitchBoard2/Phase2/DVD5/swb2_5/sw_23707B.sph 3206
/corpora/sre/SwitchBoard2/Phase2/DVD3/swb2_3/sw_24135B.sph 3206
/corpora/sre/SwitchBoard2/Phase2/DVD4/swb2_4/sw_24409B.sph 3206
/corpora/sre/SwitchBoard2/Phase2/DVD5/swb2_5/sw_24545A.sph 3206
/corpora/sre/SwitchBoard2/Phase2/DVD1/swb2_1/sw_20178A.sph 3208
/corpora/sre/SwitchBoard2/Phase2/DVD1/swb2_1/sw_20588B.sph 3208
/corpora/sre/SwitchBoard2/Phase2/DVD1/swb2_1/sw_20927A.sph 3208
/corpora/sre/SwitchBoard2/Phase2/DVD2/swb2_2/sw_21173A.sph 3208
/corpora/sre/SwitchBoard2/Phase2/DVD1/swb2_1/sw_21313B.sph 3208
/corpora/sre/SwitchBoard2/Phase2/DVD3/swb2_3/sw_22763B.sph 3208
/corpora/sre/SwitchBoard2/Phase2/DVD5/swb2_5/sw_23272B.sph 3208
/corpora/sre/SwitchBoard2/Phase2/DVD4/swb2_4/sw_23375A.sph 3208
/corpora/sre/SwitchBoard2/Phase2/DVD1/swb2_1/sw_20289B.sph 3226
/corpora/sre/SwitchBoard2/Phase2/DVD1/swb2_1/sw_20519B.sph 3226
/corpora/sre/SwitchBoard2/Phase2/DVD1/swb2_1/sw_20608B.sph 3226
/corpora/sre/SwitchBoard2/Phase2/DVD4/swb2_4/sw_21529B.sph 3226
/corpora/sre/SwitchBoard2/Phase2/DVD5/swb2_5/sw_21631B.sph 3226
/corpora/sre/SwitchBoard2/Phase2/DVD3/swb2_3/sw_22035B.sph 3226
/corpora/sre/SwitchBoard2/Phase2/DVD4/swb2_4/sw_22510B.sph 3226
/corpora/sre/SwitchBoard2/Phase2/DVD1/swb2_1/sw_20036A.sph 3237
/corpora/sre/SwitchBoard2/Phase2/DVD2/swb2_2/sw_20736B.sph 3237
/corpora/sre/SwitchBoard2/Phase2/DVD1/swb2_1/sw_21040A.sph 3237
/corpora/sre/SwitchBoard2/Phase2/DVD3/swb2_3/sw_21994B.sph 3237
/corpora/sre/SwitchBoard2/Phase2/DVD4/swb2_4/sw_22047B.sph 3237
/corpora/sre/SwitchBoard2/Phase2/DVD6/swb2_6/sw_22922B.sph 3237
/corpora/sre/SwitchBoard2/Phase2/DVD3/swb2_3/sw_23245B.sph 3237
/corpora/sre/SwitchBoard2/Phase2/DVD4/swb2_4/sw_23558A.sph 3237
/corpora/sre/SwitchBoard2/Phase2/DVD3/swb2_3/sw_23716B.sph 3237
/corpora/sre/SwitchBoard2/Phase2/DVD6/swb2_6/sw_23880A.sph 3237
/corpora/sre/SwitchBoard2/Phase2/DVD3/swb2_3/sw_24487B.sph 3237
/corpora/sre/SwitchBoard2/Phase2/DVD4/swb2_4/sw_24554B.sph 3237
/corpora/sre/SwitchBoard2/Phase2/DVD1/swb2_1/sw_20044A.sph 3302
/corpora/sre/SwitchBoard2/Phase2/DVD2/swb2_2/sw_20281A.sph 3302
/corpora/sre/SwitchBoard2/Phase2/DVD2/swb2_2/sw_20621A.sph 3302
/corpora/sre/SwitchBoard2/Phase2/DVD1/swb2_1/sw_20751A.sph 3302
/corpora/sre/SwitchBoard2/Phase2/DVD3/swb2_3/sw_21930A.sph 3302
/corpora/sre/SwitchBoard2/Phase2/DVD4/swb2_4/sw_23274A.sph 3302
/corpora/sre/SwitchBoard2/Phase2/DVD2/swb2_2/sw_20628A.sph 3361
/corpora/sre/SwitchBoard2/Phase2/DVD2/swb2_2/sw_20859A.sph 3361
/corpora/sre/SwitchBoard2/Phase2/DVD1/swb2_1/sw_20907B.sph 3361
/corpora/sre/SwitchBoard2/Phase2/DVD1/swb2_1/sw_21058A.sph 3361
/corpora/sre/SwitchBoard2/Phase2/DVD1/swb2_1/sw_21193A.sph 3361
/corpora/sre/SwitchBoard2/Phase2/DVD1/swb2_1/sw_21329A.sph 3361
/corpora/sre/SwitchBoard2/Phase2/DVD3/swb2_3/sw_21939A.sph 3361
/corpora/sre/SwitchBoard2/Phase2/DVD5/swb2_5/sw_22201A.sph 3361
/corpora/sre/SwitchBoard2/Phase2/DVD3/swb2_3/sw_22342B.sph 3361
/corpora/sre/SwitchBoard2/Phase2/DVD2/swb2_2/sw_22482A.sph 3361
/corpora/sre/SwitchBoard2/Phase2/DVD4/swb2_4/sw_22661A.sph 3361
/corpora/sre/SwitchBoard2/Phase2/DVD4/swb2_4/sw_22775A.sph 3361
/corpora/sre/SwitchBoard2/Phase2/DVD5/swb2_5/sw_22936B.sph 3361
/corpora/sre/SwitchBoard2/Phase2/DVD5/swb2_5/sw_23136B.sph 3361
/corpora/sre/SwitchBoard2/Phase2/DVD1/swb2_1/sw_20491A.sph 3362
/corpora/sre/SwitchBoard2/Phase2/DVD1/swb2_1/sw_20771B.sph 3362
/corpora/sre/SwitchBoard2/Phase2/DVD1/swb2_1/sw_21166B.sph 3362
/corpora/sre/SwitchBoard2/Phase2/DVD1/swb2_1/sw_21330A.sph 3362
/corpora/sre/SwitchBoard2/Phase2/DVD5/swb2_5/sw_21551B.sph 3362
/corpora/sre/SwitchBoard2/Phase2/DVD5/swb2_5/sw_21728A.sph 3362
/corpora/sre/SwitchBoard2/Phase2/DVD4/swb2_4/sw_22034B.sph 3362
/corpora/sre/SwitchBoard2/Phase2/DVD4/swb2_4/sw_22710B.sph 3362
/corpora/sre/SwitchBoard2/Phase2/DVD4/swb2_4/sw_23444B.sph 3362
/corpora/sre/SwitchBoard2/Phase2/DVD5/swb2_5/sw_23725B.sph 3362
/corpora/sre/SwitchBoard2/Phase2/DVD4/swb2_4/sw_24485B.sph 3362
/corpora/sre/SwitchBoard2/Phase2/DVD1/swb2_1/sw_20791B.sph 3376
/corpora/sre/SwitchBoard2/Phase2/DVD1/swb2_1/sw_21022B.sph 3376
/corpora/sre/SwitchBoard2/Phase2/DVD5/swb2_5/sw_21972B.sph 3376
/corpora/sre/SwitchBoard2/Phase2/DVD4/swb2_4/sw_22072A.sph 3376
/corpora/sre/SwitchBoard2/Phase2/DVD4/swb2_4/sw_22172B.sph 3376
/corpora/sre/SwitchBoard2/Phase2/DVD3/swb2_3/sw_22343A.sph 3376
/corpora/sre/SwitchBoard2/Phase2/DVD5/swb2_5/sw_22484A.sph 3376
/corpora/sre/SwitchBoard2/Phase2/DVD4/swb2_4/sw_22776A.sph 3376
/corpora/sre/SwitchBoard2/Phase2/DVD5/swb2_5/sw_23168B.sph 3376
/corpora/sre/SwitchBoard2/Phase2/DVD4/swb2_4/sw_23633B.sph 3376
/corpora/sre/SwitchBoard2/Phase2/DVD1/swb2_1/sw_20306A.sph 3460
/corpora/sre/SwitchBoard2/Phase2/DVD1/swb2_1/sw_20236B.sph 3460
/corpora/sre/SwitchBoard2/Phase2/DVD1/swb2_1/sw_20398A.sph 3460
/corpora/sre/SwitchBoard2/Phase2/DVD1/swb2_1/sw_20397B.sph 3460
/corpora/sre/SwitchBoard2/Phase2/DVD1/swb2_1/sw_20514A.sph 3460
/corpora/sre/SwitchBoard2/Phase2/DVD2/swb2_2/sw_20867A.sph 3460
/corpora/sre/SwitchBoard2/Phase2/DVD1/swb2_1/sw_21075A.sph 3460
/corpora/sre/SwitchBoard2/Phase2/DVD1/swb2_1/sw_21345A.sph 3460
/corpora/sre/SwitchBoard2/Phase2/DVD5/swb2_5/sw_21866B.sph 3460
/corpora/sre/SwitchBoard2/Phase2/DVD3/swb2_3/sw_21957A.sph 3460
/corpora/sre/SwitchBoard2/Phase2/DVD3/swb2_3/sw_22595A.sph 3460
/corpora/sre/SwitchBoard2/Phase2/DVD2/swb2_2/sw_22948B.sph 3460
/corpora/sre/SwitchBoard2/Phase2/DVD2/swb2_2/sw_23065B.sph 3460
/corpora/sre/SwitchBoard2/Phase2/DVD4/swb2_4/sw_23443B.sph 3460
/corpora/sre/SwitchBoard2/Phase2/DVD3/swb2_3/sw_23855A.sph 3460
/corpora/sre/SwitchBoard2/Phase2/DVD5/swb2_5/sw_23981B.sph 3460
/corpora/sre/SwitchBoard2/Phase2/DVD4/swb2_4/sw_24497B.sph 3460
/corpora/sre/SwitchBoard2/Phase2/DVD2/swb2_2/sw_20566B.sph 3482
/corpora/sre/SwitchBoard2/Phase2/DVD1/swb2_1/sw_20779A.sph 3482
/corpora/sre/SwitchBoard2/Phase2/DVD1/swb2_1/sw_21209A.sph 3482
/corpora/sre/SwitchBoard2/Phase2/DVD1/swb2_1/sw_21260B.sph 3482
/corpora/sre/SwitchBoard2/Phase2/DVD1/swb2_1/sw_21350A.sph 3482
/corpora/sre/SwitchBoard2/Phase2/DVD2/swb2_2/sw_23618B.sph 3482
/corpora/sre/SwitchBoard2/Phase2/DVD5/swb2_5/sw_24080B.sph 3482
/corpora/sre/SwitchBoard2/Phase2/DVD4/swb2_4/sw_24571B.sph 3482
/corpora/sre/SwitchBoard2/Phase2/DVD1/swb2_1/sw_20312A.sph 3489
/corpora/sre/SwitchBoard2/Phase2/DVD1/swb2_1/sw_20409A.sph 3489
/corpora/sre/SwitchBoard2/Phase2/DVD1/swb2_1/sw_20524A.sph 3489
/corpora/sre/SwitchBoard2/Phase2/DVD2/swb2_2/sw_20495B.sph 3489
/corpora/sre/SwitchBoard2/Phase2/DVD1/swb2_1/sw_20659A.sph 3489
/corpora/sre/SwitchBoard2/Phase2/DVD1/swb2_1/sw_20622B.sph 3489
/corpora/sre/SwitchBoard2/Phase2/DVD1/swb2_1/sw_20780A.sph 3489
/corpora/sre/SwitchBoard2/Phase2/DVD2/swb2_2/sw_20872A.sph 3489
/corpora/sre/SwitchBoard2/Phase2/DVD5/swb2_5/sw_20962A.sph 3489
/corpora/sre/SwitchBoard2/Phase2/DVD1/swb2_1/sw_21084A.sph 3489
/corpora/sre/SwitchBoard2/Phase2/DVD1/swb2_1/sw_21213A.sph 3489
/corpora/sre/SwitchBoard2/Phase2/DVD1/swb2_1/sw_21221B.sph 3489
/corpora/sre/SwitchBoard2/Phase2/DVD2/swb2_2/sw_21506A.sph 3489
/corpora/sre/SwitchBoard2/Phase2/DVD2/swb2_2/sw_21964A.sph 3489
/corpora/sre/SwitchBoard2/Phase2/DVD5/swb2_5/sw_22096B.sph 3489
/corpora/sre/SwitchBoard2/Phase2/DVD2/swb2_2/sw_22601A.sph 3489
/corpora/sre/SwitchBoard2/Phase2/DVD2/swb2_2/sw_22898B.sph 3489
/corpora/sre/SwitchBoard2/Phase2/DVD4/swb2_4/sw_23038A.sph 3489
/corpora/sre/SwitchBoard2/Phase2/DVD4/swb2_4/sw_23174A.sph 3489
/corpora/sre/SwitchBoard2/Phase2/DVD5/swb2_5/sw_23676B.sph 3489
/corpora/sre/SwitchBoard2/Phase2/DVD2/swb2_2/sw_24054B.sph 3489
/corpora/sre/SwitchBoard2/Phase2/DVD2/swb2_2/sw_24287B.sph 3489
/corpora/sre/SwitchBoard2/Phase2/DVD4/swb2_4/sw_24370A.sph 3489
/corpora/sre/SwitchBoard2/Phase2/DVD1/swb2_1/sw_20315A.sph 3501
/corpora/sre/SwitchBoard2/Phase2/DVD2/swb2_2/sw_20363B.sph 3501
/corpora/sre/SwitchBoard2/Phase2/DVD2/swb2_2/sw_20583B.sph 3501
/corpora/sre/SwitchBoard2/Phase2/DVD1/swb2_1/sw_20920B.sph 3501
/corpora/sre/SwitchBoard2/Phase2/DVD3/swb2_3/sw_21875B.sph 3501
/corpora/sre/SwitchBoard2/Phase2/DVD4/swb2_4/sw_22712B.sph 3501
/corpora/sre/SwitchBoard2/Phase2/DVD3/swb2_3/sw_24285B.sph 3501
/corpora/sre/SwitchBoard2/Phase2/DVD2/swb2_2/sw_21361A.sph 3546
/corpora/sre/SwitchBoard2/Phase2/DVD4/swb2_4/sw_24201A.sph 3546
/corpora/sre/SwitchBoard2/Phase2/DVD1/swb2_1/sw_21378A.sph 3651
/corpora/sre/SwitchBoard2/Phase2/DVD3/swb2_3/sw_21756A.sph 3651
/corpora/sre/SwitchBoard2/Phase2/DVD5/swb2_5/sw_21852A.sph 3651
/corpora/sre/SwitchBoard2/Phase2/DVD4/swb2_4/sw_21988A.sph 3651
/corpora/sre/SwitchBoard2/Phase2/DVD3/swb2_3/sw_22110A.sph 3651
/corpora/sre/SwitchBoard2/Phase2/DVD5/swb2_5/sw_22521A.sph 3651
/corpora/sre/SwitchBoard2/Phase2/DVD4/swb2_4/sw_22611A.sph 3651
/corpora/sre/SwitchBoard2/Phase2/DVD4/swb2_4/sw_22689A.sph 3651
/corpora/sre/SwitchBoard2/Phase2/DVD3/swb2_3/sw_22814A.sph 3651
/corpora/sre/SwitchBoard2/Phase2/DVD2/swb2_2/sw_23059A.sph 3651
/corpora/sre/SwitchBoard2/Phase2/DVD5/swb2_5/sw_23191A.sph 3651
/corpora/sre/SwitchBoard2/Phase2/DVD2/swb2_2/sw_23491A.sph 3651
/corpora/sre/SwitchBoard2/Phase2/DVD5/swb2_5/sw_23612A.sph 3651
/corpora/sre/SwitchBoard2/Phase2/DVD3/swb2_3/sw_24070A.sph 3651
/corpora/sre/SwitchBoard2/Phase2/DVD2/swb2_2/sw_24187B.sph 3651
/corpora/sre/SwitchBoard2/Phase2/DVD5/swb2_5/sw_24477B.sph 3651
/corpora/sre/SwitchBoard2/Phase2/DVD2/swb2_2/sw_24539B.sph 3651
/corpora/sre/SwitchBoard2/Phase2/DVD2/swb2_2/sw_20689B.sph 3781
/corpora/sre/SwitchBoard2/Phase2/DVD1/swb2_1/sw_20779B.sph 3781
/corpora/sre/SwitchBoard2/Phase2/DVD2/swb2_2/sw_20890B.sph 3781
/corpora/sre/SwitchBoard2/Phase2/DVD1/swb2_1/sw_21420B.sph 3781
/corpora/sre/SwitchBoard2/Phase2/DVD3/swb2_3/sw_22060B.sph 3781
/corpora/sre/SwitchBoard2/Phase2/DVD4/swb2_4/sw_22391A.sph 3781
/corpora/sre/SwitchBoard2/Phase2/DVD5/swb2_5/sw_23303B.sph 3781
/corpora/sre/SwitchBoard2/Phase2/DVD3/swb2_3/sw_23736B.sph 3781
/corpora/sre/SwitchBoard2/Phase2/DVD5/swb2_5/sw_24224A.sph 3781
/corpora/sre/SwitchBoard2/Phase2/DVD2/swb2_2/sw_24292A.sph 3781
/corpora/sre/SwitchBoard2/Phase2/DVD4/swb2_4/sw_24346A.sph 3781
/corpora/sre/SwitchBoard2/Phase2/DVD3/swb2_3/sw_24469A.sph 3781
/corpora/sre/SwitchBoard2/Phase2/DVD1/swb2_1/sw_20660B.sph 3785
/corpora/sre/SwitchBoard2/Phase2/DVD2/swb2_2/sw_21232B.sph 3785
/corpora/sre/SwitchBoard2/Phase2/DVD4/swb2_4/sw_22435B.sph 3785
/corpora/sre/SwitchBoard2/Phase2/DVD5/swb2_5/sw_23167B.sph 3785
/corpora/sre/SwitchBoard2/Phase2/DVD5/swb2_5/sw_24550B.sph 3785
/corpora/sre/SwitchBoard2/Phase2/DVD2/swb2_2/sw_21145A.sph 3823
/corpora/sre/SwitchBoard2/Phase2/DVD1/swb2_1/sw_21088B.sph 3823
/corpora/sre/SwitchBoard2/Phase2/DVD1/swb2_1/sw_21151B.sph 3823
/corpora/sre/SwitchBoard2/Phase2/DVD2/swb2_2/sw_21434B.sph 3823
/corpora/sre/SwitchBoard2/Phase2/DVD5/swb2_5/sw_21921B.sph 3823
/corpora/sre/SwitchBoard2/Phase2/DVD5/swb2_5/sw_22044B.sph 3823
/corpora/sre/SwitchBoard2/Phase2/DVD5/swb2_5/sw_22402A.sph 3823
/corpora/sre/SwitchBoard2/Phase2/DVD3/swb2_3/sw_22582B.sph 3823
/corpora/sre/SwitchBoard2/Phase2/DVD4/swb2_4/sw_23357B.sph 3823
/corpora/sre/SwitchBoard2/Phase2/DVD5/swb2_5/sw_23719B.sph 3823
/corpora/sre/SwitchBoard2/Phase2/DVD5/swb2_5/sw_21413B.sph 3830
/corpora/sre/SwitchBoard2/Phase2/DVD5/swb2_5/sw_21539B.sph 3830
/corpora/sre/SwitchBoard2/Phase2/DVD5/swb2_5/sw_21847B.sph 3830
/corpora/sre/SwitchBoard2/Phase2/DVD3/swb2_3/sw_22049B.sph 3830
/corpora/sre/SwitchBoard2/Phase2/DVD1/swb2_1/sw_21262A.sph 3831
/corpora/sre/SwitchBoard2/Phase2/DVD5/swb2_5/sw_21426B.sph 3831
/corpora/sre/SwitchBoard2/Phase2/DVD4/swb2_4/sw_21566A.sph 3831
/corpora/sre/SwitchBoard2/Phase2/DVD5/swb2_5/sw_21678A.sph 3831
/corpora/sre/SwitchBoard2/Phase2/DVD2/swb2_2/sw_21712B.sph 3831
/corpora/sre/SwitchBoard2/Phase2/DVD3/swb2_3/sw_21787B.sph 3831
/corpora/sre/SwitchBoard2/Phase2/DVD2/swb2_2/sw_22024A.sph 3831
/corpora/sre/SwitchBoard2/Phase2/DVD5/swb2_5/sw_21984B.sph 3831
/corpora/sre/SwitchBoard2/Phase2/DVD3/swb2_3/sw_22137A.sph 3831
/corpora/sre/SwitchBoard2/Phase2/DVD2/swb2_2/sw_22244B.sph 3831
/corpora/sre/SwitchBoard2/Phase2/DVD3/swb2_3/sw_22406A.sph 3831
/corpora/sre/SwitchBoard2/Phase2/DVD5/swb2_5/sw_22448B.sph 3831
/corpora/sre/SwitchBoard2/Phase2/DVD3/swb2_3/sw_22709A.sph 3831
/corpora/sre/SwitchBoard2/Phase2/DVD4/swb2_4/sw_22838A.sph 3831
/corpora/sre/SwitchBoard2/Phase2/DVD3/swb2_3/sw_22915B.sph 3831
/corpora/sre/SwitchBoard2/Phase2/DVD4/swb2_4/sw_23080A.sph 3831
/corpora/sre/SwitchBoard2/Phase2/DVD4/swb2_4/sw_23211A.sph 3831
/corpora/sre/SwitchBoard2/Phase2/DVD3/swb2_3/sw_23327A.sph 3831
/corpora/sre/SwitchBoard2/Phase2/DVD5/swb2_5/sw_23460B.sph 3831
/corpora/sre/SwitchBoard2/Phase2/DVD4/swb2_4/sw_21785B.sph 3865
/corpora/sre/SwitchBoard2/Phase2/DVD4/swb2_4/sw_21973B.sph 3865
/corpora/sre/SwitchBoard2/Phase2/DVD3/swb2_3/sw_22042B.sph 3865
/corpora/sre/SwitchBoard2/Phase2/DVD5/swb2_5/sw_21577A.sph 3870
/corpora/sre/SwitchBoard2/Phase2/DVD2/swb2_2/sw_21882A.sph 3870
/corpora/sre/SwitchBoard2/Phase2/DVD5/swb2_5/sw_21828B.sph 3870
/corpora/sre/SwitchBoard2/Phase2/DVD4/swb2_4/sw_22134B.sph 3870
/corpora/sre/SwitchBoard2/Phase2/DVD4/swb2_4/sw_22624A.sph 3870
/corpora/sre/SwitchBoard2/Phase2/DVD2/swb2_2/sw_22670B.sph 3870
/corpora/sre/SwitchBoard2/Phase2/DVD3/swb2_3/sw_22845A.sph 3870
/corpora/sre/SwitchBoard2/Phase2/DVD6/swb2_6/sw_22917B.sph 3870
/corpora/sre/SwitchBoard2/Phase2/DVD5/swb2_5/sw_24239B.sph 3870
/corpora/sre/SwitchBoard2/Phase2/DVD3/swb2_3/sw_24392B.sph 3870
/corpora/sre/SwitchBoard2/Phase2/DVD5/swb2_5/sw_24478A.sph 3870
/corpora/sre/SwitchBoard2/Phase2/DVD3/swb2_3/sw_22951B.sph 3877
/corpora/sre/SwitchBoard2/Phase2/DVD5/swb2_5/sw_23020B.sph 3877
/corpora/sre/SwitchBoard2/Phase2/DVD5/swb2_5/sw_23610B.sph 3877
/corpora/sre/SwitchBoard2/Phase2/DVD3/swb2_3/sw_24103B.sph 3877
/corpora/sre/SwitchBoard2/Phase2/DVD3/swb2_3/sw_24216B.sph 3877
/corpora/sre/SwitchBoard2/Phase2/DVD2/swb2_2/sw_24544B.sph 3877
/corpora/sre/SwitchBoard2/Phase2/DVD4/swb2_4/sw_21922B.sph 3883
/corpora/sre/SwitchBoard2/Phase2/DVD4/swb2_4/sw_22152A.sph 3883
/corpora/sre/SwitchBoard2/Phase2/DVD5/swb2_5/sw_22283A.sph 3883
/corpora/sre/SwitchBoard2/Phase2/DVD3/swb2_3/sw_22242B.sph 3883
/corpora/sre/SwitchBoard2/Phase2/DVD5/swb2_5/sw_22416A.sph 3883
/corpora/sre/SwitchBoard2/Phase2/DVD4/swb2_4/sw_22537A.sph 3883
/corpora/sre/SwitchBoard2/Phase2/DVD3/swb2_3/sw_22847A.sph 3883
/corpora/sre/SwitchBoard2/Phase2/DVD2/swb2_2/sw_22829B.sph 3883
/corpora/sre/SwitchBoard2/Phase2/DVD3/swb2_3/sw_22959A.sph 3883
/corpora/sre/SwitchBoard2/Phase2/DVD5/swb2_5/sw_23015B.sph 3883
/corpora/sre/SwitchBoard2/Phase2/DVD5/swb2_5/sw_23896B.sph 3883
/corpora/sre/SwitchBoard2/Phase2/DVD4/swb2_4/sw_24031B.sph 3883
/corpora/sre/SwitchBoard2/Phase2/DVD2/swb2_2/sw_24049B.sph 3883
/corpora/sre/SwitchBoard2/Phase2/DVD4/swb2_4/sw_22153A.sph 3884
/corpora/sre/SwitchBoard2/Phase2/DVD4/swb2_4/sw_22417A.sph 3884
/corpora/sre/SwitchBoard2/Phase2/DVD3/swb2_3/sw_22626A.sph 3884
/corpora/sre/SwitchBoard2/Phase2/DVD5/swb2_5/sw_22654B.sph 3884
/corpora/sre/SwitchBoard2/Phase2/DVD4/swb2_4/sw_22781B.sph 3884
/corpora/sre/SwitchBoard2/Phase2/DVD4/swb2_4/sw_23324B.sph 3884
/corpora/sre/SwitchBoard2/Phase2/DVD4/swb2_4/sw_22290A.sph 3899
/corpora/sre/SwitchBoard2/Phase2/DVD3/swb2_3/sw_22424A.sph 3899
/corpora/sre/SwitchBoard2/Phase2/DVD3/swb2_3/sw_22430B.sph 3899
/corpora/sre/SwitchBoard2/Phase2/DVD5/swb2_5/sw_22540A.sph 3899
/corpora/sre/SwitchBoard2/Phase2/DVD4/swb2_4/sw_22469B.sph 3899
/corpora/sre/SwitchBoard2/Phase2/DVD3/swb2_3/sw_22695B.sph 3899
/corpora/sre/SwitchBoard2/Phase2/DVD3/swb2_3/sw_23685B.sph 3899
/corpora/sre/SwitchBoard2/Phase2/DVD4/swb2_4/sw_24127B.sph 3899
/corpora/sre/SwitchBoard2/Phase2/DVD5/swb2_5/sw_24194B.sph 3899
/corpora/sre/SwitchBoard2/Phase2/DVD3/swb2_3/sw_22426A.sph 3902
/corpora/sre/SwitchBoard2/Phase2/DVD4/swb2_4/sw_22618B.sph 3902
/corpora/sre/SwitchBoard2/Phase2/DVD5/swb2_5/sw_22716B.sph 3902
/corpora/sre/SwitchBoard2/Phase2/DVD5/swb2_5/sw_23844B.sph 3902
/corpora/sre/SwitchBoard2/Phase2/DVD5/swb2_5/sw_22429A.sph 3905
/corpora/sre/SwitchBoard2/Phase2/DVD3/swb2_3/sw_22544A.sph 3905
/corpora/sre/SwitchBoard2/Phase2/DVD3/swb2_3/sw_22627A.sph 3905
/corpora/sre/SwitchBoard2/Phase2/DVD4/swb2_4/sw_22435A.sph 3913
/corpora/sre/SwitchBoard2/Phase2/DVD4/swb2_4/sw_22372B.sph 3913
/corpora/sre/SwitchBoard2/Phase2/DVD5/swb2_5/sw_22548A.sph 3913
/corpora/sre/SwitchBoard2/Phase2/DVD3/swb2_3/sw_22480B.sph 3913
/corpora/sre/SwitchBoard2/Phase2/DVD4/swb2_4/sw_22630A.sph 3913
/corpora/sre/SwitchBoard2/Phase2/DVD5/swb2_5/sw_22721A.sph 3913
/corpora/sre/SwitchBoard2/Phase2/DVD5/swb2_5/sw_22718B.sph 3913
/corpora/sre/SwitchBoard2/Phase2/DVD3/swb2_3/sw_22877B.sph 3913
/corpora/sre/SwitchBoard2/Phase2/DVD5/swb2_5/sw_23166B.sph 3913
/corpora/sre/SwitchBoard2/Phase2/DVD5/swb2_5/sw_23355B.sph 3913
/corpora/sre/SwitchBoard2/Phase2/DVD3/swb2_3/sw_23969B.sph 3913
/corpora/sre/SwitchBoard2/Phase2/DVD3/swb2_3/sw_24016B.sph 3913
/corpora/sre/SwitchBoard2/Phase2/DVD5/swb2_5/sw_24481A.sph 3913
/corpora/sre/SwitchBoard2/Phase2/DVD2/swb2_2/sw_22413B.sph 3921
/corpora/sre/SwitchBoard2/Phase2/DVD5/swb2_5/sw_22549A.sph 3921
/corpora/sre/SwitchBoard2/Phase2/DVD3/swb2_3/sw_22626B.sph 3921
/corpora/sre/SwitchBoard2/Phase2/DVD5/swb2_5/sw_22722A.sph 3921
/corpora/sre/SwitchBoard2/Phase2/DVD4/swb2_4/sw_22857A.sph 3921
/corpora/sre/SwitchBoard2/Phase2/DVD4/swb2_4/sw_22743B.sph 3921
/corpora/sre/SwitchBoard2/Phase2/DVD4/swb2_4/sw_22962A.sph 3921
/corpora/sre/SwitchBoard2/Phase2/DVD2/swb2_2/sw_22916B.sph 3921
/corpora/sre/SwitchBoard2/Phase2/DVD5/swb2_5/sw_23099A.sph 3921
/corpora/sre/SwitchBoard2/Phase2/DVD2/swb2_2/sw_23229A.sph 3921
/corpora/sre/SwitchBoard2/Phase2/DVD4/swb2_4/sw_23338A.sph 3921
/corpora/sre/SwitchBoard2/Phase2/DVD3/swb2_3/sw_23420B.sph 3921
/corpora/sre/SwitchBoard2/Phase2/DVD3/swb2_3/sw_23514A.sph 3921
/corpora/sre/SwitchBoard2/Phase2/DVD4/swb2_4/sw_23658A.sph 3921
/corpora/sre/SwitchBoard2/Phase2/DVD5/swb2_5/sw_23574B.sph 3921
/corpora/sre/SwitchBoard2/Phase2/DVD4/swb2_4/sw_23914A.sph 3921
/corpora/sre/SwitchBoard2/Phase2/DVD5/swb2_5/sw_24482A.sph 3921
/corpora/sre/SwitchBoard2/Phase2/DVD5/swb2_5/sw_24495B.sph 3921
/corpora/sre/SwitchBoard2/Phase2/DVD4/swb2_4/sw_24548B.sph 3921
/corpora/sre/SwitchBoard2/Phase2/DVD4/swb2_4/sw_22858A.sph 3923
/corpora/sre/SwitchBoard2/Phase2/DVD3/swb2_3/sw_23231B.sph 3923
/corpora/sre/SwitchBoard2/Phase2/DVD3/swb2_3/sw_23835B.sph 3923
/corpora/sre/SwitchBoard2/Phase2/DVD4/swb2_4/sw_24081B.sph 3923
/corpora/sre/SwitchBoard2/Phase2/DVD3/swb2_3/sw_24248B.sph 3923
/corpora/sre/SwitchBoard2/Phase2/DVD2/swb2_2/sw_22551A.sph 3927
/corpora/sre/SwitchBoard2/Phase2/DVD3/swb2_3/sw_22632A.sph 3927
/corpora/sre/SwitchBoard2/Phase2/DVD4/swb2_4/sw_22724A.sph 3927
/corpora/sre/SwitchBoard2/Phase2/DVD5/swb2_5/sw_22860A.sph 3927
/corpora/sre/SwitchBoard2/Phase2/DVD3/swb2_3/sw_22847B.sph 3927
/corpora/sre/SwitchBoard2/Phase2/DVD2/swb2_2/sw_22921B.sph 3927
/corpora/sre/SwitchBoard2/Phase2/DVD5/swb2_5/sw_23340A.sph 3927
/corpora/sre/SwitchBoard2/Phase2/DVD5/swb2_5/sw_23436B.sph 3927
/corpora/sre/SwitchBoard2/Phase2/DVD5/swb2_5/sw_22553A.sph 3931
/corpora/sre/SwitchBoard2/Phase2/DVD5/swb2_5/sw_22634A.sph 3931
/corpora/sre/SwitchBoard2/Phase2/DVD5/swb2_5/sw_22585B.sph 3931
/corpora/sre/SwitchBoard2/Phase2/DVD3/swb2_3/sw_22727A.sph 3931
/corpora/sre/SwitchBoard2/Phase2/DVD4/swb2_4/sw_22863A.sph 3931
/corpora/sre/SwitchBoard2/Phase2/DVD3/swb2_3/sw_22832B.sph 3931
/corpora/sre/SwitchBoard2/Phase2/DVD4/swb2_4/sw_23004B.sph 3931
/corpora/sre/SwitchBoard2/Phase2/DVD5/swb2_5/sw_23487B.sph 3931
/corpora/sre/SwitchBoard2/Phase2/DVD5/swb2_5/sw_23589B.sph 3931
/corpora/sre/SwitchBoard2/Phase2/DVD2/swb2_2/sw_22967A.sph 3944
/corpora/sre/SwitchBoard2/Phase2/DVD5/swb2_5/sw_22923B.sph 3944
/corpora/sre/SwitchBoard2/Phase2/DVD3/swb2_3/sw_23107A.sph 3944
/corpora/sre/SwitchBoard2/Phase2/DVD2/swb2_2/sw_23033B.sph 3944
/corpora/sre/SwitchBoard2/Phase2/DVD5/swb2_5/sw_23235A.sph 3944
/corpora/sre/SwitchBoard2/Phase2/DVD4/swb2_4/sw_23212B.sph 3944
/corpora/sre/SwitchBoard2/Phase2/DVD4/swb2_4/sw_23663A.sph 3944
/corpora/sre/SwitchBoard2/Phase2/DVD3/swb2_3/sw_23634B.sph 3944
/corpora/sre/SwitchBoard2/Phase2/DVD4/swb2_4/sw_23764A.sph 3944
/corpora/sre/SwitchBoard2/Phase2/DVD4/swb2_4/sw_23713B.sph 3944
/corpora/sre/SwitchBoard2/Phase2/DVD3/swb2_3/sw_23918B.sph 3944
/corpora/sre/SwitchBoard2/Phase2/DVD3/swb2_3/sw_24028A.sph 3944
/corpora/sre/SwitchBoard2/Phase2/DVD4/swb2_4/sw_24095A.sph 3944
/corpora/sre/SwitchBoard2/Phase2/DVD5/swb2_5/sw_24156A.sph 3944
/corpora/sre/SwitchBoard2/Phase2/DVD3/swb2_3/sw_24240A.sph 3944
/corpora/sre/SwitchBoard2/Phase2/DVD3/swb2_3/sw_24304A.sph 3944
/corpora/sre/SwitchBoard2/Phase2/DVD2/swb2_2/sw_24356A.sph 3944
/corpora/sre/SwitchBoard2/Phase2/DVD3/swb2_3/sw_24360B.sph 3944
/corpora/sre/SwitchBoard2/Phase2/DVD4/swb2_4/sw_24396B.sph 3944
/corpora/sre/SwitchBoard2/Phase2/DVD3/swb2_3/sw_24486A.sph 3944
/corpora/sre/SwitchBoard2/Phase2/DVD3/swb2_3/sw_23063B.sph 3957
/corpora/sre/SwitchBoard2/Phase2/DVD4/swb2_4/sw_23238A.sph 3957
/corpora/sre/SwitchBoard2/Phase2/DVD5/swb2_5/sw_23349A.sph 3957
/corpora/sre/SwitchBoard2/Phase2/DVD3/swb2_3/sw_23382B.sph 3957
/corpora/sre/SwitchBoard2/Phase2/DVD3/swb2_3/sw_23521A.sph 3957
/corpora/sre/SwitchBoard2/Phase2/DVD5/swb2_5/sw_23469B.sph 3957
/corpora/sre/SwitchBoard2/Phase2/DVD4/swb2_4/sw_23665A.sph 3957
/corpora/sre/SwitchBoard2/Phase2/DVD4/swb2_4/sw_23777B.sph 3957
/corpora/sre/SwitchBoard2/Phase2/DVD3/swb2_3/sw_23872A.sph 3957
/corpora/sre/SwitchBoard2/Phase2/DVD5/swb2_5/sw_23950B.sph 3957
/corpora/sre/SwitchBoard2/Phase2/DVD5/swb2_5/sw_24030A.sph 3957
/corpora/sre/SwitchBoard2/Phase2/DVD5/swb2_5/sw_24093B.sph 3957
/corpora/sre/SwitchBoard2/Phase2/DVD3/swb2_3/sw_24241A.sph 3957
/corpora/sre/SwitchBoard2/Phase2/DVD2/swb2_2/sw_24305A.sph 3957
/corpora/sre/SwitchBoard2/Phase2/DVD5/swb2_5/sw_24344B.sph 3957
/corpora/sre/SwitchBoard2/Phase2/DVD3/swb2_3/sw_23112A.sph 3958
/corpora/sre/SwitchBoard2/Phase2/DVD4/swb2_4/sw_22977B.sph 3958
/corpora/sre/SwitchBoard2/Phase2/DVD4/swb2_4/sw_23239A.sph 3958
/corpora/sre/SwitchBoard2/Phase2/DVD5/swb2_5/sw_23199B.sph 3958
/corpora/sre/SwitchBoard2/Phase2/DVD3/swb2_3/sw_23350A.sph 3958
/corpora/sre/SwitchBoard2/Phase2/DVD3/swb2_3/sw_23428A.sph 3958
/corpora/sre/SwitchBoard2/Phase2/DVD2/swb2_2/sw_23522A.sph 3958
/corpora/sre/SwitchBoard2/Phase2/DVD3/swb2_3/sw_23666A.sph 3958
/corpora/sre/SwitchBoard2/Phase2/DVD3/swb2_3/sw_23767A.sph 3958
/corpora/sre/SwitchBoard2/Phase2/DVD4/swb2_4/sw_23801B.sph 3958
/corpora/sre/SwitchBoard2/Phase2/DVD3/swb2_3/sw_23868B.sph 3958
/corpora/sre/SwitchBoard2/Phase2/DVD4/swb2_4/sw_23916A.sph 3958
/corpora/sre/SwitchBoard2/Phase2/DVD5/swb2_5/sw_23895B.sph 3958
/corpora/sre/SwitchBoard2/Phase2/DVD4/swb2_4/sw_24031A.sph 3958
/corpora/sre/SwitchBoard2/Phase2/DVD3/swb2_3/sw_24015B.sph 3958
/corpora/sre/SwitchBoard2/Phase2/DVD3/swb2_3/sw_24097A.sph 3958
/corpora/sre/SwitchBoard2/Phase2/DVD4/swb2_4/sw_24146B.sph 3958
/corpora/sre/SwitchBoard2/Phase2/DVD2/swb2_2/sw_24242A.sph 3958
/corpora/sre/SwitchBoard2/Phase2/DVD5/swb2_5/sw_24357A.sph 3958
/corpora/sre/SwitchBoard2/Phase2/DVD4/swb2_4/sw_24429A.sph 3958
/corpora/sre/SwitchBoard2/Phase2/DVD2/swb2_2/sw_24488A.sph 3958
/corpora/sre/SwitchBoard2/Phase2/DVD5/swb2_5/sw_24531B.sph 3958
/corpora/sre/SwitchBoard2/Phase2/DVD3/swb2_3/sw_24580A.sph 3958
/corpora/sre/SwitchBoard2/Phase2/DVD2/swb2_2/sw_23115A.sph 3965
/corpora/sre/SwitchBoard2/Phase2/DVD5/swb2_5/sw_23241A.sph 3965
/corpora/sre/SwitchBoard2/Phase2/DVD3/swb2_3/sw_23144B.sph 3965
/corpora/sre/SwitchBoard2/Phase2/DVD3/swb2_3/sw_23352A.sph 3965
/corpora/sre/SwitchBoard2/Phase2/DVD3/swb2_3/sw_23415B.sph 3965
/corpora/sre/SwitchBoard2/Phase2/DVD2/swb2_2/sw_23440B.sph 3965
/corpora/sre/SwitchBoard2/Phase2/DVD5/swb2_5/sw_23831A.sph 3965
/corpora/sre/SwitchBoard2/Phase2/DVD5/swb2_5/sw_23857B.sph 3965
/corpora/sre/SwitchBoard2/Phase2/DVD2/swb2_2/sw_24017B.sph 3965
/corpora/sre/SwitchBoard2/Phase2/DVD5/swb2_5/sw_24307A.sph 3965
/corpora/sre/SwitchBoard2/Phase2/DVD3/swb2_3/sw_24537A.sph 3965
