/corpora/sre/SwitchBoard2/Phase2/DVD2/swb2_2/sw_20193A.sph 1081
/corpora/sre/SwitchBoard2/Phase2/DVD1/swb2_1/sw_20234A.sph 1081
/corpora/sre/SwitchBoard2/Phase2/DVD1/swb2_1/sw_20398B.sph 1081
/corpora/sre/SwitchBoard2/Phase2/DVD1/swb2_1/sw_20805B.sph 1081
/corpora/sre/SwitchBoard2/Phase2/DVD1/swb2_1/sw_21085B.sph 1081
/corpora/sre/SwitchBoard2/Phase2/DVD2/swb2_2/sw_21435A.sph 1081
/corpora/sre/SwitchBoard2/Phase2/DVD5/swb2_5/sw_22145B.sph 1081
/corpora/sre/SwitchBoard2/Phase2/DVD4/swb2_4/sw_22957B.sph 1081
/corpora/sre/SwitchBoard2/Phase2/DVD2/swb2_2/sw_24538A.sph 1081
/corpora/sre/SwitchBoard2/Phase2/DVD1/swb2_1/sw_20009A.sph 3044
/corpora/sre/SwitchBoard2/Phase2/DVD1/swb2_1/sw_20024B.sph 3044
/corpora/sre/SwitchBoard2/Phase2/DVD1/swb2_1/sw_20058A.sph 3044
/corpora/sre/SwitchBoard2/Phase2/DVD1/swb2_1/sw_20117B.sph 3044
/corpora/sre/SwitchBoard2/Phase2/DVD1/swb2_1/sw_20177B.sph 3044
/corpora/sre/SwitchBoard2/Phase2/DVD1/swb2_1/sw_20339A.sph 3044
/corpora/sre/SwitchBoard2/Phase2/DVD2/swb2_2/sw_20437A.sph 3044
/corpora/sre/SwitchBoard2/Phase2/DVD1/swb2_1/sw_20575A.sph 3044
/corpora/sre/SwitchBoard2/Phase2/DVD1/swb2_1/sw_20750B.sph 3044
/corpora/sre/SwitchBoard2/Phase2/DVD2/swb2_2/sw_20827A.sph 3044
/corpora/sre/SwitchBoard2/Phase2/DVD2/swb2_2/sw_20911A.sph 3044
/corpora/sre/SwitchBoard2/Phase2/DVD1/swb2_1/sw_21152A.sph 3044
/corpora/sre/SwitchBoard2/Phase2/DVD2/swb2_2/sw_21277A.sph 3044
/corpora/sre/SwitchBoard2/Phase2/DVD3/swb2_3/sw_21441A.sph 3044
/corpora/sre/SwitchBoard2/Phase2/DVD5/swb2_5/sw_21595B.sph 3044
/corpora/sre/SwitchBoard2/Phase2/DVD5/swb2_5/sw_21782B.sph 3044
/corpora/sre/SwitchBoard2/Phase2/DVD4/swb2_4/sw_21892A.sph 3044
/corpora/sre/SwitchBoard2/Phase2/DVD2/swb2_2/sw_22043A.sph 3044
/corpora/sre/SwitchBoard2/Phase2/DVD5/swb2_5/sw_22622B.sph 3044
/corpora/sre/SwitchBoard2/Phase2/DVD5/swb2_5/sw_22735A.sph 3044
/corpora/sre/SwitchBoard2/Phase2/DVD5/swb2_5/sw_22869A.sph 3044
/corpora/sre/SwitchBoard2/Phase2/DVD3/swb2_3/sw_22979A.sph 3044
/corpora/sre/SwitchBoard2/Phase2/DVD4/swb2_4/sw_23357A.sph 3044
/corpora/sre/SwitchBoard2/Phase2/DVD3/swb2_3/sw_23451B.sph 3044
/corpora/sre/SwitchBoard2/Phase2/DVD3/swb2_3/sw_23672A.sph 3044
/corpora/sre/SwitchBoard2/Phase2/DVD4/swb2_4/sw_23921A.sph 3044
/corpora/sre/SwitchBoard2/Phase2/DVD1/swb2_1/sw_20011A.sph 3050
/corpora/sre/SwitchBoard2/Phase2/DVD1/swb2_1/sw_20203B.sph 3050
/corpora/sre/SwitchBoard2/Phase2/DVD1/swb2_1/sw_20244A.sph 3050
/corpora/sre/SwitchBoard2/Phase2/DVD1/swb2_1/sw_20439A.sph 3050
/corpora/sre/SwitchBoard2/Phase2/DVD1/swb2_1/sw_20676B.sph 3050
/corpora/sre/SwitchBoard2/Phase2/DVD2/swb2_2/sw_20719A.sph 3050
/corpora/sre/SwitchBoard2/Phase2/DVD1/swb2_1/sw_20828A.sph 3050
/corpora/sre/SwitchBoard2/Phase2/DVD1/swb2_1/sw_20941B.sph 3050
/corpora/sre/SwitchBoard2/Phase2/DVD2/swb2_2/sw_21007A.sph 3050
/corpora/sre/SwitchBoard2/Phase2/DVD2/swb2_2/sw_21442A.sph 3050
/corpora/sre/SwitchBoard2/Phase2/DVD3/swb2_3/sw_21806B.sph 3050
/corpora/sre/SwitchBoard2/Phase2/DVD3/swb2_3/sw_21893A.sph 3050
/corpora/sre/SwitchBoard2/Phase2/DVD5/swb2_5/sw_22300A.sph 3050
/corpora/sre/SwitchBoard2/Phase2/DVD4/swb2_4/sw_22442A.sph 3050
/corpora/sre/SwitchBoard2/Phase2/DVD4/swb2_4/sw_22638A.sph 3050
/corpora/sre/SwitchBoard2/Phase2/DVD5/swb2_5/sw_22736A.sph 3050
/corpora/sre/SwitchBoard2/Phase2/DVD3/swb2_3/sw_23516B.sph 3050
/corpora/sre/SwitchBoard2/Phase2/DVD2/swb2_2/sw_23673A.sph 3050
/corpora/sre/SwitchBoard2/Phase2/DVD3/swb2_3/sw_23922A.sph 3050
/corpora/sre/SwitchBoard2/Phase2/DVD5/swb2_5/sw_24459B.sph 3050
/corpora/sre/SwitchBoard2/Phase2/DVD1/swb2_1/sw_20013A.sph 3057
/corpora/sre/SwitchBoard2/Phase2/DVD1/swb2_1/sw_20060A.sph 3057
/corpora/sre/SwitchBoard2/Phase2/DVD1/swb2_1/sw_20054B.sph 3057
/corpora/sre/SwitchBoard2/Phase2/DVD1/swb2_1/sw_20110B.sph 3057
/corpora/sre/SwitchBoard2/Phase2/DVD1/swb2_1/sw_20245A.sph 3057
/corpora/sre/SwitchBoard2/Phase2/DVD1/swb2_1/sw_20440A.sph 3057
/corpora/sre/SwitchBoard2/Phase2/DVD1/swb2_1/sw_20579A.sph 3057
/corpora/sre/SwitchBoard2/Phase2/DVD1/swb2_1/sw_20758B.sph 3057
/corpora/sre/SwitchBoard2/Phase2/DVD1/swb2_1/sw_20912A.sph 3057
/corpora/sre/SwitchBoard2/Phase2/DVD2/swb2_2/sw_21008A.sph 3057
/corpora/sre/SwitchBoard2/Phase2/DVD2/swb2_2/sw_21153A.sph 3057
/corpora/sre/SwitchBoard2/Phase2/DVD1/swb2_1/sw_21278A.sph 3057
/corpora/sre/SwitchBoard2/Phase2/DVD3/swb2_3/sw_21416B.sph 3057
/corpora/sre/SwitchBoard2/Phase2/DVD2/swb2_2/sw_21443A.sph 3057
/corpora/sre/SwitchBoard2/Phase2/DVD2/swb2_2/sw_21694A.sph 3057
/corpora/sre/SwitchBoard2/Phase2/DVD3/swb2_3/sw_21788A.sph 3057
/corpora/sre/SwitchBoard2/Phase2/DVD3/swb2_3/sw_21894A.sph 3057
/corpora/sre/SwitchBoard2/Phase2/DVD5/swb2_5/sw_22044A.sph 3057
/corpora/sre/SwitchBoard2/Phase2/DVD5/swb2_5/sw_22301A.sph 3057
/corpora/sre/SwitchBoard2/Phase2/DVD3/swb2_3/sw_22443A.sph 3057
/corpora/sre/SwitchBoard2/Phase2/DVD3/swb2_3/sw_22639A.sph 3057
/corpora/sre/SwitchBoard2/Phase2/DVD3/swb2_3/sw_22882B.sph 3057
/corpora/sre/SwitchBoard2/Phase2/DVD5/swb2_5/sw_22980A.sph 3057
/corpora/sre/SwitchBoard2/Phase2/DVD2/swb2_2/sw_23120A.sph 3057
/corpora/sre/SwitchBoard2/Phase2/DVD3/swb2_3/sw_23246A.sph 3057
/corpora/sre/SwitchBoard2/Phase2/DVD4/swb2_4/sw_23358A.sph 3057
/corpora/sre/SwitchBoard2/Phase2/DVD3/swb2_3/sw_23434A.sph 3057
/corpora/sre/SwitchBoard2/Phase2/DVD4/swb2_4/sw_23527A.sph 3057
/corpora/sre/SwitchBoard2/Phase2/DVD5/swb2_5/sw_23674A.sph 3057
/corpora/sre/SwitchBoard2/Phase2/DVD5/swb2_5/sw_23776A.sph 3057
/corpora/sre/SwitchBoard2/Phase2/DVD2/swb2_2/sw_24530B.sph 3057
/corpora/sre/SwitchBoard2/Phase2/DVD1/swb2_1/sw_20007B.sph 3123
/corpora/sre/SwitchBoard2/Phase2/DVD1/swb2_1/sw_20191B.sph 3123
/corpora/sre/SwitchBoard2/Phase2/DVD2/swb2_2/sw_20206A.sph 3123
/corpora/sre/SwitchBoard2/Phase2/DVD1/swb2_1/sw_20277B.sph 3123
/corpora/sre/SwitchBoard2/Phase2/DVD2/swb2_2/sw_20501B.sph 3123
/corpora/sre/SwitchBoard2/Phase2/DVD1/swb2_1/sw_20710B.sph 3123
/corpora/sre/SwitchBoard2/Phase2/DVD2/swb2_2/sw_20811B.sph 3123
/corpora/sre/SwitchBoard2/Phase2/DVD2/swb2_2/sw_20879B.sph 3123
/corpora/sre/SwitchBoard2/Phase2/DVD1/swb2_1/sw_21023A.sph 3123
/corpora/sre/SwitchBoard2/Phase2/DVD1/swb2_1/sw_21257B.sph 3123
/corpora/sre/SwitchBoard2/Phase2/DVD2/swb2_2/sw_21525B.sph 3123
/corpora/sre/SwitchBoard2/Phase2/DVD2/swb2_2/sw_22207B.sph 3123
/corpora/sre/SwitchBoard2/Phase2/DVD3/swb2_3/sw_23278B.sph 3123
/corpora/sre/SwitchBoard2/Phase2/DVD2/swb2_2/sw_23540A.sph 3123
/corpora/sre/SwitchBoard2/Phase2/DVD1/swb2_1/sw_20251B.sph 3255
/corpora/sre/SwitchBoard2/Phase2/DVD1/swb2_1/sw_20366A.sph 3255
/corpora/sre/SwitchBoard2/Phase2/DVD1/swb2_1/sw_20389B.sph 3255
/corpora/sre/SwitchBoard2/Phase2/DVD1/swb2_1/sw_20611A.sph 3255
/corpora/sre/SwitchBoard2/Phase2/DVD2/swb2_2/sw_21045A.sph 3255
/corpora/sre/SwitchBoard2/Phase2/DVD1/swb2_1/sw_21047B.sph 3255
/corpora/sre/SwitchBoard2/Phase2/DVD2/swb2_2/sw_21475A.sph 3255
/corpora/sre/SwitchBoard2/Phase2/DVD2/swb2_2/sw_21662B.sph 3255
/corpora/sre/SwitchBoard2/Phase2/DVD3/swb2_3/sw_21926A.sph 3255
/corpora/sre/SwitchBoard2/Phase2/DVD3/swb2_3/sw_22375B.sph 3255
/corpora/sre/SwitchBoard2/Phase2/DVD5/swb2_5/sw_22471A.sph 3255
/corpora/sre/SwitchBoard2/Phase2/DVD5/swb2_5/sw_22591B.sph 3255
/corpora/sre/SwitchBoard2/Phase2/DVD5/swb2_5/sw_22699B.sph 3255
/corpora/sre/SwitchBoard2/Phase2/DVD4/swb2_4/sw_22761A.sph 3255
/corpora/sre/SwitchBoard2/Phase2/DVD3/swb2_3/sw_23012B.sph 3255
/corpora/sre/SwitchBoard2/Phase2/DVD4/swb2_4/sw_23430B.sph 3255
/corpora/sre/SwitchBoard2/Phase2/DVD5/swb2_5/sw_23560A.sph 3255
/corpora/sre/SwitchBoard2/Phase2/DVD1/swb2_1/sw_20041A.sph 3295
/corpora/sre/SwitchBoard2/Phase2/DVD1/swb2_1/sw_20057B.sph 3295
/corpora/sre/SwitchBoard2/Phase2/DVD1/swb2_1/sw_20143A.sph 3295
/corpora/sre/SwitchBoard2/Phase2/DVD1/swb2_1/sw_20159B.sph 3295
/corpora/sre/SwitchBoard2/Phase2/DVD1/swb2_1/sw_20232B.sph 3295
/corpora/sre/SwitchBoard2/Phase2/DVD1/swb2_1/sw_20277A.sph 3295
/corpora/sre/SwitchBoard2/Phase2/DVD2/swb2_2/sw_20264B.sph 3295
/corpora/sre/SwitchBoard2/Phase2/DVD1/swb2_1/sw_20373A.sph 3295
/corpora/sre/SwitchBoard2/Phase2/DVD1/swb2_1/sw_20479A.sph 3295
/corpora/sre/SwitchBoard2/Phase2/DVD1/swb2_1/sw_20617A.sph 3295
/corpora/sre/SwitchBoard2/Phase2/DVD1/swb2_1/sw_20784B.sph 3295
/corpora/sre/SwitchBoard2/Phase2/DVD1/swb2_1/sw_20851A.sph 3295
/corpora/sre/SwitchBoard2/Phase2/DVD1/swb2_1/sw_20913B.sph 3295
/corpora/sre/SwitchBoard2/Phase2/DVD1/swb2_1/sw_21108B.sph 3295
/corpora/sre/SwitchBoard2/Phase2/DVD1/swb2_1/sw_21183A.sph 3295
/corpora/sre/SwitchBoard2/Phase2/DVD5/swb2_5/sw_22918B.sph 3295
/corpora/sre/SwitchBoard2/Phase2/DVD1/swb2_1/sw_20042A.sph 3298
/corpora/sre/SwitchBoard2/Phase2/DVD1/swb2_1/sw_20107B.sph 3298
/corpora/sre/SwitchBoard2/Phase2/DVD1/swb2_1/sw_20219A.sph 3298
/corpora/sre/SwitchBoard2/Phase2/DVD2/swb2_2/sw_20279A.sph 3298
/corpora/sre/SwitchBoard2/Phase2/DVD1/swb2_1/sw_20354B.sph 3298
/corpora/sre/SwitchBoard2/Phase2/DVD2/swb2_2/sw_20480A.sph 3298
/corpora/sre/SwitchBoard2/Phase2/DVD2/swb2_2/sw_20619A.sph 3298
/corpora/sre/SwitchBoard2/Phase2/DVD1/swb2_1/sw_20750A.sph 3298
/corpora/sre/SwitchBoard2/Phase2/DVD2/swb2_2/sw_20852A.sph 3298
/corpora/sre/SwitchBoard2/Phase2/DVD1/swb2_1/sw_20937A.sph 3298
/corpora/sre/SwitchBoard2/Phase2/DVD2/swb2_2/sw_21049A.sph 3298
/corpora/sre/SwitchBoard2/Phase2/DVD1/swb2_1/sw_21319A.sph 3298
/corpora/sre/SwitchBoard2/Phase2/DVD2/swb2_2/sw_21393B.sph 3298
/corpora/sre/SwitchBoard2/Phase2/DVD3/swb2_3/sw_21536B.sph 3298
/corpora/sre/SwitchBoard2/Phase2/DVD5/swb2_5/sw_21966B.sph 3298
/corpora/sre/SwitchBoard2/Phase2/DVD4/swb2_4/sw_22065A.sph 3298
/corpora/sre/SwitchBoard2/Phase2/DVD3/swb2_3/sw_22576A.sph 3298
/corpora/sre/SwitchBoard2/Phase2/DVD4/swb2_4/sw_22656A.sph 3298
/corpora/sre/SwitchBoard2/Phase2/DVD2/swb2_2/sw_22729B.sph 3298
/corpora/sre/SwitchBoard2/Phase2/DVD3/swb2_3/sw_22879B.sph 3298
/corpora/sre/SwitchBoard2/Phase2/DVD3/swb2_3/sw_23012A.sph 3298
/corpora/sre/SwitchBoard2/Phase2/DVD3/swb2_3/sw_23182B.sph 3298
/corpora/sre/SwitchBoard2/Phase2/DVD4/swb2_4/sw_23319B.sph 3298
/corpora/sre/SwitchBoard2/Phase2/DVD1/swb2_1/sw_20337B.sph 3333
/corpora/sre/SwitchBoard2/Phase2/DVD1/swb2_1/sw_20509B.sph 3333
/corpora/sre/SwitchBoard2/Phase2/DVD1/swb2_1/sw_20941A.sph 3333
/corpora/sre/SwitchBoard2/Phase2/DVD3/swb2_3/sw_20955B.sph 3333
/corpora/sre/SwitchBoard2/Phase2/DVD2/swb2_2/sw_21053A.sph 3333
/corpora/sre/SwitchBoard2/Phase2/DVD2/swb2_2/sw_21189A.sph 3333
/corpora/sre/SwitchBoard2/Phase2/DVD5/swb2_5/sw_21482A.sph 3333
/corpora/sre/SwitchBoard2/Phase2/DVD3/swb2_3/sw_21725A.sph 3333
/corpora/sre/SwitchBoard2/Phase2/DVD3/swb2_3/sw_21812A.sph 3333
/corpora/sre/SwitchBoard2/Phase2/DVD4/swb2_4/sw_21873B.sph 3333
/corpora/sre/SwitchBoard2/Phase2/DVD5/swb2_5/sw_21934A.sph 3333
/corpora/sre/SwitchBoard2/Phase2/DVD5/swb2_5/sw_22196A.sph 3333
/corpora/sre/SwitchBoard2/Phase2/DVD3/swb2_3/sw_22476A.sph 3333
/corpora/sre/SwitchBoard2/Phase2/DVD2/swb2_2/sw_22702B.sph 3333
/corpora/sre/SwitchBoard2/Phase2/DVD3/swb2_3/sw_22901A.sph 3333
/corpora/sre/SwitchBoard2/Phase2/DVD3/swb2_3/sw_23571A.sph 3333
/corpora/sre/SwitchBoard2/Phase2/DVD3/swb2_3/sw_23699A.sph 3333
/corpora/sre/SwitchBoard2/Phase2/DVD3/swb2_3/sw_23702B.sph 3333
/corpora/sre/SwitchBoard2/Phase2/DVD2/swb2_2/sw_20492A.sph 3363
/corpora/sre/SwitchBoard2/Phase2/DVD1/swb2_1/sw_20629A.sph 3363
/corpora/sre/SwitchBoard2/Phase2/DVD1/swb2_1/sw_20817B.sph 3363
/corpora/sre/SwitchBoard2/Phase2/DVD1/swb2_1/sw_20945A.sph 3363
/corpora/sre/SwitchBoard2/Phase2/DVD2/swb2_2/sw_21331A.sph 3363
/corpora/sre/SwitchBoard2/Phase2/DVD2/swb2_2/sw_21493A.sph 3363
/corpora/sre/SwitchBoard2/Phase2/DVD4/swb2_4/sw_21634B.sph 3363
/corpora/sre/SwitchBoard2/Phase2/DVD3/swb2_3/sw_22069A.sph 3363
/corpora/sre/SwitchBoard2/Phase2/DVD3/swb2_3/sw_22338A.sph 3363
/corpora/sre/SwitchBoard2/Phase2/DVD2/swb2_2/sw_23147B.sph 3363
/corpora/sre/SwitchBoard2/Phase2/DVD3/swb2_3/sw_23251B.sph 3363
/corpora/sre/SwitchBoard2/Phase2/DVD3/swb2_3/sw_23822B.sph 3363
/corpora/sre/SwitchBoard2/Phase2/DVD4/swb2_4/sw_23971B.sph 3363
/corpora/sre/SwitchBoard2/Phase2/DVD1/swb2_1/sw_20291A.sph 3372
/corpora/sre/SwitchBoard2/Phase2/DVD2/swb2_2/sw_20380A.sph 3372
/corpora/sre/SwitchBoard2/Phase2/DVD1/swb2_1/sw_20494A.sph 3372
/corpora/sre/SwitchBoard2/Phase2/DVD1/swb2_1/sw_20631A.sph 3372
/corpora/sre/SwitchBoard2/Phase2/DVD1/swb2_1/sw_20762A.sph 3372
/corpora/sre/SwitchBoard2/Phase2/DVD2/swb2_2/sw_20861A.sph 3372
/corpora/sre/SwitchBoard2/Phase2/DVD1/swb2_1/sw_20948A.sph 3372
/corpora/sre/SwitchBoard2/Phase2/DVD1/swb2_1/sw_21195A.sph 3372
/corpora/sre/SwitchBoard2/Phase2/DVD2/swb2_2/sw_21332A.sph 3372
/corpora/sre/SwitchBoard2/Phase2/DVD1/swb2_1/sw_20186A.sph 3397
/corpora/sre/SwitchBoard2/Phase2/DVD1/swb2_1/sw_20511B.sph 3397
/corpora/sre/SwitchBoard2/Phase2/DVD1/swb2_1/sw_20696B.sph 3397
/corpora/sre/SwitchBoard2/Phase2/DVD2/swb2_2/sw_20752B.sph 3397
/corpora/sre/SwitchBoard2/Phase2/DVD4/swb2_4/sw_21734A.sph 3397
/corpora/sre/SwitchBoard2/Phase2/DVD5/swb2_5/sw_22277B.sph 3397
/corpora/sre/SwitchBoard2/Phase2/DVD4/swb2_4/sw_23752B.sph 3397
/corpora/sre/SwitchBoard2/Phase2/DVD4/swb2_4/sw_23802B.sph 3397
/corpora/sre/SwitchBoard2/Phase2/DVD3/swb2_3/sw_24455B.sph 3397
/corpora/sre/SwitchBoard2/Phase2/DVD1/swb2_1/sw_20502B.sph 3406
/corpora/sre/SwitchBoard2/Phase2/DVD2/swb2_2/sw_20612B.sph 3406
/corpora/sre/SwitchBoard2/Phase2/DVD1/swb2_1/sw_20757B.sph 3406
/corpora/sre/SwitchBoard2/Phase2/DVD2/swb2_2/sw_20917B.sph 3406
/corpora/sre/SwitchBoard2/Phase2/DVD2/swb2_2/sw_21104B.sph 3406
/corpora/sre/SwitchBoard2/Phase2/DVD3/swb2_3/sw_21944B.sph 3406
/corpora/sre/SwitchBoard2/Phase2/DVD5/swb2_5/sw_22078A.sph 3406
/corpora/sre/SwitchBoard2/Phase2/DVD4/swb2_4/sw_22222B.sph 3406
/corpora/sre/SwitchBoard2/Phase2/DVD5/swb2_5/sw_22453B.sph 3406
/corpora/sre/SwitchBoard2/Phase2/DVD5/swb2_5/sw_22837B.sph 3406
/corpora/sre/SwitchBoard2/Phase2/DVD5/swb2_5/sw_23052B.sph 3406
/corpora/sre/SwitchBoard2/Phase2/DVD4/swb2_4/sw_23143B.sph 3406
/corpora/sre/SwitchBoard2/Phase2/DVD1/swb2_1/sw_20496B.sph 3428
/corpora/sre/SwitchBoard2/Phase2/DVD2/swb2_2/sw_20648A.sph 3428
/corpora/sre/SwitchBoard2/Phase2/DVD1/swb2_1/sw_20866A.sph 3428
/corpora/sre/SwitchBoard2/Phase2/DVD1/swb2_1/sw_20903B.sph 3428
/corpora/sre/SwitchBoard2/Phase2/DVD2/swb2_2/sw_21132B.sph 3428
/corpora/sre/SwitchBoard2/Phase2/DVD3/swb2_3/sw_21573B.sph 3428
/corpora/sre/SwitchBoard2/Phase2/DVD4/swb2_4/sw_21698B.sph 3428
/corpora/sre/SwitchBoard2/Phase2/DVD3/swb2_3/sw_22141B.sph 3428
/corpora/sre/SwitchBoard2/Phase2/DVD1/swb2_1/sw_20397A.sph 3455
/corpora/sre/SwitchBoard2/Phase2/DVD1/swb2_1/sw_20464B.sph 3455
/corpora/sre/SwitchBoard2/Phase2/DVD2/swb2_2/sw_20674B.sph 3455
/corpora/sre/SwitchBoard2/Phase2/DVD1/swb2_1/sw_21117B.sph 3455
/corpora/sre/SwitchBoard2/Phase2/DVD5/swb2_5/sw_21477B.sph 3455
/corpora/sre/SwitchBoard2/Phase2/DVD4/swb2_4/sw_22216B.sph 3455
/corpora/sre/SwitchBoard2/Phase2/DVD5/swb2_5/sw_24042B.sph 3455
/corpora/sre/SwitchBoard2/Phase2/DVD1/swb2_1/sw_20298B.sph 3456
/corpora/sre/SwitchBoard2/Phase2/DVD1/swb2_1/sw_20426B.sph 3456
/corpora/sre/SwitchBoard2/Phase2/DVD1/swb2_1/sw_20655A.sph 3456
/corpora/sre/SwitchBoard2/Phase2/DVD1/swb2_1/sw_20774A.sph 3456
/corpora/sre/SwitchBoard2/Phase2/DVD5/swb2_5/sw_20957A.sph 3456
/corpora/sre/SwitchBoard2/Phase2/DVD1/swb2_1/sw_21073A.sph 3456
/corpora/sre/SwitchBoard2/Phase2/DVD2/swb2_2/sw_21203A.sph 3456
/corpora/sre/SwitchBoard2/Phase2/DVD2/swb2_2/sw_21218B.sph 3456
/corpora/sre/SwitchBoard2/Phase2/DVD2/swb2_2/sw_21344A.sph 3456
/corpora/sre/SwitchBoard2/Phase2/DVD3/swb2_3/sw_21503A.sph 3456
/corpora/sre/SwitchBoard2/Phase2/DVD4/swb2_4/sw_21740A.sph 3456
/corpora/sre/SwitchBoard2/Phase2/DVD3/swb2_3/sw_21825A.sph 3456
/corpora/sre/SwitchBoard2/Phase2/DVD3/swb2_3/sw_22003B.sph 3456
/corpora/sre/SwitchBoard2/Phase2/DVD5/swb2_5/sw_22083A.sph 3456
/corpora/sre/SwitchBoard2/Phase2/DVD4/swb2_4/sw_22217A.sph 3456
/corpora/sre/SwitchBoard2/Phase2/DVD3/swb2_3/sw_22269B.sph 3456
/corpora/sre/SwitchBoard2/Phase2/DVD2/swb2_2/sw_22670A.sph 3456
/corpora/sre/SwitchBoard2/Phase2/DVD5/swb2_5/sw_22785A.sph 3456
/corpora/sre/SwitchBoard2/Phase2/DVD4/swb2_4/sw_22908A.sph 3456
/corpora/sre/SwitchBoard2/Phase2/DVD5/swb2_5/sw_23825B.sph 3456
/corpora/sre/SwitchBoard2/Phase2/DVD3/swb2_3/sw_24115B.sph 3456
/corpora/sre/SwitchBoard2/Phase2/DVD1/swb2_1/sw_20403A.sph 3471
/corpora/sre/SwitchBoard2/Phase2/DVD1/swb2_1/sw_20518A.sph 3471
/corpora/sre/SwitchBoard2/Phase2/DVD2/swb2_2/sw_20776A.sph 3471
/corpora/sre/SwitchBoard2/Phase2/DVD1/swb2_1/sw_20870A.sph 3471
/corpora/sre/SwitchBoard2/Phase2/DVD2/swb2_2/sw_21207A.sph 3471
/corpora/sre/SwitchBoard2/Phase2/DVD4/swb2_4/sw_21635A.sph 3471
/corpora/sre/SwitchBoard2/Phase2/DVD2/swb2_2/sw_21831A.sph 3471
/corpora/sre/SwitchBoard2/Phase2/DVD3/swb2_3/sw_21962A.sph 3471
/corpora/sre/SwitchBoard2/Phase2/DVD4/swb2_4/sw_22222A.sph 3471
/corpora/sre/SwitchBoard2/Phase2/DVD3/swb2_3/sw_22425B.sph 3471
/corpora/sre/SwitchBoard2/Phase2/DVD5/swb2_5/sw_22497A.sph 3471
/corpora/sre/SwitchBoard2/Phase2/DVD3/swb2_3/sw_22646B.sph 3471
/corpora/sre/SwitchBoard2/Phase2/DVD4/swb2_4/sw_22894B.sph 3471
/corpora/sre/SwitchBoard2/Phase2/DVD4/swb2_4/sw_22981B.sph 3471
/corpora/sre/SwitchBoard2/Phase2/DVD4/swb2_4/sw_23169A.sph 3471
/corpora/sre/SwitchBoard2/Phase2/DVD3/swb2_3/sw_23350B.sph 3471
/corpora/sre/SwitchBoard2/Phase2/DVD3/swb2_3/sw_23377B.sph 3471
/corpora/sre/SwitchBoard2/Phase2/DVD2/swb2_2/sw_23472A.sph 3471
/corpora/sre/SwitchBoard2/Phase2/DVD5/swb2_5/sw_23587A.sph 3471
/corpora/sre/SwitchBoard2/Phase2/DVD3/swb2_3/sw_23960B.sph 3471
/corpora/sre/SwitchBoard2/Phase2/DVD3/swb2_3/sw_24001B.sph 3471
/corpora/sre/SwitchBoard2/Phase2/DVD3/swb2_3/sw_24052A.sph 3471
/corpora/sre/SwitchBoard2/Phase2/DVD5/swb2_5/sw_24125A.sph 3471
/corpora/sre/SwitchBoard2/Phase2/DVD4/swb2_4/sw_24195A.sph 3471
/corpora/sre/SwitchBoard2/Phase2/DVD2/swb2_2/sw_24511A.sph 3471
/corpora/sre/SwitchBoard2/Phase2/DVD1/swb2_1/sw_20297B.sph 3516
/corpora/sre/SwitchBoard2/Phase2/DVD1/swb2_1/sw_20353B.sph 3516
/corpora/sre/SwitchBoard2/Phase2/DVD1/swb2_1/sw_20556B.sph 3516
/corpora/sre/SwitchBoard2/Phase2/DVD2/swb2_2/sw_20577B.sph 3516
/corpora/sre/SwitchBoard2/Phase2/DVD5/swb2_5/sw_22108B.sph 3516
/corpora/sre/SwitchBoard2/Phase2/DVD3/swb2_3/sw_22230A.sph 3516
/corpora/sre/SwitchBoard2/Phase2/DVD5/swb2_5/sw_22698B.sph 3516
/corpora/sre/SwitchBoard2/Phase2/DVD5/swb2_5/sw_23099B.sph 3516
/corpora/sre/SwitchBoard2/Phase2/DVD3/swb2_3/sw_23402B.sph 3516
/corpora/sre/SwitchBoard2/Phase2/DVD4/swb2_4/sw_24409A.sph 3516
/corpora/sre/SwitchBoard2/Phase2/DVD1/swb2_1/sw_20330A.sph 3615
/corpora/sre/SwitchBoard2/Phase2/DVD1/swb2_1/sw_20424A.sph 3615
/corpora/sre/SwitchBoard2/Phase2/DVD1/swb2_1/sw_20507B.sph 3615
/corpora/sre/SwitchBoard2/Phase2/DVD1/swb2_1/sw_20584B.sph 3615
/corpora/sre/SwitchBoard2/Phase2/DVD1/swb2_1/sw_20795A.sph 3615
/corpora/sre/SwitchBoard2/Phase2/DVD2/swb2_2/sw_20861B.sph 3615
/corpora/sre/SwitchBoard2/Phase2/DVD5/swb2_5/sw_20976A.sph 3615
/corpora/sre/SwitchBoard2/Phase2/DVD1/swb2_1/sw_21108A.sph 3615
/corpora/sre/SwitchBoard2/Phase2/DVD1/swb2_1/sw_21226A.sph 3615
/corpora/sre/SwitchBoard2/Phase2/DVD1/swb2_1/sw_21275B.sph 3615
/corpora/sre/SwitchBoard2/Phase2/DVD3/swb2_3/sw_22104A.sph 3615
/corpora/sre/SwitchBoard2/Phase2/DVD3/swb2_3/sw_22293B.sph 3615
/corpora/sre/SwitchBoard2/Phase2/DVD3/swb2_3/sw_22374A.sph 3615
/corpora/sre/SwitchBoard2/Phase2/DVD5/swb2_5/sw_22502B.sph 3615
/corpora/sre/SwitchBoard2/Phase2/DVD3/swb2_3/sw_22608A.sph 3615
/corpora/sre/SwitchBoard2/Phase2/DVD5/swb2_5/sw_22690B.sph 3615
/corpora/sre/SwitchBoard2/Phase2/DVD5/swb2_5/sw_23255B.sph 3615
/corpora/sre/SwitchBoard2/Phase2/DVD2/swb2_2/sw_24210A.sph 3615
/corpora/sre/SwitchBoard2/Phase2/DVD4/swb2_4/sw_24282A.sph 3615
/corpora/sre/SwitchBoard2/Phase2/DVD5/swb2_5/sw_24413A.sph 3615
/corpora/sre/SwitchBoard2/Phase2/DVD2/swb2_2/sw_20331A.sph 3618
/corpora/sre/SwitchBoard2/Phase2/DVD1/swb2_1/sw_20234B.sph 3618
/corpora/sre/SwitchBoard2/Phase2/DVD2/swb2_2/sw_20425A.sph 3618
/corpora/sre/SwitchBoard2/Phase2/DVD2/swb2_2/sw_20550A.sph 3618
/corpora/sre/SwitchBoard2/Phase2/DVD2/swb2_2/sw_20686A.sph 3618
/corpora/sre/SwitchBoard2/Phase2/DVD1/swb2_1/sw_20649B.sph 3618
/corpora/sre/SwitchBoard2/Phase2/DVD5/swb2_5/sw_20958B.sph 3618
/corpora/sre/SwitchBoard2/Phase2/DVD2/swb2_2/sw_21297B.sph 3618
/corpora/sre/SwitchBoard2/Phase2/DVD5/swb2_5/sw_21847A.sph 3618
/corpora/sre/SwitchBoard2/Phase2/DVD4/swb2_4/sw_22198B.sph 3618
/corpora/sre/SwitchBoard2/Phase2/DVD5/swb2_5/sw_22320B.sph 3618
/corpora/sre/SwitchBoard2/Phase2/DVD5/swb2_5/sw_22547B.sph 3618
/corpora/sre/SwitchBoard2/Phase2/DVD4/swb2_4/sw_23914B.sph 3618
/corpora/sre/SwitchBoard2/Phase2/DVD1/swb2_1/sw_20886A.sph 3626
/corpora/sre/SwitchBoard2/Phase2/DVD2/swb2_2/sw_22514A.sph 3626
/corpora/sre/SwitchBoard2/Phase2/DVD2/swb2_2/sw_22565B.sph 3626
/corpora/sre/SwitchBoard2/Phase2/DVD4/swb2_4/sw_22687B.sph 3626
/corpora/sre/SwitchBoard2/Phase2/DVD4/swb2_4/sw_23187A.sph 3626
/corpora/sre/SwitchBoard2/Phase2/DVD4/swb2_4/sw_23307A.sph 3626
/corpora/sre/SwitchBoard2/Phase2/DVD3/swb2_3/sw_24066A.sph 3626
/corpora/sre/SwitchBoard2/Phase2/DVD3/swb2_3/sw_24387B.sph 3626
/corpora/sre/SwitchBoard2/Phase2/DVD3/swb2_3/sw_24399B.sph 3626
/corpora/sre/SwitchBoard2/Phase2/DVD4/swb2_4/sw_24586B.sph 3626
/corpora/sre/SwitchBoard2/Phase2/DVD2/swb2_2/sw_20553A.sph 3630
/corpora/sre/SwitchBoard2/Phase2/DVD1/swb2_1/sw_20462B.sph 3630
/corpora/sre/SwitchBoard2/Phase2/DVD1/swb2_1/sw_21109A.sph 3630
/corpora/sre/SwitchBoard2/Phase2/DVD1/swb2_1/sw_21374A.sph 3630
/corpora/sre/SwitchBoard2/Phase2/DVD5/swb2_5/sw_21985A.sph 3630
/corpora/sre/SwitchBoard2/Phase2/DVD3/swb2_3/sw_21888B.sph 3630
/corpora/sre/SwitchBoard2/Phase2/DVD5/swb2_5/sw_22108A.sph 3630
/corpora/sre/SwitchBoard2/Phase2/DVD3/swb2_3/sw_22243A.sph 3630
/corpora/sre/SwitchBoard2/Phase2/DVD5/swb2_5/sw_22378A.sph 3630
/corpora/sre/SwitchBoard2/Phase2/DVD4/swb2_4/sw_22926A.sph 3630
/corpora/sre/SwitchBoard2/Phase2/DVD4/swb2_4/sw_23055A.sph 3630
/corpora/sre/SwitchBoard2/Phase2/DVD4/swb2_4/sw_23188A.sph 3630
/corpora/sre/SwitchBoard2/Phase2/DVD4/swb2_4/sw_23609A.sph 3630
/corpora/sre/SwitchBoard2/Phase2/DVD5/swb2_5/sw_23731A.sph 3630
/corpora/sre/SwitchBoard2/Phase2/DVD4/swb2_4/sw_23898A.sph 3630
/corpora/sre/SwitchBoard2/Phase2/DVD3/swb2_3/sw_24067A.sph 3630
/corpora/sre/SwitchBoard2/Phase2/DVD4/swb2_4/sw_24414A.sph 3630
/corpora/sre/SwitchBoard2/Phase2/DVD1/swb2_1/sw_20889A.sph 3702
/corpora/sre/SwitchBoard2/Phase2/DVD4/swb2_4/sw_20984A.sph 3702
/corpora/sre/SwitchBoard2/Phase2/DVD1/swb2_1/sw_21380A.sph 3702
/corpora/sre/SwitchBoard2/Phase2/DVD5/swb2_5/sw_24038B.sph 3702
/corpora/sre/SwitchBoard2/Phase2/DVD4/swb2_4/sw_24215A.sph 3702
/corpora/sre/SwitchBoard2/Phase2/DVD3/swb2_3/sw_24286A.sph 3702
/corpora/sre/SwitchBoard2/Phase2/DVD2/swb2_2/sw_24337A.sph 3702
/corpora/sre/SwitchBoard2/Phase2/DVD3/swb2_3/sw_24449B.sph 3702
/corpora/sre/SwitchBoard2/Phase2/DVD4/swb2_4/sw_24540B.sph 3702
/corpora/sre/SwitchBoard2/Phase2/DVD1/swb2_1/sw_20564A.sph 3745
/corpora/sre/SwitchBoard2/Phase2/DVD2/swb2_2/sw_20700A.sph 3745
/corpora/sre/SwitchBoard2/Phase2/DVD1/swb2_1/sw_20889B.sph 3745
/corpora/sre/SwitchBoard2/Phase2/DVD3/swb2_3/sw_20986B.sph 3745
/corpora/sre/SwitchBoard2/Phase2/DVD1/swb2_1/sw_21123A.sph 3745
/corpora/sre/SwitchBoard2/Phase2/DVD2/swb2_2/sw_21397A.sph 3745
/corpora/sre/SwitchBoard2/Phase2/DVD5/swb2_5/sw_21663A.sph 3745
/corpora/sre/SwitchBoard2/Phase2/DVD5/swb2_5/sw_21633B.sph 3745
/corpora/sre/SwitchBoard2/Phase2/DVD2/swb2_2/sw_21763A.sph 3745
/corpora/sre/SwitchBoard2/Phase2/DVD5/swb2_5/sw_21998A.sph 3745
/corpora/sre/SwitchBoard2/Phase2/DVD4/swb2_4/sw_22117A.sph 3745
/corpora/sre/SwitchBoard2/Phase2/DVD4/swb2_4/sw_22254A.sph 3745
/corpora/sre/SwitchBoard2/Phase2/DVD4/swb2_4/sw_22386A.sph 3745
/corpora/sre/SwitchBoard2/Phase2/DVD3/swb2_3/sw_22695A.sph 3745
/corpora/sre/SwitchBoard2/Phase2/DVD4/swb2_4/sw_22826B.sph 3745
/corpora/sre/SwitchBoard2/Phase2/DVD5/swb2_5/sw_22936A.sph 3745
/corpora/sre/SwitchBoard2/Phase2/DVD2/swb2_2/sw_23403A.sph 3745
/corpora/sre/SwitchBoard2/Phase2/DVD3/swb2_3/sw_23620A.sph 3745
/corpora/sre/SwitchBoard2/Phase2/DVD3/swb2_3/sw_24021B.sph 3745
/corpora/sre/SwitchBoard2/Phase2/DVD5/swb2_5/sw_24137A.sph 3745
/corpora/sre/SwitchBoard2/Phase2/DVD1/swb2_1/sw_20710A.sph 3791
/corpora/sre/SwitchBoard2/Phase2/DVD1/swb2_1/sw_20602B.sph 3791
/corpora/sre/SwitchBoard2/Phase2/DVD1/swb2_1/sw_20817A.sph 3791
/corpora/sre/SwitchBoard2/Phase2/DVD2/swb2_2/sw_20740B.sph 3791
/corpora/sre/SwitchBoard2/Phase2/DVD1/swb2_1/sw_20901A.sph 3791
/corpora/sre/SwitchBoard2/Phase2/DVD2/swb2_2/sw_20922B.sph 3791
/corpora/sre/SwitchBoard2/Phase2/DVD1/swb2_1/sw_21137A.sph 3791
/corpora/sre/SwitchBoard2/Phase2/DVD1/swb2_1/sw_21250A.sph 3791
/corpora/sre/SwitchBoard2/Phase2/DVD2/swb2_2/sw_21410A.sph 3791
/corpora/sre/SwitchBoard2/Phase2/DVD4/swb2_4/sw_21553A.sph 3791
/corpora/sre/SwitchBoard2/Phase2/DVD4/swb2_4/sw_21771A.sph 3791
/corpora/sre/SwitchBoard2/Phase2/DVD4/swb2_4/sw_21867A.sph 3791
/corpora/sre/SwitchBoard2/Phase2/DVD2/swb2_2/sw_22006A.sph 3791
/corpora/sre/SwitchBoard2/Phase2/DVD2/swb2_2/sw_22125A.sph 3791
/corpora/sre/SwitchBoard2/Phase2/DVD3/swb2_3/sw_22260A.sph 3791
/corpora/sre/SwitchBoard2/Phase2/DVD3/swb2_3/sw_22394A.sph 3791
/corpora/sre/SwitchBoard2/Phase2/DVD3/swb2_3/sw_22929B.sph 3791
/corpora/sre/SwitchBoard2/Phase2/DVD4/swb2_4/sw_23073A.sph 3791
/corpora/sre/SwitchBoard2/Phase2/DVD4/swb2_4/sw_23411A.sph 3791
/corpora/sre/SwitchBoard2/Phase2/DVD4/swb2_4/sw_24453B.sph 3791
/corpora/sre/SwitchBoard2/Phase2/DVD2/swb2_2/sw_20823B.sph 3793
/corpora/sre/SwitchBoard2/Phase2/DVD2/swb2_2/sw_20840B.sph 3793
/corpora/sre/SwitchBoard2/Phase2/DVD3/swb2_3/sw_20968B.sph 3793
/corpora/sre/SwitchBoard2/Phase2/DVD2/swb2_2/sw_21139A.sph 3793
/corpora/sre/SwitchBoard2/Phase2/DVD1/swb2_1/sw_21251A.sph 3793
/corpora/sre/SwitchBoard2/Phase2/DVD3/swb2_3/sw_21554A.sph 3793
/corpora/sre/SwitchBoard2/Phase2/DVD3/swb2_3/sw_22959B.sph 3793
/corpora/sre/SwitchBoard2/Phase2/DVD4/swb2_4/sw_23206B.sph 3793
/corpora/sre/SwitchBoard2/Phase2/DVD5/swb2_5/sw_23456B.sph 3793
/corpora/sre/SwitchBoard2/Phase2/DVD4/swb2_4/sw_23650B.sph 3793
/corpora/sre/SwitchBoard2/Phase2/DVD5/swb2_5/sw_23927B.sph 3793
/corpora/sre/SwitchBoard2/Phase2/DVD2/swb2_2/sw_20820A.sph 3796
/corpora/sre/SwitchBoard2/Phase2/DVD1/swb2_1/sw_20903A.sph 3796
/corpora/sre/SwitchBoard2/Phase2/DVD2/swb2_2/sw_20888B.sph 3796
/corpora/sre/SwitchBoard2/Phase2/DVD1/swb2_1/sw_20936B.sph 3796
/corpora/sre/SwitchBoard2/Phase2/DVD1/swb2_1/sw_21140A.sph 3796
/corpora/sre/SwitchBoard2/Phase2/DVD2/swb2_2/sw_21252A.sph 3796
/corpora/sre/SwitchBoard2/Phase2/DVD5/swb2_5/sw_21412A.sph 3796
/corpora/sre/SwitchBoard2/Phase2/DVD3/swb2_3/sw_21555A.sph 3796
/corpora/sre/SwitchBoard2/Phase2/DVD5/swb2_5/sw_22007A.sph 3796
/corpora/sre/SwitchBoard2/Phase2/DVD5/swb2_5/sw_22127A.sph 3796
/corpora/sre/SwitchBoard2/Phase2/DVD2/swb2_2/sw_22395A.sph 3796
/corpora/sre/SwitchBoard2/Phase2/DVD5/swb2_5/sw_22579B.sph 3796
/corpora/sre/SwitchBoard2/Phase2/DVD2/swb2_2/sw_22702A.sph 3796
/corpora/sre/SwitchBoard2/Phase2/DVD5/swb2_5/sw_22941A.sph 3796
/corpora/sre/SwitchBoard2/Phase2/DVD4/swb2_4/sw_23160B.sph 3796
/corpora/sre/SwitchBoard2/Phase2/DVD2/swb2_2/sw_23636A.sph 3796
/corpora/sre/SwitchBoard2/Phase2/DVD4/swb2_4/sw_23833B.sph 3796
/corpora/sre/SwitchBoard2/Phase2/DVD5/swb2_5/sw_24331B.sph 3796
/corpora/sre/SwitchBoard2/Phase2/DVD2/swb2_2/sw_24374B.sph 3796
/corpora/sre/SwitchBoard2/Phase2/DVD4/swb2_4/sw_24420B.sph 3796
/corpora/sre/SwitchBoard2/Phase2/DVD5/swb2_5/sw_24528A.sph 3796
/corpora/sre/SwitchBoard2/Phase2/DVD1/swb2_1/sw_20713A.sph 3798
/corpora/sre/SwitchBoard2/Phase2/DVD1/swb2_1/sw_20618B.sph 3798
/corpora/sre/SwitchBoard2/Phase2/DVD1/swb2_1/sw_20822A.sph 3798
/corpora/sre/SwitchBoard2/Phase2/DVD2/swb2_2/sw_20905A.sph 3798
/corpora/sre/SwitchBoard2/Phase2/DVD3/swb2_3/sw_20999A.sph 3798
/corpora/sre/SwitchBoard2/Phase2/DVD2/swb2_2/sw_21028B.sph 3798
/corpora/sre/SwitchBoard2/Phase2/DVD2/swb2_2/sw_21253A.sph 3798
/corpora/sre/SwitchBoard2/Phase2/DVD2/swb2_2/sw_21556A.sph 3798
/corpora/sre/SwitchBoard2/Phase2/DVD4/swb2_4/sw_21773A.sph 3798
/corpora/sre/SwitchBoard2/Phase2/DVD5/swb2_5/sw_22128A.sph 3798
/corpora/sre/SwitchBoard2/Phase2/DVD3/swb2_3/sw_22261A.sph 3798
/corpora/sre/SwitchBoard2/Phase2/DVD5/swb2_5/sw_22942A.sph 3798
/corpora/sre/SwitchBoard2/Phase2/DVD4/swb2_4/sw_23800B.sph 3798
/corpora/sre/SwitchBoard2/Phase2/DVD4/swb2_4/sw_23865B.sph 3798
/corpora/sre/SwitchBoard2/Phase2/DVD2/swb2_2/sw_24237B.sph 3798
/corpora/sre/SwitchBoard2/Phase2/DVD4/swb2_4/sw_24401B.sph 3798
/corpora/sre/SwitchBoard2/Phase2/DVD2/swb2_2/sw_21440B.sph 3812
/corpora/sre/SwitchBoard2/Phase2/DVD4/swb2_4/sw_21672A.sph 3812
/corpora/sre/SwitchBoard2/Phase2/DVD4/swb2_4/sw_22016A.sph 3812
/corpora/sre/SwitchBoard2/Phase2/DVD2/swb2_2/sw_22019B.sph 3812
/corpora/sre/SwitchBoard2/Phase2/DVD5/swb2_5/sw_22133A.sph 3812
/corpora/sre/SwitchBoard2/Phase2/DVD5/swb2_5/sw_22265A.sph 3812
/corpora/sre/SwitchBoard2/Phase2/DVD5/swb2_5/sw_22159B.sph 3812
/corpora/sre/SwitchBoard2/Phase2/DVD2/swb2_2/sw_22400A.sph 3812
/corpora/sre/SwitchBoard2/Phase2/DVD4/swb2_4/sw_22405B.sph 3812
/corpora/sre/SwitchBoard2/Phase2/DVD3/swb2_3/sw_22714B.sph 3812
/corpora/sre/SwitchBoard2/Phase2/DVD5/swb2_5/sw_22773B.sph 3812
/corpora/sre/SwitchBoard2/Phase2/DVD3/swb2_3/sw_23987B.sph 3812
/corpora/sre/SwitchBoard2/Phase2/DVD4/swb2_4/sw_24490B.sph 3812
/corpora/sre/SwitchBoard2/Phase2/DVD2/swb2_2/sw_21144A.sph 3813
/corpora/sre/SwitchBoard2/Phase2/DVD2/swb2_2/sw_21169B.sph 3813
/corpora/sre/SwitchBoard2/Phase2/DVD2/swb2_2/sw_21419A.sph 3813
/corpora/sre/SwitchBoard2/Phase2/DVD3/swb2_3/sw_21455B.sph 3813
/corpora/sre/SwitchBoard2/Phase2/DVD5/swb2_5/sw_21871A.sph 3813
/corpora/sre/SwitchBoard2/Phase2/DVD3/swb2_3/sw_22017A.sph 3813
/corpora/sre/SwitchBoard2/Phase2/DVD4/swb2_4/sw_22135B.sph 3813
/corpora/sre/SwitchBoard2/Phase2/DVD4/swb2_4/sw_22266A.sph 3813
/corpora/sre/SwitchBoard2/Phase2/DVD4/swb2_4/sw_22618A.sph 3813
/corpora/sre/SwitchBoard2/Phase2/DVD5/swb2_5/sw_22760B.sph 3813
/corpora/sre/SwitchBoard2/Phase2/DVD3/swb2_3/sw_23250B.sph 3813
/corpora/sre/SwitchBoard2/Phase2/DVD5/swb2_5/sw_23781B.sph 3813
/corpora/sre/SwitchBoard2/Phase2/DVD5/swb2_5/sw_24018A.sph 3813
/corpora/sre/SwitchBoard2/Phase2/DVD3/swb2_3/sw_24154B.sph 3813
/corpora/sre/SwitchBoard2/Phase2/DVD1/swb2_1/sw_21140B.sph 3820
/corpora/sre/SwitchBoard2/Phase2/DVD1/swb2_1/sw_21399B.sph 3820
/corpora/sre/SwitchBoard2/Phase2/DVD3/swb2_3/sw_21674A.sph 3820
/corpora/sre/SwitchBoard2/Phase2/DVD2/swb2_2/sw_22019A.sph 3820
/corpora/sre/SwitchBoard2/Phase2/DVD2/swb2_2/sw_21913B.sph 3820
/corpora/sre/SwitchBoard2/Phase2/DVD4/swb2_4/sw_22268A.sph 3820
/corpora/sre/SwitchBoard2/Phase2/DVD3/swb2_3/sw_22778B.sph 3820
/corpora/sre/SwitchBoard2/Phase2/DVD2/swb2_2/sw_23710B.sph 3820
/corpora/sre/SwitchBoard2/Phase2/DVD2/swb2_2/sw_21116B.sph 3821
/corpora/sre/SwitchBoard2/Phase2/DVD5/swb2_5/sw_21728B.sph 3821
/corpora/sre/SwitchBoard2/Phase2/DVD3/swb2_3/sw_22123B.sph 3821
/corpora/sre/SwitchBoard2/Phase2/DVD2/swb2_2/sw_22948A.sph 3821
/corpora/sre/SwitchBoard2/Phase2/DVD4/swb2_4/sw_22931B.sph 3821
/corpora/sre/SwitchBoard2/Phase2/DVD3/swb2_3/sw_23208A.sph 3821
/corpora/sre/SwitchBoard2/Phase2/DVD2/swb2_2/sw_23229B.sph 3821
/corpora/sre/SwitchBoard2/Phase2/DVD5/swb2_5/sw_23317B.sph 3821
/corpora/sre/SwitchBoard2/Phase2/DVD5/swb2_5/sw_23505A.sph 3821
/corpora/sre/SwitchBoard2/Phase2/DVD4/swb2_4/sw_23581B.sph 3821
/corpora/sre/SwitchBoard2/Phase2/DVD3/swb2_3/sw_23748A.sph 3821
/corpora/sre/SwitchBoard2/Phase2/DVD5/swb2_5/sw_24019A.sph 3821
/corpora/sre/SwitchBoard2/Phase2/DVD5/swb2_5/sw_24478B.sph 3821
/corpora/sre/SwitchBoard2/Phase2/DVD2/swb2_2/sw_21259A.sph 3826
/corpora/sre/SwitchBoard2/Phase2/DVD2/swb2_2/sw_21347B.sph 3826
/corpora/sre/SwitchBoard2/Phase2/DVD5/swb2_5/sw_21563A.sph 3826
/corpora/sre/SwitchBoard2/Phase2/DVD3/swb2_3/sw_21492B.sph 3826
/corpora/sre/SwitchBoard2/Phase2/DVD2/swb2_2/sw_21676A.sph 3826
/corpora/sre/SwitchBoard2/Phase2/DVD4/swb2_4/sw_21873A.sph 3826
/corpora/sre/SwitchBoard2/Phase2/DVD4/swb2_4/sw_22021A.sph 3826
/corpora/sre/SwitchBoard2/Phase2/DVD4/swb2_4/sw_22135A.sph 3826
/corpora/sre/SwitchBoard2/Phase2/DVD4/swb2_4/sw_22202B.sph 3826
/corpora/sre/SwitchBoard2/Phase2/DVD4/swb2_4/sw_22403A.sph 3826
/corpora/sre/SwitchBoard2/Phase2/DVD3/swb2_3/sw_22530A.sph 3826
/corpora/sre/SwitchBoard2/Phase2/DVD5/swb2_5/sw_23639A.sph 3826
/corpora/sre/SwitchBoard2/Phase2/DVD4/swb2_4/sw_23728B.sph 3826
/corpora/sre/SwitchBoard2/Phase2/DVD3/swb2_3/sw_23823A.sph 3826
/corpora/sre/SwitchBoard2/Phase2/DVD3/swb2_3/sw_24273B.sph 3826
/corpora/sre/SwitchBoard2/Phase2/DVD5/swb2_5/sw_24381A.sph 3826
/corpora/sre/SwitchBoard2/Phase2/DVD2/swb2_2/sw_21264A.sph 3834
/corpora/sre/SwitchBoard2/Phase2/DVD2/swb2_2/sw_21424A.sph 3834
/corpora/sre/SwitchBoard2/Phase2/DVD3/swb2_3/sw_21568A.sph 3834
/corpora/sre/SwitchBoard2/Phase2/DVD2/swb2_2/sw_22025A.sph 3834
/corpora/sre/SwitchBoard2/Phase2/DVD5/swb2_5/sw_22013B.sph 3834
/corpora/sre/SwitchBoard2/Phase2/DVD4/swb2_4/sw_22140A.sph 3834
/corpora/sre/SwitchBoard2/Phase2/DVD5/swb2_5/sw_22126B.sph 3834
/corpora/sre/SwitchBoard2/Phase2/DVD4/swb2_4/sw_22271A.sph 3834
/corpora/sre/SwitchBoard2/Phase2/DVD3/swb2_3/sw_23082B.sph 3834
/corpora/sre/SwitchBoard2/Phase2/DVD5/swb2_5/sw_23299B.sph 3834
/corpora/sre/SwitchBoard2/Phase2/DVD5/swb2_5/sw_23469A.sph 3834
/corpora/sre/SwitchBoard2/Phase2/DVD5/swb2_5/sw_23642A.sph 3834
/corpora/sre/SwitchBoard2/Phase2/DVD3/swb2_3/sw_23534B.sph 3834
/corpora/sre/SwitchBoard2/Phase2/DVD3/swb2_3/sw_24033B.sph 3834
/corpora/sre/SwitchBoard2/Phase2/DVD5/swb2_5/sw_24382A.sph 3834
/corpora/sre/SwitchBoard2/Phase2/DVD2/swb2_2/sw_21265A.sph 3838
/corpora/sre/SwitchBoard2/Phase2/DVD5/swb2_5/sw_21425A.sph 3838
/corpora/sre/SwitchBoard2/Phase2/DVD3/swb2_3/sw_21569A.sph 3838
/corpora/sre/SwitchBoard2/Phase2/DVD2/swb2_2/sw_21707B.sph 3838
/corpora/sre/SwitchBoard2/Phase2/DVD3/swb2_3/sw_21875A.sph 3838
/corpora/sre/SwitchBoard2/Phase2/DVD3/swb2_3/sw_21956B.sph 3838
/corpora/sre/SwitchBoard2/Phase2/DVD5/swb2_5/sw_22351B.sph 3838
/corpora/sre/SwitchBoard2/Phase2/DVD3/swb2_3/sw_23465B.sph 3838
/corpora/sre/SwitchBoard2/Phase2/DVD3/swb2_3/sw_23823B.sph 3838
/corpora/sre/SwitchBoard2/Phase2/DVD3/swb2_3/sw_24299B.sph 3838
/corpora/sre/SwitchBoard2/Phase2/DVD1/swb2_1/sw_21266A.sph 3840
/corpora/sre/SwitchBoard2/Phase2/DVD5/swb2_5/sw_21426A.sph 3840
/corpora/sre/SwitchBoard2/Phase2/DVD4/swb2_4/sw_21570A.sph 3840
/corpora/sre/SwitchBoard2/Phase2/DVD4/swb2_4/sw_21547B.sph 3840
/corpora/sre/SwitchBoard2/Phase2/DVD3/swb2_3/sw_21680A.sph 3840
/corpora/sre/SwitchBoard2/Phase2/DVD5/swb2_5/sw_21778A.sph 3840
/corpora/sre/SwitchBoard2/Phase2/DVD3/swb2_3/sw_21876A.sph 3840
/corpora/sre/SwitchBoard2/Phase2/DVD5/swb2_5/sw_22026A.sph 3840
/corpora/sre/SwitchBoard2/Phase2/DVD3/swb2_3/sw_22141A.sph 3840
/corpora/sre/SwitchBoard2/Phase2/DVD4/swb2_4/sw_22153B.sph 3840
/corpora/sre/SwitchBoard2/Phase2/DVD4/swb2_4/sw_22272A.sph 3840
/corpora/sre/SwitchBoard2/Phase2/DVD3/swb2_3/sw_22407A.sph 3840
/corpora/sre/SwitchBoard2/Phase2/DVD2/swb2_2/sw_22578B.sph 3840
/corpora/sre/SwitchBoard2/Phase2/DVD5/swb2_5/sw_22840A.sph 3840
/corpora/sre/SwitchBoard2/Phase2/DVD3/swb2_3/sw_22909B.sph 3840
/corpora/sre/SwitchBoard2/Phase2/DVD3/swb2_3/sw_23081A.sph 3840
/corpora/sre/SwitchBoard2/Phase2/DVD4/swb2_4/sw_23212A.sph 3840
/corpora/sre/SwitchBoard2/Phase2/DVD3/swb2_3/sw_23209B.sph 3840
/corpora/sre/SwitchBoard2/Phase2/DVD4/swb2_4/sw_23445B.sph 3840
/corpora/sre/SwitchBoard2/Phase2/DVD5/swb2_5/sw_23643A.sph 3840
/corpora/sre/SwitchBoard2/Phase2/DVD3/swb2_3/sw_24348A.sph 3840
/corpora/sre/SwitchBoard2/Phase2/DVD2/swb2_2/sw_24475A.sph 3840
/corpora/sre/SwitchBoard2/Phase2/DVD1/swb2_1/sw_21267A.sph 3841
/corpora/sre/SwitchBoard2/Phase2/DVD1/swb2_1/sw_21427A.sph 3841
/corpora/sre/SwitchBoard2/Phase2/DVD3/swb2_3/sw_21468B.sph 3841
/corpora/sre/SwitchBoard2/Phase2/DVD4/swb2_4/sw_21648B.sph 3841
/corpora/sre/SwitchBoard2/Phase2/DVD5/swb2_5/sw_22027A.sph 3841
/corpora/sre/SwitchBoard2/Phase2/DVD3/swb2_3/sw_21924B.sph 3841
/corpora/sre/SwitchBoard2/Phase2/DVD3/swb2_3/sw_22142A.sph 3841
/corpora/sre/SwitchBoard2/Phase2/DVD4/swb2_4/sw_22117B.sph 3841
/corpora/sre/SwitchBoard2/Phase2/DVD3/swb2_3/sw_22426B.sph 3841
/corpora/sre/SwitchBoard2/Phase2/DVD3/swb2_3/sw_22745B.sph 3841
/corpora/sre/SwitchBoard2/Phase2/DVD4/swb2_4/sw_23005B.sph 3841
/corpora/sre/SwitchBoard2/Phase2/DVD4/swb2_4/sw_23230B.sph 3841
/corpora/sre/SwitchBoard2/Phase2/DVD1/swb2_1/sw_21193B.sph 3842
/corpora/sre/SwitchBoard2/Phase2/DVD4/swb2_4/sw_21428A.sph 3842
/corpora/sre/SwitchBoard2/Phase2/DVD3/swb2_3/sw_21499B.sph 3842
/corpora/sre/SwitchBoard2/Phase2/DVD2/swb2_2/sw_21681A.sph 3842
/corpora/sre/SwitchBoard2/Phase2/DVD4/swb2_4/sw_21729B.sph 3842
/corpora/sre/SwitchBoard2/Phase2/DVD5/swb2_5/sw_21827B.sph 3842
/corpora/sre/SwitchBoard2/Phase2/DVD3/swb2_3/sw_22143A.sph 3842
/corpora/sre/SwitchBoard2/Phase2/DVD3/swb2_3/sw_22110B.sph 3842
/corpora/sre/SwitchBoard2/Phase2/DVD4/swb2_4/sw_22543B.sph 3842
/corpora/sre/SwitchBoard2/Phase2/DVD3/swb2_3/sw_22613B.sph 3842
/corpora/sre/SwitchBoard2/Phase2/DVD4/swb2_4/sw_22711A.sph 3842
/corpora/sre/SwitchBoard2/Phase2/DVD2/swb2_2/sw_23316B.sph 3842
/corpora/sre/SwitchBoard2/Phase2/DVD4/swb2_4/sw_23413B.sph 3842
/corpora/sre/SwitchBoard2/Phase2/DVD4/swb2_4/sw_24228A.sph 3842
/corpora/sre/SwitchBoard2/Phase2/DVD5/swb2_5/sw_24476A.sph 3842
/corpora/sre/SwitchBoard2/Phase2/DVD4/swb2_4/sw_21572A.sph 3850
/corpora/sre/SwitchBoard2/Phase2/DVD3/swb2_3/sw_21674B.sph 3850
/corpora/sre/SwitchBoard2/Phase2/DVD5/swb2_5/sw_21782A.sph 3850
/corpora/sre/SwitchBoard2/Phase2/DVD4/swb2_4/sw_21803B.sph 3850
/corpora/sre/SwitchBoard2/Phase2/DVD5/swb2_5/sw_22100B.sph 3850
/corpora/sre/SwitchBoard2/Phase2/DVD2/swb2_2/sw_22697B.sph 3850
/corpora/sre/SwitchBoard2/Phase2/DVD4/swb2_4/sw_22943B.sph 3850
/corpora/sre/SwitchBoard2/Phase2/DVD3/swb2_3/sw_23602B.sph 3850
/corpora/sre/SwitchBoard2/Phase2/DVD5/swb2_5/sw_23812B.sph 3850
/corpora/sre/SwitchBoard2/Phase2/DVD4/swb2_4/sw_24232B.sph 3850
/corpora/sre/SwitchBoard2/Phase2/DVD4/swb2_4/sw_21433A.sph 3854
/corpora/sre/SwitchBoard2/Phase2/DVD3/swb2_3/sw_21573A.sph 3854
/corpora/sre/SwitchBoard2/Phase2/DVD3/swb2_3/sw_21569B.sph 3854
/corpora/sre/SwitchBoard2/Phase2/DVD4/swb2_4/sw_21686A.sph 3854
/corpora/sre/SwitchBoard2/Phase2/DVD5/swb2_5/sw_21783A.sph 3854
/corpora/sre/SwitchBoard2/Phase2/DVD5/swb2_5/sw_21802B.sph 3854
/corpora/sre/SwitchBoard2/Phase2/DVD2/swb2_2/sw_22030A.sph 3854
/corpora/sre/SwitchBoard2/Phase2/DVD5/swb2_5/sw_22032B.sph 3854
/corpora/sre/SwitchBoard2/Phase2/DVD5/swb2_5/sw_22076B.sph 3854
/corpora/sre/SwitchBoard2/Phase2/DVD4/swb2_4/sw_22273A.sph 3854
/corpora/sre/SwitchBoard2/Phase2/DVD2/swb2_2/sw_22532A.sph 3854
/corpora/sre/SwitchBoard2/Phase2/DVD4/swb2_4/sw_22712A.sph 3854
/corpora/sre/SwitchBoard2/Phase2/DVD3/swb2_3/sw_22682B.sph 3854
/corpora/sre/SwitchBoard2/Phase2/DVD5/swb2_5/sw_23637B.sph 3854
/corpora/sre/SwitchBoard2/Phase2/DVD4/swb2_4/sw_23751A.sph 3854
/corpora/sre/SwitchBoard2/Phase2/DVD2/swb2_2/sw_21434A.sph 3856
/corpora/sre/SwitchBoard2/Phase2/DVD3/swb2_3/sw_21574A.sph 3856
/corpora/sre/SwitchBoard2/Phase2/DVD3/swb2_3/sw_21688A.sph 3856
/corpora/sre/SwitchBoard2/Phase2/DVD5/swb2_5/sw_21879A.sph 3856
/corpora/sre/SwitchBoard2/Phase2/DVD5/swb2_5/sw_22031A.sph 3856
/corpora/sre/SwitchBoard2/Phase2/DVD5/swb2_5/sw_22081B.sph 3856
/corpora/sre/SwitchBoard2/Phase2/DVD3/swb2_3/sw_22274A.sph 3856
/corpora/sre/SwitchBoard2/Phase2/DVD2/swb2_2/sw_22189B.sph 3856
/corpora/sre/SwitchBoard2/Phase2/DVD6/swb2_6/sw_22409A.sph 3856
/corpora/sre/SwitchBoard2/Phase2/DVD5/swb2_5/sw_22622A.sph 3856
/corpora/sre/SwitchBoard2/Phase2/DVD3/swb2_3/sw_22713A.sph 3856
/corpora/sre/SwitchBoard2/Phase2/DVD2/swb2_2/sw_22935B.sph 3856
/corpora/sre/SwitchBoard2/Phase2/DVD5/swb2_5/sw_23086A.sph 3856
/corpora/sre/SwitchBoard2/Phase2/DVD4/swb2_4/sw_22976B.sph 3856
/corpora/sre/SwitchBoard2/Phase2/DVD2/swb2_2/sw_23215A.sph 3856
/corpora/sre/SwitchBoard2/Phase2/DVD5/swb2_5/sw_23191B.sph 3856
/corpora/sre/SwitchBoard2/Phase2/DVD3/swb2_3/sw_23415A.sph 3856
/corpora/sre/SwitchBoard2/Phase2/DVD3/swb2_3/sw_23590B.sph 3856
/corpora/sre/SwitchBoard2/Phase2/DVD4/swb2_4/sw_24535B.sph 3856
/corpora/sre/SwitchBoard2/Phase2/DVD3/swb2_3/sw_24555B.sph 3856
/corpora/sre/SwitchBoard2/Phase2/DVD4/swb2_4/sw_22072B.sph 3864
/corpora/sre/SwitchBoard2/Phase2/DVD4/swb2_4/sw_22235B.sph 3864
/corpora/sre/SwitchBoard2/Phase2/DVD4/swb2_4/sw_22706B.sph 3864
/corpora/sre/SwitchBoard2/Phase2/DVD3/swb2_3/sw_22914B.sph 3864
/corpora/sre/SwitchBoard2/Phase2/DVD5/swb2_5/sw_23217A.sph 3864
/corpora/sre/SwitchBoard2/Phase2/DVD3/swb2_3/sw_23753A.sph 3864
/corpora/sre/SwitchBoard2/Phase2/DVD3/swb2_3/sw_23867A.sph 3864
/corpora/sre/SwitchBoard2/Phase2/DVD4/swb2_4/sw_21672B.sph 3869
/corpora/sre/SwitchBoard2/Phase2/DVD3/swb2_3/sw_21755B.sph 3869
/corpora/sre/SwitchBoard2/Phase2/DVD2/swb2_2/sw_21795B.sph 3869
/corpora/sre/SwitchBoard2/Phase2/DVD3/swb2_3/sw_22035A.sph 3869
/corpora/sre/SwitchBoard2/Phase2/DVD4/swb2_4/sw_22152B.sph 3869
/corpora/sre/SwitchBoard2/Phase2/DVD2/swb2_2/sw_22276A.sph 3869
/corpora/sre/SwitchBoard2/Phase2/DVD4/swb2_4/sw_22179B.sph 3869
/corpora/sre/SwitchBoard2/Phase2/DVD5/swb2_5/sw_22503B.sph 3869
/corpora/sre/SwitchBoard2/Phase2/DVD4/swb2_4/sw_22623A.sph 3869
/corpora/sre/SwitchBoard2/Phase2/DVD3/swb2_3/sw_22596B.sph 3869
/corpora/sre/SwitchBoard2/Phase2/DVD3/swb2_3/sw_22714A.sph 3869
/corpora/sre/SwitchBoard2/Phase2/DVD4/swb2_4/sw_22844A.sph 3869
/corpora/sre/SwitchBoard2/Phase2/DVD5/swb2_5/sw_22955A.sph 3869
/corpora/sre/SwitchBoard2/Phase2/DVD4/swb2_4/sw_23087A.sph 3869
/corpora/sre/SwitchBoard2/Phase2/DVD5/swb2_5/sw_23218A.sph 3869
/corpora/sre/SwitchBoard2/Phase2/DVD4/swb2_4/sw_23331A.sph 3869
/corpora/sre/SwitchBoard2/Phase2/DVD3/swb2_3/sw_23364B.sph 3869
/corpora/sre/SwitchBoard2/Phase2/DVD3/swb2_3/sw_23648A.sph 3869
/corpora/sre/SwitchBoard2/Phase2/DVD3/swb2_3/sw_23754A.sph 3869
/corpora/sre/SwitchBoard2/Phase2/DVD5/swb2_5/sw_24023A.sph 3869
/corpora/sre/SwitchBoard2/Phase2/DVD2/swb2_2/sw_24086A.sph 3869
/corpora/sre/SwitchBoard2/Phase2/DVD4/swb2_4/sw_22149A.sph 3871
/corpora/sre/SwitchBoard2/Phase2/DVD4/swb2_4/sw_22070B.sph 3871
/corpora/sre/SwitchBoard2/Phase2/DVD4/swb2_4/sw_22460B.sph 3871
/corpora/sre/SwitchBoard2/Phase2/DVD3/swb2_3/sw_22639B.sph 3871
/corpora/sre/SwitchBoard2/Phase2/DVD4/swb2_4/sw_22838B.sph 3871
/corpora/sre/SwitchBoard2/Phase2/DVD4/swb2_4/sw_23256B.sph 3871
/corpora/sre/SwitchBoard2/Phase2/DVD3/swb2_3/sw_23478B.sph 3871
/corpora/sre/SwitchBoard2/Phase2/DVD5/swb2_5/sw_23693B.sph 3871
/corpora/sre/SwitchBoard2/Phase2/DVD2/swb2_2/sw_23956B.sph 3871
/corpora/sre/SwitchBoard2/Phase2/DVD5/swb2_5/sw_21883A.sph 3872
/corpora/sre/SwitchBoard2/Phase2/DVD3/swb2_3/sw_22036A.sph 3872
/corpora/sre/SwitchBoard2/Phase2/DVD5/swb2_5/sw_22277A.sph 3872
/corpora/sre/SwitchBoard2/Phase2/DVD3/swb2_3/sw_22412A.sph 3872
/corpora/sre/SwitchBoard2/Phase2/DVD5/swb2_5/sw_22534A.sph 3872
/corpora/sre/SwitchBoard2/Phase2/DVD4/swb2_4/sw_23088A.sph 3872
/corpora/sre/SwitchBoard2/Phase2/DVD4/swb2_4/sw_23219A.sph 3872
/corpora/sre/SwitchBoard2/Phase2/DVD5/swb2_5/sw_24087A.sph 3872
/corpora/sre/SwitchBoard2/Phase2/DVD3/swb2_3/sw_24147A.sph 3872
/corpora/sre/SwitchBoard2/Phase2/DVD3/swb2_3/sw_21989B.sph 3873
/corpora/sre/SwitchBoard2/Phase2/DVD5/swb2_5/sw_22278A.sph 3873
/corpora/sre/SwitchBoard2/Phase2/DVD2/swb2_2/sw_22382B.sph 3873
/corpora/sre/SwitchBoard2/Phase2/DVD4/swb2_4/sw_22487B.sph 3873
/corpora/sre/SwitchBoard2/Phase2/DVD4/swb2_4/sw_22705B.sph 3873
/corpora/sre/SwitchBoard2/Phase2/DVD5/swb2_5/sw_22956A.sph 3873
/corpora/sre/SwitchBoard2/Phase2/DVD4/swb2_4/sw_22930B.sph 3873
/corpora/sre/SwitchBoard2/Phase2/DVD4/swb2_4/sw_23438B.sph 3873
/corpora/sre/SwitchBoard2/Phase2/DVD4/swb2_4/sw_23678B.sph 3873
/corpora/sre/SwitchBoard2/Phase2/DVD5/swb2_5/sw_24025B.sph 3873
/corpora/sre/SwitchBoard2/Phase2/DVD3/swb2_3/sw_24298A.sph 3873
/corpora/sre/SwitchBoard2/Phase2/DVD5/swb2_5/sw_21581B.sph 3874
/corpora/sre/SwitchBoard2/Phase2/DVD5/swb2_5/sw_21884A.sph 3874
/corpora/sre/SwitchBoard2/Phase2/DVD4/swb2_4/sw_22016B.sph 3874
/corpora/sre/SwitchBoard2/Phase2/DVD5/swb2_5/sw_22150A.sph 3874
/corpora/sre/SwitchBoard2/Phase2/DVD5/swb2_5/sw_22279A.sph 3874
/corpora/sre/SwitchBoard2/Phase2/DVD2/swb2_2/sw_22413A.sph 3874
/corpora/sre/SwitchBoard2/Phase2/DVD5/swb2_5/sw_22402B.sph 3874
/corpora/sre/SwitchBoard2/Phase2/DVD5/swb2_5/sw_22572B.sph 3874
/corpora/sre/SwitchBoard2/Phase2/DVD2/swb2_2/sw_23115B.sph 3874
/corpora/sre/SwitchBoard2/Phase2/DVD3/swb2_3/sw_23332A.sph 3874
/corpora/sre/SwitchBoard2/Phase2/DVD4/swb2_4/sw_23311B.sph 3874
/corpora/sre/SwitchBoard2/Phase2/DVD2/swb2_2/sw_23416A.sph 3874
/corpora/sre/SwitchBoard2/Phase2/DVD5/swb2_5/sw_24363B.sph 3874
/corpora/sre/SwitchBoard2/Phase2/DVD3/swb2_3/sw_24536B.sph 3874
/corpora/sre/SwitchBoard2/Phase2/DVD4/swb2_4/sw_21691A.sph 3876
/corpora/sre/SwitchBoard2/Phase2/DVD4/swb2_4/sw_22029B.sph 3876
/corpora/sre/SwitchBoard2/Phase2/DVD4/swb2_4/sw_22336B.sph 3876
/corpora/sre/SwitchBoard2/Phase2/DVD3/swb2_3/sw_22683B.sph 3876
/corpora/sre/SwitchBoard2/Phase2/DVD5/swb2_5/sw_22892B.sph 3876
/corpora/sre/SwitchBoard2/Phase2/DVD4/swb2_4/sw_22989B.sph 3876
/corpora/sre/SwitchBoard2/Phase2/DVD2/swb2_2/sw_23220A.sph 3876
/corpora/sre/SwitchBoard2/Phase2/DVD6/swb2_6/sw_23417A.sph 3876
/corpora/sre/SwitchBoard2/Phase2/DVD2/swb2_2/sw_23522B.sph 3876
/corpora/sre/SwitchBoard2/Phase2/DVD3/swb2_3/sw_23649A.sph 3876
/corpora/sre/SwitchBoard2/Phase2/DVD3/swb2_3/sw_24266B.sph 3876
/corpora/sre/SwitchBoard2/Phase2/DVD2/swb2_2/sw_22459B.sph 3878
/corpora/sre/SwitchBoard2/Phase2/DVD2/swb2_2/sw_22816B.sph 3878
/corpora/sre/SwitchBoard2/Phase2/DVD4/swb2_4/sw_22958B.sph 3878
/corpora/sre/SwitchBoard2/Phase2/DVD4/swb2_4/sw_23110B.sph 3878
/corpora/sre/SwitchBoard2/Phase2/DVD4/swb2_4/sw_23708B.sph 3878
/corpora/sre/SwitchBoard2/Phase2/DVD6/swb2_6/sw_23880B.sph 3878
/corpora/sre/SwitchBoard2/Phase2/DVD5/swb2_5/sw_24107B.sph 3878
/corpora/sre/SwitchBoard2/Phase2/DVD3/swb2_3/sw_22037A.sph 3881
/corpora/sre/SwitchBoard2/Phase2/DVD5/swb2_5/sw_21998B.sph 3881
/corpora/sre/SwitchBoard2/Phase2/DVD5/swb2_5/sw_22151A.sph 3881
/corpora/sre/SwitchBoard2/Phase2/DVD4/swb2_4/sw_22115B.sph 3881
/corpora/sre/SwitchBoard2/Phase2/DVD2/swb2_2/sw_22281A.sph 3881
/corpora/sre/SwitchBoard2/Phase2/DVD3/swb2_3/sw_22188B.sph 3881
/corpora/sre/SwitchBoard2/Phase2/DVD5/swb2_5/sw_22415A.sph 3881
/corpora/sre/SwitchBoard2/Phase2/DVD4/swb2_4/sw_22536A.sph 3881
/corpora/sre/SwitchBoard2/Phase2/DVD5/swb2_5/sw_22535B.sph 3881
/corpora/sre/SwitchBoard2/Phase2/DVD4/swb2_4/sw_22625A.sph 3881
/corpora/sre/SwitchBoard2/Phase2/DVD3/swb2_3/sw_22708B.sph 3881
/corpora/sre/SwitchBoard2/Phase2/DVD3/swb2_3/sw_22846A.sph 3881
/corpora/sre/SwitchBoard2/Phase2/DVD4/swb2_4/sw_22957A.sph 3881
/corpora/sre/SwitchBoard2/Phase2/DVD3/swb2_3/sw_23333A.sph 3881
/corpora/sre/SwitchBoard2/Phase2/DVD5/swb2_5/sw_23419A.sph 3881
/corpora/sre/SwitchBoard2/Phase2/DVD3/swb2_3/sw_23401B.sph 3881
/corpora/sre/SwitchBoard2/Phase2/DVD4/swb2_4/sw_23507A.sph 3881
/corpora/sre/SwitchBoard2/Phase2/DVD3/swb2_3/sw_23432B.sph 3881
/corpora/sre/SwitchBoard2/Phase2/DVD4/swb2_4/sw_23985B.sph 3881
/corpora/sre/SwitchBoard2/Phase2/DVD3/swb2_3/sw_24148A.sph 3881
/corpora/sre/SwitchBoard2/Phase2/DVD5/swb2_5/sw_24230A.sph 3881
/corpora/sre/SwitchBoard2/Phase2/DVD3/swb2_3/sw_24299A.sph 3881
/corpora/sre/SwitchBoard2/Phase2/DVD4/swb2_4/sw_24479A.sph 3881
/corpora/sre/SwitchBoard2/Phase2/DVD4/swb2_4/sw_24534A.sph 3881
/corpora/sre/SwitchBoard2/Phase2/DVD5/swb2_5/sw_22282A.sph 3882
/corpora/sre/SwitchBoard2/Phase2/DVD4/swb2_4/sw_22353B.sph 3882
/corpora/sre/SwitchBoard2/Phase2/DVD3/swb2_3/sw_22701B.sph 3882
/corpora/sre/SwitchBoard2/Phase2/DVD4/swb2_4/sw_22958A.sph 3882
/corpora/sre/SwitchBoard2/Phase2/DVD5/swb2_5/sw_23090A.sph 3882
/corpora/sre/SwitchBoard2/Phase2/DVD5/swb2_5/sw_23976B.sph 3882
/corpora/sre/SwitchBoard2/Phase2/DVD3/swb2_3/sw_24368B.sph 3882
/corpora/sre/SwitchBoard2/Phase2/DVD2/swb2_2/sw_22038A.sph 3890
/corpora/sre/SwitchBoard2/Phase2/DVD3/swb2_3/sw_22155A.sph 3890
/corpora/sre/SwitchBoard2/Phase2/DVD5/swb2_5/sw_22649B.sph 3890
/corpora/sre/SwitchBoard2/Phase2/DVD3/swb2_3/sw_23011B.sph 3890
/corpora/sre/SwitchBoard2/Phase2/DVD5/swb2_5/sw_23543B.sph 3890
/corpora/sre/SwitchBoard2/Phase2/DVD5/swb2_5/sw_23730B.sph 3890
/corpora/sre/SwitchBoard2/Phase2/DVD3/swb2_3/sw_23974B.sph 3890
/corpora/sre/SwitchBoard2/Phase2/DVD2/swb2_2/sw_24040B.sph 3890
/corpora/sre/SwitchBoard2/Phase2/DVD5/swb2_5/sw_24138B.sph 3890
/corpora/sre/SwitchBoard2/Phase2/DVD3/swb2_3/sw_24473B.sph 3890
/corpora/sre/SwitchBoard2/Phase2/DVD3/swb2_3/sw_22678B.sph 3895
/corpora/sre/SwitchBoard2/Phase2/DVD3/swb2_3/sw_22850A.sph 3895
/corpora/sre/SwitchBoard2/Phase2/DVD2/swb2_2/sw_23046B.sph 3895
/corpora/sre/SwitchBoard2/Phase2/DVD5/swb2_5/sw_23198B.sph 3895
/corpora/sre/SwitchBoard2/Phase2/DVD3/swb2_3/sw_23333B.sph 3895
/corpora/sre/SwitchBoard2/Phase2/DVD5/swb2_5/sw_23510A.sph 3895
/corpora/sre/SwitchBoard2/Phase2/DVD3/swb2_3/sw_23652A.sph 3895
/corpora/sre/SwitchBoard2/Phase2/DVD5/swb2_5/sw_23757A.sph 3895
/corpora/sre/SwitchBoard2/Phase2/DVD5/swb2_5/sw_23862B.sph 3895
/corpora/sre/SwitchBoard2/Phase2/DVD5/swb2_5/sw_23958B.sph 3895
/corpora/sre/SwitchBoard2/Phase2/DVD2/swb2_2/sw_24003B.sph 3895
/corpora/sre/SwitchBoard2/Phase2/DVD4/swb2_4/sw_24150A.sph 3895
/corpora/sre/SwitchBoard2/Phase2/DVD5/swb2_5/sw_24231A.sph 3895
/corpora/sre/SwitchBoard2/Phase2/DVD4/swb2_4/sw_24301A.sph 3895
/corpora/sre/SwitchBoard2/Phase2/DVD4/swb2_4/sw_22291A.sph 3901
/corpora/sre/SwitchBoard2/Phase2/DVD3/swb2_3/sw_22425A.sph 3901
/corpora/sre/SwitchBoard2/Phase2/DVD4/swb2_4/sw_22542A.sph 3901
/corpora/sre/SwitchBoard2/Phase2/DVD5/swb2_5/sw_22490B.sph 3901
/corpora/sre/SwitchBoard2/Phase2/DVD3/swb2_3/sw_22658B.sph 3901
/corpora/sre/SwitchBoard2/Phase2/DVD2/swb2_2/sw_22771B.sph 3901
/corpora/sre/SwitchBoard2/Phase2/DVD5/swb2_5/sw_22910B.sph 3901
/corpora/sre/SwitchBoard2/Phase2/DVD3/swb2_3/sw_23095A.sph 3901
/corpora/sre/SwitchBoard2/Phase2/DVD3/swb2_3/sw_23277B.sph 3901
/corpora/sre/SwitchBoard2/Phase2/DVD5/swb2_5/sw_23387B.sph 3901
/corpora/sre/SwitchBoard2/Phase2/DVD3/swb2_3/sw_23654A.sph 3901
/corpora/sre/SwitchBoard2/Phase2/DVD5/swb2_5/sw_23826A.sph 3901
/corpora/sre/SwitchBoard2/Phase2/DVD2/swb2_2/sw_23911A.sph 3901
/corpora/sre/SwitchBoard2/Phase2/DVD5/swb2_5/sw_24005B.sph 3901
/corpora/sre/SwitchBoard2/Phase2/DVD3/swb2_3/sw_24385A.sph 3901
/corpora/sre/SwitchBoard2/Phase2/DVD3/swb2_3/sw_22294A.sph 3906
/corpora/sre/SwitchBoard2/Phase2/DVD3/swb2_3/sw_22430A.sph 3906
/corpora/sre/SwitchBoard2/Phase2/DVD3/swb2_3/sw_22545A.sph 3906
/corpora/sre/SwitchBoard2/Phase2/DVD4/swb2_4/sw_22555B.sph 3906
/corpora/sre/SwitchBoard2/Phase2/DVD5/swb2_5/sw_22718A.sph 3906
/corpora/sre/SwitchBoard2/Phase2/DVD2/swb2_2/sw_22853A.sph 3906
/corpora/sre/SwitchBoard2/Phase2/DVD4/swb2_4/sw_23325B.sph 3906
/corpora/sre/SwitchBoard2/Phase2/DVD5/swb2_5/sw_23511A.sph 3906
/corpora/sre/SwitchBoard2/Phase2/DVD4/swb2_4/sw_23457B.sph 3906
/corpora/sre/SwitchBoard2/Phase2/DVD5/swb2_5/sw_23738B.sph 3906
/corpora/sre/SwitchBoard2/Phase2/DVD4/swb2_4/sw_23884B.sph 3906
/corpora/sre/SwitchBoard2/Phase2/DVD4/swb2_4/sw_24232A.sph 3906
/corpora/sre/SwitchBoard2/Phase2/DVD5/swb2_5/sw_24389B.sph 3906
/corpora/sre/SwitchBoard2/Phase2/DVD5/swb2_5/sw_22296A.sph 3908
/corpora/sre/SwitchBoard2/Phase2/DVD2/swb2_2/sw_22432A.sph 3908
/corpora/sre/SwitchBoard2/Phase2/DVD2/swb2_2/sw_22532B.sph 3908
/corpora/sre/SwitchBoard2/Phase2/DVD4/swb2_4/sw_22588B.sph 3908
/corpora/sre/SwitchBoard2/Phase2/DVD2/swb2_2/sw_22720A.sph 3908
/corpora/sre/SwitchBoard2/Phase2/DVD3/swb2_3/sw_22650B.sph 3908
/corpora/sre/SwitchBoard2/Phase2/DVD5/swb2_5/sw_22855A.sph 3908
/corpora/sre/SwitchBoard2/Phase2/DVD2/swb2_2/sw_22899B.sph 3908
/corpora/sre/SwitchBoard2/Phase2/DVD4/swb2_4/sw_23162B.sph 3908
/corpora/sre/SwitchBoard2/Phase2/DVD4/swb2_4/sw_23162B.sph 3908
/corpora/sre/SwitchBoard2/Phase2/DVD3/swb2_3/sw_23429B.sph 3908
/corpora/sre/SwitchBoard2/Phase2/DVD4/swb2_4/sw_23513B.sph 3908
/corpora/sre/SwitchBoard2/Phase2/DVD4/swb2_4/sw_23871A.sph 3908
/corpora/sre/SwitchBoard2/Phase2/DVD5/swb2_5/sw_23913A.sph 3908
/corpora/sre/SwitchBoard2/Phase2/DVD3/swb2_3/sw_24234A.sph 3908
/corpora/sre/SwitchBoard2/Phase2/DVD3/swb2_3/sw_24353A.sph 3908
/corpora/sre/SwitchBoard2/Phase2/DVD4/swb2_4/sw_24479B.sph 3908
/corpora/sre/SwitchBoard2/Phase2/DVD5/swb2_5/sw_22748B.sph 3910
/corpora/sre/SwitchBoard2/Phase2/DVD5/swb2_5/sw_23336A.sph 3910
/corpora/sre/SwitchBoard2/Phase2/DVD4/swb2_4/sw_23411B.sph 3910
/corpora/sre/SwitchBoard2/Phase2/DVD4/swb2_4/sw_23513A.sph 3910
/corpora/sre/SwitchBoard2/Phase2/DVD5/swb2_5/sw_22434A.sph 3912
/corpora/sre/SwitchBoard2/Phase2/DVD5/swb2_5/sw_22629A.sph 3912
/corpora/sre/SwitchBoard2/Phase2/DVD3/swb2_3/sw_22676B.sph 3912
/corpora/sre/SwitchBoard2/Phase2/DVD4/swb2_4/sw_22856A.sph 3912
/corpora/sre/SwitchBoard2/Phase2/DVD5/swb2_5/sw_22805B.sph 3912
/corpora/sre/SwitchBoard2/Phase2/DVD4/swb2_4/sw_23074B.sph 3912
/corpora/sre/SwitchBoard2/Phase2/DVD3/swb2_3/sw_23228A.sph 3912
/corpora/sre/SwitchBoard2/Phase2/DVD4/swb2_4/sw_23175B.sph 3912
/corpora/sre/SwitchBoard2/Phase2/DVD5/swb2_5/sw_23337A.sph 3912
/corpora/sre/SwitchBoard2/Phase2/DVD5/swb2_5/sw_23656A.sph 3912
/corpora/sre/SwitchBoard2/Phase2/DVD5/swb2_5/sw_23758B.sph 3912
/corpora/sre/SwitchBoard2/Phase2/DVD5/swb2_5/sw_23813B.sph 3912
/corpora/sre/SwitchBoard2/Phase2/DVD5/swb2_5/sw_24110B.sph 3912
/corpora/sre/SwitchBoard2/Phase2/DVD2/swb2_2/sw_24310B.sph 3912
/corpora/sre/SwitchBoard2/Phase2/DVD2/swb2_2/sw_22358B.sph 3915
/corpora/sre/SwitchBoard2/Phase2/DVD2/swb2_2/sw_23980B.sph 3915
/corpora/sre/SwitchBoard2/Phase2/DVD4/swb2_4/sw_24131B.sph 3915
/corpora/sre/SwitchBoard2/Phase2/DVD3/swb2_3/sw_24290B.sph 3915
/corpora/sre/SwitchBoard2/Phase2/DVD4/swb2_4/sw_22436A.sph 3917
/corpora/sre/SwitchBoard2/Phase2/DVD2/swb2_2/sw_22527B.sph 3917
/corpora/sre/SwitchBoard2/Phase2/DVD2/swb2_2/sw_22601B.sph 3917
/corpora/sre/SwitchBoard2/Phase2/DVD3/swb2_3/sw_22852B.sph 3917
/corpora/sre/SwitchBoard2/Phase2/DVD3/swb2_3/sw_23146B.sph 3917
/corpora/sre/SwitchBoard2/Phase2/DVD4/swb2_4/sw_23381B.sph 3917
/corpora/sre/SwitchBoard2/Phase2/DVD5/swb2_5/sw_23826B.sph 3917
/corpora/sre/SwitchBoard2/Phase2/DVD5/swb2_5/sw_23900B.sph 3917
/corpora/sre/SwitchBoard2/Phase2/DVD4/swb2_4/sw_24553B.sph 3917
/corpora/sre/SwitchBoard2/Phase2/DVD2/swb2_2/sw_22633A.sph 3929
/corpora/sre/SwitchBoard2/Phase2/DVD4/swb2_4/sw_22725A.sph 3929
/corpora/sre/SwitchBoard2/Phase2/DVD4/swb2_4/sw_22861A.sph 3929
/corpora/sre/SwitchBoard2/Phase2/DVD5/swb2_5/sw_22968B.sph 3929
/corpora/sre/SwitchBoard2/Phase2/DVD2/swb2_2/sw_23101A.sph 3929
/corpora/sre/SwitchBoard2/Phase2/DVD5/swb2_5/sw_23141B.sph 3929
/corpora/sre/SwitchBoard2/Phase2/DVD5/swb2_5/sw_23341A.sph 3929
/corpora/sre/SwitchBoard2/Phase2/DVD3/swb2_3/sw_23409B.sph 3929
/corpora/sre/SwitchBoard2/Phase2/DVD3/swb2_3/sw_23516A.sph 3929
/corpora/sre/SwitchBoard2/Phase2/DVD2/swb2_2/sw_23760A.sph 3929
/corpora/sre/SwitchBoard2/Phase2/DVD4/swb2_4/sw_23965B.sph 3929
/corpora/sre/SwitchBoard2/Phase2/DVD5/swb2_5/sw_24025A.sph 3929
/corpora/sre/SwitchBoard2/Phase2/DVD5/swb2_5/sw_24092A.sph 3929
/corpora/sre/SwitchBoard2/Phase2/DVD3/swb2_3/sw_24154A.sph 3929
/corpora/sre/SwitchBoard2/Phase2/DVD5/swb2_5/sw_24238A.sph 3929
/corpora/sre/SwitchBoard2/Phase2/DVD4/swb2_4/sw_24183B.sph 3929
/corpora/sre/SwitchBoard2/Phase2/DVD5/swb2_5/sw_24276B.sph 3929
/corpora/sre/SwitchBoard2/Phase2/DVD2/swb2_2/sw_24388A.sph 3929
/corpora/sre/SwitchBoard2/Phase2/DVD5/swb2_5/sw_24427A.sph 3929
/corpora/sre/SwitchBoard2/Phase2/DVD4/swb2_4/sw_24484A.sph 3929
/corpora/sre/SwitchBoard2/Phase2/DVD4/swb2_4/sw_24579A.sph 3929
/corpora/sre/SwitchBoard2/Phase2/DVD3/swb2_3/sw_22864A.sph 3935
/corpora/sre/SwitchBoard2/Phase2/DVD2/swb2_2/sw_22766B.sph 3935
/corpora/sre/SwitchBoard2/Phase2/DVD4/swb2_4/sw_23088B.sph 3935
/corpora/sre/SwitchBoard2/Phase2/DVD3/swb2_3/sw_23231A.sph 3935
/corpora/sre/SwitchBoard2/Phase2/DVD5/swb2_5/sw_23153B.sph 3935
/corpora/sre/SwitchBoard2/Phase2/DVD4/swb2_4/sw_23343A.sph 3935
/corpora/sre/SwitchBoard2/Phase2/DVD5/swb2_5/sw_23424A.sph 3935
/corpora/sre/SwitchBoard2/Phase2/DVD4/swb2_4/sw_23406B.sph 3935
/corpora/sre/SwitchBoard2/Phase2/DVD5/swb2_5/sw_23518A.sph 3935
/corpora/sre/SwitchBoard2/Phase2/DVD5/swb2_5/sw_23475B.sph 3935
/corpora/sre/SwitchBoard2/Phase2/DVD2/swb2_2/sw_23660A.sph 3935
/corpora/sre/SwitchBoard2/Phase2/DVD3/swb2_3/sw_23566B.sph 3935
/corpora/sre/SwitchBoard2/Phase2/DVD5/swb2_5/sw_23761A.sph 3935
/corpora/sre/SwitchBoard2/Phase2/DVD4/swb2_4/sw_23828A.sph 3935
/corpora/sre/SwitchBoard2/Phase2/DVD3/swb2_3/sw_23968A.sph 3935
/corpora/sre/SwitchBoard2/Phase2/DVD4/swb2_4/sw_24027A.sph 3935
/corpora/sre/SwitchBoard2/Phase2/DVD5/swb2_5/sw_24094A.sph 3935
/corpora/sre/SwitchBoard2/Phase2/DVD3/swb2_3/sw_24121B.sph 3935
/corpora/sre/SwitchBoard2/Phase2/DVD5/swb2_5/sw_24295B.sph 3935
/corpora/sre/SwitchBoard2/Phase2/DVD3/swb2_3/sw_24355A.sph 3935
/corpora/sre/SwitchBoard2/Phase2/DVD4/swb2_4/sw_24485A.sph 3935
/corpora/sre/SwitchBoard2/Phase2/DVD4/swb2_4/sw_24535A.sph 3935
/corpora/sre/SwitchBoard2/Phase2/DVD2/swb2_2/sw_22866A.sph 3940
/corpora/sre/SwitchBoard2/Phase2/DVD5/swb2_5/sw_22836B.sph 3940
/corpora/sre/SwitchBoard2/Phase2/DVD3/swb2_3/sw_22965A.sph 3940
/corpora/sre/SwitchBoard2/Phase2/DVD4/swb2_4/sw_23105A.sph 3940
/corpora/sre/SwitchBoard2/Phase2/DVD4/swb2_4/sw_23073B.sph 3940
/corpora/sre/SwitchBoard2/Phase2/DVD3/swb2_3/sw_23233A.sph 3940
/corpora/sre/SwitchBoard2/Phase2/DVD4/swb2_4/sw_23425A.sph 3940
/corpora/sre/SwitchBoard2/Phase2/DVD3/swb2_3/sw_23515B.sph 3940
/corpora/sre/SwitchBoard2/Phase2/DVD5/swb2_5/sw_23605B.sph 3940
/corpora/sre/SwitchBoard2/Phase2/DVD5/swb2_5/sw_23762A.sph 3940
/corpora/sre/SwitchBoard2/Phase2/DVD4/swb2_4/sw_23783B.sph 3940
/corpora/sre/SwitchBoard2/Phase2/DVD3/swb2_3/sw_23890B.sph 3940
/corpora/sre/SwitchBoard2/Phase2/DVD3/swb2_3/sw_23969A.sph 3940
/corpora/sre/SwitchBoard2/Phase2/DVD2/swb2_2/sw_24155A.sph 3940
/corpora/sre/SwitchBoard2/Phase2/DVD3/swb2_3/sw_24303A.sph 3940
/corpora/sre/SwitchBoard2/Phase2/DVD4/swb2_4/sw_24346B.sph 3940
/corpora/sre/SwitchBoard2/Phase2/DVD3/swb2_3/sw_22966A.sph 3943
/corpora/sre/SwitchBoard2/Phase2/DVD5/swb2_5/sw_22886B.sph 3943
/corpora/sre/SwitchBoard2/Phase2/DVD4/swb2_4/sw_23106A.sph 3943
/corpora/sre/SwitchBoard2/Phase2/DVD5/swb2_5/sw_23066B.sph 3943
/corpora/sre/SwitchBoard2/Phase2/DVD2/swb2_2/sw_23234A.sph 3943
/corpora/sre/SwitchBoard2/Phase2/DVD4/swb2_4/sw_23188B.sph 3943
/corpora/sre/SwitchBoard2/Phase2/DVD3/swb2_3/sw_23346A.sph 3943
/corpora/sre/SwitchBoard2/Phase2/DVD4/swb2_4/sw_23426A.sph 3943
/corpora/sre/SwitchBoard2/Phase2/DVD5/swb2_5/sw_23519A.sph 3943
/corpora/sre/SwitchBoard2/Phase2/DVD3/swb2_3/sw_23509B.sph 3943
/corpora/sre/SwitchBoard2/Phase2/DVD5/swb2_5/sw_23662A.sph 3943
/corpora/sre/SwitchBoard2/Phase2/DVD5/swb2_5/sw_23624B.sph 3943
/corpora/sre/SwitchBoard2/Phase2/DVD5/swb2_5/sw_23763A.sph 3943
/corpora/sre/SwitchBoard2/Phase2/DVD3/swb2_3/sw_23754B.sph 3943
/corpora/sre/SwitchBoard2/Phase2/DVD3/swb2_3/sw_23941B.sph 3943
/corpora/sre/SwitchBoard2/Phase2/DVD5/swb2_5/sw_23996B.sph 3943
/corpora/sre/SwitchBoard2/Phase2/DVD4/swb2_4/sw_23683B.sph 3945
/corpora/sre/SwitchBoard2/Phase2/DVD5/swb2_5/sw_22919B.sph 3947
/corpora/sre/SwitchBoard2/Phase2/DVD3/swb2_3/sw_23347A.sph 3947
/corpora/sre/SwitchBoard2/Phase2/DVD3/swb2_3/sw_23313B.sph 3947
/corpora/sre/SwitchBoard2/Phase2/DVD4/swb2_4/sw_23481B.sph 3947
/corpora/sre/SwitchBoard2/Phase2/DVD2/swb2_2/sw_23718B.sph 3947
/corpora/sre/SwitchBoard2/Phase2/DVD3/swb2_3/sw_23922B.sph 3947
/corpora/sre/SwitchBoard2/Phase2/DVD4/swb2_4/sw_24151B.sph 3947
/corpora/sre/SwitchBoard2/Phase2/DVD5/swb2_5/sw_24224B.sph 3947
/corpora/sre/SwitchBoard2/Phase2/DVD2/swb2_2/sw_22871B.sph 3953
/corpora/sre/SwitchBoard2/Phase2/DVD4/swb2_4/sw_23110A.sph 3953
/corpora/sre/SwitchBoard2/Phase2/DVD5/swb2_5/sw_23221B.sph 3953
/corpora/sre/SwitchBoard2/Phase2/DVD3/swb2_3/sw_24505B.sph 3953
/corpora/sre/SwitchBoard2/Phase2/DVD3/swb2_3/sw_23113A.sph 3960
/corpora/sre/SwitchBoard2/Phase2/DVD4/swb2_4/sw_23161B.sph 3960
/corpora/sre/SwitchBoard2/Phase2/DVD5/swb2_5/sw_23644B.sph 3960
/corpora/sre/SwitchBoard2/Phase2/DVD3/swb2_3/sw_23768A.sph 3960
/corpora/sre/SwitchBoard2/Phase2/DVD5/swb2_5/sw_23830A.sph 3960
/corpora/sre/SwitchBoard2/Phase2/DVD4/swb2_4/sw_23809B.sph 3960
/corpora/sre/SwitchBoard2/Phase2/DVD2/swb2_2/sw_23842B.sph 3960
/corpora/sre/SwitchBoard2/Phase2/DVD3/swb2_3/sw_23917A.sph 3960
/corpora/sre/SwitchBoard2/Phase2/DVD5/swb2_5/sw_24075B.sph 3960
/corpora/sre/SwitchBoard2/Phase2/DVD5/swb2_5/sw_24243A.sph 3960
/corpora/sre/SwitchBoard2/Phase2/DVD4/swb2_4/sw_24448B.sph 3960
/corpora/sre/SwitchBoard2/Phase2/DVD4/swb2_4/sw_24515B.sph 3960
/corpora/sre/SwitchBoard2/Phase2/DVD3/swb2_3/sw_23351A.sph 3961
/corpora/sre/SwitchBoard2/Phase2/DVD3/swb2_3/sw_23429A.sph 3961
/corpora/sre/SwitchBoard2/Phase2/DVD5/swb2_5/sw_24018B.sph 3961
/corpora/sre/SwitchBoard2/Phase2/DVD2/swb2_2/sw_23114A.sph 3962
/corpora/sre/SwitchBoard2/Phase2/DVD5/swb2_5/sw_23240B.sph 3962
/corpora/sre/SwitchBoard2/Phase2/DVD5/swb2_5/sw_23575B.sph 3962
/corpora/sre/SwitchBoard2/Phase2/DVD5/swb2_5/sw_23712B.sph 3962
/corpora/sre/SwitchBoard2/Phase2/DVD4/swb2_4/sw_23870B.sph 3962
/corpora/sre/SwitchBoard2/Phase2/DVD3/swb2_3/sw_24098A.sph 3962
/corpora/sre/SwitchBoard2/Phase2/DVD4/swb2_4/sw_24158A.sph 3962
/corpora/sre/SwitchBoard2/Phase2/DVD4/swb2_4/sw_24279B.sph 3962
/corpora/sre/SwitchBoard2/Phase2/DVD2/swb2_2/sw_24438B.sph 3962
/corpora/sre/SwitchBoard2/Phase2/DVD2/swb2_2/sw_23027B.sph 3964
/corpora/sre/SwitchBoard2/Phase2/DVD3/swb2_3/sw_23151B.sph 3964
/corpora/sre/SwitchBoard2/Phase2/DVD4/swb2_4/sw_23242A.sph 3966
/corpora/sre/SwitchBoard2/Phase2/DVD2/swb2_2/sw_23353A.sph 3966
/corpora/sre/SwitchBoard2/Phase2/DVD2/swb2_2/sw_23668A.sph 3966
/corpora/sre/SwitchBoard2/Phase2/DVD2/swb2_2/sw_23769A.sph 3966
/corpora/sre/SwitchBoard2/Phase2/DVD2/swb2_2/sw_23787B.sph 3966
/corpora/sre/SwitchBoard2/Phase2/DVD4/swb2_4/sw_23970A.sph 3966
/corpora/sre/SwitchBoard2/Phase2/DVD3/swb2_3/sw_24099A.sph 3966
/corpora/sre/SwitchBoard2/Phase2/DVD3/swb2_3/sw_24066B.sph 3966
/corpora/sre/SwitchBoard2/Phase2/DVD4/swb2_4/sw_24159A.sph 3966
/corpora/sre/SwitchBoard2/Phase2/DVD5/swb2_5/sw_24244A.sph 3966
/corpora/sre/SwitchBoard2/Phase2/DVD5/swb2_5/sw_24308A.sph 3966
/corpora/sre/SwitchBoard2/Phase2/DVD4/swb2_4/sw_24452B.sph 3966
/corpora/sre/SwitchBoard2/Phase2/DVD4/swb2_4/sw_24529B.sph 3966
/corpora/sre/SwitchBoard2/Phase2/DVD4/swb2_4/sw_23243A.sph 3968
/corpora/sre/SwitchBoard2/Phase2/DVD4/swb2_4/sw_23261B.sph 3968
/corpora/sre/SwitchBoard2/Phase2/DVD4/swb2_4/sw_23430A.sph 3968
/corpora/sre/SwitchBoard2/Phase2/DVD5/swb2_5/sw_23523A.sph 3968
/corpora/sre/SwitchBoard2/Phase2/DVD2/swb2_2/sw_23668B.sph 3968
/corpora/sre/SwitchBoard2/Phase2/DVD4/swb2_4/sw_23770A.sph 3968
/corpora/sre/SwitchBoard2/Phase2/DVD3/swb2_3/sw_23703B.sph 3968
/corpora/sre/SwitchBoard2/Phase2/DVD2/swb2_2/sw_23774B.sph 3968
/corpora/sre/SwitchBoard2/Phase2/DVD5/swb2_5/sw_23939B.sph 3968
/corpora/sre/SwitchBoard2/Phase2/DVD4/swb2_4/sw_24007B.sph 3968
/corpora/sre/SwitchBoard2/Phase2/DVD2/swb2_2/sw_24160A.sph 3968
/corpora/sre/SwitchBoard2/Phase2/DVD3/swb2_3/sw_24167B.sph 3968
/corpora/sre/SwitchBoard2/Phase2/DVD4/swb2_4/sw_24351B.sph 3968
