/corpora/sre/SwitchBoard2/Phase2/DVD1/swb2_1/sw_20023B.sph 3095
/corpora/sre/SwitchBoard2/Phase2/DVD1/swb2_1/sw_20050B.sph 3095
/corpora/sre/SwitchBoard2/Phase2/DVD1/swb2_1/sw_20119A.sph 3095
/corpora/sre/SwitchBoard2/Phase2/DVD1/swb2_1/sw_20344A.sph 3095
/corpora/sre/SwitchBoard2/Phase2/DVD2/swb2_2/sw_20650B.sph 3095
/corpora/sre/SwitchBoard2/Phase2/DVD1/swb2_1/sw_20942B.sph 3095
/corpora/sre/SwitchBoard2/Phase2/DVD1/swb2_1/sw_20020A.sph 3107
/corpora/sre/SwitchBoard2/Phase2/DVD1/swb2_1/sw_20033B.sph 3107
/corpora/sre/SwitchBoard2/Phase2/DVD1/swb2_1/sw_20066B.sph 3107
/corpora/sre/SwitchBoard2/Phase2/DVD1/swb2_1/sw_20121A.sph 3107
/corpora/sre/SwitchBoard2/Phase2/DVD1/swb2_1/sw_20143B.sph 3107
/corpora/sre/SwitchBoard2/Phase2/DVD1/swb2_1/sw_20165A.sph 3107
/corpora/sre/SwitchBoard2/Phase2/DVD1/swb2_1/sw_20205A.sph 3107
/corpora/sre/SwitchBoard2/Phase2/DVD1/swb2_1/sw_20253A.sph 3107
/corpora/sre/SwitchBoard2/Phase2/DVD2/swb2_2/sw_20322B.sph 3107
/corpora/sre/SwitchBoard2/Phase2/DVD1/swb2_1/sw_20347A.sph 3107
/corpora/sre/SwitchBoard2/Phase2/DVD2/swb2_2/sw_20380B.sph 3107
/corpora/sre/SwitchBoard2/Phase2/DVD1/swb2_1/sw_20452A.sph 3107
/corpora/sre/SwitchBoard2/Phase2/DVD2/swb2_2/sw_20589A.sph 3107
/corpora/sre/SwitchBoard2/Phase2/DVD2/swb2_2/sw_20668B.sph 3107
/corpora/sre/SwitchBoard2/Phase2/DVD1/swb2_1/sw_20733A.sph 3107
/corpora/sre/SwitchBoard2/Phase2/DVD1/swb2_1/sw_20834A.sph 3107
/corpora/sre/SwitchBoard2/Phase2/DVD1/swb2_1/sw_21018A.sph 3107
/corpora/sre/SwitchBoard2/Phase2/DVD2/swb2_2/sw_21285A.sph 3107
/corpora/sre/SwitchBoard2/Phase2/DVD4/swb2_4/sw_21451A.sph 3107
/corpora/sre/SwitchBoard2/Phase2/DVD3/swb2_3/sw_21587A.sph 3107
/corpora/sre/SwitchBoard2/Phase2/DVD4/swb2_4/sw_21703A.sph 3107
/corpora/sre/SwitchBoard2/Phase2/DVD3/swb2_3/sw_21792A.sph 3107
/corpora/sre/SwitchBoard2/Phase2/DVD4/swb2_4/sw_21903A.sph 3107
/corpora/sre/SwitchBoard2/Phase2/DVD3/swb2_3/sw_22049A.sph 3107
/corpora/sre/SwitchBoard2/Phase2/DVD4/swb2_4/sw_22171A.sph 3107
/corpora/sre/SwitchBoard2/Phase2/DVD3/swb2_3/sw_22311A.sph 3107
/corpora/sre/SwitchBoard2/Phase2/DVD3/swb2_3/sw_22539B.sph 3107
/corpora/sre/SwitchBoard2/Phase2/DVD4/swb2_4/sw_22560A.sph 3107
/corpora/sre/SwitchBoard2/Phase2/DVD4/swb2_4/sw_22642B.sph 3107
/corpora/sre/SwitchBoard2/Phase2/DVD4/swb2_4/sw_22744A.sph 3107
/corpora/sre/SwitchBoard2/Phase2/DVD3/swb2_3/sw_22878A.sph 3107
/corpora/sre/SwitchBoard2/Phase2/DVD2/swb2_2/sw_22990A.sph 3107
/corpora/sre/SwitchBoard2/Phase2/DVD5/swb2_5/sw_23129A.sph 3107
/corpora/sre/SwitchBoard2/Phase2/DVD4/swb2_4/sw_23256A.sph 3107
/corpora/sre/SwitchBoard2/Phase2/DVD4/swb2_4/sw_23363A.sph 3107
/corpora/sre/SwitchBoard2/Phase2/DVD5/swb2_5/sw_23442A.sph 3107
/corpora/sre/SwitchBoard2/Phase2/DVD2/swb2_2/sw_23536A.sph 3107
/corpora/sre/SwitchBoard2/Phase2/DVD5/swb2_5/sw_23681A.sph 3107
/corpora/sre/SwitchBoard2/Phase2/DVD5/swb2_5/sw_23780A.sph 3107
/corpora/sre/SwitchBoard2/Phase2/DVD5/swb2_5/sw_23877A.sph 3107
/corpora/sre/SwitchBoard2/Phase2/DVD2/swb2_2/sw_23924A.sph 3107
/corpora/sre/SwitchBoard2/Phase2/DVD3/swb2_3/sw_23972A.sph 3107
/corpora/sre/SwitchBoard2/Phase2/DVD3/swb2_3/sw_24034A.sph 3107
/corpora/sre/SwitchBoard2/Phase2/DVD5/swb2_5/sw_24105A.sph 3107
/corpora/sre/SwitchBoard2/Phase2/DVD4/swb2_4/sw_24170A.sph 3107
/corpora/sre/SwitchBoard2/Phase2/DVD4/swb2_4/sw_24250A.sph 3107
/corpora/sre/SwitchBoard2/Phase2/DVD5/swb2_5/sw_24313A.sph 3107
/corpora/sre/SwitchBoard2/Phase2/DVD3/swb2_3/sw_24360A.sph 3107
/corpora/sre/SwitchBoard2/Phase2/DVD3/swb2_3/sw_24392A.sph 3107
/corpora/sre/SwitchBoard2/Phase2/DVD3/swb2_3/sw_24492A.sph 3107
/corpora/sre/SwitchBoard2/Phase2/DVD1/swb2_1/sw_20023A.sph 3140
/corpora/sre/SwitchBoard2/Phase2/DVD1/swb2_1/sw_20037B.sph 3140
/corpora/sre/SwitchBoard2/Phase2/DVD1/swb2_1/sw_20077A.sph 3140
/corpora/sre/SwitchBoard2/Phase2/DVD1/swb2_1/sw_20127A.sph 3140
/corpora/sre/SwitchBoard2/Phase2/DVD1/swb2_1/sw_20171A.sph 3140
/corpora/sre/SwitchBoard2/Phase2/DVD1/swb2_1/sw_20261A.sph 3140
/corpora/sre/SwitchBoard2/Phase2/DVD1/swb2_1/sw_20271B.sph 3140
/corpora/sre/SwitchBoard2/Phase2/DVD1/swb2_1/sw_20353A.sph 3140
/corpora/sre/SwitchBoard2/Phase2/DVD1/swb2_1/sw_20539B.sph 3140
/corpora/sre/SwitchBoard2/Phase2/DVD1/swb2_1/sw_20737A.sph 3140
/corpora/sre/SwitchBoard2/Phase2/DVD2/swb2_2/sw_21028A.sph 3140
/corpora/sre/SwitchBoard2/Phase2/DVD1/swb2_1/sw_21166A.sph 3140
/corpora/sre/SwitchBoard2/Phase2/DVD1/swb2_1/sw_21296A.sph 3140
/corpora/sre/SwitchBoard2/Phase2/DVD3/swb2_3/sw_21454A.sph 3140
/corpora/sre/SwitchBoard2/Phase2/DVD3/swb2_3/sw_21592A.sph 3140
/corpora/sre/SwitchBoard2/Phase2/DVD3/swb2_3/sw_21710A.sph 3140
/corpora/sre/SwitchBoard2/Phase2/DVD5/swb2_5/sw_21800A.sph 3140
/corpora/sre/SwitchBoard2/Phase2/DVD3/swb2_3/sw_21857B.sph 3140
/corpora/sre/SwitchBoard2/Phase2/DVD6/swb2_6/sw_21909A.sph 3140
/corpora/sre/SwitchBoard2/Phase2/DVD4/swb2_4/sw_22053A.sph 3140
/corpora/sre/SwitchBoard2/Phase2/DVD4/swb2_4/sw_22121B.sph 3140
/corpora/sre/SwitchBoard2/Phase2/DVD5/swb2_5/sw_22177A.sph 3140
/corpora/sre/SwitchBoard2/Phase2/DVD3/swb2_3/sw_22458A.sph 3140
/corpora/sre/SwitchBoard2/Phase2/DVD5/swb2_5/sw_22566A.sph 3140
/corpora/sre/SwitchBoard2/Phase2/DVD5/swb2_5/sw_22648A.sph 3140
/corpora/sre/SwitchBoard2/Phase2/DVD3/swb2_3/sw_22709B.sph 3140
/corpora/sre/SwitchBoard2/Phase2/DVD5/swb2_5/sw_22749A.sph 3140
/corpora/sre/SwitchBoard2/Phase2/DVD3/swb2_3/sw_22884A.sph 3140
/corpora/sre/SwitchBoard2/Phase2/DVD5/swb2_5/sw_23136A.sph 3140
/corpora/sre/SwitchBoard2/Phase2/DVD5/swb2_5/sw_23369A.sph 3140
/corpora/sre/SwitchBoard2/Phase2/DVD3/swb2_3/sw_23447A.sph 3140
/corpora/sre/SwitchBoard2/Phase2/DVD5/swb2_5/sw_23593B.sph 3140
/corpora/sre/SwitchBoard2/Phase2/DVD4/swb2_4/sw_23928A.sph 3140
/corpora/sre/SwitchBoard2/Phase2/DVD3/swb2_3/sw_23991B.sph 3140
/corpora/sre/SwitchBoard2/Phase2/DVD4/swb2_4/sw_24108A.sph 3140
/corpora/sre/SwitchBoard2/Phase2/DVD1/swb2_1/sw_20026A.sph 3156
/corpora/sre/SwitchBoard2/Phase2/DVD1/swb2_1/sw_20039B.sph 3156
/corpora/sre/SwitchBoard2/Phase2/DVD1/swb2_1/sw_20080A.sph 3156
/corpora/sre/SwitchBoard2/Phase2/DVD1/swb2_1/sw_20106B.sph 3156
/corpora/sre/SwitchBoard2/Phase2/DVD2/swb2_2/sw_20188B.sph 3156
/corpora/sre/SwitchBoard2/Phase2/DVD1/swb2_1/sw_20210A.sph 3156
/corpora/sre/SwitchBoard2/Phase2/DVD2/swb2_2/sw_20209B.sph 3156
/corpora/sre/SwitchBoard2/Phase2/DVD1/swb2_1/sw_20312B.sph 3156
/corpora/sre/SwitchBoard2/Phase2/DVD1/swb2_1/sw_20357A.sph 3156
/corpora/sre/SwitchBoard2/Phase2/DVD1/swb2_1/sw_20460A.sph 3156
/corpora/sre/SwitchBoard2/Phase2/DVD1/swb2_1/sw_20596A.sph 3156
/corpora/sre/SwitchBoard2/Phase2/DVD2/swb2_2/sw_20739A.sph 3156
/corpora/sre/SwitchBoard2/Phase2/DVD1/swb2_1/sw_20842A.sph 3156
/corpora/sre/SwitchBoard2/Phase2/DVD1/swb2_1/sw_21031A.sph 3156
/corpora/sre/SwitchBoard2/Phase2/DVD1/swb2_1/sw_21167A.sph 3156
/corpora/sre/SwitchBoard2/Phase2/DVD2/swb2_2/sw_21456A.sph 3156
/corpora/sre/SwitchBoard2/Phase2/DVD4/swb2_4/sw_21910A.sph 3156
/corpora/sre/SwitchBoard2/Phase2/DVD3/swb2_3/sw_22054A.sph 3156
/corpora/sre/SwitchBoard2/Phase2/DVD2/swb2_2/sw_22459A.sph 3156
/corpora/sre/SwitchBoard2/Phase2/DVD4/swb2_4/sw_22637B.sph 3156
/corpora/sre/SwitchBoard2/Phase2/DVD5/swb2_5/sw_22886A.sph 3156
/corpora/sre/SwitchBoard2/Phase2/DVD2/swb2_2/sw_23371A.sph 3156
/corpora/sre/SwitchBoard2/Phase2/DVD5/swb2_5/sw_23689A.sph 3156
/corpora/sre/SwitchBoard2/Phase2/DVD6/swb2_6/sw_23930A.sph 3156
/corpora/sre/SwitchBoard2/Phase2/DVD5/swb2_5/sw_23978B.sph 3156
/corpora/sre/SwitchBoard2/Phase2/DVD5/swb2_5/sw_24110A.sph 3156
/corpora/sre/SwitchBoard2/Phase2/DVD2/swb2_2/sw_24424B.sph 3156
/corpora/sre/SwitchBoard2/Phase2/DVD1/swb2_1/sw_20599A.sph 3169
/corpora/sre/SwitchBoard2/Phase2/DVD6/swb2_6/sw_21914A.sph 3169
/corpora/sre/SwitchBoard2/Phase2/DVD2/swb2_2/sw_22451B.sph 3169
/corpora/sre/SwitchBoard2/Phase2/DVD4/swb2_4/sw_23125B.sph 3169
/corpora/sre/SwitchBoard2/Phase2/DVD3/swb2_3/sw_23855B.sph 3169
/corpora/sre/SwitchBoard2/Phase2/DVD3/swb2_3/sw_23873B.sph 3169
/corpora/sre/SwitchBoard2/Phase2/DVD1/swb2_1/sw_20132B.sph 3243
/corpora/sre/SwitchBoard2/Phase2/DVD1/swb2_1/sw_20180A.sph 3243
/corpora/sre/SwitchBoard2/Phase2/DVD1/swb2_1/sw_20269A.sph 3243
/corpora/sre/SwitchBoard2/Phase2/DVD2/swb2_2/sw_20744A.sph 3243
/corpora/sre/SwitchBoard2/Phase2/DVD2/swb2_2/sw_21042A.sph 3243
/corpora/sre/SwitchBoard2/Phase2/DVD1/swb2_1/sw_21018B.sph 3243
/corpora/sre/SwitchBoard2/Phase2/DVD2/swb2_2/sw_21265B.sph 3243
/corpora/sre/SwitchBoard2/Phase2/DVD2/swb2_2/sw_21474A.sph 3243
/corpora/sre/SwitchBoard2/Phase2/DVD5/swb2_5/sw_21948B.sph 3243
/corpora/sre/SwitchBoard2/Phase2/DVD5/swb2_5/sw_22384B.sph 3243
/corpora/sre/SwitchBoard2/Phase2/DVD5/swb2_5/sw_22873B.sph 3243
/corpora/sre/SwitchBoard2/Phase2/DVD5/swb2_5/sw_23116B.sph 3243
/corpora/sre/SwitchBoard2/Phase2/DVD3/swb2_3/sw_24203B.sph 3243
/corpora/sre/SwitchBoard2/Phase2/DVD1/swb2_1/sw_20040A.sph 3293
/corpora/sre/SwitchBoard2/Phase2/DVD1/swb2_1/sw_20098A.sph 3293
/corpora/sre/SwitchBoard2/Phase2/DVD1/swb2_1/sw_20134B.sph 3293
/corpora/sre/SwitchBoard2/Phase2/DVD2/swb2_2/sw_20218A.sph 3293
/corpora/sre/SwitchBoard2/Phase2/DVD1/swb2_1/sw_20304B.sph 3293
/corpora/sre/SwitchBoard2/Phase2/DVD1/swb2_1/sw_20371A.sph 3293
/corpora/sre/SwitchBoard2/Phase2/DVD2/swb2_2/sw_20615A.sph 3293
/corpora/sre/SwitchBoard2/Phase2/DVD1/swb2_1/sw_20766B.sph 3293
/corpora/sre/SwitchBoard2/Phase2/DVD1/swb2_1/sw_20849A.sph 3293
/corpora/sre/SwitchBoard2/Phase2/DVD2/swb2_2/sw_21048A.sph 3293
/corpora/sre/SwitchBoard2/Phase2/DVD1/swb2_1/sw_21056B.sph 3293
/corpora/sre/SwitchBoard2/Phase2/DVD2/swb2_2/sw_21182A.sph 3293
/corpora/sre/SwitchBoard2/Phase2/DVD2/swb2_2/sw_21318A.sph 3293
/corpora/sre/SwitchBoard2/Phase2/DVD4/swb2_4/sw_21478A.sph 3293
/corpora/sre/SwitchBoard2/Phase2/DVD4/swb2_4/sw_21992B.sph 3293
/corpora/sre/SwitchBoard2/Phase2/DVD5/swb2_5/sw_22064A.sph 3293
/corpora/sre/SwitchBoard2/Phase2/DVD4/swb2_4/sw_22191A.sph 3293
/corpora/sre/SwitchBoard2/Phase2/DVD5/swb2_5/sw_22329A.sph 3293
/corpora/sre/SwitchBoard2/Phase2/DVD4/swb2_4/sw_22473A.sph 3293
/corpora/sre/SwitchBoard2/Phase2/DVD4/swb2_4/sw_22655A.sph 3293
/corpora/sre/SwitchBoard2/Phase2/DVD5/swb2_5/sw_22767B.sph 3293
/corpora/sre/SwitchBoard2/Phase2/DVD2/swb2_2/sw_23147A.sph 3293
/corpora/sre/SwitchBoard2/Phase2/DVD5/swb2_5/sw_23342B.sph 3293
/corpora/sre/SwitchBoard2/Phase2/DVD4/swb2_4/sw_23458A.sph 3293
/corpora/sre/SwitchBoard2/Phase2/DVD3/swb2_3/sw_23566A.sph 3293
/corpora/sre/SwitchBoard2/Phase2/DVD3/swb2_3/sw_23791A.sph 3293
/corpora/sre/SwitchBoard2/Phase2/DVD4/swb2_4/sw_24045A.sph 3293
/corpora/sre/SwitchBoard2/Phase2/DVD3/swb2_3/sw_24116A.sph 3293
/corpora/sre/SwitchBoard2/Phase2/DVD3/swb2_3/sw_24179A.sph 3293
/corpora/sre/SwitchBoard2/Phase2/DVD3/swb2_3/sw_24321A.sph 3293
/corpora/sre/SwitchBoard2/Phase2/DVD1/swb2_1/sw_20099A.sph 3294
/corpora/sre/SwitchBoard2/Phase2/DVD1/swb2_1/sw_20142A.sph 3294
/corpora/sre/SwitchBoard2/Phase2/DVD1/swb2_1/sw_20274B.sph 3294
/corpora/sre/SwitchBoard2/Phase2/DVD2/swb2_2/sw_20372A.sph 3294
/corpora/sre/SwitchBoard2/Phase2/DVD1/swb2_1/sw_20340B.sph 3294
/corpora/sre/SwitchBoard2/Phase2/DVD2/swb2_2/sw_20478A.sph 3294
/corpora/sre/SwitchBoard2/Phase2/DVD2/swb2_2/sw_20616A.sph 3294
/corpora/sre/SwitchBoard2/Phase2/DVD2/swb2_2/sw_20748A.sph 3294
/corpora/sre/SwitchBoard2/Phase2/DVD1/swb2_1/sw_20850A.sph 3294
/corpora/sre/SwitchBoard2/Phase2/DVD2/swb2_2/sw_20935A.sph 3294
/corpora/sre/SwitchBoard2/Phase2/DVD1/swb2_1/sw_21213B.sph 3294
/corpora/sre/SwitchBoard2/Phase2/DVD2/swb2_2/sw_22024B.sph 3294
/corpora/sre/SwitchBoard2/Phase2/DVD3/swb2_3/sw_22495B.sph 3294
/corpora/sre/SwitchBoard2/Phase2/DVD4/swb2_4/sw_22880B.sph 3294
/corpora/sre/SwitchBoard2/Phase2/DVD3/swb2_3/sw_23011A.sph 3294
/corpora/sre/SwitchBoard2/Phase2/DVD5/swb2_5/sw_23542B.sph 3294
/corpora/sre/SwitchBoard2/Phase2/DVD6/swb2_6/sw_23875B.sph 3294
/corpora/sre/SwitchBoard2/Phase2/DVD1/swb2_1/sw_20278A.sph 3296
/corpora/sre/SwitchBoard2/Phase2/DVD1/swb2_1/sw_20327B.sph 3296
/corpora/sre/SwitchBoard2/Phase2/DVD1/swb2_1/sw_20395B.sph 3296
/corpora/sre/SwitchBoard2/Phase2/DVD1/swb2_1/sw_20618A.sph 3296
/corpora/sre/SwitchBoard2/Phase2/DVD1/swb2_1/sw_20936A.sph 3296
/corpora/sre/SwitchBoard2/Phase2/DVD1/swb2_1/sw_21184A.sph 3296
/corpora/sre/SwitchBoard2/Phase2/DVD1/swb2_1/sw_20146A.sph 3364
/corpora/sre/SwitchBoard2/Phase2/DVD1/swb2_1/sw_20154B.sph 3364
/corpora/sre/SwitchBoard2/Phase2/DVD1/swb2_1/sw_20289A.sph 3364
/corpora/sre/SwitchBoard2/Phase2/DVD1/swb2_1/sw_20419B.sph 3364
/corpora/sre/SwitchBoard2/Phase2/DVD2/swb2_2/sw_20759A.sph 3364
/corpora/sre/SwitchBoard2/Phase2/DVD2/swb2_2/sw_20946A.sph 3364
/corpora/sre/SwitchBoard2/Phase2/DVD1/swb2_1/sw_21059A.sph 3364
/corpora/sre/SwitchBoard2/Phase2/DVD2/swb2_2/sw_21194A.sph 3364
/corpora/sre/SwitchBoard2/Phase2/DVD1/swb2_1/sw_21329B.sph 3364
/corpora/sre/SwitchBoard2/Phase2/DVD3/swb2_3/sw_21540B.sph 3364
/corpora/sre/SwitchBoard2/Phase2/DVD4/swb2_4/sw_21940A.sph 3364
/corpora/sre/SwitchBoard2/Phase2/DVD3/swb2_3/sw_22339A.sph 3364
/corpora/sre/SwitchBoard2/Phase2/DVD5/swb2_5/sw_22585A.sph 3364
/corpora/sre/SwitchBoard2/Phase2/DVD4/swb2_4/sw_22807B.sph 3364
/corpora/sre/SwitchBoard2/Phase2/DVD3/swb2_3/sw_23113B.sph 3364
/corpora/sre/SwitchBoard2/Phase2/DVD4/swb2_4/sw_23281A.sph 3364
/corpora/sre/SwitchBoard2/Phase2/DVD5/swb2_5/sw_23850A.sph 3364
/corpora/sre/SwitchBoard2/Phase2/DVD3/swb2_3/sw_23940A.sph 3364
/corpora/sre/SwitchBoard2/Phase2/DVD2/swb2_2/sw_24123B.sph 3364
/corpora/sre/SwitchBoard2/Phase2/DVD5/swb2_5/sw_24345B.sph 3364
/corpora/sre/SwitchBoard2/Phase2/DVD4/swb2_4/sw_24366A.sph 3364
/corpora/sre/SwitchBoard2/Phase2/DVD4/swb2_4/sw_24447A.sph 3364
/corpora/sre/SwitchBoard2/Phase2/DVD1/swb2_1/sw_20378A.sph 3366
/corpora/sre/SwitchBoard2/Phase2/DVD2/swb2_2/sw_20449B.sph 3366
/corpora/sre/SwitchBoard2/Phase2/DVD1/swb2_1/sw_20630A.sph 3366
/corpora/sre/SwitchBoard2/Phase2/DVD2/swb2_2/sw_20570B.sph 3366
/corpora/sre/SwitchBoard2/Phase2/DVD1/swb2_1/sw_20760A.sph 3366
/corpora/sre/SwitchBoard2/Phase2/DVD2/swb2_2/sw_20860A.sph 3366
/corpora/sre/SwitchBoard2/Phase2/DVD1/swb2_1/sw_20894B.sph 3366
/corpora/sre/SwitchBoard2/Phase2/DVD2/swb2_2/sw_20947A.sph 3366
/corpora/sre/SwitchBoard2/Phase2/DVD2/swb2_2/sw_21419B.sph 3366
/corpora/sre/SwitchBoard2/Phase2/DVD3/swb2_3/sw_21693B.sph 3366
/corpora/sre/SwitchBoard2/Phase2/DVD5/swb2_5/sw_23506B.sph 3366
/corpora/sre/SwitchBoard2/Phase2/DVD2/swb2_2/sw_23957B.sph 3366
/corpora/sre/SwitchBoard2/Phase2/DVD4/swb2_4/sw_24415B.sph 3366
/corpora/sre/SwitchBoard2/Phase2/DVD1/swb2_1/sw_20290A.sph 3368
/corpora/sre/SwitchBoard2/Phase2/DVD2/swb2_2/sw_20379A.sph 3368
/corpora/sre/SwitchBoard2/Phase2/DVD1/swb2_1/sw_20497B.sph 3368
/corpora/sre/SwitchBoard2/Phase2/DVD2/swb2_2/sw_20657B.sph 3368
/corpora/sre/SwitchBoard2/Phase2/DVD2/swb2_2/sw_20761A.sph 3368
/corpora/sre/SwitchBoard2/Phase2/DVD1/swb2_1/sw_20721B.sph 3368
/corpora/sre/SwitchBoard2/Phase2/DVD1/swb2_1/sw_20833B.sph 3368
/corpora/sre/SwitchBoard2/Phase2/DVD1/swb2_1/sw_20933B.sph 3368
/corpora/sre/SwitchBoard2/Phase2/DVD2/swb2_2/sw_21373B.sph 3368
/corpora/sre/SwitchBoard2/Phase2/DVD3/swb2_3/sw_21842B.sph 3368
/corpora/sre/SwitchBoard2/Phase2/DVD4/swb2_4/sw_21941A.sph 3368
/corpora/sre/SwitchBoard2/Phase2/DVD4/swb2_4/sw_22202A.sph 3368
/corpora/sre/SwitchBoard2/Phase2/DVD5/swb2_5/sw_22279B.sph 3368
/corpora/sre/SwitchBoard2/Phase2/DVD4/swb2_4/sw_22340A.sph 3368
/corpora/sre/SwitchBoard2/Phase2/DVD4/swb2_4/sw_22437B.sph 3368
/corpora/sre/SwitchBoard2/Phase2/DVD2/swb2_2/sw_22483A.sph 3368
/corpora/sre/SwitchBoard2/Phase2/DVD5/swb2_5/sw_23021B.sph 3368
/corpora/sre/SwitchBoard2/Phase2/DVD1/swb2_1/sw_20311A.sph 3488
/corpora/sre/SwitchBoard2/Phase2/DVD1/swb2_1/sw_20319B.sph 3488
/corpora/sre/SwitchBoard2/Phase2/DVD2/swb2_2/sw_20408A.sph 3488
/corpora/sre/SwitchBoard2/Phase2/DVD1/swb2_1/sw_20424B.sph 3488
/corpora/sre/SwitchBoard2/Phase2/DVD1/swb2_1/sw_20523A.sph 3488
/corpora/sre/SwitchBoard2/Phase2/DVD1/swb2_1/sw_20658A.sph 3488
/corpora/sre/SwitchBoard2/Phase2/DVD2/swb2_2/sw_20961A.sph 3488
/corpora/sre/SwitchBoard2/Phase2/DVD2/swb2_2/sw_21212A.sph 3488
/corpora/sre/SwitchBoard2/Phase2/DVD1/swb2_1/sw_21167B.sph 3488
/corpora/sre/SwitchBoard2/Phase2/DVD2/swb2_2/sw_21352A.sph 3488
/corpora/sre/SwitchBoard2/Phase2/DVD3/swb2_3/sw_21743A.sph 3488
/corpora/sre/SwitchBoard2/Phase2/DVD2/swb2_2/sw_22106B.sph 3488
/corpora/sre/SwitchBoard2/Phase2/DVD3/swb2_3/sw_22225A.sph 3488
/corpora/sre/SwitchBoard2/Phase2/DVD3/swb2_3/sw_22600A.sph 3488
/corpora/sre/SwitchBoard2/Phase2/DVD4/swb2_4/sw_22674A.sph 3488
/corpora/sre/SwitchBoard2/Phase2/DVD4/swb2_4/sw_22789A.sph 3488
/corpora/sre/SwitchBoard2/Phase2/DVD3/swb2_3/sw_22914A.sph 3488
/corpora/sre/SwitchBoard2/Phase2/DVD2/swb2_2/sw_23390A.sph 3488
/corpora/sre/SwitchBoard2/Phase2/DVD3/swb2_3/sw_23590A.sph 3488
/corpora/sre/SwitchBoard2/Phase2/DVD3/swb2_3/sw_23691B.sph 3488
/corpora/sre/SwitchBoard2/Phase2/DVD4/swb2_4/sw_24270A.sph 3488
/corpora/sre/SwitchBoard2/Phase2/DVD2/swb2_2/sw_24538B.sph 3488
/corpora/sre/SwitchBoard2/Phase2/DVD1/swb2_1/sw_20144B.sph 3542
/corpora/sre/SwitchBoard2/Phase2/DVD2/swb2_2/sw_20533A.sph 3542
/corpora/sre/SwitchBoard2/Phase2/DVD2/swb2_2/sw_20669A.sph 3542
/corpora/sre/SwitchBoard2/Phase2/DVD2/swb2_2/sw_20598B.sph 3542
/corpora/sre/SwitchBoard2/Phase2/DVD1/swb2_1/sw_20787A.sph 3542
/corpora/sre/SwitchBoard2/Phase2/DVD1/swb2_1/sw_20877A.sph 3542
/corpora/sre/SwitchBoard2/Phase2/DVD5/swb2_5/sw_21513A.sph 3542
/corpora/sre/SwitchBoard2/Phase2/DVD3/swb2_3/sw_21554B.sph 3542
/corpora/sre/SwitchBoard2/Phase2/DVD5/swb2_5/sw_21646A.sph 3542
/corpora/sre/SwitchBoard2/Phase2/DVD4/swb2_4/sw_22066B.sph 3542
/corpora/sre/SwitchBoard2/Phase2/DVD5/swb2_5/sw_22233A.sph 3542
/corpora/sre/SwitchBoard2/Phase2/DVD5/swb2_5/sw_22749B.sph 3542
/corpora/sre/SwitchBoard2/Phase2/DVD5/swb2_5/sw_24088B.sph 3542
/corpora/sre/SwitchBoard2/Phase2/DVD3/swb2_3/sw_24240B.sph 3542
/corpora/sre/SwitchBoard2/Phase2/DVD5/swb2_5/sw_24570B.sph 3542
/corpora/sre/SwitchBoard2/Phase2/DVD1/swb2_1/sw_20104B.sph 3545
/corpora/sre/SwitchBoard2/Phase2/DVD2/swb2_2/sw_20317B.sph 3545
/corpora/sre/SwitchBoard2/Phase2/DVD1/swb2_1/sw_20524B.sph 3545
/corpora/sre/SwitchBoard2/Phase2/DVD2/swb2_2/sw_21144B.sph 3545
/corpora/sre/SwitchBoard2/Phase2/DVD1/swb2_1/sw_21317B.sph 3545
/corpora/sre/SwitchBoard2/Phase2/DVD4/swb2_4/sw_21679B.sph 3545
/corpora/sre/SwitchBoard2/Phase2/DVD5/swb2_5/sw_22213B.sph 3545
/corpora/sre/SwitchBoard2/Phase2/DVD4/swb2_4/sw_22504B.sph 3545
/corpora/sre/SwitchBoard2/Phase2/DVD3/swb2_3/sw_22797A.sph 3545
/corpora/sre/SwitchBoard2/Phase2/DVD4/swb2_4/sw_23600A.sph 3545
/corpora/sre/SwitchBoard2/Phase2/DVD3/swb2_3/sw_23722A.sph 3545
/corpora/sre/SwitchBoard2/Phase2/DVD5/swb2_5/sw_23862A.sph 3545
/corpora/sre/SwitchBoard2/Phase2/DVD5/swb2_5/sw_23895A.sph 3545
/corpora/sre/SwitchBoard2/Phase2/DVD1/swb2_1/sw_20138B.sph 3556
/corpora/sre/SwitchBoard2/Phase2/DVD1/swb2_1/sw_20349B.sph 3556
/corpora/sre/SwitchBoard2/Phase2/DVD2/swb2_2/sw_20504B.sph 3556
/corpora/sre/SwitchBoard2/Phase2/DVD1/swb2_1/sw_20672A.sph 3556
/corpora/sre/SwitchBoard2/Phase2/DVD4/swb2_4/sw_21602B.sph 3556
/corpora/sre/SwitchBoard2/Phase2/DVD2/swb2_2/sw_21932B.sph 3556
/corpora/sre/SwitchBoard2/Phase2/DVD2/swb2_2/sw_22450B.sph 3556
/corpora/sre/SwitchBoard2/Phase2/DVD3/swb2_3/sw_23629B.sph 3556
/corpora/sre/SwitchBoard2/Phase2/DVD1/swb2_1/sw_20230A.sph 3588
/corpora/sre/SwitchBoard2/Phase2/DVD1/swb2_1/sw_20328A.sph 3588
/corpora/sre/SwitchBoard2/Phase2/DVD1/swb2_1/sw_20679A.sph 3588
/corpora/sre/SwitchBoard2/Phase2/DVD2/swb2_2/sw_20719B.sph 3588
/corpora/sre/SwitchBoard2/Phase2/DVD2/swb2_2/sw_21074B.sph 3588
/corpora/sre/SwitchBoard2/Phase2/DVD2/swb2_2/sw_21186B.sph 3588
/corpora/sre/SwitchBoard2/Phase2/DVD1/swb2_1/sw_21366A.sph 3588
/corpora/sre/SwitchBoard2/Phase2/DVD3/swb2_3/sw_21842A.sph 3588
/corpora/sre/SwitchBoard2/Phase2/DVD2/swb2_2/sw_21978A.sph 3588
/corpora/sre/SwitchBoard2/Phase2/DVD3/swb2_3/sw_22091B.sph 3588
/corpora/sre/SwitchBoard2/Phase2/DVD2/swb2_2/sw_22802A.sph 3588
/corpora/sre/SwitchBoard2/Phase2/DVD4/swb2_4/sw_22908B.sph 3588
/corpora/sre/SwitchBoard2/Phase2/DVD3/swb2_3/sw_23603A.sph 3588
/corpora/sre/SwitchBoard2/Phase2/DVD2/swb2_2/sw_23742B.sph 3588
/corpora/sre/SwitchBoard2/Phase2/DVD3/swb2_3/sw_24001A.sph 3588
/corpora/sre/SwitchBoard2/Phase2/DVD5/swb2_5/sw_24130A.sph 3588
/corpora/sre/SwitchBoard2/Phase2/DVD3/swb2_3/sw_24322B.sph 3588
/corpora/sre/SwitchBoard2/Phase2/DVD6/swb2_6/sw_24375A.sph 3588
/corpora/sre/SwitchBoard2/Phase2/DVD2/swb2_2/sw_24507B.sph 3588
/corpora/sre/SwitchBoard2/Phase2/DVD2/swb2_2/sw_20545A.sph 3601
/corpora/sre/SwitchBoard2/Phase2/DVD1/swb2_1/sw_20681A.sph 3601
/corpora/sre/SwitchBoard2/Phase2/DVD1/swb2_1/sw_20928B.sph 3601
/corpora/sre/SwitchBoard2/Phase2/DVD3/swb2_3/sw_21692B.sph 3601
/corpora/sre/SwitchBoard2/Phase2/DVD2/swb2_2/sw_22094B.sph 3601
/corpora/sre/SwitchBoard2/Phase2/DVD4/swb2_4/sw_22688B.sph 3601
/corpora/sre/SwitchBoard2/Phase2/DVD2/swb2_2/sw_23302A.sph 3601
/corpora/sre/SwitchBoard2/Phase2/DVD2/swb2_2/sw_23435B.sph 3601
/corpora/sre/SwitchBoard2/Phase2/DVD5/swb2_5/sw_23605A.sph 3601
/corpora/sre/SwitchBoard2/Phase2/DVD5/swb2_5/sw_23675B.sph 3601
/corpora/sre/SwitchBoard2/Phase2/DVD4/swb2_4/sw_24209B.sph 3601
/corpora/sre/SwitchBoard2/Phase2/DVD5/swb2_5/sw_24382B.sph 3601
/corpora/sre/SwitchBoard2/Phase2/DVD5/swb2_5/sw_24565A.sph 3601
/corpora/sre/SwitchBoard2/Phase2/DVD2/swb2_2/sw_20690A.sph 3652
/corpora/sre/SwitchBoard2/Phase2/DVD2/swb2_2/sw_20632B.sph 3652
/corpora/sre/SwitchBoard2/Phase2/DVD1/swb2_1/sw_20810B.sph 3652
/corpora/sre/SwitchBoard2/Phase2/DVD2/swb2_2/sw_20888A.sph 3652
/corpora/sre/SwitchBoard2/Phase2/DVD4/swb2_4/sw_20983A.sph 3652
/corpora/sre/SwitchBoard2/Phase2/DVD2/swb2_2/sw_21232A.sph 3652
/corpora/sre/SwitchBoard2/Phase2/DVD2/swb2_2/sw_21379A.sph 3652
/corpora/sre/SwitchBoard2/Phase2/DVD5/swb2_5/sw_21532A.sph 3652
/corpora/sre/SwitchBoard2/Phase2/DVD3/swb2_3/sw_21757A.sph 3652
/corpora/sre/SwitchBoard2/Phase2/DVD5/swb2_5/sw_21871B.sph 3652
/corpora/sre/SwitchBoard2/Phase2/DVD2/swb2_2/sw_22111A.sph 3652
/corpora/sre/SwitchBoard2/Phase2/DVD3/swb2_3/sw_22381A.sph 3652
/corpora/sre/SwitchBoard2/Phase2/DVD3/swb2_3/sw_22612A.sph 3652
/corpora/sre/SwitchBoard2/Phase2/DVD5/swb2_5/sw_22869B.sph 3652
/corpora/sre/SwitchBoard2/Phase2/DVD5/swb2_5/sw_23029A.sph 3652
/corpora/sre/SwitchBoard2/Phase2/DVD3/swb2_3/sw_23201B.sph 3652
/corpora/sre/SwitchBoard2/Phase2/DVD5/swb2_5/sw_23492A.sph 3652
/corpora/sre/SwitchBoard2/Phase2/DVD2/swb2_2/sw_23573B.sph 3652
/corpora/sre/SwitchBoard2/Phase2/DVD3/swb2_3/sw_23734A.sph 3652
/corpora/sre/SwitchBoard2/Phase2/DVD4/swb2_4/sw_24007A.sph 3652
/corpora/sre/SwitchBoard2/Phase2/DVD4/swb2_4/sw_24214A.sph 3652
/corpora/sre/SwitchBoard2/Phase2/DVD4/swb2_4/sw_24465B.sph 3652
/corpora/sre/SwitchBoard2/Phase2/DVD3/swb2_3/sw_24519B.sph 3652
/corpora/sre/SwitchBoard2/Phase2/DVD2/swb2_2/sw_20557A.sph 3703
/corpora/sre/SwitchBoard2/Phase2/DVD2/swb2_2/sw_20691A.sph 3703
/corpora/sre/SwitchBoard2/Phase2/DVD1/swb2_1/sw_21110A.sph 3703
/corpora/sre/SwitchBoard2/Phase2/DVD3/swb2_3/sw_23233B.sph 3703
/corpora/sre/SwitchBoard2/Phase2/DVD5/swb2_5/sw_23493A.sph 3703
/corpora/sre/SwitchBoard2/Phase2/DVD3/swb2_3/sw_23603B.sph 3703
/corpora/sre/SwitchBoard2/Phase2/DVD4/swb2_4/sw_23846B.sph 3703
/corpora/sre/SwitchBoard2/Phase2/DVD4/swb2_4/sw_24083B.sph 3703
/corpora/sre/SwitchBoard2/Phase2/DVD4/swb2_4/sw_24133A.sph 3703
/corpora/sre/SwitchBoard2/Phase2/DVD4/swb2_4/sw_24197B.sph 3703
/corpora/sre/SwitchBoard2/Phase2/DVD3/swb2_3/sw_24336B.sph 3703
/corpora/sre/SwitchBoard2/Phase2/DVD3/swb2_3/sw_22003A.sph 3764
/corpora/sre/SwitchBoard2/Phase2/DVD4/swb2_4/sw_22121A.sph 3764
/corpora/sre/SwitchBoard2/Phase2/DVD2/swb2_2/sw_22697A.sph 3764
/corpora/sre/SwitchBoard2/Phase2/DVD5/swb2_5/sw_22823A.sph 3764
/corpora/sre/SwitchBoard2/Phase2/DVD4/swb2_4/sw_22945B.sph 3764
/corpora/sre/SwitchBoard2/Phase2/DVD5/swb2_5/sw_23103B.sph 3764
/corpora/sre/SwitchBoard2/Phase2/DVD5/swb2_5/sw_23199A.sph 3764
/corpora/sre/SwitchBoard2/Phase2/DVD5/swb2_5/sw_23186B.sph 3764
/corpora/sre/SwitchBoard2/Phase2/DVD5/swb2_5/sw_23317A.sph 3764
/corpora/sre/SwitchBoard2/Phase2/DVD5/swb2_5/sw_23405A.sph 3764
/corpora/sre/SwitchBoard2/Phase2/DVD2/swb2_2/sw_23499A.sph 3764
/corpora/sre/SwitchBoard2/Phase2/DVD3/swb2_3/sw_23502B.sph 3764
/corpora/sre/SwitchBoard2/Phase2/DVD3/swb2_3/sw_23734B.sph 3764
/corpora/sre/SwitchBoard2/Phase2/DVD4/swb2_4/sw_23865A.sph 3764
/corpora/sre/SwitchBoard2/Phase2/DVD2/swb2_2/sw_23989B.sph 3764
/corpora/sre/SwitchBoard2/Phase2/DVD3/swb2_3/sw_24079A.sph 3764
/corpora/sre/SwitchBoard2/Phase2/DVD3/swb2_3/sw_24153B.sph 3764
/corpora/sre/SwitchBoard2/Phase2/DVD5/swb2_5/sw_24175B.sph 3764
/corpora/sre/SwitchBoard2/Phase2/DVD2/swb2_2/sw_20712A.sph 3797
/corpora/sre/SwitchBoard2/Phase2/DVD2/swb2_2/sw_20578B.sph 3797
/corpora/sre/SwitchBoard2/Phase2/DVD1/swb2_1/sw_20821A.sph 3797
/corpora/sre/SwitchBoard2/Phase2/DVD1/swb2_1/sw_20792B.sph 3797
/corpora/sre/SwitchBoard2/Phase2/DVD1/swb2_1/sw_20904A.sph 3797
/corpora/sre/SwitchBoard2/Phase2/DVD4/swb2_4/sw_20998A.sph 3797
/corpora/sre/SwitchBoard2/Phase2/DVD3/swb2_3/sw_21000B.sph 3797
/corpora/sre/SwitchBoard2/Phase2/DVD5/swb2_5/sw_21413A.sph 3797
/corpora/sre/SwitchBoard2/Phase2/DVD3/swb2_3/sw_21517B.sph 3797
/corpora/sre/SwitchBoard2/Phase2/DVD3/swb2_3/sw_21668A.sph 3797
/corpora/sre/SwitchBoard2/Phase2/DVD4/swb2_4/sw_21772A.sph 3797
/corpora/sre/SwitchBoard2/Phase2/DVD3/swb2_3/sw_21757B.sph 3797
/corpora/sre/SwitchBoard2/Phase2/DVD5/swb2_5/sw_22008A.sph 3797
/corpora/sre/SwitchBoard2/Phase2/DVD5/swb2_5/sw_22703A.sph 3797
/corpora/sre/SwitchBoard2/Phase2/DVD3/swb2_3/sw_23498B.sph 3797
/corpora/sre/SwitchBoard2/Phase2/DVD2/swb2_2/sw_23911B.sph 3797
/corpora/sre/SwitchBoard2/Phase2/DVD3/swb2_3/sw_24217B.sph 3797
/corpora/sre/SwitchBoard2/Phase2/DVD4/swb2_4/sw_24471A.sph 3797
/corpora/sre/SwitchBoard2/Phase2/DVD1/swb2_1/sw_21009B.sph 3817
/corpora/sre/SwitchBoard2/Phase2/DVD1/swb2_1/sw_21257A.sph 3817
/corpora/sre/SwitchBoard2/Phase2/DVD2/swb2_2/sw_21191B.sph 3817
/corpora/sre/SwitchBoard2/Phase2/DVD2/swb2_2/sw_21331B.sph 3817
/corpora/sre/SwitchBoard2/Phase2/DVD2/swb2_2/sw_21561A.sph 3817
/corpora/sre/SwitchBoard2/Phase2/DVD2/swb2_2/sw_21575B.sph 3817
/corpora/sre/SwitchBoard2/Phase2/DVD3/swb2_3/sw_21610B.sph 3817
/corpora/sre/SwitchBoard2/Phase2/DVD2/swb2_2/sw_21726B.sph 3817
/corpora/sre/SwitchBoard2/Phase2/DVD3/swb2_3/sw_21837B.sph 3817
/corpora/sre/SwitchBoard2/Phase2/DVD3/swb2_3/sw_22018A.sph 3817
/corpora/sre/SwitchBoard2/Phase2/DVD2/swb2_2/sw_22162B.sph 3817
/corpora/sre/SwitchBoard2/Phase2/DVD5/swb2_5/sw_22365B.sph 3817
/corpora/sre/SwitchBoard2/Phase2/DVD4/swb2_4/sw_22730B.sph 3817
/corpora/sre/SwitchBoard2/Phase2/DVD4/swb2_4/sw_23041B.sph 3817
/corpora/sre/SwitchBoard2/Phase2/DVD5/swb2_5/sw_23248B.sph 3817
/corpora/sre/SwitchBoard2/Phase2/DVD4/swb2_4/sw_23380B.sph 3817
/corpora/sre/SwitchBoard2/Phase2/DVD1/swb2_1/sw_21260A.sph 3827
/corpora/sre/SwitchBoard2/Phase2/DVD2/swb2_2/sw_21343B.sph 3827
/corpora/sre/SwitchBoard2/Phase2/DVD5/swb2_5/sw_21564A.sph 3827
/corpora/sre/SwitchBoard2/Phase2/DVD3/swb2_3/sw_21467B.sph 3827
/corpora/sre/SwitchBoard2/Phase2/DVD2/swb2_2/sw_21612B.sph 3827
/corpora/sre/SwitchBoard2/Phase2/DVD2/swb2_2/sw_22500B.sph 3827
/corpora/sre/SwitchBoard2/Phase2/DVD3/swb2_3/sw_22708A.sph 3827
/corpora/sre/SwitchBoard2/Phase2/DVD2/swb2_2/sw_22752B.sph 3827
/corpora/sre/SwitchBoard2/Phase2/DVD3/swb2_3/sw_22951A.sph 3827
/corpora/sre/SwitchBoard2/Phase2/DVD3/swb2_3/sw_23640A.sph 3827
/corpora/sre/SwitchBoard2/Phase2/DVD5/swb2_5/sw_24258B.sph 3827
/corpora/sre/SwitchBoard2/Phase2/DVD5/swb2_5/sw_24464B.sph 3827
/corpora/sre/SwitchBoard2/Phase2/DVD2/swb2_2/sw_21168B.sph 3828
/corpora/sre/SwitchBoard2/Phase2/DVD3/swb2_3/sw_21421A.sph 3828
/corpora/sre/SwitchBoard2/Phase2/DVD5/swb2_5/sw_21463B.sph 3828
/corpora/sre/SwitchBoard2/Phase2/DVD3/swb2_3/sw_22022A.sph 3828
/corpora/sre/SwitchBoard2/Phase2/DVD2/swb2_2/sw_22025B.sph 3828
/corpora/sre/SwitchBoard2/Phase2/DVD4/swb2_4/sw_22103B.sph 3828
/corpora/sre/SwitchBoard2/Phase2/DVD3/swb2_3/sw_22274B.sph 3828
/corpora/sre/SwitchBoard2/Phase2/DVD5/swb2_5/sw_22479B.sph 3828
/corpora/sre/SwitchBoard2/Phase2/DVD5/swb2_5/sw_23908B.sph 3828
/corpora/sre/SwitchBoard2/Phase2/DVD3/swb2_3/sw_24241B.sph 3828
/corpora/sre/SwitchBoard2/Phase2/DVD2/swb2_2/sw_21261A.sph 3829
/corpora/sre/SwitchBoard2/Phase2/DVD2/swb2_2/sw_21422A.sph 3829
/corpora/sre/SwitchBoard2/Phase2/DVD4/swb2_4/sw_21565A.sph 3829
/corpora/sre/SwitchBoard2/Phase2/DVD5/swb2_5/sw_21494B.sph 3829
/corpora/sre/SwitchBoard2/Phase2/DVD5/swb2_5/sw_21677A.sph 3829
/corpora/sre/SwitchBoard2/Phase2/DVD5/swb2_5/sw_21777A.sph 3829
/corpora/sre/SwitchBoard2/Phase2/DVD3/swb2_3/sw_21874A.sph 3829
/corpora/sre/SwitchBoard2/Phase2/DVD3/swb2_3/sw_22023A.sph 3829
/corpora/sre/SwitchBoard2/Phase2/DVD5/swb2_5/sw_21933B.sph 3829
/corpora/sre/SwitchBoard2/Phase2/DVD5/swb2_5/sw_22270A.sph 3829
/corpora/sre/SwitchBoard2/Phase2/DVD3/swb2_3/sw_22211B.sph 3829
/corpora/sre/SwitchBoard2/Phase2/DVD4/swb2_4/sw_22405A.sph 3829
/corpora/sre/SwitchBoard2/Phase2/DVD3/swb2_3/sw_22458B.sph 3829
/corpora/sre/SwitchBoard2/Phase2/DVD4/swb2_4/sw_22619A.sph 3829
/corpora/sre/SwitchBoard2/Phase2/DVD5/swb2_5/sw_22837A.sph 3829
/corpora/sre/SwitchBoard2/Phase2/DVD3/swb2_3/sw_22952A.sph 3829
/corpora/sre/SwitchBoard2/Phase2/DVD2/swb2_2/sw_22949B.sph 3829
/corpora/sre/SwitchBoard2/Phase2/DVD4/swb2_4/sw_23210A.sph 3829
/corpora/sre/SwitchBoard2/Phase2/DVD4/swb2_4/sw_23326A.sph 3829
/corpora/sre/SwitchBoard2/Phase2/DVD2/swb2_2/sw_23673B.sph 3829
/corpora/sre/SwitchBoard2/Phase2/DVD4/swb2_4/sw_24300B.sph 3829
/corpora/sre/SwitchBoard2/Phase2/DVD2/swb2_2/sw_24457B.sph 3829
/corpora/sre/SwitchBoard2/Phase2/DVD1/swb2_1/sw_21432A.sph 3853
/corpora/sre/SwitchBoard2/Phase2/DVD2/swb2_2/sw_21561B.sph 3853
/corpora/sre/SwitchBoard2/Phase2/DVD3/swb2_3/sw_21623B.sph 3853
/corpora/sre/SwitchBoard2/Phase2/DVD5/swb2_5/sw_22146A.sph 3853
/corpora/sre/SwitchBoard2/Phase2/DVD5/swb2_5/sw_22063B.sph 3853
/corpora/sre/SwitchBoard2/Phase2/DVD3/swb2_3/sw_22243B.sph 3853
/corpora/sre/SwitchBoard2/Phase2/DVD3/swb2_3/sw_22851B.sph 3853
/corpora/sre/SwitchBoard2/Phase2/DVD4/swb2_4/sw_23093B.sph 3853
/corpora/sre/SwitchBoard2/Phase2/DVD5/swb2_5/sw_23337B.sph 3853
/corpora/sre/SwitchBoard2/Phase2/DVD4/swb2_4/sw_23645B.sph 3853
/corpora/sre/SwitchBoard2/Phase2/DVD1/swb2_1/sw_21279B.sph 3859
/corpora/sre/SwitchBoard2/Phase2/DVD4/swb2_4/sw_22410A.sph 3859
/corpora/sre/SwitchBoard2/Phase2/DVD5/swb2_5/sw_22328B.sph 3859
/corpora/sre/SwitchBoard2/Phase2/DVD5/swb2_5/sw_22842A.sph 3859
/corpora/sre/SwitchBoard2/Phase2/DVD3/swb2_3/sw_23112B.sph 3859
/corpora/sre/SwitchBoard2/Phase2/DVD4/swb2_4/sw_23631B.sph 3859
/corpora/sre/SwitchBoard2/Phase2/DVD4/swb2_4/sw_24046B.sph 3859
/corpora/sre/SwitchBoard2/Phase2/DVD2/swb2_2/sw_24104B.sph 3859
/corpora/sre/SwitchBoard2/Phase2/DVD3/swb2_3/sw_24199B.sph 3859
/corpora/sre/SwitchBoard2/Phase2/DVD4/swb2_4/sw_21566B.sph 3862
/corpora/sre/SwitchBoard2/Phase2/DVD2/swb2_2/sw_21689A.sph 3862
/corpora/sre/SwitchBoard2/Phase2/DVD3/swb2_3/sw_21661B.sph 3862
/corpora/sre/SwitchBoard2/Phase2/DVD3/swb2_3/sw_21881A.sph 3862
/corpora/sre/SwitchBoard2/Phase2/DVD4/swb2_4/sw_22033A.sph 3862
/corpora/sre/SwitchBoard2/Phase2/DVD2/swb2_2/sw_21978B.sph 3862
/corpora/sre/SwitchBoard2/Phase2/DVD5/swb2_5/sw_22114B.sph 3862
/corpora/sre/SwitchBoard2/Phase2/DVD3/swb2_3/sw_22439B.sph 3862
/corpora/sre/SwitchBoard2/Phase2/DVD3/swb2_3/sw_22677B.sph 3862
/corpora/sre/SwitchBoard2/Phase2/DVD5/swb2_5/sw_22987B.sph 3862
/corpora/sre/SwitchBoard2/Phase2/DVD4/swb2_4/sw_23156B.sph 3862
/corpora/sre/SwitchBoard2/Phase2/DVD4/swb2_4/sw_24146A.sph 3862
/corpora/sre/SwitchBoard2/Phase2/DVD2/swb2_2/sw_21575A.sph 3863
/corpora/sre/SwitchBoard2/Phase2/DVD5/swb2_5/sw_21450B.sph 3863
/corpora/sre/SwitchBoard2/Phase2/DVD4/swb2_4/sw_21690A.sph 3863
/corpora/sre/SwitchBoard2/Phase2/DVD2/swb2_2/sw_21580B.sph 3863
/corpora/sre/SwitchBoard2/Phase2/DVD2/swb2_2/sw_21763B.sph 3863
/corpora/sre/SwitchBoard2/Phase2/DVD4/swb2_4/sw_22034A.sph 3863
/corpora/sre/SwitchBoard2/Phase2/DVD3/swb2_3/sw_22087B.sph 3863
/corpora/sre/SwitchBoard2/Phase2/DVD5/swb2_5/sw_22347B.sph 3863
/corpora/sre/SwitchBoard2/Phase2/DVD4/swb2_4/sw_22680B.sph 3863
/corpora/sre/SwitchBoard2/Phase2/DVD3/swb2_3/sw_23077B.sph 3863
/corpora/sre/SwitchBoard2/Phase2/DVD5/swb2_5/sw_22051B.sph 3887
/corpora/sre/SwitchBoard2/Phase2/DVD4/swb2_4/sw_22285A.sph 3887
/corpora/sre/SwitchBoard2/Phase2/DVD4/swb2_4/sw_22418A.sph 3887
/corpora/sre/SwitchBoard2/Phase2/DVD5/swb2_5/sw_22472B.sph 3887
/corpora/sre/SwitchBoard2/Phase2/DVD2/swb2_2/sw_22715A.sph 3887
/corpora/sre/SwitchBoard2/Phase2/DVD3/swb2_3/sw_22663B.sph 3887
/corpora/sre/SwitchBoard2/Phase2/DVD4/swb2_4/sw_22944B.sph 3887
/corpora/sre/SwitchBoard2/Phase2/DVD5/swb2_5/sw_23222A.sph 3887
/corpora/sre/SwitchBoard2/Phase2/DVD4/swb2_4/sw_23770B.sph 3887
/corpora/sre/SwitchBoard2/Phase2/DVD5/swb2_5/sw_24060B.sph 3887
/corpora/sre/SwitchBoard2/Phase2/DVD2/swb2_2/sw_24419B.sph 3887
/corpora/sre/SwitchBoard2/Phase2/DVD3/swb2_3/sw_21912B.sph 3888
/corpora/sre/SwitchBoard2/Phase2/DVD4/swb2_4/sw_22154A.sph 3888
/corpora/sre/SwitchBoard2/Phase2/DVD4/swb2_4/sw_22286A.sph 3888
/corpora/sre/SwitchBoard2/Phase2/DVD3/swb2_3/sw_22419A.sph 3888
/corpora/sre/SwitchBoard2/Phase2/DVD3/swb2_3/sw_22381B.sph 3888
/corpora/sre/SwitchBoard2/Phase2/DVD4/swb2_4/sw_22538A.sph 3888
/corpora/sre/SwitchBoard2/Phase2/DVD5/swb2_5/sw_22716A.sph 3888
/corpora/sre/SwitchBoard2/Phase2/DVD2/swb2_2/sw_22684B.sph 3888
/corpora/sre/SwitchBoard2/Phase2/DVD2/swb2_2/sw_22848A.sph 3888
/corpora/sre/SwitchBoard2/Phase2/DVD3/swb2_3/sw_22750B.sph 3888
/corpora/sre/SwitchBoard2/Phase2/DVD5/swb2_5/sw_22960A.sph 3888
/corpora/sre/SwitchBoard2/Phase2/DVD3/swb2_3/sw_22933B.sph 3888
/corpora/sre/SwitchBoard2/Phase2/DVD5/swb2_5/sw_23091A.sph 3888
/corpora/sre/SwitchBoard2/Phase2/DVD5/swb2_5/sw_23223A.sph 3888
/corpora/sre/SwitchBoard2/Phase2/DVD3/swb2_3/sw_23509A.sph 3888
/corpora/sre/SwitchBoard2/Phase2/DVD4/swb2_4/sw_23651A.sph 3888
/corpora/sre/SwitchBoard2/Phase2/DVD5/swb2_5/sw_23756A.sph 3888
/corpora/sre/SwitchBoard2/Phase2/DVD3/swb2_3/sw_23749B.sph 3888
/corpora/sre/SwitchBoard2/Phase2/DVD5/swb2_5/sw_23825A.sph 3888
/corpora/sre/SwitchBoard2/Phase2/DVD2/swb2_2/sw_23869A.sph 3888
/corpora/sre/SwitchBoard2/Phase2/DVD4/swb2_4/sw_24008B.sph 3888
/corpora/sre/SwitchBoard2/Phase2/DVD5/swb2_5/sw_24343B.sph 3888
/corpora/sre/SwitchBoard2/Phase2/DVD3/swb2_3/sw_22156A.sph 3894
/corpora/sre/SwitchBoard2/Phase2/DVD2/swb2_2/sw_22056B.sph 3894
/corpora/sre/SwitchBoard2/Phase2/DVD3/swb2_3/sw_22287A.sph 3894
/corpora/sre/SwitchBoard2/Phase2/DVD5/swb2_5/sw_22421A.sph 3894
/corpora/sre/SwitchBoard2/Phase2/DVD3/swb2_3/sw_22376B.sph 3894
/corpora/sre/SwitchBoard2/Phase2/DVD5/swb2_5/sw_22717A.sph 3894
/corpora/sre/SwitchBoard2/Phase2/DVD4/swb2_4/sw_22739B.sph 3894
/corpora/sre/SwitchBoard2/Phase2/DVD5/swb2_5/sw_22961A.sph 3894
/corpora/sre/SwitchBoard2/Phase2/DVD5/swb2_5/sw_22904B.sph 3894
/corpora/sre/SwitchBoard2/Phase2/DVD4/swb2_4/sw_23093A.sph 3894
/corpora/sre/SwitchBoard2/Phase2/DVD4/swb2_4/sw_23225A.sph 3894
/corpora/sre/SwitchBoard2/Phase2/DVD4/swb2_4/sw_23765B.sph 3894
/corpora/sre/SwitchBoard2/Phase2/DVD4/swb2_4/sw_24059B.sph 3894
/corpora/sre/SwitchBoard2/Phase2/DVD3/swb2_3/sw_22292A.sph 3903
/corpora/sre/SwitchBoard2/Phase2/DVD2/swb2_2/sw_22427A.sph 3903
/corpora/sre/SwitchBoard2/Phase2/DVD3/swb2_3/sw_22481B.sph 3903
/corpora/sre/SwitchBoard2/Phase2/DVD5/swb2_5/sw_22704B.sph 3903
/corpora/sre/SwitchBoard2/Phase2/DVD4/swb2_4/sw_22839B.sph 3903
/corpora/sre/SwitchBoard2/Phase2/DVD3/swb2_3/sw_23096A.sph 3903
/corpora/sre/SwitchBoard2/Phase2/DVD3/swb2_3/sw_23226A.sph 3903
/corpora/sre/SwitchBoard2/Phase2/DVD5/swb2_5/sw_23323B.sph 3903
/corpora/sre/SwitchBoard2/Phase2/DVD3/swb2_3/sw_23466B.sph 3903
/corpora/sre/SwitchBoard2/Phase2/DVD2/swb2_2/sw_23655A.sph 3903
/corpora/sre/SwitchBoard2/Phase2/DVD3/swb2_3/sw_24185B.sph 3903
/corpora/sre/SwitchBoard2/Phase2/DVD3/swb2_3/sw_24323B.sph 3903
/corpora/sre/SwitchBoard2/Phase2/DVD3/swb2_3/sw_22438A.sph 3920
/corpora/sre/SwitchBoard2/Phase2/DVD3/swb2_3/sw_23062B.sph 3920
/corpora/sre/SwitchBoard2/Phase2/DVD2/swb2_2/sw_23536B.sph 3920
/corpora/sre/SwitchBoard2/Phase2/DVD5/swb2_5/sw_23907B.sph 3920
/corpora/sre/SwitchBoard2/Phase2/DVD3/swb2_3/sw_24084B.sph 3920
/corpora/sre/SwitchBoard2/Phase2/DVD3/swb2_3/sw_24235A.sph 3920
/corpora/sre/SwitchBoard2/Phase2/DVD4/swb2_4/sw_22926B.sph 3934
/corpora/sre/SwitchBoard2/Phase2/DVD5/swb2_5/sw_23103A.sph 3934
/corpora/sre/SwitchBoard2/Phase2/DVD3/swb2_3/sw_23200B.sph 3934
/corpora/sre/SwitchBoard2/Phase2/DVD5/swb2_5/sw_23342A.sph 3934
/corpora/sre/SwitchBoard2/Phase2/DVD2/swb2_2/sw_23517A.sph 3934
/corpora/sre/SwitchBoard2/Phase2/DVD3/swb2_3/sw_23615B.sph 3934
/corpora/sre/SwitchBoard2/Phase2/DVD4/swb2_4/sw_23778B.sph 3934
/corpora/sre/SwitchBoard2/Phase2/DVD4/swb2_4/sw_24026A.sph 3934
/corpora/sre/SwitchBoard2/Phase2/DVD5/swb2_5/sw_24093A.sph 3934
/corpora/sre/SwitchBoard2/Phase2/DVD5/swb2_5/sw_24239A.sph 3934
/corpora/sre/SwitchBoard2/Phase2/DVD4/swb2_4/sw_22794B.sph 3938
/corpora/sre/SwitchBoard2/Phase2/DVD3/swb2_3/sw_22964A.sph 3938
/corpora/sre/SwitchBoard2/Phase2/DVD4/swb2_4/sw_22913B.sph 3938
/corpora/sre/SwitchBoard2/Phase2/DVD5/swb2_5/sw_23104A.sph 3938
/corpora/sre/SwitchBoard2/Phase2/DVD3/swb2_3/sw_22984B.sph 3938
/corpora/sre/SwitchBoard2/Phase2/DVD4/swb2_4/sw_23237B.sph 3938
/corpora/sre/SwitchBoard2/Phase2/DVD4/swb2_4/sw_23344A.sph 3938
/corpora/sre/SwitchBoard2/Phase2/DVD3/swb2_3/sw_23621B.sph 3938
/corpora/sre/SwitchBoard2/Phase2/DVD5/swb2_5/sw_23669B.sph 3938
/corpora/sre/SwitchBoard2/Phase2/DVD2/swb2_2/sw_24118B.sph 3938
/corpora/sre/SwitchBoard2/Phase2/DVD5/swb2_5/sw_24281B.sph 3938
/corpora/sre/SwitchBoard2/Phase2/DVD5/swb2_5/sw_22968A.sph 3946
/corpora/sre/SwitchBoard2/Phase2/DVD3/swb2_3/sw_23108A.sph 3946
/corpora/sre/SwitchBoard2/Phase2/DVD4/swb2_4/sw_23765A.sph 3946
/corpora/sre/SwitchBoard2/Phase2/DVD3/swb2_3/sw_24536A.sph 3946
/corpora/sre/SwitchBoard2/Phase2/DVD5/swb2_5/sw_23134B.sph 3949
/corpora/sre/SwitchBoard2/Phase2/DVD2/swb2_2/sw_23568B.sph 3949
/corpora/sre/SwitchBoard2/Phase2/DVD5/swb2_5/sw_23731B.sph 3949
/corpora/sre/SwitchBoard2/Phase2/DVD4/swb2_4/sw_23847B.sph 3949
/corpora/sre/SwitchBoard2/Phase2/DVD5/swb2_5/sw_24106B.sph 3949
/corpora/sre/SwitchBoard2/Phase2/DVD4/swb2_4/sw_24447B.sph 3949
/corpora/sre/SwitchBoard2/Phase2/DVD3/swb2_3/sw_24569B.sph 3949
/corpora/sre/SwitchBoard2/Phase2/DVD3/swb2_3/sw_23044B.sph 3951
/corpora/sre/SwitchBoard2/Phase2/DVD5/swb2_5/sw_23236A.sph 3951
/corpora/sre/SwitchBoard2/Phase2/DVD3/swb2_3/sw_23427A.sph 3951
/corpora/sre/SwitchBoard2/Phase2/DVD2/swb2_2/sw_23467B.sph 3951
/corpora/sre/SwitchBoard2/Phase2/DVD5/swb2_5/sw_23643B.sph 3951
/corpora/sre/SwitchBoard2/Phase2/DVD2/swb2_2/sw_23792B.sph 3951
/corpora/sre/SwitchBoard2/Phase2/DVD3/swb2_3/sw_24097B.sph 3951
/corpora/sre/SwitchBoard2/Phase2/DVD4/swb2_4/sw_24132B.sph 3951
/corpora/sre/SwitchBoard2/Phase2/DVD5/swb2_5/sw_24211B.sph 3951
/corpora/sre/SwitchBoard2/Phase2/DVD5/swb2_5/sw_24426B.sph 3951
/corpora/sre/SwitchBoard2/Phase2/DVD5/swb2_5/sw_23053B.sph 3963
/corpora/sre/SwitchBoard2/Phase2/DVD5/swb2_5/sw_23240A.sph 3963
/corpora/sre/SwitchBoard2/Phase2/DVD2/swb2_2/sw_23215B.sph 3963
/corpora/sre/SwitchBoard2/Phase2/DVD4/swb2_4/sw_23596B.sph 3963
/corpora/sre/SwitchBoard2/Phase2/DVD5/swb2_5/sw_23711B.sph 3963
/corpora/sre/SwitchBoard2/Phase2/DVD3/swb2_3/sw_23918A.sph 3963
/corpora/sre/SwitchBoard2/Phase2/DVD4/swb2_4/sw_24195B.sph 3963
